Archive member included to satisfy reference by file (symbol)

../../../netapps/smtp/client/gcc/lib/Debug/libemail.a(email.o)
                              obj/Debug/main.o (sl_NetAppEmailSet)
../../../netapps/smtp/client/gcc/lib/Debug/libemail.a(base64.o)
                              ../../../netapps/smtp/client/gcc/lib/Debug/libemail.a(email.o) (ConvertToBase64)
../../../simplelink/gcc/lib/os/Debug/libsimplelink.a(device.o)
                              obj/Debug/network_if.o (sl_Start)
../../../simplelink/gcc/lib/os/Debug/libsimplelink.a(driver.o)
                              ../../../simplelink/gcc/lib/os/Debug/libsimplelink.a(device.o) (g_SlDeviceStatus)
../../../simplelink/gcc/lib/os/Debug/libsimplelink.a(netapp.o)
                              obj/Debug/network_if.o (sl_NetAppMDNSUnRegisterService)
../../../simplelink/gcc/lib/os/Debug/libsimplelink.a(netcfg.o)
                              obj/Debug/network_if.o (sl_NetCfgSet)
../../../simplelink/gcc/lib/os/Debug/libsimplelink.a(socket.o)
                              ../../../netapps/smtp/client/gcc/lib/Debug/libemail.a(email.o) (sl_Socket)
../../../simplelink/gcc/lib/os/Debug/libsimplelink.a(wlan.o)
                              obj/Debug/network_if.o (sl_WlanConnect)
../../../simplelink/gcc/lib/os/Debug/libsimplelink.a(cc_pal.o)
                              ../../../simplelink/gcc/lib/os/Debug/libsimplelink.a(device.o) (spi_Open)
../../../oslib/gcc/free_rtos/Debug/free_rtos.a(osi_freertos.o)
                              obj/Debug/gpio_if.o (osi_InterruptRegister)
../../../oslib/gcc/free_rtos/Debug/free_rtos.a(queue.o)
                              ../../../oslib/gcc/free_rtos/Debug/free_rtos.a(osi_freertos.o) (xQueueGenericCreate)
../../../oslib/gcc/free_rtos/Debug/free_rtos.a(tasks.o)
                              ../../../oslib/gcc/free_rtos/Debug/free_rtos.a(osi_freertos.o) (xTaskGenericCreate)
../../../oslib/gcc/free_rtos/Debug/free_rtos.a(port.o)
                              ../../../oslib/gcc/free_rtos/Debug/free_rtos.a(tasks.o) (pxPortInitialiseStack)
../../../oslib/gcc/free_rtos/Debug/free_rtos.a(timers.o)
                              ../../../oslib/gcc/free_rtos/Debug/free_rtos.a(tasks.o) (xTimerCreateTimerTask)
../../../oslib/gcc/free_rtos/Debug/free_rtos.a(heap_3.o)
                              ../../../oslib/gcc/free_rtos/Debug/free_rtos.a(osi_freertos.o) (pvPortMalloc)
../../../oslib/gcc/free_rtos/Debug/free_rtos.a(list.o)
                              ../../../oslib/gcc/free_rtos/Debug/free_rtos.a(queue.o) (vListInitialise)
../../../driverlib/gcc/lib/Debug/libdriver.a(gpio.o)
                              obj/Debug/pinmux.o (GPIODirModeSet)
../../../driverlib/gcc/lib/Debug/libdriver.a(interrupt.o)
                              obj/Debug/main.o (IntMasterEnable)
../../../driverlib/gcc/lib/Debug/libdriver.a(pin.o)
                              obj/Debug/pinmux.o (PinTypeUART)
../../../driverlib/gcc/lib/Debug/libdriver.a(prcm.o)
                              obj/Debug/pinmux.o (PRCMPeripheralClkEnable)
../../../driverlib/gcc/lib/Debug/libdriver.a(spi.o)
                              ../../../simplelink/gcc/lib/os/Debug/libsimplelink.a(cc_pal.o) (SPIEnable)
../../../driverlib/gcc/lib/Debug/libdriver.a(timer.o)
                              obj/Debug/timer_if.o (TimerEnable)
../../../driverlib/gcc/lib/Debug/libdriver.a(uart.o)
                              obj/Debug/uart_if.o (UARTConfigSetExpClk)
../../../driverlib/gcc/lib/Debug/libdriver.a(udma.o)
                              ../../../simplelink/gcc/lib/os/Debug/libsimplelink.a(cc_pal.o) (uDMAChannelEnable)
../../../driverlib/gcc/lib/Debug/libdriver.a(utils.o)
                              obj/Debug/main.o (UtilsDelay)
../../../driverlib/gcc/lib/Debug/libdriver.a(cpu.o)
                              ../../../driverlib/gcc/lib/Debug/libdriver.a(interrupt.o) (CPUcpsid)
../../../driverlib/gcc/lib/Debug/libdriver.a(flash.o)
                              ../../../driverlib/gcc/lib/Debug/libdriver.a(prcm.o) (FlashDisable)
/usr/lib/gcc/arm-none-eabi/5.2.0/../../../../arm-none-eabi/lib/armv7e-m/libc_nano.a(lib_a-malloc.o)
                              obj/Debug/uart_if.o (malloc)
/usr/lib/gcc/arm-none-eabi/5.2.0/../../../../arm-none-eabi/lib/armv7e-m/libc_nano.a(lib_a-memcmp.o)
                              ../../../oslib/gcc/free_rtos/Debug/free_rtos.a(tasks.o) (memcmp)
/usr/lib/gcc/arm-none-eabi/5.2.0/../../../../arm-none-eabi/lib/armv7e-m/libc_nano.a(lib_a-memcpy.o)
                              obj/Debug/main.o (memcpy)
/usr/lib/gcc/arm-none-eabi/5.2.0/../../../../arm-none-eabi/lib/armv7e-m/libc_nano.a(lib_a-memmove.o)
                              obj/Debug/uart_if.o (memmove)
/usr/lib/gcc/arm-none-eabi/5.2.0/../../../../arm-none-eabi/lib/armv7e-m/libc_nano.a(lib_a-memset.o)
                              obj/Debug/main.o (memset)
/usr/lib/gcc/arm-none-eabi/5.2.0/../../../../arm-none-eabi/lib/armv7e-m/libc_nano.a(lib_a-nano-freer.o)
[...]
Memory Configuration

Name             Origin             Length             Attributes
SRAM             0x0000000020000000 0x0000000000040000 xrw
*default*        0x0000000000000000 0xffffffffffffffff

Linker script and memory map

                0x0000000000004000                BOOTLOADER_SIZE = 0x4000

.bootloader     0x0000000020000000     0x4000
                0x0000000020000000                _heap2 = .
                0x0000000020004000                . = (. + BOOTLOADER_SIZE)
 *fill*         0x0000000020000000     0x4000 
                0x0000000020004000                . = ALIGN (0x8)
                0x0000000020004000                _eheap2 = .

.text           0x0000000020004000     0xd720
                0x0000000020004000                _text = .
 *(.intvecs)
 .intvecs       0x0000000020004000      0x400 obj/Debug/startup_gcc.o
                0x0000000020004000                g_pfnVectors
 *(.text*)
 .text.SmartConfigConnect
                0x0000000020004400       0x9c obj/Debug/smartconfig.o
                0x0000000020004400                SmartConfigConnect
 .text.SetDefaultParameters
                0x000000002000449c      0x1ac obj/Debug/main.o
                0x000000002000449c                SetDefaultParameters
 .text.TimerPeriodicIntHandler
                0x0000000020004648       0x50 obj/Debug/main.o
                0x0000000020004648                TimerPeriodicIntHandler
 .text.LedTimerConfigNStart
                0x0000000020004698       0x38 obj/Debug/main.o
                0x0000000020004698                LedTimerConfigNStart
 .text.LedTimerDeinitStop
                0x00000000200046d0       0x1c obj/Debug/main.o
                0x00000000200046d0                LedTimerDeinitStop
 .text.GenerateRandomMessage
                0x00000000200046ec      0x14c obj/Debug/main.o
                0x00000000200046ec                GenerateRandomMessage
 .text.EmailHandleERROR
                0x0000000020004838       0xd8 obj/Debug/main.o
                0x0000000020004838                EmailHandleERROR
 .text.OutputMenu
                0x0000000020004910       0xc0 obj/Debug/main.o
                0x0000000020004910                OutputMenu
 .text.UARTCommandHandler
                0x00000000200049d0      0x504 obj/Debug/main.o
                0x00000000200049d0                UARTCommandHandler
 .text.PushButtonMailSend
                0x0000000020004ed4      0x138 obj/Debug/main.o
                0x0000000020004ed4                PushButtonMailSend
 .text.PushButtonHandler
                0x000000002000500c       0x34 obj/Debug/main.o
                0x000000002000500c                PushButtonHandler
 .text.SendEmailInterruptHandler
                0x0000000020005040       0x2c obj/Debug/main.o
                0x0000000020005040                SendEmailInterruptHandler
 .text.SmartConfigTask
                0x000000002000506c       0x8c obj/Debug/main.o
                0x000000002000506c                SmartConfigTask
 .text.SmartConfigInterruptHandler
                0x00000000200050f8       0x2c obj/Debug/main.o
                0x00000000200050f8                SmartConfigInterruptHandler
 .text.SimpleEmail
                0x0000000020005124       0xa4 obj/Debug/main.o
 .text.DisplayBanner
                0x00000000200051c8       0x3c obj/Debug/main.o
 .text.BoardInit
                0x0000000020005204       0x24 obj/Debug/main.o
 .text.main     0x0000000020005228      0x128 obj/Debug/main.o
                0x0000000020005228                main
 .text.PinMuxConfig
                0x0000000020005350       0x9c obj/Debug/pinmux.o
                0x0000000020005350                PinMuxConfig
 .text.InitTerm
                0x00000000200053ec       0x2c obj/Debug/uart_if.o
                0x00000000200053ec                InitTerm
 .text.Message  0x0000000020005418       0x34 obj/Debug/uart_if.o
                0x0000000020005418                Message
 .text.GetCmd   0x000000002000544c       0xc4 obj/Debug/uart_if.o
                0x000000002000544c                GetCmd
 .text.TrimSpace
                0x0000000020005510       0x90 obj/Debug/uart_if.o
                0x0000000020005510                TrimSpace
 .text.Report   0x00000000200055a0       0x98 obj/Debug/uart_if.o
                0x00000000200055a0                Report
 .text.vAssertCalled
                0x0000000020005638        0xc obj/Debug/network_if.o
                0x0000000020005638                vAssertCalled
 .text.vApplicationIdleHook
                0x0000000020005644        0xc obj/Debug/network_if.o
                0x0000000020005644                vApplicationIdleHook
 .text.vApplicationMallocFailedHook
                0x0000000020005650        0x8 obj/Debug/network_if.o
                0x0000000020005650                vApplicationMallocFailedHook
 .text.vApplicationStackOverflowHook
                0x0000000020005658        0xc obj/Debug/network_if.o
                0x0000000020005658                vApplicationStackOverflowHook
 .text.SimpleLinkWlanEventHandler
                0x0000000020005664      0x210 obj/Debug/network_if.o
                0x0000000020005664                SimpleLinkWlanEventHandler
 .text.SimpleLinkNetAppEventHandler
                0x0000000020005874       0xa8 obj/Debug/network_if.o
                0x0000000020005874                SimpleLinkNetAppEventHandler
 .text.SimpleLinkGeneralEventHandler
                0x000000002000591c       0x30 obj/Debug/network_if.o
                0x000000002000591c                SimpleLinkGeneralEventHandler
 .text.SimpleLinkSockEventHandler
                0x000000002000594c       0xcc obj/Debug/network_if.o
                0x000000002000594c                SimpleLinkSockEventHandler
 .text.SimpleLinkHttpServerCallback
                0x0000000020005a18       0x14 obj/Debug/network_if.o
                0x0000000020005a18                SimpleLinkHttpServerCallback
 .text.InitializeAppVariables
                0x0000000020005a2c       0x44 obj/Debug/network_if.o
                0x0000000020005a2c                InitializeAppVariables
 .text.ConfigureSimpleLinkToDefaultState
                0x0000000020005a70      0x364 obj/Debug/network_if.o
                0x0000000020005a70                ConfigureSimpleLinkToDefaultState
 .text.Network_IF_InitDriver
                0x0000000020005dd4      0x1b4 obj/Debug/network_if.o
                0x0000000020005dd4                Network_IF_InitDriver
 .text.Network_IF_ConnectAP
                0x0000000020005f88      0x27c obj/Debug/network_if.o
                0x0000000020005f88                Network_IF_ConnectAP
 .text.Network_IF_DisconnectFromAP
                0x0000000020006204       0x50 obj/Debug/network_if.o
                0x0000000020006204                Network_IF_DisconnectFromAP
 .text.Network_IF_IpConfigGet
                0x0000000020006254       0x80 obj/Debug/network_if.o
                0x0000000020006254                Network_IF_IpConfigGet
 .text.Network_IF_GetHostIP
                0x00000000200062d4       0x80 obj/Debug/network_if.o
                0x00000000200062d4                Network_IF_GetHostIP
 .text.Network_IF_CurrentMCUState
                0x0000000020006354       0x14 obj/Debug/network_if.o
                0x0000000020006354                Network_IF_CurrentMCUState
 .text.Network_IF_UnsetMCUMachineState
                0x0000000020006368       0x30 obj/Debug/network_if.o
                0x0000000020006368                Network_IF_UnsetMCUMachineState
 .text.GPIO_IF_LedConfigure
                0x0000000020006398       0x68 obj/Debug/gpio_if.o
                0x0000000020006398                GPIO_IF_LedConfigure
 .text.GPIO_IF_LedOn
                0x0000000020006400       0xd4 obj/Debug/gpio_if.o
                0x0000000020006400                GPIO_IF_LedOn
 .text.GPIO_IF_LedOff
                0x00000000200064d4       0xd4 obj/Debug/gpio_if.o
                0x00000000200064d4                GPIO_IF_LedOff
 .text.GPIO_IF_GetPortNPin
                0x00000000200065a8       0x48 obj/Debug/gpio_if.o
                0x00000000200065a8                GPIO_IF_GetPortNPin
 .text.GPIO_IF_Set
                0x00000000200065f0       0x3c obj/Debug/gpio_if.o
                0x00000000200065f0                GPIO_IF_Set
 .text.GetPeripheralIntNum
                0x000000002000662c       0xa4 obj/Debug/timer_if.o
 .text.Timer_IF_Init
                0x00000000200066d0       0x38 obj/Debug/timer_if.o
                0x00000000200066d0                Timer_IF_Init
 .text.Timer_IF_IntSetup
                0x0000000020006708       0x8c obj/Debug/timer_if.o
                0x0000000020006708                Timer_IF_IntSetup
 .text.Timer_IF_Start
                0x0000000020006794       0x34 obj/Debug/timer_if.o
                0x0000000020006794                Timer_IF_Start
 .text.Timer_IF_Stop
                0x00000000200067c8       0x1c obj/Debug/timer_if.o
                0x00000000200067c8                Timer_IF_Stop
 .text.Timer_IF_DeInit
                0x00000000200067e4       0x24 obj/Debug/timer_if.o
                0x00000000200067e4                Timer_IF_DeInit
 .text.GPIOs3IntHandler
                0x0000000020006808       0x38 obj/Debug/button_if.o
                0x0000000020006808                GPIOs3IntHandler
 .text.GPIOs2IntHandler
                0x0000000020006840       0x38 obj/Debug/button_if.o
                0x0000000020006840                GPIOs2IntHandler
 .text.Button_IF_Init
                0x0000000020006878       0x8c obj/Debug/button_if.o
                0x0000000020006878                Button_IF_Init
 .text.Button_IF_EnableInterrupt
                0x0000000020006904       0x68 obj/Debug/button_if.o
                0x0000000020006904                Button_IF_EnableInterrupt
 .text.Button_IF_DisableInterrupt
                0x000000002000696c       0x5c obj/Debug/button_if.o
                0x000000002000696c                Button_IF_DisableInterrupt
 .text.ResetISR
                0x00000000200069c8       0x78 obj/Debug/startup_gcc.o
                0x00000000200069c8                ResetISR
 .text.NmiSR    0x0000000020006a40        0x8 obj/Debug/startup_gcc.o
 .text.FaultISR
                0x0000000020006a48        0x8 obj/Debug/startup_gcc.o
 .text.BusFaultHandler
                0x0000000020006a50        0x8 obj/Debug/startup_gcc.o
 .text.IntDefaultHandler
                0x0000000020006a58        0x8 obj/Debug/startup_gcc.o
 .text._sbrk    0x0000000020006a60       0x70 obj/Debug/startup_gcc.o
                0x0000000020006a60                _sbrk
 .text.sl_NetAppEmailSet
                0x0000000020006ad0      0x138 ../../../netapps/smtp/client/gcc/lib/Debug/libemail.a(email.o)
                0x0000000020006ad0                sl_NetAppEmailSet
 .text.sl_NetAppEmailConnect
                0x0000000020006c08       0x2c ../../../netapps/smtp/client/gcc/lib/Debug/libemail.a(email.o)
                0x0000000020006c08                sl_NetAppEmailConnect
 .text.sl_NetAppEmailSend
                0x0000000020006c34       0x64 ../../../netapps/smtp/client/gcc/lib/Debug/libemail.a(email.o)
                0x0000000020006c34                sl_NetAppEmailSend
 .text._smtpConnect
                0x0000000020006c98      0x170 ../../../netapps/smtp/client/gcc/lib/Debug/libemail.a(email.o)
                0x0000000020006c98                _smtpConnect
 .text._smtpStateMachine
                0x0000000020006e08      0x65c ../../../netapps/smtp/client/gcc/lib/Debug/libemail.a(email.o)
                0x0000000020006e08                _smtpStateMachine
 .text._generateBase64Key
                0x0000000020007464       0x84 ../../../netapps/smtp/client/gcc/lib/Debug/libemail.a(email.o)
                0x0000000020007464                _generateBase64Key
 .text._sendSMTPCommand
                0x00000000200074e8       0xe8 ../../../netapps/smtp/client/gcc/lib/Debug/libemail.a(email.o)
                0x00000000200074e8                _sendSMTPCommand
 .text.ConvertToBase64
                0x00000000200075d0      0x15c ../../../netapps/smtp/client/gcc/lib/Debug/libemail.a(base64.o)
                0x00000000200075d0                ConvertToBase64
 .text._sl_GetStartResponseConvert
                0x000000002000772c       0x24 ../../../simplelink/gcc/lib/os/Debug/libsimplelink.a(device.o)
 .text.sl_Start
                0x0000000020007750      0x10c ../../../simplelink/gcc/lib/os/Debug/libsimplelink.a(device.o)
                0x0000000020007750                sl_Start
 .text._sl_HandleAsync_InitComplete
                0x000000002000785c       0xb8 ../../../simplelink/gcc/lib/os/Debug/libsimplelink.a(device.o)
                0x000000002000785c                _sl_HandleAsync_InitComplete
 .text._sl_HandleAsync_Stop
                0x0000000020007914       0x68 ../../../simplelink/gcc/lib/os/Debug/libsimplelink.a(device.o)
                0x0000000020007914                _sl_HandleAsync_Stop
 .text.sl_Stop  0x000000002000797c       0xec ../../../simplelink/gcc/lib/os/Debug/libsimplelink.a(device.o)
                0x000000002000797c                sl_Stop
 .text.sl_DevGet
                0x0000000020007a68       0xe0 ../../../simplelink/gcc/lib/os/Debug/libsimplelink.a(device.o)
                0x0000000020007a68                sl_DevGet
 .text._SlDrvDeviceEventHandler
                0x0000000020007b48       0xa8 ../../../simplelink/gcc/lib/os/Debug/libsimplelink.a(device.o)
                0x0000000020007b48                _SlDrvDeviceEventHandler
 .text._SlDrvProtectAsyncRespSetting
                0x0000000020007bf0       0x54 ../../../simplelink/gcc/lib/os/Debug/libsimplelink.a(driver.o)
                0x0000000020007bf0                _SlDrvProtectAsyncRespSetting
 .text._SlDrvDriverCBInit
                0x0000000020007c44      0x1a8 ../../../simplelink/gcc/lib/os/Debug/libsimplelink.a(driver.o)
                0x0000000020007c44                _SlDrvDriverCBInit
 .text._SlDrvDriverCBDeinit
                0x0000000020007dec      0x134 ../../../simplelink/gcc/lib/os/Debug/libsimplelink.a(driver.o)
                0x0000000020007dec                _SlDrvDriverCBDeinit
 .text._SlDrvRxIrqHandler
                0x0000000020007f20       0x64 ../../../simplelink/gcc/lib/os/Debug/libsimplelink.a(driver.o)
                0x0000000020007f20                _SlDrvRxIrqHandler
 .text._SlDrvCmdOp
                0x0000000020007f84       0xc4 ../../../simplelink/gcc/lib/os/Debug/libsimplelink.a(driver.o)
                0x0000000020007f84                _SlDrvCmdOp
 .text._SlDrvDataReadOp
                0x0000000020008048      0x208 ../../../simplelink/gcc/lib/os/Debug/libsimplelink.a(driver.o)
                0x0000000020008048                _SlDrvDataReadOp
 .text._SlDrvDataWriteOp
                0x0000000020008250      0x168 ../../../simplelink/gcc/lib/os/Debug/libsimplelink.a(driver.o)
                0x0000000020008250                _SlDrvDataWriteOp
 .text._SlDrvMsgWrite
                0x00000000200083b8      0x1d4 ../../../simplelink/gcc/lib/os/Debug/libsimplelink.a(driver.o)
 .text._SlDrvMsgRead
                0x000000002000858c      0x5cc ../../../simplelink/gcc/lib/os/Debug/libsimplelink.a(driver.o)
 .text._SlAsyncEventGenericHandler
                0x0000000020008b58       0xd8 ../../../simplelink/gcc/lib/os/Debug/libsimplelink.a(driver.o)
 .text._SlDrvMsgReadCmdCtx
                0x0000000020008c30      0x158 ../../../simplelink/gcc/lib/os/Debug/libsimplelink.a(driver.o)
 .text._SlDrvMsgReadSpawnCtx
                0x0000000020008d88       0xf4 ../../../simplelink/gcc/lib/os/Debug/libsimplelink.a(driver.o)
                0x0000000020008d88                _SlDrvMsgReadSpawnCtx
 .text._SlDrvClassifyRxMsg
                0x0000000020008e7c       0xd0 ../../../simplelink/gcc/lib/os/Debug/libsimplelink.a(driver.o)
 .text._SlDrvRxHdrRead
                0x0000000020008f4c      0x2ac ../../../simplelink/gcc/lib/os/Debug/libsimplelink.a(driver.o)
 .text._SlDrvBasicCmd
                0x00000000200091f8       0x50 ../../../simplelink/gcc/lib/os/Debug/libsimplelink.a(driver.o)
                0x00000000200091f8                _SlDrvBasicCmd
 .text._SlDrvCmdSend
                0x0000000020009248       0x74 ../../../simplelink/gcc/lib/os/Debug/libsimplelink.a(driver.o)
                0x0000000020009248                _SlDrvCmdSend
 .text._SlDrvWaitForPoolObj
                0x00000000200092bc      0x1a4 ../../../simplelink/gcc/lib/os/Debug/libsimplelink.a(driver.o)
                0x00000000200092bc                _SlDrvWaitForPoolObj
 .text._SlDrvReleasePoolObj
                0x0000000020009460      0x200 ../../../simplelink/gcc/lib/os/Debug/libsimplelink.a(driver.o)
                0x0000000020009460                _SlDrvReleasePoolObj
 .text._SlRemoveFromList
                0x0000000020009660       0xd0 ../../../simplelink/gcc/lib/os/Debug/libsimplelink.a(driver.o)
 .text._SlFindAndSetActiveObj
                0x0000000020009730      0x16c ../../../simplelink/gcc/lib/os/Debug/libsimplelink.a(driver.o)
 .text._SlDrvDispatchHttpServerEvents
                0x000000002000989c       0x1c ../../../simplelink/gcc/lib/os/Debug/libsimplelink.a(driver.o)
                0x000000002000989c                _SlDrvDispatchHttpServerEvents
 .text._SlDrvSyncObjSignal
                0x00000000200098b8       0x2c ../../../simplelink/gcc/lib/os/Debug/libsimplelink.a(driver.o)
                0x00000000200098b8                _SlDrvSyncObjSignal
 .text._SlDrvObjLockWaitForever
                0x00000000200098e4       0x30 ../../../simplelink/gcc/lib/os/Debug/libsimplelink.a(driver.o)
                0x00000000200098e4                _SlDrvObjLockWaitForever
 .text._SlDrvProtectionObjLockWaitForever
                0x0000000020009914       0x38 ../../../simplelink/gcc/lib/os/Debug/libsimplelink.a(driver.o)
                0x0000000020009914                _SlDrvProtectionObjLockWaitForever
 .text._SlDrvObjUnLock
                0x000000002000994c       0x2c ../../../simplelink/gcc/lib/os/Debug/libsimplelink.a(driver.o)
                0x000000002000994c                _SlDrvObjUnLock
 .text._SlDrvProtectionObjUnLock
                0x0000000020009978       0x34 ../../../simplelink/gcc/lib/os/Debug/libsimplelink.a(driver.o)
                0x0000000020009978                _SlDrvProtectionObjUnLock
 .text._SlDrvObjGlobalLockWaitForever
                0x00000000200099ac       0x38 ../../../simplelink/gcc/lib/os/Debug/libsimplelink.a(driver.o)
 .text._SlDrvGlobalObjUnLock
                0x00000000200099e4       0x34 ../../../simplelink/gcc/lib/os/Debug/libsimplelink.a(driver.o)
                0x00000000200099e4                _SlDrvGlobalObjUnLock
 .text._SlDrvMemZero
                0x0000000020009a18       0x20 ../../../simplelink/gcc/lib/os/Debug/libsimplelink.a(driver.o)
                0x0000000020009a18                _SlDrvMemZero
 .text._SlDrvResetCmdExt
                0x0000000020009a38       0x18 ../../../simplelink/gcc/lib/os/Debug/libsimplelink.a(driver.o)
                0x0000000020009a38                _SlDrvResetCmdExt
 .text._SlDrvSyncObjWaitForever
                0x0000000020009a50       0x34 ../../../simplelink/gcc/lib/os/Debug/libsimplelink.a(driver.o)
                0x0000000020009a50                _SlDrvSyncObjWaitForever
 .text._SlDrvSyncObjWaitTimeout
                0x0000000020009a84       0x50 ../../../simplelink/gcc/lib/os/Debug/libsimplelink.a(driver.o)
                0x0000000020009a84                _SlDrvSyncObjWaitTimeout
 .text._SlDriverHandleError
                0x0000000020009ad4       0x98 ../../../simplelink/gcc/lib/os/Debug/libsimplelink.a(driver.o)
                0x0000000020009ad4                _SlDriverHandleError
 .text._SlDrvStartMeasureTimeout
                0x0000000020009b6c       0x30 ../../../simplelink/gcc/lib/os/Debug/libsimplelink.a(driver.o)
                0x0000000020009b6c                _SlDrvStartMeasureTimeout
 .text._SlDrvIsTimeoutExpired
                0x0000000020009b9c       0xa8 ../../../simplelink/gcc/lib/os/Debug/libsimplelink.a(driver.o)
                0x0000000020009b9c                _SlDrvIsTimeoutExpired
 .text.sl_NetAppMDNSRegisterUnregisterService
                0x0000000020009c44      0x140 ../../../simplelink/gcc/lib/os/Debug/libsimplelink.a(netapp.o)
                0x0000000020009c44                sl_NetAppMDNSRegisterUnregisterService
 .text.sl_NetAppMDNSUnRegisterService
                0x0000000020009d84       0x68 ../../../simplelink/gcc/lib/os/Debug/libsimplelink.a(netapp.o)
                0x0000000020009d84                sl_NetAppMDNSUnRegisterService
 .text._sl_HandleAsync_DnsGetHostByService
                0x0000000020009dec       0xd4 ../../../simplelink/gcc/lib/os/Debug/libsimplelink.a(netapp.o)
                0x0000000020009dec                _sl_HandleAsync_DnsGetHostByService
 .text.sl_NetAppDnsGetHostByName
                0x0000000020009ec0      0x16c ../../../simplelink/gcc/lib/os/Debug/libsimplelink.a(netapp.o)
                0x0000000020009ec0                sl_NetAppDnsGetHostByName
 .text._sl_HandleAsync_DnsGetHostByName
                0x000000002000a02c       0xb8 ../../../simplelink/gcc/lib/os/Debug/libsimplelink.a(netapp.o)
                0x000000002000a02c                _sl_HandleAsync_DnsGetHostByName
 .text.CopyPingResultsToReport
                0x000000002000a0e4       0x44 ../../../simplelink/gcc/lib/os/Debug/libsimplelink.a(netapp.o)
 .text._sl_HandleAsync_PingResponse
                0x000000002000a128       0xb4 ../../../simplelink/gcc/lib/os/Debug/libsimplelink.a(netapp.o)
                0x000000002000a128                _sl_HandleAsync_PingResponse
 .text._sl_NetAppSendTokenValue
                0x000000002000a1dc       0x7c ../../../simplelink/gcc/lib/os/Debug/libsimplelink.a(netapp.o)
                0x000000002000a1dc                _sl_NetAppSendTokenValue
 .text._SlDrvNetAppEventHandler
                0x000000002000a258      0x134 ../../../simplelink/gcc/lib/os/Debug/libsimplelink.a(netapp.o)
                0x000000002000a258                _SlDrvNetAppEventHandler
 .text.sl_NetCfgSet
                0x000000002000a38c       0xa0 ../../../simplelink/gcc/lib/os/Debug/libsimplelink.a(netcfg.o)
                0x000000002000a38c                sl_NetCfgSet
 .text.sl_NetCfgGet
                0x000000002000a42c       0xe8 ../../../simplelink/gcc/lib/os/Debug/libsimplelink.a(netcfg.o)
                0x000000002000a42c                sl_NetCfgGet
 .text._sl_BuildAddress
                0x000000002000a514       0x58 ../../../simplelink/gcc/lib/os/Debug/libsimplelink.a(socket.o)
 .text._sl_TruncatePayloadByProtocol
                0x000000002000a56c       0x40 ../../../simplelink/gcc/lib/os/Debug/libsimplelink.a(socket.o)
 .text.sl_Socket
                0x000000002000a5ac       0x8c ../../../simplelink/gcc/lib/os/Debug/libsimplelink.a(socket.o)
                0x000000002000a5ac                sl_Socket
 .text.sl_Close
                0x000000002000a638       0x68 ../../../simplelink/gcc/lib/os/Debug/libsimplelink.a(socket.o)
                0x000000002000a638                sl_Close
 .text.sl_Connect
                0x000000002000a6a0      0x194 ../../../simplelink/gcc/lib/os/Debug/libsimplelink.a(socket.o)
                0x000000002000a6a0                sl_Connect
 .text._sl_HandleAsync_Connect
                0x000000002000a834       0x9c ../../../simplelink/gcc/lib/os/Debug/libsimplelink.a(socket.o)
                0x000000002000a834                _sl_HandleAsync_Connect
 .text.sl_Send  0x000000002000a8d0      0x134 ../../../simplelink/gcc/lib/os/Debug/libsimplelink.a(socket.o)
                0x000000002000a8d0                sl_Send
 .text.sl_Htonl
                0x000000002000aa04       0x4c ../../../simplelink/gcc/lib/os/Debug/libsimplelink.a(socket.o)
                0x000000002000aa04                sl_Htonl
 .text.sl_Htons
                0x000000002000aa50       0x40 ../../../simplelink/gcc/lib/os/Debug/libsimplelink.a(socket.o)
                0x000000002000aa50                sl_Htons
 .text._sl_HandleAsync_Accept
                0x000000002000aa90       0x80 ../../../simplelink/gcc/lib/os/Debug/libsimplelink.a(socket.o)
                0x000000002000aa90                _sl_HandleAsync_Accept
 .text._sl_HandleAsync_Select
                0x000000002000ab10       0x6c ../../../simplelink/gcc/lib/os/Debug/libsimplelink.a(socket.o)
                0x000000002000ab10                _sl_HandleAsync_Select
 .text.sl_Recv  0x000000002000ab7c       0xa8 ../../../simplelink/gcc/lib/os/Debug/libsimplelink.a(socket.o)
                0x000000002000ab7c                sl_Recv
 .text.sl_SetSockOpt
                0x000000002000ac24       0xa0 ../../../simplelink/gcc/lib/os/Debug/libsimplelink.a(socket.o)
                0x000000002000ac24                sl_SetSockOpt
 .text.sl_WlanConnect
                0x000000002000acc4      0x2cc ../../../simplelink/gcc/lib/os/Debug/libsimplelink.a(wlan.o)
                0x000000002000acc4                sl_WlanConnect
 .text.sl_WlanDisconnect
                0x000000002000af90       0x40 ../../../simplelink/gcc/lib/os/Debug/libsimplelink.a(wlan.o)
                0x000000002000af90                sl_WlanDisconnect
 .text.sl_WlanPolicySet
                0x000000002000afd0       0x90 ../../../simplelink/gcc/lib/os/Debug/libsimplelink.a(wlan.o)
                0x000000002000afd0                sl_WlanPolicySet
 .text.sl_WlanProfileDel
                0x000000002000b060       0x68 ../../../simplelink/gcc/lib/os/Debug/libsimplelink.a(wlan.o)
                0x000000002000b060                sl_WlanProfileDel
 .text.sl_WlanRxFilterSet
                0x000000002000b0c8       0x88 ../../../simplelink/gcc/lib/os/Debug/libsimplelink.a(wlan.o)
                0x000000002000b0c8                sl_WlanRxFilterSet
 .text.sl_WlanSmartConfigStart
                0x000000002000b150       0xdc ../../../simplelink/gcc/lib/os/Debug/libsimplelink.a(wlan.o)
                0x000000002000b150                sl_WlanSmartConfigStart
 .text.sl_WlanSetMode
                0x000000002000b22c       0x68 ../../../simplelink/gcc/lib/os/Debug/libsimplelink.a(wlan.o)
                0x000000002000b22c                sl_WlanSetMode
 .text.sl_WlanSet
                0x000000002000b294       0x98 ../../../simplelink/gcc/lib/os/Debug/libsimplelink.a(wlan.o)
                0x000000002000b294                sl_WlanSet
 .text.spi_Read_CPU
                0x000000002000b32c       0x88 ../../../simplelink/gcc/lib/os/Debug/libsimplelink.a(cc_pal.o)
 .text.spi_Write_CPU
                0x000000002000b3b4       0x84 ../../../simplelink/gcc/lib/os/Debug/libsimplelink.a(cc_pal.o)
 .text.DmaSpiSwIntHandler
                0x000000002000b438       0x30 ../../../simplelink/gcc/lib/os/Debug/libsimplelink.a(cc_pal.o)
                0x000000002000b438                DmaSpiSwIntHandler
 .text.SetupDMAReceive
                0x000000002000b468       0x94 ../../../simplelink/gcc/lib/os/Debug/libsimplelink.a(cc_pal.o)
 .text.SetupDMASend
                0x000000002000b4fc       0x94 ../../../simplelink/gcc/lib/os/Debug/libsimplelink.a(cc_pal.o)
 .text.spi_Open
                0x000000002000b590      0x154 ../../../simplelink/gcc/lib/os/Debug/libsimplelink.a(cc_pal.o)
                0x000000002000b590                spi_Open
 .text.spi_Close
                0x000000002000b6e4       0x84 ../../../simplelink/gcc/lib/os/Debug/libsimplelink.a(cc_pal.o)
                0x000000002000b6e4                spi_Close
 .text.spi_Read
                0x000000002000b768       0xec ../../../simplelink/gcc/lib/os/Debug/libsimplelink.a(cc_pal.o)
                0x000000002000b768                spi_Read
 .text.spi_Write
                0x000000002000b854       0x9c ../../../simplelink/gcc/lib/os/Debug/libsimplelink.a(cc_pal.o)
                0x000000002000b854                spi_Write
 .text.NwpRegisterInterruptHandler
                0x000000002000b8f0       0x34 ../../../simplelink/gcc/lib/os/Debug/libsimplelink.a(cc_pal.o)
                0x000000002000b8f0                NwpRegisterInterruptHandler
 .text.NwpMaskInterrupt
                0x000000002000b924       0x18 ../../../simplelink/gcc/lib/os/Debug/libsimplelink.a(cc_pal.o)
                0x000000002000b924                NwpMaskInterrupt
 .text.NwpUnMaskInterrupt
                0x000000002000b93c       0x18 ../../../simplelink/gcc/lib/os/Debug/libsimplelink.a(cc_pal.o)
                0x000000002000b93c                NwpUnMaskInterrupt
 .text.NwpPowerOnPreamble
                0x000000002000b954       0x8c ../../../simplelink/gcc/lib/os/Debug/libsimplelink.a(cc_pal.o)
                0x000000002000b954                NwpPowerOnPreamble
 .text.NwpPowerOn
                0x000000002000b9e0       0x3c ../../../simplelink/gcc/lib/os/Debug/libsimplelink.a(cc_pal.o)
                0x000000002000b9e0                NwpPowerOn
 .text.NwpPowerOff
                0x000000002000ba1c       0x40 ../../../simplelink/gcc/lib/os/Debug/libsimplelink.a(cc_pal.o)
                0x000000002000ba1c                NwpPowerOff
 .text.NwpPrePowerOffTimout0
                0x000000002000ba5c       0x24 ../../../simplelink/gcc/lib/os/Debug/libsimplelink.a(cc_pal.o)
                0x000000002000ba5c                NwpPrePowerOffTimout0
 .text.cc_UDMAChannelSelect
                0x000000002000ba80       0x28 ../../../simplelink/gcc/lib/os/Debug/libsimplelink.a(cc_pal.o)
 .text.cc_SetupTransfer
                0x000000002000baa8       0x4c ../../../simplelink/gcc/lib/os/Debug/libsimplelink.a(cc_pal.o)
 .text.simplelink_timerA2_start
                0x000000002000baf4       0x40 ../../../simplelink/gcc/lib/os/Debug/libsimplelink.a(cc_pal.o)
                0x000000002000baf4                simplelink_timerA2_start
 .text.TimerGetCurrentTimestamp
                0x000000002000bb34       0x28 ../../../simplelink/gcc/lib/os/Debug/libsimplelink.a(cc_pal.o)
                0x000000002000bb34                TimerGetCurrentTimestamp
 .text.osi_InterruptRegister
                0x000000002000bb5c       0x38 ../../../oslib/gcc/free_rtos/Debug/free_rtos.a(osi_freertos.o)
                0x000000002000bb5c                osi_InterruptRegister
 .text.osi_InterruptDeRegister
                0x000000002000bb94       0x20 ../../../oslib/gcc/free_rtos/Debug/free_rtos.a(osi_freertos.o)
                0x000000002000bb94                osi_InterruptDeRegister
 .text.osi_SyncObjCreate
                0x000000002000bbb4       0x40 ../../../oslib/gcc/free_rtos/Debug/free_rtos.a(osi_freertos.o)
                0x000000002000bbb4                osi_SyncObjCreate
 .text.osi_SyncObjDelete
                0x000000002000bbf4       0x28 ../../../oslib/gcc/free_rtos/Debug/free_rtos.a(osi_freertos.o)
                0x000000002000bbf4                osi_SyncObjDelete
 .text.osi_SyncObjSignal
                0x000000002000bc1c       0x38 ../../../oslib/gcc/free_rtos/Debug/free_rtos.a(osi_freertos.o)
                0x000000002000bc1c                osi_SyncObjSignal
 .text.osi_SyncObjSignalFromISR
                0x000000002000bc54       0x4c ../../../oslib/gcc/free_rtos/Debug/free_rtos.a(osi_freertos.o)
                0x000000002000bc54                osi_SyncObjSignalFromISR
 .text.osi_SyncObjWait
                0x000000002000bca0       0x38 ../../../oslib/gcc/free_rtos/Debug/free_rtos.a(osi_freertos.o)
                0x000000002000bca0                osi_SyncObjWait
 .text.osi_LockObjCreate
                0x000000002000bcd8       0x34 ../../../oslib/gcc/free_rtos/Debug/free_rtos.a(osi_freertos.o)
                0x000000002000bcd8                osi_LockObjCreate
 .text.osi_TaskCreate
                0x000000002000bd0c       0x48 ../../../oslib/gcc/free_rtos/Debug/free_rtos.a(osi_freertos.o)
                0x000000002000bd0c                osi_TaskCreate
 .text.osi_LockObjDelete
                0x000000002000bd54       0x20 ../../../oslib/gcc/free_rtos/Debug/free_rtos.a(osi_freertos.o)
                0x000000002000bd54                osi_LockObjDelete
 .text.osi_LockObjLock
                0x000000002000bd74       0x38 ../../../oslib/gcc/free_rtos/Debug/free_rtos.a(osi_freertos.o)
                0x000000002000bd74                osi_LockObjLock
 .text.osi_LockObjUnlock
                0x000000002000bdac       0x38 ../../../oslib/gcc/free_rtos/Debug/free_rtos.a(osi_freertos.o)
                0x000000002000bdac                osi_LockObjUnlock
 .text.osi_Spawn
                0x000000002000bde4       0x54 ../../../oslib/gcc/free_rtos/Debug/free_rtos.a(osi_freertos.o)
                0x000000002000bde4                osi_Spawn
 .text.vSimpleLinkSpawnTask
                0x000000002000be38       0x34 ../../../oslib/gcc/free_rtos/Debug/free_rtos.a(osi_freertos.o)
 .text.VStartSimpleLinkSpawnTask
                0x000000002000be6c       0x68 ../../../oslib/gcc/free_rtos/Debug/free_rtos.a(osi_freertos.o)
                0x000000002000be6c                VStartSimpleLinkSpawnTask
 .text.osi_MsgQCreate
                0x000000002000bed4       0x44 ../../../oslib/gcc/free_rtos/Debug/free_rtos.a(osi_freertos.o)
                0x000000002000bed4                osi_MsgQCreate
 .text.osi_MsgQDelete
                0x000000002000bf18       0x28 ../../../oslib/gcc/free_rtos/Debug/free_rtos.a(osi_freertos.o)
                0x000000002000bf18                osi_MsgQDelete
 .text.osi_MsgQWrite
                0x000000002000bf40       0x44 ../../../oslib/gcc/free_rtos/Debug/free_rtos.a(osi_freertos.o)
                0x000000002000bf40                osi_MsgQWrite
 .text.osi_MsgQRead
                0x000000002000bf84       0x48 ../../../oslib/gcc/free_rtos/Debug/free_rtos.a(osi_freertos.o)
                0x000000002000bf84                osi_MsgQRead
 .text.osi_start
                0x000000002000bfcc        0xc ../../../oslib/gcc/free_rtos/Debug/free_rtos.a(osi_freertos.o)
                0x000000002000bfcc                osi_start
 .text.osi_Sleep
                0x000000002000bfd8       0x1c ../../../oslib/gcc/free_rtos/Debug/free_rtos.a(osi_freertos.o)
                0x000000002000bfd8                osi_Sleep
 .text.xQueueGenericReset
                0x000000002000bff4       0xb8 ../../../oslib/gcc/free_rtos/Debug/free_rtos.a(queue.o)
                0x000000002000bff4                xQueueGenericReset
 .text.xQueueGenericCreate
                0x000000002000c0ac       0xac ../../../oslib/gcc/free_rtos/Debug/free_rtos.a(queue.o)
                0x000000002000c0ac                xQueueGenericCreate
 .text.xQueueCreateMutex
                0x000000002000c158       0xa0 ../../../oslib/gcc/free_rtos/Debug/free_rtos.a(queue.o)
                0x000000002000c158                xQueueCreateMutex
 .text.xQueueGenericSend
                0x000000002000c1f8      0x1b8 ../../../oslib/gcc/free_rtos/Debug/free_rtos.a(queue.o)
                0x000000002000c1f8                xQueueGenericSend
 .text.xQueueGenericSendFromISR
                0x000000002000c3b0      0x108 ../../../oslib/gcc/free_rtos/Debug/free_rtos.a(queue.o)
                0x000000002000c3b0                xQueueGenericSendFromISR
 .text.xQueueGiveFromISR
                0x000000002000c4b8       0xf0 ../../../oslib/gcc/free_rtos/Debug/free_rtos.a(queue.o)
                0x000000002000c4b8                xQueueGiveFromISR
 .text.xQueueGenericReceive
                0x000000002000c5a8      0x1c8 ../../../oslib/gcc/free_rtos/Debug/free_rtos.a(queue.o)
                0x000000002000c5a8                xQueueGenericReceive
 .text.vQueueDelete
                0x000000002000c770       0x34 ../../../oslib/gcc/free_rtos/Debug/free_rtos.a(queue.o)
                0x000000002000c770                vQueueDelete
 .text.prvCopyDataToQueue
                0x000000002000c7a4       0xd8 ../../../oslib/gcc/free_rtos/Debug/free_rtos.a(queue.o)
 .text.prvCopyDataFromQueue
                0x000000002000c87c       0x4c ../../../oslib/gcc/free_rtos/Debug/free_rtos.a(queue.o)
 .text.prvUnlockQueue
                0x000000002000c8c8       0xb4 ../../../oslib/gcc/free_rtos/Debug/free_rtos.a(queue.o)
 .text.prvIsQueueEmpty
                0x000000002000c97c       0x2c ../../../oslib/gcc/free_rtos/Debug/free_rtos.a(queue.o)
 .text.prvIsQueueFull
                0x000000002000c9a8       0x30 ../../../oslib/gcc/free_rtos/Debug/free_rtos.a(queue.o)
 .text.vQueueAddToRegistry
                0x000000002000c9d8       0x50 ../../../oslib/gcc/free_rtos/Debug/free_rtos.a(queue.o)
                0x000000002000c9d8                vQueueAddToRegistry
 .text.vQueueUnregisterQueue
                0x000000002000ca28       0x44 ../../../oslib/gcc/free_rtos/Debug/free_rtos.a(queue.o)
                0x000000002000ca28                vQueueUnregisterQueue
 .text.vQueueWaitForMessageRestricted
                0x000000002000ca6c       0x58 ../../../oslib/gcc/free_rtos/Debug/free_rtos.a(queue.o)
                0x000000002000ca6c                vQueueWaitForMessageRestricted
 .text.prvNotifyQueueSetContainer
                0x000000002000cac4       0x94 ../../../oslib/gcc/free_rtos/Debug/free_rtos.a(queue.o)
 .text.xTaskGenericCreate
                0x000000002000cb58      0x174 ../../../oslib/gcc/free_rtos/Debug/free_rtos.a(tasks.o)
                0x000000002000cb58                xTaskGenericCreate
 .text.vTaskDelay
                0x000000002000cccc       0x90 ../../../oslib/gcc/free_rtos/Debug/free_rtos.a(tasks.o)
                0x000000002000cccc                vTaskDelay
 .text.vTaskStartScheduler
                0x000000002000cd5c       0x7c ../../../oslib/gcc/free_rtos/Debug/free_rtos.a(tasks.o)
                0x000000002000cd5c                vTaskStartScheduler
 .text.vTaskSuspendAll
                0x000000002000cdd8       0x1c ../../../oslib/gcc/free_rtos/Debug/free_rtos.a(tasks.o)
                0x000000002000cdd8                vTaskSuspendAll
 .text.xTaskResumeAll
                0x000000002000cdf4      0x110 ../../../oslib/gcc/free_rtos/Debug/free_rtos.a(tasks.o)
                0x000000002000cdf4                xTaskResumeAll
 .text.xTaskGetTickCount
                0x000000002000cf04       0x1c ../../../oslib/gcc/free_rtos/Debug/free_rtos.a(tasks.o)
                0x000000002000cf04                xTaskGetTickCount
 .text.xTaskIncrementTick
                0x000000002000cf20      0x154 ../../../oslib/gcc/free_rtos/Debug/free_rtos.a(tasks.o)
                0x000000002000cf20                xTaskIncrementTick
 .text.vTaskSwitchContext
                0x000000002000d074       0xf8 ../../../oslib/gcc/free_rtos/Debug/free_rtos.a(tasks.o)
                0x000000002000d074                vTaskSwitchContext
 .text.vTaskPlaceOnEventList
                0x000000002000d16c       0x98 ../../../oslib/gcc/free_rtos/Debug/free_rtos.a(tasks.o)
                0x000000002000d16c                vTaskPlaceOnEventList
 .text.vTaskPlaceOnEventListRestricted
                0x000000002000d204       0x7c ../../../oslib/gcc/free_rtos/Debug/free_rtos.a(tasks.o)
                0x000000002000d204                vTaskPlaceOnEventListRestricted
 .text.xTaskRemoveFromEventList
                0x000000002000d280       0xbc ../../../oslib/gcc/free_rtos/Debug/free_rtos.a(tasks.o)
                0x000000002000d280                xTaskRemoveFromEventList
 .text.vTaskSetTimeOutState
                0x000000002000d33c       0x3c ../../../oslib/gcc/free_rtos/Debug/free_rtos.a(tasks.o)
                0x000000002000d33c                vTaskSetTimeOutState
 .text.xTaskCheckForTimeOut
                0x000000002000d378       0xac ../../../oslib/gcc/free_rtos/Debug/free_rtos.a(tasks.o)
                0x000000002000d378                xTaskCheckForTimeOut
 .text.vTaskMissedYield
                0x000000002000d424       0x18 ../../../oslib/gcc/free_rtos/Debug/free_rtos.a(tasks.o)
                0x000000002000d424                vTaskMissedYield
 .text.prvIdleTask
                0x000000002000d43c       0x14 ../../../oslib/gcc/free_rtos/Debug/free_rtos.a(tasks.o)
 .text.prvInitialiseTCBVariables
                0x000000002000d450       0xa8 ../../../oslib/gcc/free_rtos/Debug/free_rtos.a(tasks.o)
 .text.prvInitialiseTaskLists
                0x000000002000d4f8       0x80 ../../../oslib/gcc/free_rtos/Debug/free_rtos.a(tasks.o)
 .text.prvCheckTasksWaitingTermination
                0x000000002000d578       0x78 ../../../oslib/gcc/free_rtos/Debug/free_rtos.a(tasks.o)
 .text.prvAddCurrentTaskToDelayedList
                0x000000002000d5f0       0x6c ../../../oslib/gcc/free_rtos/Debug/free_rtos.a(tasks.o)
 .text.prvAllocateTCBAndStack
                0x000000002000d65c       0x6c ../../../oslib/gcc/free_rtos/Debug/free_rtos.a(tasks.o)
 .text.prvDeleteTCB
                0x000000002000d6c8       0x20 ../../../oslib/gcc/free_rtos/Debug/free_rtos.a(tasks.o)
 .text.prvResetNextTaskUnblockTime
                0x000000002000d6e8       0x48 ../../../oslib/gcc/free_rtos/Debug/free_rtos.a(tasks.o)
 .text.xTaskGetSchedulerState
                0x000000002000d730       0x3c ../../../oslib/gcc/free_rtos/Debug/free_rtos.a(tasks.o)
                0x000000002000d730                xTaskGetSchedulerState
 .text.vTaskPriorityInherit
                0x000000002000d76c       0xec ../../../oslib/gcc/free_rtos/Debug/free_rtos.a(tasks.o)
                0x000000002000d76c                vTaskPriorityInherit
 .text.xTaskPriorityDisinherit
                0x000000002000d858       0xf8 ../../../oslib/gcc/free_rtos/Debug/free_rtos.a(tasks.o)
                0x000000002000d858                xTaskPriorityDisinherit
 .text.pvTaskIncrementMutexHeldCount
                0x000000002000d950       0x28 ../../../oslib/gcc/free_rtos/Debug/free_rtos.a(tasks.o)
                0x000000002000d950                pvTaskIncrementMutexHeldCount
 .text.pxPortInitialiseStack
                0x000000002000d978       0x54 ../../../oslib/gcc/free_rtos/Debug/free_rtos.a(port.o)
                0x000000002000d978                pxPortInitialiseStack
 .text.prvTaskExitError
                0x000000002000d9cc       0x24 ../../../oslib/gcc/free_rtos/Debug/free_rtos.a(port.o)
 .text.vPortSVCHandler
                0x000000002000d9f0       0x28 ../../../oslib/gcc/free_rtos/Debug/free_rtos.a(port.o)
                0x000000002000d9f0                vPortSVCHandler
 .text.prvPortStartFirstTask
                0x000000002000da18       0x20 ../../../oslib/gcc/free_rtos/Debug/free_rtos.a(port.o)
 .text.xPortStartScheduler
                0x000000002000da38       0xbc ../../../oslib/gcc/free_rtos/Debug/free_rtos.a(port.o)
                0x000000002000da38                xPortStartScheduler
 .text.vPortYield
                0x000000002000daf4       0x20 ../../../oslib/gcc/free_rtos/Debug/free_rtos.a(port.o)
                0x000000002000daf4                vPortYield
 .text.vPortEnterCritical
                0x000000002000db14       0x48 ../../../oslib/gcc/free_rtos/Debug/free_rtos.a(port.o)
                0x000000002000db14                vPortEnterCritical
 .text.vPortExitCritical
                0x000000002000db5c       0x3c ../../../oslib/gcc/free_rtos/Debug/free_rtos.a(port.o)
                0x000000002000db5c                vPortExitCritical
 .text.ulPortSetInterruptMask
                0x000000002000db98       0x14 ../../../oslib/gcc/free_rtos/Debug/free_rtos.a(port.o)
                0x000000002000db98                ulPortSetInterruptMask
 .text.vPortClearInterruptMask
                0x000000002000dbac        0x8 ../../../oslib/gcc/free_rtos/Debug/free_rtos.a(port.o)
                0x000000002000dbac                vPortClearInterruptMask
 .text.xPortPendSVHandler
                0x000000002000dbb4       0x48 ../../../oslib/gcc/free_rtos/Debug/free_rtos.a(port.o)
                0x000000002000dbb4                xPortPendSVHandler
 .text.xPortSysTickHandler
                0x000000002000dbfc       0x28 ../../../oslib/gcc/free_rtos/Debug/free_rtos.a(port.o)
                0x000000002000dbfc                xPortSysTickHandler
 .text.vPortSetupTimerInterrupt
                0x000000002000dc24       0x24 ../../../oslib/gcc/free_rtos/Debug/free_rtos.a(port.o)
                0x000000002000dc24                vPortSetupTimerInterrupt
 .text.vPortValidateInterruptPriority
                0x000000002000dc48       0x68 ../../../oslib/gcc/free_rtos/Debug/free_rtos.a(port.o)
                0x000000002000dc48                vPortValidateInterruptPriority
 .text.xTimerCreateTimerTask
                0x000000002000dcb0       0x64 ../../../oslib/gcc/free_rtos/Debug/free_rtos.a(timers.o)
                0x000000002000dcb0                xTimerCreateTimerTask
 .text.xTimerGenericCommand
                0x000000002000dd14       0x80 ../../../oslib/gcc/free_rtos/Debug/free_rtos.a(timers.o)
                0x000000002000dd14                xTimerGenericCommand
 .text.prvProcessExpiredTimer
                0x000000002000dd94       0x78 ../../../oslib/gcc/free_rtos/Debug/free_rtos.a(timers.o)
 .text.prvTimerTask
                0x000000002000de0c       0x24 ../../../oslib/gcc/free_rtos/Debug/free_rtos.a(timers.o)
 .text.prvProcessTimerOrBlockTask
                0x000000002000de30       0x6c ../../../oslib/gcc/free_rtos/Debug/free_rtos.a(timers.o)
 .text.prvGetNextExpireTime
                0x000000002000de9c       0x48 ../../../oslib/gcc/free_rtos/Debug/free_rtos.a(timers.o)
 .text.prvSampleTimeNow
                0x000000002000dee4       0x40 ../../../oslib/gcc/free_rtos/Debug/free_rtos.a(timers.o)
 .text.prvInsertTimerInActiveList
                0x000000002000df24       0x84 ../../../oslib/gcc/free_rtos/Debug/free_rtos.a(timers.o)
 .text.prvProcessReceivedCommands
                0x000000002000dfa8      0x140 ../../../oslib/gcc/free_rtos/Debug/free_rtos.a(timers.o)
 .text.prvSwitchTimerLists
                0x000000002000e0e8       0xbc ../../../oslib/gcc/free_rtos/Debug/free_rtos.a(timers.o)
 .text.prvCheckForValidListAndQueue
                0x000000002000e1a4       0x84 ../../../oslib/gcc/free_rtos/Debug/free_rtos.a(timers.o)
 .text.pvPortMalloc
                0x000000002000e228       0x30 ../../../oslib/gcc/free_rtos/Debug/free_rtos.a(heap_3.o)
                0x000000002000e228                pvPortMalloc
 .text.vPortFree
                0x000000002000e258       0x24 ../../../oslib/gcc/free_rtos/Debug/free_rtos.a(heap_3.o)
                0x000000002000e258                vPortFree
 .text.vListInitialise
                0x000000002000e27c       0x40 ../../../oslib/gcc/free_rtos/Debug/free_rtos.a(list.o)
                0x000000002000e27c                vListInitialise
 .text.vListInitialiseItem
                0x000000002000e2bc       0x18 ../../../oslib/gcc/free_rtos/Debug/free_rtos.a(list.o)
                0x000000002000e2bc                vListInitialiseItem
 .text.vListInsertEnd
                0x000000002000e2d4       0x48 ../../../oslib/gcc/free_rtos/Debug/free_rtos.a(list.o)
                0x000000002000e2d4                vListInsertEnd
 .text.vListInsert
                0x000000002000e31c       0x70 ../../../oslib/gcc/free_rtos/Debug/free_rtos.a(list.o)
                0x000000002000e31c                vListInsert
 .text.uxListRemove
                0x000000002000e38c       0x54 ../../../oslib/gcc/free_rtos/Debug/free_rtos.a(list.o)
                0x000000002000e38c                uxListRemove
 .text.GPIODirModeSet
                0x000000002000e3e0       0x48 ../../../driverlib/gcc/lib/Debug/libdriver.a(gpio.o)
                0x000000002000e3e0                GPIODirModeSet
 .text.GPIOIntTypeSet
                0x000000002000e428       0xa8 ../../../driverlib/gcc/lib/Debug/libdriver.a(gpio.o)
                0x000000002000e428                GPIOIntTypeSet
 .text.GPIOIntEnable
                0x000000002000e4d0       0x2c ../../../driverlib/gcc/lib/Debug/libdriver.a(gpio.o)
                0x000000002000e4d0                GPIOIntEnable
 .text.GPIOIntDisable
                0x000000002000e4fc       0x2c ../../../driverlib/gcc/lib/Debug/libdriver.a(gpio.o)
                0x000000002000e4fc                GPIOIntDisable
 .text.GPIOIntStatus
                0x000000002000e528       0x30 ../../../driverlib/gcc/lib/Debug/libdriver.a(gpio.o)
                0x000000002000e528                GPIOIntStatus
 .text.GPIOIntClear
                0x000000002000e558       0x20 ../../../driverlib/gcc/lib/Debug/libdriver.a(gpio.o)
                0x000000002000e558                GPIOIntClear
 .text.GPIOPinWrite
                0x000000002000e578       0x2c ../../../driverlib/gcc/lib/Debug/libdriver.a(gpio.o)
                0x000000002000e578                GPIOPinWrite
 .text.IntDefaultHandler
                0x000000002000e5a4        0x8 ../../../driverlib/gcc/lib/Debug/libdriver.a(interrupt.o)
 .text.IntMasterEnable
                0x000000002000e5ac       0x10 ../../../driverlib/gcc/lib/Debug/libdriver.a(interrupt.o)
                0x000000002000e5ac                IntMasterEnable
 .text.IntVTableBaseSet
                0x000000002000e5bc       0x1c ../../../driverlib/gcc/lib/Debug/libdriver.a(interrupt.o)
                0x000000002000e5bc                IntVTableBaseSet
 .text.IntRegister
                0x000000002000e5d8       0x2c ../../../driverlib/gcc/lib/Debug/libdriver.a(interrupt.o)
                0x000000002000e5d8                IntRegister
 .text.IntUnregister
                0x000000002000e604       0x2c ../../../driverlib/gcc/lib/Debug/libdriver.a(interrupt.o)
                0x000000002000e604                IntUnregister
 .text.IntPrioritySet
                0x000000002000e630       0x68 ../../../driverlib/gcc/lib/Debug/libdriver.a(interrupt.o)
                0x000000002000e630                IntPrioritySet
 .text.IntEnable
                0x000000002000e698       0xbc ../../../driverlib/gcc/lib/Debug/libdriver.a(interrupt.o)
                0x000000002000e698                IntEnable
 .text.IntDisable
                0x000000002000e754       0xbc ../../../driverlib/gcc/lib/Debug/libdriver.a(interrupt.o)
                0x000000002000e754                IntDisable
 .text.IntPendClear
                0x000000002000e810       0x68 ../../../driverlib/gcc/lib/Debug/libdriver.a(interrupt.o)
                0x000000002000e810                IntPendClear
 .text.PinModeSet
                0x000000002000e878       0x48 ../../../driverlib/gcc/lib/Debug/libdriver.a(pin.o)
                0x000000002000e878                PinModeSet
 .text.PinConfigSet
                0x000000002000e8c0       0x98 ../../../driverlib/gcc/lib/Debug/libdriver.a(pin.o)
                0x000000002000e8c0                PinConfigSet
 .text.PinTypeUART
                0x000000002000e958       0x24 ../../../driverlib/gcc/lib/Debug/libdriver.a(pin.o)
                0x000000002000e958                PinTypeUART
 .text.PinTypeGPIO
                0x000000002000e97c       0x3c ../../../driverlib/gcc/lib/Debug/libdriver.a(pin.o)
                0x000000002000e97c                PinTypeGPIO
 .text.PRCMSysResetCauseGet
                0x000000002000e9b8       0x3c ../../../driverlib/gcc/lib/Debug/libdriver.a(prcm.o)
                0x000000002000e9b8                PRCMSysResetCauseGet
 .text.PRCMPeripheralClkEnable
                0x000000002000e9f4       0x5c ../../../driverlib/gcc/lib/Debug/libdriver.a(prcm.o)
                0x000000002000e9f4                PRCMPeripheralClkEnable
 .text.PRCMPeripheralClkDisable
                0x000000002000ea50       0x44 ../../../driverlib/gcc/lib/Debug/libdriver.a(prcm.o)
                0x000000002000ea50                PRCMPeripheralClkDisable
 .text.PRCMPeripheralClockGet
                0x000000002000ea94       0xa8 ../../../driverlib/gcc/lib/Debug/libdriver.a(prcm.o)
                0x000000002000ea94                PRCMPeripheralClockGet
 .text.PRCMPeripheralReset
                0x000000002000eb3c       0x8c ../../../driverlib/gcc/lib/Debug/libdriver.a(prcm.o)
                0x000000002000eb3c                PRCMPeripheralReset
 .text.PRCMPeripheralStatusGet
                0x000000002000ebc8       0x40 ../../../driverlib/gcc/lib/Debug/libdriver.a(prcm.o)
                0x000000002000ebc8                PRCMPeripheralStatusGet
 .text.PRCMCC3200MCUInit
                0x000000002000ec08      0x1a0 ../../../driverlib/gcc/lib/Debug/libdriver.a(prcm.o)
                0x000000002000ec08                PRCMCC3200MCUInit
 .text.PRCMHIBRegRead
                0x000000002000eda8       0x20 ../../../driverlib/gcc/lib/Debug/libdriver.a(prcm.o)
                0x000000002000eda8                PRCMHIBRegRead
 .text.PRCMHIBRegWrite
                0x000000002000edc8       0x20 ../../../driverlib/gcc/lib/Debug/libdriver.a(prcm.o)
                0x000000002000edc8                PRCMHIBRegWrite
 .text.SPIDmaMaskGet
                0x000000002000ede8       0x48 ../../../driverlib/gcc/lib/Debug/libdriver.a(spi.o)
 .text.SPIEnable
                0x000000002000ee30       0x28 ../../../driverlib/gcc/lib/Debug/libdriver.a(spi.o)
                0x000000002000ee30                SPIEnable
 .text.SPIDisable
                0x000000002000ee58       0x28 ../../../driverlib/gcc/lib/Debug/libdriver.a(spi.o)
                0x000000002000ee58                SPIDisable
 .text.SPIDmaEnable
                0x000000002000ee80       0x2c ../../../driverlib/gcc/lib/Debug/libdriver.a(spi.o)
                0x000000002000ee80                SPIDmaEnable
 .text.SPIDmaDisable
                0x000000002000eeac       0x2c ../../../driverlib/gcc/lib/Debug/libdriver.a(spi.o)
                0x000000002000eeac                SPIDmaDisable
 .text.SPIReset
                0x000000002000eed8       0x3c ../../../driverlib/gcc/lib/Debug/libdriver.a(spi.o)
                0x000000002000eed8                SPIReset
 .text.SPIConfigSetExpClk
                0x000000002000ef14       0xb8 ../../../driverlib/gcc/lib/Debug/libdriver.a(spi.o)
                0x000000002000ef14                SPIConfigSetExpClk
 .text.SPIFIFOEnable
                0x000000002000efcc       0x2c ../../../driverlib/gcc/lib/Debug/libdriver.a(spi.o)
                0x000000002000efcc                SPIFIFOEnable
 .text.SPIFIFODisable
                0x000000002000eff8       0x2c ../../../driverlib/gcc/lib/Debug/libdriver.a(spi.o)
                0x000000002000eff8                SPIFIFODisable
 .text.SPIFIFOLevelSet
                0x000000002000f024       0x44 ../../../driverlib/gcc/lib/Debug/libdriver.a(spi.o)
                0x000000002000f024                SPIFIFOLevelSet
 .text.SPIWordCountSet
                0x000000002000f068       0x34 ../../../driverlib/gcc/lib/Debug/libdriver.a(spi.o)
                0x000000002000f068                SPIWordCountSet
 .text.SPIIntEnable
                0x000000002000f09c       0x6c ../../../driverlib/gcc/lib/Debug/libdriver.a(spi.o)
                0x000000002000f09c                SPIIntEnable
 .text.SPIIntClear
                0x000000002000f108       0x60 ../../../driverlib/gcc/lib/Debug/libdriver.a(spi.o)
                0x000000002000f108                SPIIntClear
 .text.SPICSEnable
                0x000000002000f168       0x28 ../../../driverlib/gcc/lib/Debug/libdriver.a(spi.o)
                0x000000002000f168                SPICSEnable
 .text.SPICSDisable
                0x000000002000f190       0x28 ../../../driverlib/gcc/lib/Debug/libdriver.a(spi.o)
                0x000000002000f190                SPICSDisable
 .text.TimerEnable
                0x000000002000f1b8       0x2c ../../../driverlib/gcc/lib/Debug/libdriver.a(timer.o)
                0x000000002000f1b8                TimerEnable
 .text.TimerDisable
                0x000000002000f1e4       0x30 ../../../driverlib/gcc/lib/Debug/libdriver.a(timer.o)
                0x000000002000f1e4                TimerDisable
 .text.TimerConfigure
                0x000000002000f214       0x58 ../../../driverlib/gcc/lib/Debug/libdriver.a(timer.o)
                0x000000002000f214                TimerConfigure
 .text.TimerPrescaleSet
                0x000000002000f26c       0x3c ../../../driverlib/gcc/lib/Debug/libdriver.a(timer.o)
                0x000000002000f26c                TimerPrescaleSet
 .text.TimerLoadSet
                0x000000002000f2a8       0x3c ../../../driverlib/gcc/lib/Debug/libdriver.a(timer.o)
                0x000000002000f2a8                TimerLoadSet
 .text.TimerValueGet
                0x000000002000f2e4       0x28 ../../../driverlib/gcc/lib/Debug/libdriver.a(timer.o)
                0x000000002000f2e4                TimerValueGet
 .text.TimerIntUnregister
                0x000000002000f30c       0x78 ../../../driverlib/gcc/lib/Debug/libdriver.a(timer.o)
                0x000000002000f30c                TimerIntUnregister
 .text.TimerIntEnable
                0x000000002000f384       0x28 ../../../driverlib/gcc/lib/Debug/libdriver.a(timer.o)
                0x000000002000f384                TimerIntEnable
 .text.TimerIntDisable
                0x000000002000f3ac       0x28 ../../../driverlib/gcc/lib/Debug/libdriver.a(timer.o)
                0x000000002000f3ac                TimerIntDisable
 .text.TimerIntStatus
                0x000000002000f3d4       0x2c ../../../driverlib/gcc/lib/Debug/libdriver.a(timer.o)
                0x000000002000f3d4                TimerIntStatus
 .text.TimerIntClear
                0x000000002000f400       0x20 ../../../driverlib/gcc/lib/Debug/libdriver.a(timer.o)
                0x000000002000f400                TimerIntClear
 .text.UARTConfigSetExpClk
                0x000000002000f420       0x98 ../../../driverlib/gcc/lib/Debug/libdriver.a(uart.o)
                0x000000002000f420                UARTConfigSetExpClk
 .text.UARTEnable
                0x000000002000f4b8       0x3c ../../../driverlib/gcc/lib/Debug/libdriver.a(uart.o)
                0x000000002000f4b8                UARTEnable
 .text.UARTDisable
                0x000000002000f4f4       0x4c ../../../driverlib/gcc/lib/Debug/libdriver.a(uart.o)
                0x000000002000f4f4                UARTDisable
 .text.UARTCharsAvail
                0x000000002000f540       0x28 ../../../driverlib/gcc/lib/Debug/libdriver.a(uart.o)
                0x000000002000f540                UARTCharsAvail
 .text.UARTCharGetNonBlocking
                0x000000002000f568       0x2c ../../../driverlib/gcc/lib/Debug/libdriver.a(uart.o)
                0x000000002000f568                UARTCharGetNonBlocking
 .text.UARTCharPut
                0x000000002000f594       0x2c ../../../driverlib/gcc/lib/Debug/libdriver.a(uart.o)
                0x000000002000f594                UARTCharPut
 .text.uDMAChannelEnable
                0x000000002000f5c0       0x28 ../../../driverlib/gcc/lib/Debug/libdriver.a(udma.o)
                0x000000002000f5c0                uDMAChannelEnable
 .text.uDMAChannelAttributeEnable
                0x000000002000f5e8       0x84 ../../../driverlib/gcc/lib/Debug/libdriver.a(udma.o)
                0x000000002000f5e8                uDMAChannelAttributeEnable
 .text.uDMAChannelAttributeDisable
                0x000000002000f66c       0x84 ../../../driverlib/gcc/lib/Debug/libdriver.a(udma.o)
                0x000000002000f66c                uDMAChannelAttributeDisable
 .text.uDMAChannelControlSet
                0x000000002000f6f0       0x48 ../../../driverlib/gcc/lib/Debug/libdriver.a(udma.o)
                0x000000002000f6f0                uDMAChannelControlSet
 .text.uDMAChannelTransferSet
                0x000000002000f738      0x104 ../../../driverlib/gcc/lib/Debug/libdriver.a(udma.o)
                0x000000002000f738                uDMAChannelTransferSet
 .text.uDMAChannelAssign
                0x000000002000f83c       0x58 ../../../driverlib/gcc/lib/Debug/libdriver.a(udma.o)
                0x000000002000f83c                uDMAChannelAssign
 .text.UtilsDelay
                0x000000002000f894        0xc ../../../driverlib/gcc/lib/Debug/libdriver.a(utils.o)
                0x000000002000f894                UtilsDelay
 .text.CPUcpsie
                0x000000002000f8a0       0x18 ../../../driverlib/gcc/lib/Debug/libdriver.a(cpu.o)
                0x000000002000f8a0                CPUcpsie
 .text.malloc   0x000000002000f8b8       0x10 /usr/lib/gcc/arm-none-eabi/5.2.0/../../../../arm-none-eabi/lib/armv7e-m/libc_nano.a(lib_a-malloc.o)
                0x000000002000f8b8                malloc
 .text.free     0x000000002000f8c8       0x10 /usr/lib/gcc/arm-none-eabi/5.2.0/../../../../arm-none-eabi/lib/armv7e-m/libc_nano.a(lib_a-malloc.o)
                0x000000002000f8c8                free
 .text.memcmp   0x000000002000f8d8       0x1e /usr/lib/gcc/arm-none-eabi/5.2.0/../../../../arm-none-eabi/lib/armv7e-m/libc_nano.a(lib_a-memcmp.o)
                0x000000002000f8d8                memcmp
 .text.memcpy   0x000000002000f8f6       0x16 /usr/lib/gcc/arm-none-eabi/5.2.0/../../../../arm-none-eabi/lib/armv7e-m/libc_nano.a(lib_a-memcpy.o)
                0x000000002000f8f6                memcpy
 .text.memmove  0x000000002000f90c       0x36 /usr/lib/gcc/arm-none-eabi/5.2.0/../../../../arm-none-eabi/lib/armv7e-m/libc_nano.a(lib_a-memmove.o)
                0x000000002000f90c                memmove
 .text.memset   0x000000002000f942       0x10 /usr/lib/gcc/arm-none-eabi/5.2.0/../../../../arm-none-eabi/lib/armv7e-m/libc_nano.a(lib_a-memset.o)
                0x000000002000f942                memset
 *fill*         0x000000002000f952        0x2 
 .text._free_r  0x000000002000f954       0x8c /usr/lib/gcc/arm-none-eabi/5.2.0/../../../../arm-none-eabi/lib/armv7e-m/libc_nano.a(lib_a-nano-freer.o)
                0x000000002000f954                _free_r
 .text._malloc_r
                0x000000002000f9e0       0xa8 /usr/lib/gcc/arm-none-eabi/5.2.0/../../../../arm-none-eabi/lib/armv7e-m/libc_nano.a(lib_a-nano-mallocr.o)
                0x000000002000f9e0                _malloc_r
 .text.realloc  0x000000002000fa88       0x10 /usr/lib/gcc/arm-none-eabi/5.2.0/../../../../arm-none-eabi/lib/armv7e-m/libc_nano.a(lib_a-realloc.o)
                0x000000002000fa88                realloc
 .text._sbrk_r  0x000000002000fa98       0x20 /usr/lib/gcc/arm-none-eabi/5.2.0/../../../../arm-none-eabi/lib/armv7e-m/libc_nano.a(lib_a-sbrkr.o)
                0x000000002000fa98                _sbrk_r
 .text.strcpy   0x000000002000fab8       0x10 /usr/lib/gcc/arm-none-eabi/5.2.0/../../../../arm-none-eabi/lib/armv7e-m/libc_nano.a(lib_a-strcpy.o)
                0x000000002000fab8                strcpy
 .text.strlen   0x000000002000fac8       0x10 /usr/lib/gcc/arm-none-eabi/5.2.0/../../../../arm-none-eabi/lib/armv7e-m/libc_nano.a(lib_a-strlen.o)
                0x000000002000fac8                strlen
 .text.strncpy  0x000000002000fad8       0x26 /usr/lib/gcc/arm-none-eabi/5.2.0/../../../../arm-none-eabi/lib/armv7e-m/libc_nano.a(lib_a-strncpy.o)
                0x000000002000fad8                strncpy
 .text._vsnprintf_r
                0x000000002000fafe       0x56 /usr/lib/gcc/arm-none-eabi/5.2.0/../../../../arm-none-eabi/lib/armv7e-m/libc_nano.a(lib_a-vsnprintf.o)
                0x000000002000fafe                _vsnprintf_r
                0x000000002000fafe                _vsniprintf_r
 .text.vsnprintf
                0x000000002000fb54       0x1c /usr/lib/gcc/arm-none-eabi/5.2.0/../../../../arm-none-eabi/lib/armv7e-m/libc_nano.a(lib_a-vsnprintf.o)
                0x000000002000fb54                vsnprintf
                0x000000002000fb54                vsniprintf
 .text._realloc_r
                0x000000002000fb70       0x4c /usr/lib/gcc/arm-none-eabi/5.2.0/../../../../arm-none-eabi/lib/armv7e-m/libc_nano.a(lib_a-nano-reallocr.o)
                0x000000002000fb70                _realloc_r
 .text.__ssputs_r
                0x000000002000fbbc       0xb2 /usr/lib/gcc/arm-none-eabi/5.2.0/../../../../arm-none-eabi/lib/armv7e-m/libc_nano.a(lib_a-nano-svfprintf.o)
                0x000000002000fbbc                __ssputs_r
 *fill*         0x000000002000fc6e        0x2 
 .text._svfprintf_r
                0x000000002000fc70      0x1e8 /usr/lib/gcc/arm-none-eabi/5.2.0/../../../../arm-none-eabi/lib/armv7e-m/libc_nano.a(lib_a-nano-svfprintf.o)
                0x000000002000fc70                _svfprintf_r
                0x000000002000fc70                _svfiprintf_r
 .text._printf_common
                0x000000002000fe58       0xec /usr/lib/gcc/arm-none-eabi/5.2.0/../../../../arm-none-eabi/lib/armv7e-m/libc_nano.a(lib_a-nano-vfprintf_i.o)
                0x000000002000fe58                _printf_common
 .text._printf_i
                0x000000002000ff44      0x24c /usr/lib/gcc/arm-none-eabi/5.2.0/../../../../arm-none-eabi/lib/armv7e-m/libc_nano.a(lib_a-nano-vfprintf_i.o)
                0x000000002000ff44                _printf_i
 .text.memchr   0x0000000020010190       0x1e /usr/lib/gcc/arm-none-eabi/5.2.0/../../../../arm-none-eabi/lib/armv7e-m/libc_nano.a(lib_a-memchr.o)
                0x0000000020010190                memchr
 .text._malloc_usable_size_r
                0x00000000200101ae       0x14 /usr/lib/gcc/arm-none-eabi/5.2.0/../../../../arm-none-eabi/lib/armv7e-m/libc_nano.a(lib_a-nano-msizer.o)
                0x00000000200101ae                _malloc_usable_size_r
 *(.rodata*)
 *fill*         0x00000000200101c2        0x2 
 .rodata        0x00000000200101c4       0x30 obj/Debug/smartconfig.o
 .rodata.__FUNCTION__.6134
                0x00000000200101f4       0x14 obj/Debug/smartconfig.o
 .rodata.pucUARTOKString
                0x0000000020010208        0x8 obj/Debug/main.o
                0x0000000020010208                pucUARTOKString
 .rodata.putUARTFinishString
                0x0000000020010210       0x10 obj/Debug/main.o
                0x0000000020010210                putUARTFinishString
 .rodata.pucUARTErrorString
                0x0000000020010220        0xc obj/Debug/main.o
                0x0000000020010220                pucUARTErrorString
 .rodata.putUARTErrorInputString
                0x000000002001022c       0x14 obj/Debug/main.o
                0x000000002001022c                putUARTErrorInputString
 .rodata.pucUARTErrorSocketCreateString
                0x0000000020010240       0x50 obj/Debug/main.o
                0x0000000020010240                pucUARTErrorSocketCreateString
 .rodata.pucUARTErrorSocketOptionString
                0x0000000020010290       0x1c obj/Debug/main.o
                0x0000000020010290                pucUARTErrorSocketOptionString
 .rodata.pucUARTSmartConfigString
                0x00000000200102ac       0x30 obj/Debug/main.o
                0x00000000200102ac                pucUARTSmartConfigString
 .rodata.pucUARTIntroString
                0x00000000200102dc       0x14 obj/Debug/main.o
                0x00000000200102dc                pucUARTIntroString
 .rodata.pucUARTMenuString1
                0x00000000200102f0        0x8 obj/Debug/main.o
                0x00000000200102f0                pucUARTMenuString1
 .rodata.pucUARTIntroString1
                0x00000000200102f8       0x20 obj/Debug/main.o
                0x00000000200102f8                pucUARTIntroString1
 .rodata.pucUARTMenuString3
                0x0000000020010318       0x14 obj/Debug/main.o
                0x0000000020010318                pucUARTMenuString3
 .rodata.pucUARTIntroString3
                0x000000002001032c       0x40 obj/Debug/main.o
                0x000000002001032c                pucUARTIntroString3
 .rodata.pucUARTMenuString4
                0x000000002001036c       0x10 obj/Debug/main.o
                0x000000002001036c                pucUARTMenuString4
 .rodata.pucUARTIntroString4
                0x000000002001037c       0x24 obj/Debug/main.o
                0x000000002001037c                pucUARTIntroString4
 .rodata.pucUARTMenuString5
                0x00000000200103a0        0x8 obj/Debug/main.o
                0x00000000200103a0                pucUARTMenuString5
 .rodata.pucUARTIntroString5
                0x00000000200103a8       0x10 obj/Debug/main.o
                0x00000000200103a8                pucUARTIntroString5
 .rodata.pucUARTMenuString6
                0x00000000200103b8        0x8 obj/Debug/main.o
                0x00000000200103b8                pucUARTMenuString6
 .rodata.pucUARTIntroString6
                0x00000000200103c0       0x28 obj/Debug/main.o
                0x00000000200103c0                pucUARTIntroString6
 .rodata.pucUARTParamString
                0x00000000200103e8       0x10 obj/Debug/main.o
                0x00000000200103e8                pucUARTParamString
 .rodata.pucUARTParamString1
                0x00000000200103f8       0x34 obj/Debug/main.o
                0x00000000200103f8                pucUARTParamString1
 .rodata.pucUARTParamString2
                0x000000002001042c       0x24 obj/Debug/main.o
                0x000000002001042c                pucUARTParamString2
 .rodata.pucUARTParamString3
                0x0000000020010450       0x28 obj/Debug/main.o
                0x0000000020010450                pucUARTParamString3
 .rodata        0x0000000020010478      0x4e4 obj/Debug/main.o
 .rodata.__FUNCTION__.6161
                0x000000002001095c       0x18 obj/Debug/main.o
 .rodata.__FUNCTION__.6216
                0x0000000020010974       0x14 obj/Debug/main.o
 .rodata.__FUNCTION__.6250
                0x0000000020010988       0x10 obj/Debug/main.o
 .rodata.__FUNCTION__.6275
                0x0000000020010998        0x8 obj/Debug/main.o
 .rodata        0x00000000200109a0       0x2c obj/Debug/uart_if.o
 .rodata        0x00000000200109cc      0x6ec obj/Debug/network_if.o
 .rodata.__FUNCTION__.5917
                0x00000000200110b8       0x24 obj/Debug/network_if.o
 .rodata.__FUNCTION__.5930
                0x00000000200110dc       0x18 obj/Debug/network_if.o
 .rodata.__FUNCTION__.5950
                0x00000000200110f4       0x18 obj/Debug/network_if.o
 .rodata.__FUNCTION__.5978
                0x000000002001110c       0x18 obj/Debug/network_if.o
 .rodata.__FUNCTION__.5984
                0x0000000020011124       0x18 obj/Debug/network_if.o
 .rodata.cSmtpMailFrom
                0x000000002001113c        0xc ../../../netapps/smtp/client/gcc/lib/Debug/libemail.a(email.o)
                0x000000002001113c                cSmtpMailFrom
 .rodata.cSmtpRcpt
                0x0000000020011148        0xc ../../../netapps/smtp/client/gcc/lib/Debug/libemail.a(email.o)
                0x0000000020011148                cSmtpRcpt
 .rodata.cSmtpData
                0x0000000020011154        0x8 ../../../netapps/smtp/client/gcc/lib/Debug/libemail.a(email.o)
                0x0000000020011154                cSmtpData
 .rodata.cSmtpCrlf
                0x000000002001115c        0x4 ../../../netapps/smtp/client/gcc/lib/Debug/libemail.a(email.o)
                0x000000002001115c                cSmtpCrlf
 .rodata.cSmtpSubject
                0x0000000020011160        0xc ../../../netapps/smtp/client/gcc/lib/Debug/libemail.a(email.o)
                0x0000000020011160                cSmtpSubject
 .rodata.cSmtpTo
                0x000000002001116c        0x8 ../../../netapps/smtp/client/gcc/lib/Debug/libemail.a(email.o)
                0x000000002001116c                cSmtpTo
 .rodata.cSmtpFrom
                0x0000000020011174        0x8 ../../../netapps/smtp/client/gcc/lib/Debug/libemail.a(email.o)
                0x0000000020011174                cSmtpFrom
 .rodata.cSmtpDataEnd
                0x000000002001117c        0x8 ../../../netapps/smtp/client/gcc/lib/Debug/libemail.a(email.o)
                0x000000002001117c                cSmtpDataEnd
 .rodata.cSmtpQuit
                0x0000000020011184        0x8 ../../../netapps/smtp/client/gcc/lib/Debug/libemail.a(email.o)
                0x0000000020011184                cSmtpQuit
 .rodata        0x000000002001118c       0x24 ../../../netapps/smtp/client/gcc/lib/Debug/libemail.a(email.o)
 .rodata.g_ccB64Tbl
                0x00000000200111b0       0x40 ../../../netapps/smtp/client/gcc/lib/Debug/libemail.a(base64.o)
 .rodata.StartResponseLUT
                0x00000000200111f0        0x8 ../../../simplelink/gcc/lib/os/Debug/libsimplelink.a(device.o)
 .rodata._SlStopCmdCtrl
                0x00000000200111f8        0x4 ../../../simplelink/gcc/lib/os/Debug/libsimplelink.a(device.o)
 .rodata._SlDeviceGetCmdCtrl
                0x00000000200111fc        0x4 ../../../simplelink/gcc/lib/os/Debug/libsimplelink.a(device.o)
 .rodata.g_H2NSyncPattern
                0x0000000020011200        0x8 ../../../simplelink/gcc/lib/os/Debug/libsimplelink.a(driver.o)
 .rodata.g_H2NCnysPattern
                0x0000000020011208        0x8 ../../../simplelink/gcc/lib/os/Debug/libsimplelink.a(driver.o)
 .rodata._SlActionLookupTable
                0x0000000020011210       0x38 ../../../simplelink/gcc/lib/os/Debug/libsimplelink.a(driver.o)
                0x0000000020011210                _SlActionLookupTable
 .rodata.OpcodeTranslateTable
                0x0000000020011248       0x3c ../../../simplelink/gcc/lib/os/Debug/libsimplelink.a(driver.o)
                0x0000000020011248                OpcodeTranslateTable
 .rodata.RxMsgClassLUT
                0x0000000020011284       0x20 ../../../simplelink/gcc/lib/os/Debug/libsimplelink.a(driver.o)
 .rodata._SlRegisterServiceCtrl
                0x00000000200112a4        0x4 ../../../simplelink/gcc/lib/os/Debug/libsimplelink.a(netapp.o)
 .rodata._SlGetHostByNameCtrl
                0x00000000200112a8        0x4 ../../../simplelink/gcc/lib/os/Debug/libsimplelink.a(netapp.o)
 .rodata._SlNetAppSendTokenValueCmdCtrl
                0x00000000200112ac        0x4 ../../../simplelink/gcc/lib/os/Debug/libsimplelink.a(netapp.o)
                0x00000000200112ac                _SlNetAppSendTokenValueCmdCtrl
 .rodata._SlNetCfgSetCmdCtrl
                0x00000000200112b0        0x4 ../../../simplelink/gcc/lib/os/Debug/libsimplelink.a(netcfg.o)
 .rodata._SlNetCfgGetCmdCtrl
                0x00000000200112b4        0x4 ../../../simplelink/gcc/lib/os/Debug/libsimplelink.a(netcfg.o)
 .rodata._SlPayloadByProtocolLUT
                0x00000000200112b8       0x10 ../../../simplelink/gcc/lib/os/Debug/libsimplelink.a(socket.o)
 .rodata._SlSockSocketCmdCtrl
                0x00000000200112c8        0x4 ../../../simplelink/gcc/lib/os/Debug/libsimplelink.a(socket.o)
 .rodata._SlSockCloseCmdCtrl
                0x00000000200112cc        0x4 ../../../simplelink/gcc/lib/os/Debug/libsimplelink.a(socket.o)
 .rodata._SlSendCmdCtrl
                0x00000000200112d0        0x4 ../../../simplelink/gcc/lib/os/Debug/libsimplelink.a(socket.o)
 .rodata._SlRecvCmdCtrl
                0x00000000200112d4        0x4 ../../../simplelink/gcc/lib/os/Debug/libsimplelink.a(socket.o)
 .rodata._SlSetSockOptCmdCtrl
                0x00000000200112d8        0x4 ../../../simplelink/gcc/lib/os/Debug/libsimplelink.a(socket.o)
 .rodata._SlPolicySetCmdCtrl
                0x00000000200112dc        0x4 ../../../simplelink/gcc/lib/os/Debug/libsimplelink.a(wlan.o)
 .rodata._SlProfileDelCmdCtrl
                0x00000000200112e0        0x4 ../../../simplelink/gcc/lib/os/Debug/libsimplelink.a(wlan.o)
 .rodata._SlRxFilterSetCmdCtrl
                0x00000000200112e4        0x4 ../../../simplelink/gcc/lib/os/Debug/libsimplelink.a(wlan.o)
 .rodata._SlSmartConfigStartCmdCtrl
                0x00000000200112e8        0x4 ../../../simplelink/gcc/lib/os/Debug/libsimplelink.a(wlan.o)
 .rodata._SlWlanSetModeCmdCtrl
                0x00000000200112ec        0x4 ../../../simplelink/gcc/lib/os/Debug/libsimplelink.a(wlan.o)
 .rodata._SlWlanCfgSetCmdCtrl
                0x00000000200112f0        0x4 ../../../simplelink/gcc/lib/os/Debug/libsimplelink.a(wlan.o)
 .rodata        0x00000000200112f4        0xc ../../../simplelink/gcc/lib/os/Debug/libsimplelink.a(cc_pal.o)
 .rodata        0x0000000020011300        0x8 ../../../oslib/gcc/free_rtos/Debug/free_rtos.a(osi_freertos.o)
 .rodata        0x0000000020011308       0x2c ../../../oslib/gcc/free_rtos/Debug/free_rtos.a(queue.o)
 .rodata        0x0000000020011334       0x44 ../../../oslib/gcc/free_rtos/Debug/free_rtos.a(tasks.o)
 .rodata.ucExpectedStackBytes.5776
                0x0000000020011378       0x14 ../../../oslib/gcc/free_rtos/Debug/free_rtos.a(tasks.o)
 .rodata        0x000000002001138c       0x40 ../../../oslib/gcc/free_rtos/Debug/free_rtos.a(port.o)
 .rodata        0x00000000200113cc       0x3c ../../../oslib/gcc/free_rtos/Debug/free_rtos.a(timers.o)
 .rodata.g_pulRegs
                0x0000000020011408       0xd4 ../../../driverlib/gcc/lib/Debug/libdriver.a(interrupt.o)
 .rodata.g_pulEnRegs
                0x00000000200114dc       0x18 ../../../driverlib/gcc/lib/Debug/libdriver.a(interrupt.o)
 .rodata.g_pulDisRegs
                0x00000000200114f4       0x18 ../../../driverlib/gcc/lib/Debug/libdriver.a(interrupt.o)
 .rodata.g_pulUnpendRegs
                0x000000002001150c       0x18 ../../../driverlib/gcc/lib/Debug/libdriver.a(interrupt.o)
 .rodata.g_ulPinToPadMap
                0x0000000020011524      0x100 ../../../driverlib/gcc/lib/Debug/libdriver.a(pin.o)
 .rodata.PRCM_PeriphRegsList
                0x0000000020011624       0xa8 ../../../driverlib/gcc/lib/Debug/libdriver.a(prcm.o)
 .rodata.g_ulSPIDmaMaskMap
                0x00000000200116cc       0x18 ../../../driverlib/gcc/lib/Debug/libdriver.a(spi.o)
 .rodata.str1.1
                0x00000000200116e4        0x2 /usr/lib/gcc/arm-none-eabi/5.2.0/../../../../arm-none-eabi/lib/armv7e-m/libc_nano.a(lib_a-impure.o)
 .rodata.str1.1
                0x00000000200116e6       0x11 /usr/lib/gcc/arm-none-eabi/5.2.0/../../../../arm-none-eabi/lib/armv7e-m/libc_nano.a(lib_a-nano-svfprintf.o)
 .rodata.str1.1
                0x00000000200116f7       0x22 /usr/lib/gcc/arm-none-eabi/5.2.0/../../../../arm-none-eabi/lib/armv7e-m/libc_nano.a(lib_a-nano-vfprintf_i.o)
 *(.ARM.extab* .gnu.linkonce.armextab.*)
                0x0000000020011720                . = ALIGN (0x8)
 *fill*         0x0000000020011719        0x7 
                0x0000000020011720                _etext = .

.glue_7         0x0000000020011720        0x0
 .glue_7        0x0000000000000000        0x0 linker stubs

.glue_7t        0x0000000020011720        0x0
 .glue_7t       0x0000000000000000        0x0 linker stubs

.vfp11_veneer   0x0000000020011720        0x0
 .vfp11_veneer  0x0000000000000000        0x0 linker stubs

.v4_bx          0x0000000020011720        0x0
 .v4_bx         0x0000000000000000        0x0 linker stubs

.iplt           0x0000000020011720        0x0
 .iplt          0x0000000000000000        0x0 obj/Debug/smartconfig.o

.rel.dyn        0x0000000020011720        0x0
 .rel.iplt      0x0000000000000000        0x0 obj/Debug/smartconfig.o

.ARM            0x0000000020011720        0x0
                0x0000000020011720                __exidx_start = .
 *(.ARM.exidx*)
                0x0000000020011720                __exidx_end = .
                0x0000000020011720                __init_data = .

.data           0x0000000020011720       0x90
                0x0000000020011720                _data = .
 *(.data*)
 .data.ulReg    0x0000000020011720       0x14 obj/Debug/gpio_if.o
 .data.g_uiSmtpStatus
                0x0000000020011734        0x4 ../../../netapps/smtp/client/gcc/lib/Debug/libemail.a(email.o)
                0x0000000020011734                g_uiSmtpStatus
 .data.g_iConnectStatus
                0x0000000020011738        0x4 ../../../netapps/smtp/client/gcc/lib/Debug/libemail.a(email.o)
                0x0000000020011738                g_iConnectStatus
 .data.g_lSmtpSocket
                0x000000002001173c        0x4 ../../../netapps/smtp/client/gcc/lib/Debug/libemail.a(email.o)
                0x000000002001173c                g_lSmtpSocket
 .data.xNextTaskUnblockTime
                0x0000000020011740        0x4 ../../../oslib/gcc/free_rtos/Debug/free_rtos.a(tasks.o)
 .data.uxCriticalNesting
                0x0000000020011744        0x4 ../../../oslib/gcc/free_rtos/Debug/free_rtos.a(port.o)
 .data.impure_data
                0x0000000020011748       0x60 /usr/lib/gcc/arm-none-eabi/5.2.0/../../../../arm-none-eabi/lib/armv7e-m/libc_nano.a(lib_a-impure.o)
 .data._impure_ptr
                0x00000000200117a8        0x4 /usr/lib/gcc/arm-none-eabi/5.2.0/../../../../arm-none-eabi/lib/armv7e-m/libc_nano.a(lib_a-impure.o)
                0x00000000200117a8                _impure_ptr
                0x00000000200117b0                . = ALIGN (0x8)
 *fill*         0x00000000200117ac        0x4 
                0x00000000200117b0                _edata = .

.igot.plt       0x00000000200117b0        0x0
 .igot.plt      0x0000000000000000        0x0 obj/Debug/smartconfig.o

.bss            0x00000000200117b0     0x1c54
                0x00000000200117b0                _bss = .
 *(.bss*)
 .bss.SecurityParams
                0x00000000200117b0        0xc obj/Debug/main.o
                0x00000000200117b0                SecurityParams
 .bss.g_uiPBCount
                0x00000000200117bc        0x4 obj/Debug/main.o
                0x00000000200117bc                g_uiPBCount
 .bss.__Errorlog
                0x00000000200117c0        0x4 obj/Debug/uart_if.o
 .bss.g_ulStatus
                0x00000000200117c4        0x4 obj/Debug/network_if.o
                0x00000000200117c4                g_ulStatus
 .bss.g_ulStaIp
                0x00000000200117c8        0x4 obj/Debug/network_if.o
                0x00000000200117c8                g_ulStaIp
 .bss.g_ulGatewayIP
                0x00000000200117cc        0x4 obj/Debug/network_if.o
                0x00000000200117cc                g_ulGatewayIP
 .bss.g_uiLED1Port
                0x00000000200117d0        0x4 obj/Debug/gpio_if.o
                0x00000000200117d0                g_uiLED1Port
 .bss.g_uiLED2Port
                0x00000000200117d4        0x4 obj/Debug/gpio_if.o
                0x00000000200117d4                g_uiLED2Port
 .bss.g_uiLED3Port
                0x00000000200117d8        0x4 obj/Debug/gpio_if.o
                0x00000000200117d8                g_uiLED3Port
 .bss.heap_end  0x00000000200117dc        0x4 obj/Debug/startup_gcc.o
 .bss.heap2_end
                0x00000000200117e0        0x4 obj/Debug/startup_gcc.o
 .bss.pui32Stack
                0x00000000200117e4     0x1000 obj/Debug/startup_gcc.o
 .bss.g_uiEmailSetStatus
                0x00000000200127e4        0x4 ../../../netapps/smtp/client/gcc/lib/Debug/libemail.a(email.o)
                0x00000000200127e4                g_uiEmailSetStatus
 .bss.g_uiEmailErrorInfo
                0x00000000200127e8        0x1 ../../../netapps/smtp/client/gcc/lib/Debug/libemail.a(email.o)
                0x00000000200127e8                g_uiEmailErrorInfo
 *fill*         0x00000000200127e9        0x1 
 .bss.g_SlDeviceStatus
                0x00000000200127ea        0x2 ../../../simplelink/gcc/lib/os/Debug/libsimplelink.a(driver.o)
                0x00000000200127ea                g_SlDeviceStatus
 .bss.g_StatMem
                0x00000000200127ec      0x178 ../../../simplelink/gcc/lib/os/Debug/libsimplelink.a(driver.o)
 .bss.g_pCB     0x0000000020012964        0x4 ../../../simplelink/gcc/lib/os/Debug/libsimplelink.a(driver.o)
                0x0000000020012964                g_pCB
 .bss.pPingCallBackFunc
                0x0000000020012968        0x4 ../../../simplelink/gcc/lib/os/Debug/libsimplelink.a(driver.o)
                0x0000000020012968                pPingCallBackFunc
 .bss.gFirstCmdMode
                0x000000002001296c        0x1 ../../../simplelink/gcc/lib/os/Debug/libsimplelink.a(driver.o)
 *fill*         0x000000002001296d        0x3 
 .bss.g_SpiFd   0x0000000020012970        0x4 ../../../simplelink/gcc/lib/os/Debug/libsimplelink.a(cc_pal.o)
                0x0000000020012970                g_SpiFd
 .bss.g_ucDMAEnabled
                0x0000000020012974        0x1 ../../../simplelink/gcc/lib/os/Debug/libsimplelink.a(cc_pal.o)
                0x0000000020012974                g_ucDMAEnabled
 *fill*         0x0000000020012975        0x3 
 .bss.xHigherPriorityTaskWoken
                0x0000000020012978        0x4 ../../../oslib/gcc/free_rtos/Debug/free_rtos.a(osi_freertos.o)
                0x0000000020012978                xHigherPriorityTaskWoken
 .bss.xSimpleLinkSpawnQueue
                0x000000002001297c        0x4 ../../../oslib/gcc/free_rtos/Debug/free_rtos.a(osi_freertos.o)
                0x000000002001297c                xSimpleLinkSpawnQueue
 .bss.xSimpleLinkSpawnTaskHndl
                0x0000000020012980        0x4 ../../../oslib/gcc/free_rtos/Debug/free_rtos.a(osi_freertos.o)
                0x0000000020012980                xSimpleLinkSpawnTaskHndl
 .bss.pxCurrentTCB
                0x0000000020012984        0x4 ../../../oslib/gcc/free_rtos/Debug/free_rtos.a(tasks.o)
                0x0000000020012984                pxCurrentTCB
 .bss.pxReadyTasksLists
                0x0000000020012988       0xc8 ../../../oslib/gcc/free_rtos/Debug/free_rtos.a(tasks.o)
 .bss.xDelayedTaskList1
                0x0000000020012a50       0x14 ../../../oslib/gcc/free_rtos/Debug/free_rtos.a(tasks.o)
 .bss.xDelayedTaskList2
                0x0000000020012a64       0x14 ../../../oslib/gcc/free_rtos/Debug/free_rtos.a(tasks.o)
 .bss.pxDelayedTaskList
                0x0000000020012a78        0x4 ../../../oslib/gcc/free_rtos/Debug/free_rtos.a(tasks.o)
 .bss.pxOverflowDelayedTaskList
                0x0000000020012a7c        0x4 ../../../oslib/gcc/free_rtos/Debug/free_rtos.a(tasks.o)
 .bss.xPendingReadyList
                0x0000000020012a80       0x14 ../../../oslib/gcc/free_rtos/Debug/free_rtos.a(tasks.o)
 .bss.xTasksWaitingTermination
                0x0000000020012a94       0x14 ../../../oslib/gcc/free_rtos/Debug/free_rtos.a(tasks.o)
 .bss.uxTasksDeleted
                0x0000000020012aa8        0x4 ../../../oslib/gcc/free_rtos/Debug/free_rtos.a(tasks.o)
 .bss.xSuspendedTaskList
                0x0000000020012aac       0x14 ../../../oslib/gcc/free_rtos/Debug/free_rtos.a(tasks.o)
 .bss.xIdleTaskHandle
                0x0000000020012ac0        0x4 ../../../oslib/gcc/free_rtos/Debug/free_rtos.a(tasks.o)
 .bss.uxCurrentNumberOfTasks
                0x0000000020012ac4        0x4 ../../../oslib/gcc/free_rtos/Debug/free_rtos.a(tasks.o)
 .bss.xTickCount
                0x0000000020012ac8        0x4 ../../../oslib/gcc/free_rtos/Debug/free_rtos.a(tasks.o)
 .bss.uxTopReadyPriority
                0x0000000020012acc        0x4 ../../../oslib/gcc/free_rtos/Debug/free_rtos.a(tasks.o)
 .bss.xSchedulerRunning
                0x0000000020012ad0        0x4 ../../../oslib/gcc/free_rtos/Debug/free_rtos.a(tasks.o)
 .bss.uxPendedTicks
                0x0000000020012ad4        0x4 ../../../oslib/gcc/free_rtos/Debug/free_rtos.a(tasks.o)
 .bss.xYieldPending
                0x0000000020012ad8        0x4 ../../../oslib/gcc/free_rtos/Debug/free_rtos.a(tasks.o)
 .bss.xNumOfOverflows
                0x0000000020012adc        0x4 ../../../oslib/gcc/free_rtos/Debug/free_rtos.a(tasks.o)
 .bss.uxTaskNumber
                0x0000000020012ae0        0x4 ../../../oslib/gcc/free_rtos/Debug/free_rtos.a(tasks.o)
 .bss.uxSchedulerSuspended
                0x0000000020012ae4        0x4 ../../../oslib/gcc/free_rtos/Debug/free_rtos.a(tasks.o)
 .bss.ucMaxSysCallPriority
                0x0000000020012ae8        0x1 ../../../oslib/gcc/free_rtos/Debug/free_rtos.a(port.o)
 *fill*         0x0000000020012ae9        0x3 
 .bss.ulMaxPRIGROUPValue
                0x0000000020012aec        0x4 ../../../oslib/gcc/free_rtos/Debug/free_rtos.a(port.o)
 .bss.xActiveTimerList1
                0x0000000020012af0       0x14 ../../../oslib/gcc/free_rtos/Debug/free_rtos.a(timers.o)
 .bss.xActiveTimerList2
                0x0000000020012b04       0x14 ../../../oslib/gcc/free_rtos/Debug/free_rtos.a(timers.o)
 .bss.pxCurrentTimerList
                0x0000000020012b18        0x4 ../../../oslib/gcc/free_rtos/Debug/free_rtos.a(timers.o)
 .bss.pxOverflowTimerList
                0x0000000020012b1c        0x4 ../../../oslib/gcc/free_rtos/Debug/free_rtos.a(timers.o)
 .bss.xTimerQueue
                0x0000000020012b20        0x4 ../../../oslib/gcc/free_rtos/Debug/free_rtos.a(timers.o)
 .bss.xTimerTaskHandle
                0x0000000020012b24        0x4 ../../../oslib/gcc/free_rtos/Debug/free_rtos.a(timers.o)
 .bss.xLastTime.4980
                0x0000000020012b28        0x4 ../../../oslib/gcc/free_rtos/Debug/free_rtos.a(timers.o)
 .bss.__malloc_sbrk_start
                0x0000000020012b2c        0x4 /usr/lib/gcc/arm-none-eabi/5.2.0/../../../../arm-none-eabi/lib/armv7e-m/libc_nano.a(lib_a-nano-mallocr.o)
                0x0000000020012b2c                __malloc_sbrk_start
 .bss.__malloc_free_list
                0x0000000020012b30        0x4 /usr/lib/gcc/arm-none-eabi/5.2.0/../../../../arm-none-eabi/lib/armv7e-m/libc_nano.a(lib_a-nano-mallocr.o)
                0x0000000020012b30                __malloc_free_list
 *(COMMON)
 COMMON         0x0000000020012b34      0x15c obj/Debug/main.o
                0x0000000020012b34                pcOfemailto
                0x0000000020012b38                g_cConnectStatus
                0x0000000020012b3c                pcEmailto
                0x0000000020012b56                g_usTimerInts
                0x0000000020012b58                pcOfemailsubject
                0x0000000020012b5c                ucUARTBuffer
                0x0000000020012c24                pcEmailsubject
                0x0000000020012c40                g_PushButtonTask
                0x0000000020012c44                uiUartCmd
                0x0000000020012c48                g_PBQueue
                0x0000000020012c4c                pcEmailmessage
                0x0000000020012c8c                pcOfemailmessage
 COMMON         0x0000000020012c90       0x2d obj/Debug/network_if.o
                0x0000000020012c90                g_usConnectIndex
                0x0000000020012c94                g_ucConnectionBSSID
                0x0000000020012c9c                g_ucConnectionSSID
 COMMON         0x0000000020012cbd        0x3 obj/Debug/gpio_if.o
                0x0000000020012cbd                g_ucLED1Pin
                0x0000000020012cbe                g_ucLED2Pin
                0x0000000020012cbf                g_ucLED3Pin
 COMMON         0x0000000020012cc0        0x8 obj/Debug/button_if.o
                0x0000000020012cc0                g_S3InterruptHdl
                0x0000000020012cc4                g_S2InterruptHdl
 COMMON         0x0000000020012cc8      0x68c ../../../netapps/smtp/client/gcc/lib/Debug/libemail.a(email.o)
                0x0000000020012cc8                g_cMessage
                0x0000000020012d08                g_cCmdBuf
                0x0000000020012d6c                g_sDestination
                0x0000000020012e6c                g_sEmail
                0x0000000020012f6c                g_sEmailOpt
                0x0000000020012f90                g_cDestinationEmailRfc
                0x0000000020013090                g_sSourcePass
                0x00000000200130b0                g_cUsernameRfc
                0x00000000200131b0                g_cBasekey1
                0x0000000020013230                g_cBuf
                0x0000000020013294                g_sSubject
                0x00000000200132d4                g_cBasekey2
 COMMON         0x0000000020013354        0x2 ../../../simplelink/gcc/lib/os/Debug/libsimplelink.a(driver.o)
                0x0000000020013354                g_bDeviceRestartIsRequired
                0x0000000020013355                RxIrqCnt
 *fill*         0x0000000020013356        0x2 
 COMMON         0x0000000020013358       0x58 ../../../simplelink/gcc/lib/os/Debug/libsimplelink.a(cc_pal.o)
                0x0000000020013358                g_cDummy
                0x000000002001335c                DMAMsgQ
                0x0000000020013360                g_ucDinDout
 COMMON         0x00000000200133b0       0x50 ../../../oslib/gcc/free_rtos/Debug/free_rtos.a(queue.o)
                0x00000000200133b0                xQueueRegistry
 COMMON         0x0000000020013400        0x4 /usr/lib/gcc/arm-none-eabi/5.2.0/../../../../arm-none-eabi/lib/armv7e-m/libc_nano.a(lib_a-reent.o)
                0x0000000020013400                errno
                0x0000000020013404                _ebss = .

.heap           0x0000000020013404    0x2c7fc
                0x0000000020013404                _heap = .
                0x000000002003fc00                . = (((((((. + 0x40000) - SIZEOF (.bss)) - SIZEOF (.data)) - SIZEOF (.ARM)) - SIZEOF (.text)) - SIZEOF (.bootloader)) - 0x400)
 *fill*         0x0000000020013404    0x2c7fc 
                0x000000002003fc00                . = ALIGN (0x400)
                0x000000002003fc00                _eheap = .
LOAD obj/Debug/smartconfig.o
LOAD obj/Debug/main.o
LOAD obj/Debug/pinmux.o
LOAD obj/Debug/uart_if.o
LOAD obj/Debug/network_if.o
LOAD obj/Debug/gpio_if.o
LOAD obj/Debug/timer_if.o
LOAD obj/Debug/button_if.o
LOAD obj/Debug/startup_gcc.o
LOAD ../../../netapps/smtp/client/gcc/lib/Debug/libemail.a
LOAD ../../../simplelink/gcc/lib/os/Debug/libsimplelink.a
LOAD ../../../oslib/gcc/free_rtos/Debug/free_rtos.a
LOAD ../../../driverlib/gcc/lib/Debug/libdriver.a
LOAD /usr/lib/gcc/arm-none-eabi/5.2.0/../../../../arm-none-eabi/lib/armv7e-m/libc_nano.a
LOAD /usr/lib/gcc/arm-none-eabi/5.2.0/../../../../arm-none-eabi/lib/armv7e-m/libm.a
LOAD /usr/lib/gcc/arm-none-eabi/5.2.0/armv7e-m/libgcc.a
LOAD /usr/lib/gcc/arm-none-eabi/5.2.0/../../../../arm-none-eabi/lib/armv7e-m/libnosys.a
OUTPUT(bin/Debug/email.elf elf32-littlearm)

.debug_info     0x0000000000000000    0x1a0d1
 .debug_info    0x0000000000000000      0x120 obj/Debug/smartconfig.o
 .debug_info    0x0000000000000120      0xdf5 obj/Debug/main.o
 .debug_info    0x0000000000000f15       0x45 obj/Debug/pinmux.o
 .debug_info    0x0000000000000f5a      0x2ac obj/Debug/uart_if.o
 .debug_info    0x0000000000001206     0x112b obj/Debug/network_if.o
 .debug_info    0x0000000000002331      0x3e6 obj/Debug/gpio_if.o
 .debug_info    0x0000000000002717      0x2b4 obj/Debug/timer_if.o
 .debug_info    0x00000000000029cb      0x1a0 obj/Debug/button_if.o
 .debug_info    0x0000000000002b6b      0x20f obj/Debug/startup_gcc.o
 .debug_info    0x0000000000002d7a      0xa51 ../../../netapps/smtp/client/gcc/lib/Debug/libemail.a(email.o)
 .debug_info    0x00000000000037cb      0x106 ../../../netapps/smtp/client/gcc/lib/Debug/libemail.a(base64.o)
 .debug_info    0x00000000000038d1      0xf4e ../../../simplelink/gcc/lib/os/Debug/libsimplelink.a(device.o)
 .debug_info    0x000000000000481f     0x1bd5 ../../../simplelink/gcc/lib/os/Debug/libsimplelink.a(driver.o)
 .debug_info    0x00000000000063f4     0x1943 ../../../simplelink/gcc/lib/os/Debug/libsimplelink.a(netapp.o)