Archive member included to satisfy reference by file (symbol)

../../../../simplelink_extlib/ota/gcc/lib/Debug/ota.a(OtaApp.o)
                              obj/Debug/main.o (sl_extLib_OtaInit)
../../../../simplelink_extlib/ota/gcc/lib/Debug/ota.a(OtaClient.o)
                              ../../../../simplelink_extlib/ota/gcc/lib/Debug/ota.a(OtaApp.o) (OtaClient_Init)
../../../../simplelink_extlib/ota/gcc/lib/Debug/ota.a(OtaHttp.o)
                              ../../../../simplelink_extlib/ota/gcc/lib/Debug/ota.a(OtaClient.o) (http_send_buf)
../../../../simplelink_extlib/ota/gcc/lib/Debug/ota.a(CdnClient.o)
                              ../../../../simplelink_extlib/ota/gcc/lib/Debug/ota.a(OtaApp.o) (CdnClient_Init)
../../../../simplelink_extlib/ota/gcc/lib/Debug/ota.a(LogClient.o)
                              ../../../../simplelink_extlib/ota/gcc/lib/Debug/ota.a(OtaApp.o) (LogClient_Init)
../../../../simplelink_extlib/flc/gcc/lib/Debug/flc.a(flc.o)
                              ../../../../simplelink_extlib/ota/gcc/lib/Debug/ota.a(OtaApp.o) (sl_extlib_FlcCommit)
../../../../simplelink/gcc/lib/nonos/Debug/libsimplelink.a(device.o)
                              obj/Debug/net.o (sl_Start)
../../../../simplelink/gcc/lib/nonos/Debug/libsimplelink.a(driver.o)
                              ../../../../simplelink/gcc/lib/nonos/Debug/libsimplelink.a(device.o) (g_SlDeviceStatus)
../../../../simplelink/gcc/lib/nonos/Debug/libsimplelink.a(netapp.o)
                              obj/Debug/net.o (sl_NetAppMDNSUnRegisterService)
../../../../simplelink/gcc/lib/nonos/Debug/libsimplelink.a(netcfg.o)
                              obj/Debug/net.o (sl_NetCfgSet)
../../../../simplelink/gcc/lib/nonos/Debug/libsimplelink.a(nonos.o)
                              ../../../../simplelink/gcc/lib/nonos/Debug/libsimplelink.a(driver.o) (g__SlNonOsCB)
../../../../simplelink/gcc/lib/nonos/Debug/libsimplelink.a(fs.o)
                              ../../../../simplelink_extlib/ota/gcc/lib/Debug/ota.a(OtaApp.o) (_sl_GetCreateFsMode)
../../../../simplelink/gcc/lib/nonos/Debug/libsimplelink.a(socket.o)
                              obj/Debug/main.o (sl_Socket)
../../../../simplelink/gcc/lib/nonos/Debug/libsimplelink.a(wlan.o)
                              obj/Debug/net.o (sl_WlanConnect)
../../../../simplelink/gcc/lib/nonos/Debug/libsimplelink.a(cc_pal.o)
                              ../../../../simplelink/gcc/lib/nonos/Debug/libsimplelink.a(device.o) (spi_Open)
../../../../driverlib/gcc/lib/Debug/libdriver.a(gpio.o)
                              obj/Debug/pinmux.o (GPIODirModeSet)
../../../../driverlib/gcc/lib/Debug/libdriver.a(interrupt.o)
                              obj/Debug/main.o (IntMasterEnable)
../../../../driverlib/gcc/lib/Debug/libdriver.a(pin.o)
                              obj/Debug/pinmux.o (PinTypeUART)
../../../../driverlib/gcc/lib/Debug/libdriver.a(prcm.o)
                              obj/Debug/pinmux.o (PRCMPeripheralClkEnable)
../../../../driverlib/gcc/lib/Debug/libdriver.a(spi.o)
                              ../../../../simplelink/gcc/lib/nonos/Debug/libsimplelink.a(cc_pal.o) (SPIEnable)
../../../../driverlib/gcc/lib/Debug/libdriver.a(systick.o)
                              obj/Debug/task.o (SysTickEnable)
../../../../driverlib/gcc/lib/Debug/libdriver.a(timer.o)
                              ../../../../simplelink/gcc/lib/nonos/Debug/libsimplelink.a(cc_pal.o) (TimerEnable)
../../../../driverlib/gcc/lib/Debug/libdriver.a(uart.o)
                              obj/Debug/uart_if.o (UARTConfigSetExpClk)
../../../../driverlib/gcc/lib/Debug/libdriver.a(udma.o)
                              obj/Debug/udma_if.o (uDMAEnable)
../../../../driverlib/gcc/lib/Debug/libdriver.a(utils.o)
                              obj/Debug/main.o (UtilsDelay)
../../../../driverlib/gcc/lib/Debug/libdriver.a(cpu.o)
                              ../../../../driverlib/gcc/lib/Debug/libdriver.a(interrupt.o) (CPUcpsid)
../../../../driverlib/gcc/lib/Debug/libdriver.a(flash.o)
                              ../../../../driverlib/gcc/lib/Debug/libdriver.a(prcm.o) (FlashDisable)
/usr/lib/gcc/arm-none-eabi/5.2.0/../../../../arm-none-eabi/lib/armv7e-m/libc_nano.a(lib_a-atol.o)
                              ../../../../simplelink_extlib/ota/gcc/lib/Debug/ota.a(OtaHttp.o) (atol)
/usr/lib/gcc/arm-none-eabi/5.2.0/../../../../arm-none-eabi/lib/armv7e-m/libc_nano.a(lib_a-malloc.o)
                              obj/Debug/uart_if.o (malloc)
/usr/lib/gcc/arm-none-eabi/5.2.0/../../../../arm-none-eabi/lib/armv7e-m/libc_nano.a(lib_a-memcpy.o)
                              obj/Debug/main.o (memcpy)
/usr/lib/gcc/arm-none-eabi/5.2.0/../../../../arm-none-eabi/lib/armv7e-m/libc_nano.a(lib_a-memmove.o)
                              obj/Debug/uart_if.o (memmove)
/usr/lib/gcc/arm-none-eabi/5.2.0/../../../../arm-none-eabi/lib/armv7e-m/libc_nano.a(lib_a-memset.o)
                              obj/Debug/main.o (memset)
[...]
Memory Configuration

Name             Origin             Length             Attributes
SRAM             0x0000000020000000 0x0000000000040000 xrw
*default*        0x0000000000000000 0xffffffffffffffff

Linker script and memory map

                0x0000000000004000                BOOTLOADER_SIZE = 0x4000

.bootloader     0x0000000020000000     0x4000
                0x0000000020000000                _heap2 = .
                0x0000000020004000                . = (. + BOOTLOADER_SIZE)
 *fill*         0x0000000020000000     0x4000 
                0x0000000020004000                . = ALIGN (0x8)
                0x0000000020004000                _eheap2 = .

.text           0x0000000020004000     0xbaa0
                0x0000000020004000                _text = .
 *(.intvecs)
 .intvecs       0x0000000020004000      0x400 obj/Debug/startup_gcc.o
                0x0000000020004000                g_pfnVectors
 *(.text*)
 .text.DisplayBanner
                0x0000000020004400       0x3c obj/Debug/main.o
 .text.BoardInit
                0x000000002000443c       0x24 obj/Debug/main.o
 .text.TimeToString
                0x0000000020004460      0x214 obj/Debug/main.o
 .text.GetSNTPTime
                0x0000000020004674      0x130 obj/Debug/main.o
                0x0000000020004674                GetSNTPTime
 .text.RebootMCU
                0x00000000200047a4       0x28 obj/Debug/main.o
 .text.GetNTPTimeTask
                0x00000000200047cc      0x2e0 obj/Debug/main.o
                0x00000000200047cc                GetNTPTimeTask
 .text.DisplayRefresh
                0x0000000020004aac       0x14 obj/Debug/main.o
                0x0000000020004aac                DisplayRefresh
 .text.DisplayTask
                0x0000000020004ac0      0x1d8 obj/Debug/main.o
                0x0000000020004ac0                DisplayTask
 .text.OTAServerInfoSet
                0x0000000020004c98      0x114 obj/Debug/main.o
                0x0000000020004c98                OTAServerInfoSet
 .text.OTAUpdateTask
                0x0000000020004dac      0x190 obj/Debug/main.o
                0x0000000020004dac                OTAUpdateTask
 .text.FactoryResetTask
                0x0000000020004f3c       0xc0 obj/Debug/main.o
 .text.OnPressSW2Handler
                0x0000000020004ffc       0x14 obj/Debug/main.o
 .text.OnPressSW3Handler
                0x0000000020005010       0x14 obj/Debug/main.o
 .text.NonOSMainLoopTask
                0x0000000020005024       0x18 obj/Debug/main.o
                0x0000000020005024                NonOSMainLoopTask
 .text.main     0x000000002000503c       0xf8 obj/Debug/main.o
                0x000000002000503c                main
 .text.PinMuxConfig
                0x0000000020005134       0x60 obj/Debug/pinmux.o
                0x0000000020005134                PinMuxConfig
 .text.SimpleLinkWlanEventHandler
                0x0000000020005194       0x90 obj/Debug/net.o
                0x0000000020005194                SimpleLinkWlanEventHandler
 .text.SimpleLinkNetAppEventHandler
                0x0000000020005224       0x58 obj/Debug/net.o
                0x0000000020005224                SimpleLinkNetAppEventHandler
 .text.SimpleLinkHttpServerCallback
                0x000000002000527c       0x14 obj/Debug/net.o
                0x000000002000527c                SimpleLinkHttpServerCallback
 .text.SimpleLinkGeneralEventHandler
                0x0000000020005290       0x14 obj/Debug/net.o
                0x0000000020005290                SimpleLinkGeneralEventHandler
 .text.SimpleLinkSockEventHandler
                0x00000000200052a4       0x14 obj/Debug/net.o
                0x00000000200052a4                SimpleLinkSockEventHandler
 .text.NetStartDefaultState
                0x00000000200052b8      0x1f0 obj/Debug/net.o
                0x00000000200052b8                NetStartDefaultState
 .text.NetStop  0x00000000200054a8       0x5c obj/Debug/net.o
                0x00000000200054a8                NetStop
 .text.NetWlanConnect
                0x0000000020005504       0x60 obj/Debug/net.o
                0x0000000020005504                NetWlanConnect
 .text.NetGetHostIP
                0x0000000020005564       0x30 obj/Debug/net.o
                0x0000000020005564                NetGetHostIP
 .text.NetMACAddressGet
                0x0000000020005594       0x24 obj/Debug/net.o
                0x0000000020005594                NetMACAddressGet
 .text.NetFwInfoGet
                0x00000000200055b8       0x38 obj/Debug/net.o
                0x00000000200055b8                NetFwInfoGet
 .text.NetIsConnectedToAP
                0x00000000200055f0       0x24 obj/Debug/net.o
                0x00000000200055f0                NetIsConnectedToAP
 .text.SysTickIntHandler
                0x0000000020005614       0x50 obj/Debug/task.o
 .text.TaskCreate
                0x0000000020005664       0x84 obj/Debug/task.o
                0x0000000020005664                TaskCreate
 .text.TaskSyncObjCreate
                0x00000000200056e8       0x28 obj/Debug/task.o
                0x00000000200056e8                TaskSyncObjCreate
 .text.TaskSyncObjWait
                0x0000000020005710       0x38 obj/Debug/task.o
                0x0000000020005710                TaskSyncObjWait
 .text.TaskSyncObjSignal
                0x0000000020005748       0x28 obj/Debug/task.o
                0x0000000020005748                TaskSyncObjSignal
 .text.TaskSleep
                0x0000000020005770       0x20 obj/Debug/task.o
                0x0000000020005770                TaskSleep
 .text.TaskMainLoopStart
                0x0000000020005790       0x7c obj/Debug/task.o
                0x0000000020005790                TaskMainLoopStart
 .text.InitTerm
                0x000000002000580c       0x2c obj/Debug/uart_if.o
                0x000000002000580c                InitTerm
 .text.Message  0x0000000020005838       0x34 obj/Debug/uart_if.o
                0x0000000020005838                Message
 .text.Report   0x000000002000586c       0x98 obj/Debug/uart_if.o
                0x000000002000586c                Report
 .text.GPIOs3IntHandler
                0x0000000020005904       0x38 obj/Debug/button_if.o
                0x0000000020005904                GPIOs3IntHandler
 .text.GPIOs2IntHandler
                0x000000002000593c       0x38 obj/Debug/button_if.o
                0x000000002000593c                GPIOs2IntHandler
 .text.Button_IF_Init
                0x0000000020005974       0x98 obj/Debug/button_if.o
                0x0000000020005974                Button_IF_Init
 .text.Button_IF_EnableInterrupt
                0x0000000020005a0c       0x68 obj/Debug/button_if.o
                0x0000000020005a0c                Button_IF_EnableInterrupt
 .text.Button_IF_DisableInterrupt
                0x0000000020005a74       0x5c obj/Debug/button_if.o
                0x0000000020005a74                Button_IF_DisableInterrupt
 .text.DmaSwIntHandler
                0x0000000020005ad0       0x24 obj/Debug/udma_if.o
                0x0000000020005ad0                DmaSwIntHandler
 .text.DmaErrorIntHandler
                0x0000000020005af4       0x14 obj/Debug/udma_if.o
                0x0000000020005af4                DmaErrorIntHandler
 .text.UDMAInit
                0x0000000020005b08       0x80 obj/Debug/udma_if.o
                0x0000000020005b08                UDMAInit
 .text.ResetISR
                0x0000000020005b88       0x78 obj/Debug/startup_gcc.o
                0x0000000020005b88                ResetISR
 .text.NmiSR    0x0000000020005c00        0x8 obj/Debug/startup_gcc.o
 .text.FaultISR
                0x0000000020005c08        0x8 obj/Debug/startup_gcc.o
 .text.BusFaultHandler
                0x0000000020005c10        0x8 obj/Debug/startup_gcc.o
 .text.IntDefaultHandler
                0x0000000020005c18        0x8 obj/Debug/startup_gcc.o
 .text._sbrk    0x0000000020005c20       0x70 obj/Debug/startup_gcc.o
                0x0000000020005c20                _sbrk
 .text.sl_extLib_OtaInit
                0x0000000020005c90       0xac ../../../../simplelink_extlib/ota/gcc/lib/Debug/ota.a(OtaApp.o)
                0x0000000020005c90                sl_extLib_OtaInit
 .text.sl_extLib_OtaSet
                0x0000000020005d3c      0x110 ../../../../simplelink_extlib/ota/gcc/lib/Debug/ota.a(OtaApp.o)
                0x0000000020005d3c                sl_extLib_OtaSet
 .text.sl_extLib_OtaGet
                0x0000000020005e4c       0x5c ../../../../simplelink_extlib/ota/gcc/lib/Debug/ota.a(OtaApp.o)
                0x0000000020005e4c                sl_extLib_OtaGet
 .text.sl_extLib_OtaRun
                0x0000000020005ea8      0x360 ../../../../simplelink_extlib/ota/gcc/lib/Debug/ota.a(OtaApp.o)
                0x0000000020005ea8                sl_extLib_OtaRun
 .text.local_filter
                0x0000000020006208       0x18 ../../../../simplelink_extlib/ota/gcc/lib/Debug/ota.a(OtaApp.o)
                0x0000000020006208                local_filter
 .text._OtaCleanToIdle
                0x0000000020006220       0x40 ../../../../simplelink_extlib/ota/gcc/lib/Debug/ota.a(OtaApp.o)
                0x0000000020006220                _OtaCleanToIdle
 .text._WriteStatFile
                0x0000000020006260       0x74 ../../../../simplelink_extlib/ota/gcc/lib/Debug/ota.a(OtaApp.o)
                0x0000000020006260                _WriteStatFile
 .text._ReadStatFile
                0x00000000200062d4       0x68 ../../../../simplelink_extlib/ota/gcc/lib/Debug/ota.a(OtaApp.o)
                0x00000000200062d4                _ReadStatFile
 .text.OtaClient_Init
                0x000000002000633c       0x50 ../../../../simplelink_extlib/ota/gcc/lib/Debug/ota.a(OtaClient.o)
                0x000000002000633c                OtaClient_Init
 .text.OtaClient_ConnectServer
                0x000000002000638c       0x6c ../../../../simplelink_extlib/ota/gcc/lib/Debug/ota.a(OtaClient.o)
                0x000000002000638c                OtaClient_ConnectServer
 .text.HttpClient_SendReq
                0x00000000200063f8      0x108 ../../../../simplelink_extlib/ota/gcc/lib/Debug/ota.a(OtaClient.o)
                0x00000000200063f8                HttpClient_SendReq
 .text.CdnDropboxV2_SendReqDir
                0x0000000020006500       0x70 ../../../../simplelink_extlib/ota/gcc/lib/Debug/ota.a(OtaClient.o)
                0x0000000020006500                CdnDropboxV2_SendReqDir
 .text.CdnDropboxV2_SendReqFileUrl
                0x0000000020006570       0x70 ../../../../simplelink_extlib/ota/gcc/lib/Debug/ota.a(OtaClient.o)
                0x0000000020006570                CdnDropboxV2_SendReqFileUrl
 .text.OtaClient_UpdateCheck
                0x00000000200065e0       0xe0 ../../../../simplelink_extlib/ota/gcc/lib/Debug/ota.a(OtaClient.o)
                0x00000000200065e0                OtaClient_UpdateCheck
 .text.OtaClient_GetNextUpdate
                0x00000000200066c0       0x60 ../../../../simplelink_extlib/ota/gcc/lib/Debug/ota.a(OtaClient.o)
                0x00000000200066c0                OtaClient_GetNextUpdate
 .text.OtaClient_ResourceMetadata
                0x0000000020006720      0x108 ../../../../simplelink_extlib/ota/gcc/lib/Debug/ota.a(OtaClient.o)
                0x0000000020006720                OtaClient_ResourceMetadata
 .text.OtaClient_ResourceNameConvert
                0x0000000020006828      0x344 ../../../../simplelink_extlib/ota/gcc/lib/Debug/ota.a(OtaClient.o)
                0x0000000020006828                OtaClient_ResourceNameConvert
 .text.OtaClient_CloseServer
                0x0000000020006b6c       0x34 ../../../../simplelink_extlib/ota/gcc/lib/Debug/ota.a(OtaClient.o)
                0x0000000020006b6c                OtaClient_CloseServer
 .text.http_send_buf
                0x0000000020006ba0       0x14 ../../../../simplelink_extlib/ota/gcc/lib/Debug/ota.a(OtaHttp.o)
                0x0000000020006ba0                http_send_buf
 .text.http_recv_buf
                0x0000000020006bb4       0x14 ../../../../simplelink_extlib/ota/gcc/lib/Debug/ota.a(OtaHttp.o)
                0x0000000020006bb4                http_recv_buf
 .text.http_build_request
                0x0000000020006bc8       0xe4 ../../../../simplelink_extlib/ota/gcc/lib/Debug/ota.a(OtaHttp.o)
                0x0000000020006bc8                http_build_request
 .text.http_extract_domain_by_url
                0x0000000020006cac       0x8c ../../../../simplelink_extlib/ota/gcc/lib/Debug/ota.a(OtaHttp.o)
                0x0000000020006cac                http_extract_domain_by_url
 .text.sl_Recv_eagain
                0x0000000020006d38       0x4c ../../../../simplelink_extlib/ota/gcc/lib/Debug/ota.a(OtaHttp.o)
                0x0000000020006d38                sl_Recv_eagain
 .text.http_skip_headers
                0x0000000020006d84      0x15c ../../../../simplelink_extlib/ota/gcc/lib/Debug/ota.a(OtaHttp.o)
                0x0000000020006d84                http_skip_headers
 .text.json_parse_dropbox_media_url
                0x0000000020006ee0       0x88 ../../../../simplelink_extlib/ota/gcc/lib/Debug/ota.a(OtaHttp.o)
                0x0000000020006ee0                json_parse_dropbox_media_url
 .text.json_parse_dropbox_metadata
                0x0000000020006f68      0x298 ../../../../simplelink_extlib/ota/gcc/lib/Debug/ota.a(OtaHttp.o)
                0x0000000020006f68                json_parse_dropbox_metadata
 .text.http_connect_server
                0x0000000020007200      0x160 ../../../../simplelink_extlib/ota/gcc/lib/Debug/ota.a(OtaHttp.o)
                0x0000000020007200                http_connect_server
 .text.CdnClient_Init
                0x0000000020007360       0x58 ../../../../simplelink_extlib/ota/gcc/lib/Debug/ota.a(CdnClient.o)
                0x0000000020007360                CdnClient_Init
 .text.CdnClient_ConnectByUrl
                0x00000000200073b8      0x16c ../../../../simplelink_extlib/ota/gcc/lib/Debug/ota.a(CdnClient.o)
                0x00000000200073b8                CdnClient_ConnectByUrl
 .text._ReadFileHeaders
                0x0000000020007524       0x80 ../../../../simplelink_extlib/ota/gcc/lib/Debug/ota.a(CdnClient.o)
                0x0000000020007524                _ReadFileHeaders
 .text._RecvFileChunk
                0x00000000200075a4       0x30 ../../../../simplelink_extlib/ota/gcc/lib/Debug/ota.a(CdnClient.o)
                0x00000000200075a4                _RecvFileChunk
 .text._readSignature
                0x00000000200075d4       0x94 ../../../../simplelink_extlib/ota/gcc/lib/Debug/ota.a(CdnClient.o)
                0x00000000200075d4                _readSignature
 .text._OpenStorageFile
                0x0000000020007668       0xb4 ../../../../simplelink_extlib/ota/gcc/lib/Debug/ota.a(CdnClient.o)
                0x0000000020007668                _OpenStorageFile
 .text.CdnClient_CloseServer
                0x000000002000771c       0x40 ../../../../simplelink_extlib/ota/gcc/lib/Debug/ota.a(CdnClient.o)
                0x000000002000771c                CdnClient_CloseServer
 .text.CdnClient_Run
                0x000000002000775c      0x200 ../../../../simplelink_extlib/ota/gcc/lib/Debug/ota.a(CdnClient.o)
                0x000000002000775c                CdnClient_Run
 .text.CdnClient_SetFileInfo
                0x000000002000795c       0x28 ../../../../simplelink_extlib/ota/gcc/lib/Debug/ota.a(CdnClient.o)
                0x000000002000795c                CdnClient_SetFileInfo
 .text.LogClient_Init
                0x0000000020007984       0x2c ../../../../simplelink_extlib/ota/gcc/lib/Debug/ota.a(LogClient.o)
                0x0000000020007984                LogClient_Init
 .text.LogClient_ConnectServer
                0x00000000200079b0       0x60 ../../../../simplelink_extlib/ota/gcc/lib/Debug/ota.a(LogClient.o)
                0x00000000200079b0                LogClient_ConnectServer
 .text.LogClient_Print
                0x0000000020007a10      0x23c ../../../../simplelink_extlib/ota/gcc/lib/Debug/ota.a(LogClient.o)
                0x0000000020007a10                LogClient_Print
 .text.LogClient_Close
                0x0000000020007c4c       0x34 ../../../../simplelink_extlib/ota/gcc/lib/Debug/ota.a(LogClient.o)
                0x0000000020007c4c                LogClient_Close
 .text.LogClient_ConnectAndPrint
                0x0000000020007c80       0x90 ../../../../simplelink_extlib/ota/gcc/lib/Debug/ota.a(LogClient.o)
                0x0000000020007c80                LogClient_ConnectAndPrint
 .text.sl_extlib_FlcCommit
                0x0000000020007d10       0x60 ../../../../simplelink_extlib/flc/gcc/lib/Debug/flc.a(flc.o)
                0x0000000020007d10                sl_extlib_FlcCommit
 .text.sl_extlib_FlcTest
                0x0000000020007d70       0x60 ../../../../simplelink_extlib/flc/gcc/lib/Debug/flc.a(flc.o)
                0x0000000020007d70                sl_extlib_FlcTest
 .text.sl_extlib_FlcIsPendingCommit
                0x0000000020007dd0       0x28 ../../../../simplelink_extlib/flc/gcc/lib/Debug/flc.a(flc.o)
                0x0000000020007dd0                sl_extlib_FlcIsPendingCommit
 .text._McuImageGetNewIndex
                0x0000000020007df8       0x2c ../../../../simplelink_extlib/flc/gcc/lib/Debug/flc.a(flc.o)
 .text._WriteBootInfo
                0x0000000020007e24       0x58 ../../../../simplelink_extlib/flc/gcc/lib/Debug/flc.a(flc.o)
 .text._ReadBootInfo
                0x0000000020007e7c       0x54 ../../../../simplelink_extlib/flc/gcc/lib/Debug/flc.a(flc.o)
 .text.sl_extlib_FlcOpenFile
                0x0000000020007ed0       0x74 ../../../../simplelink_extlib/flc/gcc/lib/Debug/flc.a(flc.o)
                0x0000000020007ed0                sl_extlib_FlcOpenFile
 .text.sl_extlib_FlcWriteFile
                0x0000000020007f44       0x24 ../../../../simplelink_extlib/flc/gcc/lib/Debug/flc.a(flc.o)
                0x0000000020007f44                sl_extlib_FlcWriteFile
 .text.sl_extlib_FlcReadFile
                0x0000000020007f68       0x24 ../../../../simplelink_extlib/flc/gcc/lib/Debug/flc.a(flc.o)
                0x0000000020007f68                sl_extlib_FlcReadFile
 .text.sl_extlib_FlcCloseFile
                0x0000000020007f8c       0x30 ../../../../simplelink_extlib/flc/gcc/lib/Debug/flc.a(flc.o)
                0x0000000020007f8c                sl_extlib_FlcCloseFile
 .text.sl_extlib_FlcAbortFile
                0x0000000020007fbc       0x24 ../../../../simplelink_extlib/flc/gcc/lib/Debug/flc.a(flc.o)
                0x0000000020007fbc                sl_extlib_FlcAbortFile
 .text._sl_GetStartResponseConvert
                0x0000000020007fe0       0x24 ../../../../simplelink/gcc/lib/nonos/Debug/libsimplelink.a(device.o)
 .text.sl_Start
                0x0000000020008004      0x10c ../../../../simplelink/gcc/lib/nonos/Debug/libsimplelink.a(device.o)
                0x0000000020008004                sl_Start
 .text._sl_HandleAsync_InitComplete
                0x0000000020008110       0xb8 ../../../../simplelink/gcc/lib/nonos/Debug/libsimplelink.a(device.o)
                0x0000000020008110                _sl_HandleAsync_InitComplete
 .text._sl_HandleAsync_Stop
                0x00000000200081c8       0x68 ../../../../simplelink/gcc/lib/nonos/Debug/libsimplelink.a(device.o)
                0x00000000200081c8                _sl_HandleAsync_Stop
 .text.sl_Stop  0x0000000020008230       0xec ../../../../simplelink/gcc/lib/nonos/Debug/libsimplelink.a(device.o)
                0x0000000020008230                sl_Stop
 .text.sl_DevGet
                0x000000002000831c       0xe0 ../../../../simplelink/gcc/lib/nonos/Debug/libsimplelink.a(device.o)
                0x000000002000831c                sl_DevGet
 .text._SlDrvDeviceEventHandler
                0x00000000200083fc       0xa8 ../../../../simplelink/gcc/lib/nonos/Debug/libsimplelink.a(device.o)
                0x00000000200083fc                _SlDrvDeviceEventHandler
 .text._SlDrvProtectAsyncRespSetting
                0x00000000200084a4       0x54 ../../../../simplelink/gcc/lib/nonos/Debug/libsimplelink.a(driver.o)
                0x00000000200084a4                _SlDrvProtectAsyncRespSetting
 .text._SlDrvDriverCBInit
                0x00000000200084f8      0x1c8 ../../../../simplelink/gcc/lib/nonos/Debug/libsimplelink.a(driver.o)
                0x00000000200084f8                _SlDrvDriverCBInit
 .text._SlDrvDriverCBDeinit
                0x00000000200086c0      0x140 ../../../../simplelink/gcc/lib/nonos/Debug/libsimplelink.a(driver.o)
                0x00000000200086c0                _SlDrvDriverCBDeinit
 .text._SlDrvRxIrqHandler
                0x0000000020008800       0x68 ../../../../simplelink/gcc/lib/nonos/Debug/libsimplelink.a(driver.o)
                0x0000000020008800                _SlDrvRxIrqHandler
 .text._SlDrvCmdOp
                0x0000000020008868       0xc4 ../../../../simplelink/gcc/lib/nonos/Debug/libsimplelink.a(driver.o)
                0x0000000020008868                _SlDrvCmdOp
 .text._SlDrvDataReadOp
                0x000000002000892c      0x20c ../../../../simplelink/gcc/lib/nonos/Debug/libsimplelink.a(driver.o)
                0x000000002000892c                _SlDrvDataReadOp
 .text._SlDrvDataWriteOp
                0x0000000020008b38      0x16c ../../../../simplelink/gcc/lib/nonos/Debug/libsimplelink.a(driver.o)
                0x0000000020008b38                _SlDrvDataWriteOp
 .text._SlDrvMsgWrite
                0x0000000020008ca4      0x1d4 ../../../../simplelink/gcc/lib/nonos/Debug/libsimplelink.a(driver.o)
 .text._SlDrvMsgRead
                0x0000000020008e78      0x5cc ../../../../simplelink/gcc/lib/nonos/Debug/libsimplelink.a(driver.o)
 .text._SlAsyncEventGenericHandler
                0x0000000020009444       0xd8 ../../../../simplelink/gcc/lib/nonos/Debug/libsimplelink.a(driver.o)
 .text._SlDrvMsgReadCmdCtx
                0x000000002000951c      0x160 ../../../../simplelink/gcc/lib/nonos/Debug/libsimplelink.a(driver.o)
 .text._SlDrvMsgReadSpawnCtx
                0x000000002000967c       0xf4 ../../../../simplelink/gcc/lib/nonos/Debug/libsimplelink.a(driver.o)
                0x000000002000967c                _SlDrvMsgReadSpawnCtx
 .text._SlDrvClassifyRxMsg
                0x0000000020009770       0xd0 ../../../../simplelink/gcc/lib/nonos/Debug/libsimplelink.a(driver.o)
 .text._SlDrvRxHdrRead
                0x0000000020009840      0x2ac ../../../../simplelink/gcc/lib/nonos/Debug/libsimplelink.a(driver.o)
 .text._SlDrvBasicCmd
                0x0000000020009aec       0x50 ../../../../simplelink/gcc/lib/nonos/Debug/libsimplelink.a(driver.o)
                0x0000000020009aec                _SlDrvBasicCmd
 .text._SlDrvCmdSend
                0x0000000020009b3c       0x74 ../../../../simplelink/gcc/lib/nonos/Debug/libsimplelink.a(driver.o)
                0x0000000020009b3c                _SlDrvCmdSend
 .text._SlDrvWaitForPoolObj
                0x0000000020009bb0      0x1a4 ../../../../simplelink/gcc/lib/nonos/Debug/libsimplelink.a(driver.o)
                0x0000000020009bb0                _SlDrvWaitForPoolObj
 .text._SlDrvReleasePoolObj
                0x0000000020009d54      0x200 ../../../../simplelink/gcc/lib/nonos/Debug/libsimplelink.a(driver.o)
                0x0000000020009d54                _SlDrvReleasePoolObj
 .text._SlRemoveFromList
                0x0000000020009f54       0xd0 ../../../../simplelink/gcc/lib/nonos/Debug/libsimplelink.a(driver.o)
 .text._SlFindAndSetActiveObj
                0x000000002000a024      0x16c ../../../../simplelink/gcc/lib/nonos/Debug/libsimplelink.a(driver.o)
 .text._SlDrvDispatchHttpServerEvents
                0x000000002000a190       0x1c ../../../../simplelink/gcc/lib/nonos/Debug/libsimplelink.a(driver.o)
                0x000000002000a190                _SlDrvDispatchHttpServerEvents
 .text._SlDrvSyncObjSignal
                0x000000002000a1ac       0x2c ../../../../simplelink/gcc/lib/nonos/Debug/libsimplelink.a(driver.o)
                0x000000002000a1ac                _SlDrvSyncObjSignal
 .text._SlDrvObjLockWaitForever
                0x000000002000a1d8       0x34 ../../../../simplelink/gcc/lib/nonos/Debug/libsimplelink.a(driver.o)
                0x000000002000a1d8                _SlDrvObjLockWaitForever
 .text._SlDrvProtectionObjLockWaitForever
                0x000000002000a20c       0x3c ../../../../simplelink/gcc/lib/nonos/Debug/libsimplelink.a(driver.o)
                0x000000002000a20c                _SlDrvProtectionObjLockWaitForever
 .text._SlDrvObjUnLock
                0x000000002000a248       0x2c ../../../../simplelink/gcc/lib/nonos/Debug/libsimplelink.a(driver.o)
                0x000000002000a248                _SlDrvObjUnLock
 .text._SlDrvProtectionObjUnLock
                0x000000002000a274       0x34 ../../../../simplelink/gcc/lib/nonos/Debug/libsimplelink.a(driver.o)
                0x000000002000a274                _SlDrvProtectionObjUnLock
 .text._SlDrvObjGlobalLockWaitForever
                0x000000002000a2a8       0x38 ../../../../simplelink/gcc/lib/nonos/Debug/libsimplelink.a(driver.o)
 .text._SlDrvGlobalObjUnLock
                0x000000002000a2e0       0x34 ../../../../simplelink/gcc/lib/nonos/Debug/libsimplelink.a(driver.o)
                0x000000002000a2e0                _SlDrvGlobalObjUnLock
 .text._SlDrvMemZero
                0x000000002000a314       0x20 ../../../../simplelink/gcc/lib/nonos/Debug/libsimplelink.a(driver.o)
                0x000000002000a314                _SlDrvMemZero
 .text._SlDrvResetCmdExt
                0x000000002000a334       0x18 ../../../../simplelink/gcc/lib/nonos/Debug/libsimplelink.a(driver.o)
                0x000000002000a334                _SlDrvResetCmdExt
 .text._SlDrvSyncObjWaitForever
                0x000000002000a34c       0x38 ../../../../simplelink/gcc/lib/nonos/Debug/libsimplelink.a(driver.o)
                0x000000002000a34c                _SlDrvSyncObjWaitForever
 .text._SlDrvSyncObjWaitTimeout
                0x000000002000a384       0x54 ../../../../simplelink/gcc/lib/nonos/Debug/libsimplelink.a(driver.o)
                0x000000002000a384                _SlDrvSyncObjWaitTimeout
 .text._SlDriverHandleError
                0x000000002000a3d8       0x9c ../../../../simplelink/gcc/lib/nonos/Debug/libsimplelink.a(driver.o)
                0x000000002000a3d8                _SlDriverHandleError
 .text._SlDrvStartMeasureTimeout
                0x000000002000a474       0x30 ../../../../simplelink/gcc/lib/nonos/Debug/libsimplelink.a(driver.o)
                0x000000002000a474                _SlDrvStartMeasureTimeout
 .text._SlDrvIsTimeoutExpired
                0x000000002000a4a4       0xa8 ../../../../simplelink/gcc/lib/nonos/Debug/libsimplelink.a(driver.o)
                0x000000002000a4a4                _SlDrvIsTimeoutExpired
 .text.sl_NetAppMDNSRegisterUnregisterService
                0x000000002000a54c      0x140 ../../../../simplelink/gcc/lib/nonos/Debug/libsimplelink.a(netapp.o)
                0x000000002000a54c                sl_NetAppMDNSRegisterUnregisterService
 .text.sl_NetAppMDNSUnRegisterService
                0x000000002000a68c       0x68 ../../../../simplelink/gcc/lib/nonos/Debug/libsimplelink.a(netapp.o)
                0x000000002000a68c                sl_NetAppMDNSUnRegisterService
 .text._sl_HandleAsync_DnsGetHostByService
                0x000000002000a6f4       0xd4 ../../../../simplelink/gcc/lib/nonos/Debug/libsimplelink.a(netapp.o)
                0x000000002000a6f4                _sl_HandleAsync_DnsGetHostByService
 .text.sl_NetAppDnsGetHostByName
                0x000000002000a7c8      0x16c ../../../../simplelink/gcc/lib/nonos/Debug/libsimplelink.a(netapp.o)
                0x000000002000a7c8                sl_NetAppDnsGetHostByName
 .text._sl_HandleAsync_DnsGetHostByName
                0x000000002000a934       0xb8 ../../../../simplelink/gcc/lib/nonos/Debug/libsimplelink.a(netapp.o)
                0x000000002000a934                _sl_HandleAsync_DnsGetHostByName
 .text.CopyPingResultsToReport
                0x000000002000a9ec       0x44 ../../../../simplelink/gcc/lib/nonos/Debug/libsimplelink.a(netapp.o)
 .text._sl_HandleAsync_PingResponse
                0x000000002000aa30       0xb4 ../../../../simplelink/gcc/lib/nonos/Debug/libsimplelink.a(netapp.o)
                0x000000002000aa30                _sl_HandleAsync_PingResponse
 .text._sl_NetAppSendTokenValue
                0x000000002000aae4       0x7c ../../../../simplelink/gcc/lib/nonos/Debug/libsimplelink.a(netapp.o)
                0x000000002000aae4                _sl_NetAppSendTokenValue
 .text._SlDrvNetAppEventHandler
                0x000000002000ab60      0x134 ../../../../simplelink/gcc/lib/nonos/Debug/libsimplelink.a(netapp.o)
                0x000000002000ab60                _SlDrvNetAppEventHandler
 .text.sl_NetCfgSet
                0x000000002000ac94       0xa0 ../../../../simplelink/gcc/lib/nonos/Debug/libsimplelink.a(netcfg.o)
                0x000000002000ac94                sl_NetCfgSet
 .text.sl_NetCfgGet
                0x000000002000ad34       0xe8 ../../../../simplelink/gcc/lib/nonos/Debug/libsimplelink.a(netcfg.o)
                0x000000002000ad34                sl_NetCfgGet
 .text._SlNonOsSemSet
                0x000000002000ae1c       0x20 ../../../../simplelink/gcc/lib/nonos/Debug/libsimplelink.a(nonos.o)
                0x000000002000ae1c                _SlNonOsSemSet
 .text._SlNonOsSemGet
                0x000000002000ae3c       0xc0 ../../../../simplelink/gcc/lib/nonos/Debug/libsimplelink.a(nonos.o)
                0x000000002000ae3c                _SlNonOsSemGet
 .text._SlNonOsSpawn
                0x000000002000aefc       0x68 ../../../../simplelink/gcc/lib/nonos/Debug/libsimplelink.a(nonos.o)
                0x000000002000aefc                _SlNonOsSpawn
 .text._SlNonOsMainLoopTask
                0x000000002000af64       0x70 ../../../../simplelink/gcc/lib/nonos/Debug/libsimplelink.a(nonos.o)
                0x000000002000af64                _SlNonOsMainLoopTask
 .text._sl_Strlen
                0x000000002000afd4       0x34 ../../../../simplelink/gcc/lib/nonos/Debug/libsimplelink.a(fs.o)
 .text._sl_GetCreateFsMode
                0x000000002000b008       0xb4 ../../../../simplelink/gcc/lib/nonos/Debug/libsimplelink.a(fs.o)
                0x000000002000b008                _sl_GetCreateFsMode
 .text.sl_FsOpen
                0x000000002000b0bc       0xb4 ../../../../simplelink/gcc/lib/nonos/Debug/libsimplelink.a(fs.o)
                0x000000002000b0bc                sl_FsOpen
 .text.sl_FsClose
                0x000000002000b170       0xc8 ../../../../simplelink/gcc/lib/nonos/Debug/libsimplelink.a(fs.o)
                0x000000002000b170                sl_FsClose
 .text.sl_FsRead
                0x000000002000b238      0x10c ../../../../simplelink/gcc/lib/nonos/Debug/libsimplelink.a(fs.o)
                0x000000002000b238                sl_FsRead
 .text.sl_FsWrite
                0x000000002000b344      0x108 ../../../../simplelink/gcc/lib/nonos/Debug/libsimplelink.a(fs.o)
                0x000000002000b344                sl_FsWrite
 .text.sl_FsDel
                0x000000002000b44c       0x88 ../../../../simplelink/gcc/lib/nonos/Debug/libsimplelink.a(fs.o)
                0x000000002000b44c                sl_FsDel
 .text._sl_BuildAddress
                0x000000002000b4d4       0x58 ../../../../simplelink/gcc/lib/nonos/Debug/libsimplelink.a(socket.o)
 .text._sl_TruncatePayloadByProtocol
                0x000000002000b52c       0x40 ../../../../simplelink/gcc/lib/nonos/Debug/libsimplelink.a(socket.o)
 .text.sl_Socket
                0x000000002000b56c       0x8c ../../../../simplelink/gcc/lib/nonos/Debug/libsimplelink.a(socket.o)
                0x000000002000b56c                sl_Socket
 .text.sl_Close
                0x000000002000b5f8       0x68 ../../../../simplelink/gcc/lib/nonos/Debug/libsimplelink.a(socket.o)
                0x000000002000b5f8                sl_Close
 .text.sl_SendTo
                0x000000002000b660      0x148 ../../../../simplelink/gcc/lib/nonos/Debug/libsimplelink.a(socket.o)
                0x000000002000b660                sl_SendTo
 .text.sl_Connect
                0x000000002000b7a8      0x194 ../../../../simplelink/gcc/lib/nonos/Debug/libsimplelink.a(socket.o)
                0x000000002000b7a8                sl_Connect
 .text._sl_HandleAsync_Connect
                0x000000002000b93c       0x9c ../../../../simplelink/gcc/lib/nonos/Debug/libsimplelink.a(socket.o)
                0x000000002000b93c                _sl_HandleAsync_Connect
 .text.sl_Send  0x000000002000b9d8      0x134 ../../../../simplelink/gcc/lib/nonos/Debug/libsimplelink.a(socket.o)
                0x000000002000b9d8                sl_Send
 .text.sl_Htonl
                0x000000002000bb0c       0x4c ../../../../simplelink/gcc/lib/nonos/Debug/libsimplelink.a(socket.o)
                0x000000002000bb0c                sl_Htonl
 .text.sl_Htons
                0x000000002000bb58       0x40 ../../../../simplelink/gcc/lib/nonos/Debug/libsimplelink.a(socket.o)
                0x000000002000bb58                sl_Htons
 .text._sl_HandleAsync_Accept
                0x000000002000bb98       0x80 ../../../../simplelink/gcc/lib/nonos/Debug/libsimplelink.a(socket.o)
                0x000000002000bb98                _sl_HandleAsync_Accept
 .text._sl_HandleAsync_Select
                0x000000002000bc18       0x6c ../../../../simplelink/gcc/lib/nonos/Debug/libsimplelink.a(socket.o)
                0x000000002000bc18                _sl_HandleAsync_Select
 .text.sl_Recv  0x000000002000bc84       0xa8 ../../../../simplelink/gcc/lib/nonos/Debug/libsimplelink.a(socket.o)
                0x000000002000bc84                sl_Recv
 .text.sl_SetSockOpt
                0x000000002000bd2c       0xa0 ../../../../simplelink/gcc/lib/nonos/Debug/libsimplelink.a(socket.o)
                0x000000002000bd2c                sl_SetSockOpt
 .text.sl_WlanConnect
                0x000000002000bdcc      0x2cc ../../../../simplelink/gcc/lib/nonos/Debug/libsimplelink.a(wlan.o)
                0x000000002000bdcc                sl_WlanConnect
 .text.sl_WlanDisconnect
                0x000000002000c098       0x40 ../../../../simplelink/gcc/lib/nonos/Debug/libsimplelink.a(wlan.o)
                0x000000002000c098                sl_WlanDisconnect
 .text.sl_WlanPolicySet
                0x000000002000c0d8       0x90 ../../../../simplelink/gcc/lib/nonos/Debug/libsimplelink.a(wlan.o)
                0x000000002000c0d8                sl_WlanPolicySet
 .text.sl_WlanProfileDel
                0x000000002000c168       0x68 ../../../../simplelink/gcc/lib/nonos/Debug/libsimplelink.a(wlan.o)
                0x000000002000c168                sl_WlanProfileDel
 .text.sl_WlanRxFilterSet
                0x000000002000c1d0       0x88 ../../../../simplelink/gcc/lib/nonos/Debug/libsimplelink.a(wlan.o)
                0x000000002000c1d0                sl_WlanRxFilterSet
 .text.sl_WlanSetMode
                0x000000002000c258       0x68 ../../../../simplelink/gcc/lib/nonos/Debug/libsimplelink.a(wlan.o)
                0x000000002000c258                sl_WlanSetMode
 .text.sl_WlanSet
                0x000000002000c2c0       0x98 ../../../../simplelink/gcc/lib/nonos/Debug/libsimplelink.a(wlan.o)
                0x000000002000c2c0                sl_WlanSet
 .text.spi_Read_CPU
                0x000000002000c358       0x88 ../../../../simplelink/gcc/lib/nonos/Debug/libsimplelink.a(cc_pal.o)
 .text.spi_Write_CPU
                0x000000002000c3e0       0x84 ../../../../simplelink/gcc/lib/nonos/Debug/libsimplelink.a(cc_pal.o)
 .text.DmaSpiSwIntHandler
                0x000000002000c464       0x28 ../../../../simplelink/gcc/lib/nonos/Debug/libsimplelink.a(cc_pal.o)
                0x000000002000c464                DmaSpiSwIntHandler
 .text.SetupDMAReceive
                0x000000002000c48c       0x94 ../../../../simplelink/gcc/lib/nonos/Debug/libsimplelink.a(cc_pal.o)
 .text.SetupDMASend
                0x000000002000c520       0x94 ../../../../simplelink/gcc/lib/nonos/Debug/libsimplelink.a(cc_pal.o)
 .text.spi_Open
                0x000000002000c5b4      0x154 ../../../../simplelink/gcc/lib/nonos/Debug/libsimplelink.a(cc_pal.o)
                0x000000002000c5b4                spi_Open
 .text.spi_Close
                0x000000002000c708       0x84 ../../../../simplelink/gcc/lib/nonos/Debug/libsimplelink.a(cc_pal.o)
                0x000000002000c708                spi_Close
 .text.spi_Read
                0x000000002000c78c       0xf0 ../../../../simplelink/gcc/lib/nonos/Debug/libsimplelink.a(cc_pal.o)
                0x000000002000c78c                spi_Read
 .text.spi_Write
                0x000000002000c87c       0x9c ../../../../simplelink/gcc/lib/nonos/Debug/libsimplelink.a(cc_pal.o)
                0x000000002000c87c                spi_Write
 .text.NwpRegisterInterruptHandler
                0x000000002000c918       0x4c ../../../../simplelink/gcc/lib/nonos/Debug/libsimplelink.a(cc_pal.o)
                0x000000002000c918                NwpRegisterInterruptHandler
 .text.NwpMaskInterrupt
                0x000000002000c964       0x18 ../../../../simplelink/gcc/lib/nonos/Debug/libsimplelink.a(cc_pal.o)
                0x000000002000c964                NwpMaskInterrupt
 .text.NwpUnMaskInterrupt
                0x000000002000c97c       0x18 ../../../../simplelink/gcc/lib/nonos/Debug/libsimplelink.a(cc_pal.o)
                0x000000002000c97c                NwpUnMaskInterrupt
 .text.NwpPowerOnPreamble
                0x000000002000c994       0x8c ../../../../simplelink/gcc/lib/nonos/Debug/libsimplelink.a(cc_pal.o)
                0x000000002000c994                NwpPowerOnPreamble
 .text.NwpPowerOn
                0x000000002000ca20       0x3c ../../../../simplelink/gcc/lib/nonos/Debug/libsimplelink.a(cc_pal.o)
                0x000000002000ca20                NwpPowerOn
 .text.NwpPowerOff
                0x000000002000ca5c       0x40 ../../../../simplelink/gcc/lib/nonos/Debug/libsimplelink.a(cc_pal.o)
                0x000000002000ca5c                NwpPowerOff
 .text.NwpPrePowerOffTimout0
                0x000000002000ca9c       0x24 ../../../../simplelink/gcc/lib/nonos/Debug/libsimplelink.a(cc_pal.o)
                0x000000002000ca9c                NwpPrePowerOffTimout0
 .text.cc_UDMAChannelSelect
                0x000000002000cac0       0x28 ../../../../simplelink/gcc/lib/nonos/Debug/libsimplelink.a(cc_pal.o)
 .text.cc_SetupTransfer
                0x000000002000cae8       0x4c ../../../../simplelink/gcc/lib/nonos/Debug/libsimplelink.a(cc_pal.o)
 .text.simplelink_timerA2_start
                0x000000002000cb34       0x40 ../../../../simplelink/gcc/lib/nonos/Debug/libsimplelink.a(cc_pal.o)
                0x000000002000cb34                simplelink_timerA2_start
 .text.TimerGetCurrentTimestamp
                0x000000002000cb74       0x28 ../../../../simplelink/gcc/lib/nonos/Debug/libsimplelink.a(cc_pal.o)
                0x000000002000cb74                TimerGetCurrentTimestamp
 .text.GPIOGetIntNumber
                0x000000002000cb9c       0x64 ../../../../driverlib/gcc/lib/Debug/libdriver.a(gpio.o)
 .text.GPIODirModeSet
                0x000000002000cc00       0x48 ../../../../driverlib/gcc/lib/Debug/libdriver.a(gpio.o)
                0x000000002000cc00                GPIODirModeSet
 .text.GPIOIntTypeSet
                0x000000002000cc48       0xa8 ../../../../driverlib/gcc/lib/Debug/libdriver.a(gpio.o)
                0x000000002000cc48                GPIOIntTypeSet
 .text.GPIOIntEnable
                0x000000002000ccf0       0x2c ../../../../driverlib/gcc/lib/Debug/libdriver.a(gpio.o)
                0x000000002000ccf0                GPIOIntEnable
 .text.GPIOIntDisable
                0x000000002000cd1c       0x2c ../../../../driverlib/gcc/lib/Debug/libdriver.a(gpio.o)
                0x000000002000cd1c                GPIOIntDisable
 .text.GPIOIntStatus
                0x000000002000cd48       0x30 ../../../../driverlib/gcc/lib/Debug/libdriver.a(gpio.o)
                0x000000002000cd48                GPIOIntStatus
 .text.GPIOIntClear
                0x000000002000cd78       0x20 ../../../../driverlib/gcc/lib/Debug/libdriver.a(gpio.o)
                0x000000002000cd78                GPIOIntClear
 .text.GPIOIntRegister
                0x000000002000cd98       0x2c ../../../../driverlib/gcc/lib/Debug/libdriver.a(gpio.o)
                0x000000002000cd98                GPIOIntRegister
 .text.IntDefaultHandler
                0x000000002000cdc4        0x8 ../../../../driverlib/gcc/lib/Debug/libdriver.a(interrupt.o)
 .text.IntMasterEnable
                0x000000002000cdcc       0x10 ../../../../driverlib/gcc/lib/Debug/libdriver.a(interrupt.o)
                0x000000002000cdcc                IntMasterEnable
 .text.IntVTableBaseSet
                0x000000002000cddc       0x1c ../../../../driverlib/gcc/lib/Debug/libdriver.a(interrupt.o)
                0x000000002000cddc                IntVTableBaseSet
 .text.IntRegister
                0x000000002000cdf8       0x2c ../../../../driverlib/gcc/lib/Debug/libdriver.a(interrupt.o)
                0x000000002000cdf8                IntRegister
 .text.IntUnregister
                0x000000002000ce24       0x2c ../../../../driverlib/gcc/lib/Debug/libdriver.a(interrupt.o)
                0x000000002000ce24                IntUnregister
 .text.IntPrioritySet
                0x000000002000ce50       0x68 ../../../../driverlib/gcc/lib/Debug/libdriver.a(interrupt.o)
                0x000000002000ce50                IntPrioritySet
 .text.IntEnable
                0x000000002000ceb8       0xbc ../../../../driverlib/gcc/lib/Debug/libdriver.a(interrupt.o)
                0x000000002000ceb8                IntEnable
 .text.IntDisable
                0x000000002000cf74       0xbc ../../../../driverlib/gcc/lib/Debug/libdriver.a(interrupt.o)
                0x000000002000cf74                IntDisable
 .text.IntPendClear
                0x000000002000d030       0x68 ../../../../driverlib/gcc/lib/Debug/libdriver.a(interrupt.o)
                0x000000002000d030                IntPendClear
 .text.PinModeSet
                0x000000002000d098       0x48 ../../../../driverlib/gcc/lib/Debug/libdriver.a(pin.o)
                0x000000002000d098                PinModeSet
 .text.PinConfigSet
                0x000000002000d0e0       0x98 ../../../../driverlib/gcc/lib/Debug/libdriver.a(pin.o)
                0x000000002000d0e0                PinConfigSet
 .text.PinTypeUART
                0x000000002000d178       0x24 ../../../../driverlib/gcc/lib/Debug/libdriver.a(pin.o)
                0x000000002000d178                PinTypeUART
 .text.PinTypeGPIO
                0x000000002000d19c       0x3c ../../../../driverlib/gcc/lib/Debug/libdriver.a(pin.o)
                0x000000002000d19c                PinTypeGPIO
 .text.PRCMSysResetCauseGet
                0x000000002000d1d8       0x3c ../../../../driverlib/gcc/lib/Debug/libdriver.a(prcm.o)
                0x000000002000d1d8                PRCMSysResetCauseGet
 .text.PRCMPeripheralClkEnable
                0x000000002000d214       0x5c ../../../../driverlib/gcc/lib/Debug/libdriver.a(prcm.o)
                0x000000002000d214                PRCMPeripheralClkEnable
 .text.PRCMPeripheralClkDisable
                0x000000002000d270       0x44 ../../../../driverlib/gcc/lib/Debug/libdriver.a(prcm.o)
                0x000000002000d270                PRCMPeripheralClkDisable
 .text.PRCMPeripheralClockGet
                0x000000002000d2b4       0xa8 ../../../../driverlib/gcc/lib/Debug/libdriver.a(prcm.o)
                0x000000002000d2b4                PRCMPeripheralClockGet
 .text.PRCMPeripheralReset
                0x000000002000d35c       0x8c ../../../../driverlib/gcc/lib/Debug/libdriver.a(prcm.o)
                0x000000002000d35c                PRCMPeripheralReset
 .text.PRCMPeripheralStatusGet
                0x000000002000d3e8       0x40 ../../../../driverlib/gcc/lib/Debug/libdriver.a(prcm.o)
                0x000000002000d3e8                PRCMPeripheralStatusGet
 .text.PRCMHibernateWakeupSourceEnable
                0x000000002000d428       0x50 ../../../../driverlib/gcc/lib/Debug/libdriver.a(prcm.o)
                0x000000002000d428                PRCMHibernateWakeupSourceEnable
 .text.PRCMHibernateIntervalSet
                0x000000002000d478       0x9c ../../../../driverlib/gcc/lib/Debug/libdriver.a(prcm.o)
                0x000000002000d478                PRCMHibernateIntervalSet
 .text.PRCMHibernateEnter
                0x000000002000d514       0x14 ../../../../driverlib/gcc/lib/Debug/libdriver.a(prcm.o)
                0x000000002000d514                PRCMHibernateEnter
 .text.PRCMCC3200MCUInit
                0x000000002000d528      0x1a0 ../../../../driverlib/gcc/lib/Debug/libdriver.a(prcm.o)
                0x000000002000d528                PRCMCC3200MCUInit
 .text.PRCMHIBRegRead
                0x000000002000d6c8       0x20 ../../../../driverlib/gcc/lib/Debug/libdriver.a(prcm.o)
                0x000000002000d6c8                PRCMHIBRegRead
 .text.PRCMHIBRegWrite
                0x000000002000d6e8       0x20 ../../../../driverlib/gcc/lib/Debug/libdriver.a(prcm.o)
                0x000000002000d6e8                PRCMHIBRegWrite
 .text.SPIIntNumberGet
                0x000000002000d708       0x58 ../../../../driverlib/gcc/lib/Debug/libdriver.a(spi.o)
 .text.SPIDmaMaskGet
                0x000000002000d760       0x48 ../../../../driverlib/gcc/lib/Debug/libdriver.a(spi.o)
 .text.SPIEnable
                0x000000002000d7a8       0x28 ../../../../driverlib/gcc/lib/Debug/libdriver.a(spi.o)
                0x000000002000d7a8                SPIEnable
 .text.SPIDisable
                0x000000002000d7d0       0x28 ../../../../driverlib/gcc/lib/Debug/libdriver.a(spi.o)
                0x000000002000d7d0                SPIDisable
 .text.SPIDmaEnable
                0x000000002000d7f8       0x2c ../../../../driverlib/gcc/lib/Debug/libdriver.a(spi.o)
                0x000000002000d7f8                SPIDmaEnable
 .text.SPIDmaDisable
                0x000000002000d824       0x2c ../../../../driverlib/gcc/lib/Debug/libdriver.a(spi.o)
                0x000000002000d824                SPIDmaDisable
 .text.SPIReset
                0x000000002000d850       0x3c ../../../../driverlib/gcc/lib/Debug/libdriver.a(spi.o)
                0x000000002000d850                SPIReset
 .text.SPIConfigSetExpClk
                0x000000002000d88c       0xb8 ../../../../driverlib/gcc/lib/Debug/libdriver.a(spi.o)
                0x000000002000d88c                SPIConfigSetExpClk
 .text.SPIFIFOEnable
                0x000000002000d944       0x2c ../../../../driverlib/gcc/lib/Debug/libdriver.a(spi.o)
                0x000000002000d944                SPIFIFOEnable
 .text.SPIFIFODisable
                0x000000002000d970       0x2c ../../../../driverlib/gcc/lib/Debug/libdriver.a(spi.o)
                0x000000002000d970                SPIFIFODisable
 .text.SPIFIFOLevelSet
                0x000000002000d99c       0x44 ../../../../driverlib/gcc/lib/Debug/libdriver.a(spi.o)
                0x000000002000d99c                SPIFIFOLevelSet
 .text.SPIWordCountSet
                0x000000002000d9e0       0x34 ../../../../driverlib/gcc/lib/Debug/libdriver.a(spi.o)
                0x000000002000d9e0                SPIWordCountSet
 .text.SPIIntUnregister
                0x000000002000da14       0x28 ../../../../driverlib/gcc/lib/Debug/libdriver.a(spi.o)
                0x000000002000da14                SPIIntUnregister
 .text.SPIIntEnable
                0x000000002000da3c       0x6c ../../../../driverlib/gcc/lib/Debug/libdriver.a(spi.o)
                0x000000002000da3c                SPIIntEnable
 .text.SPIIntClear
                0x000000002000daa8       0x60 ../../../../driverlib/gcc/lib/Debug/libdriver.a(spi.o)
                0x000000002000daa8                SPIIntClear
 .text.SPICSEnable
                0x000000002000db08       0x28 ../../../../driverlib/gcc/lib/Debug/libdriver.a(spi.o)
                0x000000002000db08                SPICSEnable
 .text.SPICSDisable
                0x000000002000db30       0x28 ../../../../driverlib/gcc/lib/Debug/libdriver.a(spi.o)
                0x000000002000db30                SPICSDisable
 .text.SysTickEnable
                0x000000002000db58       0x1c ../../../../driverlib/gcc/lib/Debug/libdriver.a(systick.o)
                0x000000002000db58                SysTickEnable
 .text.SysTickIntRegister
                0x000000002000db74       0x28 ../../../../driverlib/gcc/lib/Debug/libdriver.a(systick.o)
                0x000000002000db74                SysTickIntRegister
 .text.SysTickPeriodSet
                0x000000002000db9c       0x20 ../../../../driverlib/gcc/lib/Debug/libdriver.a(systick.o)
                0x000000002000db9c                SysTickPeriodSet
 .text.TimerEnable
                0x000000002000dbbc       0x2c ../../../../driverlib/gcc/lib/Debug/libdriver.a(timer.o)
                0x000000002000dbbc                TimerEnable
 .text.TimerConfigure
                0x000000002000dbe8       0x58 ../../../../driverlib/gcc/lib/Debug/libdriver.a(timer.o)
                0x000000002000dbe8                TimerConfigure
 .text.TimerPrescaleSet
                0x000000002000dc40       0x3c ../../../../driverlib/gcc/lib/Debug/libdriver.a(timer.o)
                0x000000002000dc40                TimerPrescaleSet
 .text.TimerLoadSet
                0x000000002000dc7c       0x3c ../../../../driverlib/gcc/lib/Debug/libdriver.a(timer.o)
                0x000000002000dc7c                TimerLoadSet
 .text.TimerValueGet
                0x000000002000dcb8       0x28 ../../../../driverlib/gcc/lib/Debug/libdriver.a(timer.o)
                0x000000002000dcb8                TimerValueGet
 .text.UARTConfigSetExpClk
                0x000000002000dce0       0x98 ../../../../driverlib/gcc/lib/Debug/libdriver.a(uart.o)
                0x000000002000dce0                UARTConfigSetExpClk
 .text.UARTEnable
                0x000000002000dd78       0x3c ../../../../driverlib/gcc/lib/Debug/libdriver.a(uart.o)
                0x000000002000dd78                UARTEnable
 .text.UARTDisable
                0x000000002000ddb4       0x4c ../../../../driverlib/gcc/lib/Debug/libdriver.a(uart.o)
                0x000000002000ddb4                UARTDisable
 .text.UARTCharPut
                0x000000002000de00       0x2c ../../../../driverlib/gcc/lib/Debug/libdriver.a(uart.o)
                0x000000002000de00                UARTCharPut
 .text.uDMAEnable
                0x000000002000de2c       0x18 ../../../../driverlib/gcc/lib/Debug/libdriver.a(udma.o)
                0x000000002000de2c                uDMAEnable
 .text.uDMAChannelEnable
                0x000000002000de44       0x28 ../../../../driverlib/gcc/lib/Debug/libdriver.a(udma.o)
                0x000000002000de44                uDMAChannelEnable
 .text.uDMAControlBaseSet
                0x000000002000de6c       0x1c ../../../../driverlib/gcc/lib/Debug/libdriver.a(udma.o)
                0x000000002000de6c                uDMAControlBaseSet
 .text.uDMAChannelAttributeEnable
                0x000000002000de88       0x84 ../../../../driverlib/gcc/lib/Debug/libdriver.a(udma.o)
                0x000000002000de88                uDMAChannelAttributeEnable
 .text.uDMAChannelAttributeDisable
                0x000000002000df0c       0x84 ../../../../driverlib/gcc/lib/Debug/libdriver.a(udma.o)
                0x000000002000df0c                uDMAChannelAttributeDisable
 .text.uDMAChannelControlSet
                0x000000002000df90       0x48 ../../../../driverlib/gcc/lib/Debug/libdriver.a(udma.o)
                0x000000002000df90                uDMAChannelControlSet
 .text.uDMAChannelTransferSet
                0x000000002000dfd8      0x104 ../../../../driverlib/gcc/lib/Debug/libdriver.a(udma.o)
                0x000000002000dfd8                uDMAChannelTransferSet
 .text.uDMAIntRegister
                0x000000002000e0dc       0x20 ../../../../driverlib/gcc/lib/Debug/libdriver.a(udma.o)
                0x000000002000e0dc                uDMAIntRegister
 .text.uDMAIntStatus
                0x000000002000e0fc       0x14 ../../../../driverlib/gcc/lib/Debug/libdriver.a(udma.o)
                0x000000002000e0fc                uDMAIntStatus
 .text.uDMAIntClear
                0x000000002000e110       0x1c ../../../../driverlib/gcc/lib/Debug/libdriver.a(udma.o)
                0x000000002000e110                uDMAIntClear
 .text.uDMAChannelAssign
                0x000000002000e12c       0x58 ../../../../driverlib/gcc/lib/Debug/libdriver.a(udma.o)
                0x000000002000e12c                uDMAChannelAssign
 .text.UtilsDelay
                0x000000002000e184        0xc ../../../../driverlib/gcc/lib/Debug/libdriver.a(utils.o)
                0x000000002000e184                UtilsDelay
 .text.CPUcpsie
                0x000000002000e190       0x18 ../../../../driverlib/gcc/lib/Debug/libdriver.a(cpu.o)
                0x000000002000e190                CPUcpsie
 .text.atol     0x000000002000e1a8        0x8 /usr/lib/gcc/arm-none-eabi/5.2.0/../../../../arm-none-eabi/lib/armv7e-m/libc_nano.a(lib_a-atol.o)
                0x000000002000e1a8                atol
 .text.malloc   0x000000002000e1b0       0x10 /usr/lib/gcc/arm-none-eabi/5.2.0/../../../../arm-none-eabi/lib/armv7e-m/libc_nano.a(lib_a-malloc.o)
                0x000000002000e1b0                malloc
 .text.free     0x000000002000e1c0       0x10 /usr/lib/gcc/arm-none-eabi/5.2.0/../../../../arm-none-eabi/lib/armv7e-m/libc_nano.a(lib_a-malloc.o)
                0x000000002000e1c0                free
 .text.memcpy   0x000000002000e1d0       0x16 /usr/lib/gcc/arm-none-eabi/5.2.0/../../../../arm-none-eabi/lib/armv7e-m/libc_nano.a(lib_a-memcpy.o)
                0x000000002000e1d0                memcpy
 .text.memmove  0x000000002000e1e6       0x36 /usr/lib/gcc/arm-none-eabi/5.2.0/../../../../arm-none-eabi/lib/armv7e-m/libc_nano.a(lib_a-memmove.o)
                0x000000002000e1e6                memmove
 .text.memset   0x000000002000e21c       0x10 /usr/lib/gcc/arm-none-eabi/5.2.0/../../../../arm-none-eabi/lib/armv7e-m/libc_nano.a(lib_a-memset.o)
                0x000000002000e21c                memset
 .text._free_r  0x000000002000e22c       0x8c /usr/lib/gcc/arm-none-eabi/5.2.0/../../../../arm-none-eabi/lib/armv7e-m/libc_nano.a(lib_a-nano-freer.o)
                0x000000002000e22c                _free_r
 .text._malloc_r
                0x000000002000e2b8       0xa8 /usr/lib/gcc/arm-none-eabi/5.2.0/../../../../arm-none-eabi/lib/armv7e-m/libc_nano.a(lib_a-nano-mallocr.o)
                0x000000002000e2b8                _malloc_r
 .text.realloc  0x000000002000e360       0x10 /usr/lib/gcc/arm-none-eabi/5.2.0/../../../../arm-none-eabi/lib/armv7e-m/libc_nano.a(lib_a-realloc.o)
                0x000000002000e360                realloc
 .text._sbrk_r  0x000000002000e370       0x20 /usr/lib/gcc/arm-none-eabi/5.2.0/../../../../arm-none-eabi/lib/armv7e-m/libc_nano.a(lib_a-sbrkr.o)
                0x000000002000e370                _sbrk_r
 .text.snprintf
                0x000000002000e390       0x64 /usr/lib/gcc/arm-none-eabi/5.2.0/../../../../arm-none-eabi/lib/armv7e-m/libc_nano.a(lib_a-snprintf.o)
                0x000000002000e390                snprintf
                0x000000002000e390                sniprintf
 .text.sprintf  0x000000002000e3f4       0x48 /usr/lib/gcc/arm-none-eabi/5.2.0/../../../../arm-none-eabi/lib/armv7e-m/libc_nano.a(lib_a-sprintf.o)
                0x000000002000e3f4                sprintf
                0x000000002000e3f4                siprintf
 .text.strcat   0x000000002000e43c       0x1e /usr/lib/gcc/arm-none-eabi/5.2.0/../../../../arm-none-eabi/lib/armv7e-m/libc_nano.a(lib_a-strcat.o)
                0x000000002000e43c                strcat
 .text.strchr   0x000000002000e45a       0x1c /usr/lib/gcc/arm-none-eabi/5.2.0/../../../../arm-none-eabi/lib/armv7e-m/libc_nano.a(lib_a-strchr.o)
                0x000000002000e45a                strchr
 .text          0x000000002000e476       0x14 /usr/lib/gcc/arm-none-eabi/5.2.0/../../../../arm-none-eabi/lib/armv7e-m/libc_nano.a(lib_a-strcmp.o)
                0x000000002000e476                strcmp
 .text.strcpy   0x000000002000e48a       0x10 /usr/lib/gcc/arm-none-eabi/5.2.0/../../../../arm-none-eabi/lib/armv7e-m/libc_nano.a(lib_a-strcpy.o)
                0x000000002000e48a                strcpy
 .text.strlen   0x000000002000e49a       0x10 /usr/lib/gcc/arm-none-eabi/5.2.0/../../../../arm-none-eabi/lib/armv7e-m/libc_nano.a(lib_a-strlen.o)
                0x000000002000e49a                strlen
 .text.strncmp  0x000000002000e4aa       0x2a /usr/lib/gcc/arm-none-eabi/5.2.0/../../../../arm-none-eabi/lib/armv7e-m/libc_nano.a(lib_a-strncmp.o)
                0x000000002000e4aa                strncmp
 .text.strncpy  0x000000002000e4d4       0x26 /usr/lib/gcc/arm-none-eabi/5.2.0/../../../../arm-none-eabi/lib/armv7e-m/libc_nano.a(lib_a-strncpy.o)
                0x000000002000e4d4                strncpy
 .text.strstr   0x000000002000e4fa       0x34 /usr/lib/gcc/arm-none-eabi/5.2.0/../../../../arm-none-eabi/lib/armv7e-m/libc_nano.a(lib_a-strstr.o)
                0x000000002000e4fa                strstr
 *fill*         0x000000002000e52e        0x2 
 .text._strtol_r
                0x000000002000e530      0x10c /usr/lib/gcc/arm-none-eabi/5.2.0/../../../../arm-none-eabi/lib/armv7e-m/libc_nano.a(lib_a-strtol.o)
                0x000000002000e530                _strtol_r
 .text.strtol   0x000000002000e63c       0x14 /usr/lib/gcc/arm-none-eabi/5.2.0/../../../../arm-none-eabi/lib/armv7e-m/libc_nano.a(lib_a-strtol.o)
                0x000000002000e63c                strtol
 .text._vsnprintf_r
                0x000000002000e650       0x56 /usr/lib/gcc/arm-none-eabi/5.2.0/../../../../arm-none-eabi/lib/armv7e-m/libc_nano.a(lib_a-vsnprintf.o)
                0x000000002000e650                _vsnprintf_r
                0x000000002000e650                _vsniprintf_r
 *fill*         0x000000002000e6a6        0x2 
 .text.vsnprintf
                0x000000002000e6a8       0x1c /usr/lib/gcc/arm-none-eabi/5.2.0/../../../../arm-none-eabi/lib/armv7e-m/libc_nano.a(lib_a-vsnprintf.o)
                0x000000002000e6a8                vsnprintf
                0x000000002000e6a8                vsniprintf
 .text._realloc_r
                0x000000002000e6c4       0x4c /usr/lib/gcc/arm-none-eabi/5.2.0/../../../../arm-none-eabi/lib/armv7e-m/libc_nano.a(lib_a-nano-reallocr.o)
                0x000000002000e6c4                _realloc_r
 .text.__ssputs_r
                0x000000002000e710       0xb2 /usr/lib/gcc/arm-none-eabi/5.2.0/../../../../arm-none-eabi/lib/armv7e-m/libc_nano.a(lib_a-nano-svfprintf.o)
                0x000000002000e710                __ssputs_r
 *fill*         0x000000002000e7c2        0x2 
 .text._svfprintf_r
                0x000000002000e7c4      0x1e8 /usr/lib/gcc/arm-none-eabi/5.2.0/../../../../arm-none-eabi/lib/armv7e-m/libc_nano.a(lib_a-nano-svfprintf.o)
                0x000000002000e7c4                _svfprintf_r
                0x000000002000e7c4                _svfiprintf_r
 .text._printf_common
                0x000000002000e9ac       0xec /usr/lib/gcc/arm-none-eabi/5.2.0/../../../../arm-none-eabi/lib/armv7e-m/libc_nano.a(lib_a-nano-vfprintf_i.o)
                0x000000002000e9ac                _printf_common
 .text._printf_i
                0x000000002000ea98      0x24c /usr/lib/gcc/arm-none-eabi/5.2.0/../../../../arm-none-eabi/lib/armv7e-m/libc_nano.a(lib_a-nano-vfprintf_i.o)
                0x000000002000ea98                _printf_i
 .text.memchr   0x000000002000ece4       0x1e /usr/lib/gcc/arm-none-eabi/5.2.0/../../../../arm-none-eabi/lib/armv7e-m/libc_nano.a(lib_a-memchr.o)
                0x000000002000ece4                memchr
 .text._malloc_usable_size_r
                0x000000002000ed02       0x14 /usr/lib/gcc/arm-none-eabi/5.2.0/../../../../arm-none-eabi/lib/armv7e-m/libc_nano.a(lib_a-nano-msizer.o)
                0x000000002000ed02                _malloc_usable_size_r
 *(.rodata*)
 *fill*         0x000000002000ed16        0x2 
 .rodata.g_acSNTPserver
                0x000000002000ed18       0xf0 obj/Debug/main.o
                0x000000002000ed18                g_acSNTPserver
 .rodata.g_acDaysOfWeek2013
                0x000000002000ee08       0x18 obj/Debug/main.o
                0x000000002000ee08                g_acDaysOfWeek2013
 .rodata.g_acMonthOfYear
                0x000000002000ee20       0x24 obj/Debug/main.o
                0x000000002000ee20                g_acMonthOfYear
 .rodata.g_acNumOfDaysPerMonth
                0x000000002000ee44        0xc obj/Debug/main.o
                0x000000002000ee44                g_acNumOfDaysPerMonth
 .rodata        0x000000002000ee50      0x3b8 obj/Debug/main.o
 .rodata        0x000000002000f208       0x2c obj/Debug/uart_if.o
 .rodata        0x000000002000f234       0x20 ../../../../simplelink_extlib/ota/gcc/lib/Debug/ota.a(OtaApp.o)
 .rodata        0x000000002000f254      0x11c ../../../../simplelink_extlib/ota/gcc/lib/Debug/ota.a(OtaClient.o)
 .rodata        0x000000002000f370       0x6c ../../../../simplelink_extlib/ota/gcc/lib/Debug/ota.a(OtaHttp.o)
 .rodata        0x000000002000f3dc        0x8 ../../../../simplelink_extlib/ota/gcc/lib/Debug/ota.a(CdnClient.o)
 .rodata        0x000000002000f3e4      0x134 ../../../../simplelink_extlib/ota/gcc/lib/Debug/ota.a(LogClient.o)
 .rodata        0x000000002000f518       0x28 ../../../../simplelink_extlib/flc/gcc/lib/Debug/flc.a(flc.o)
 .rodata.StartResponseLUT
                0x000000002000f540        0x8 ../../../../simplelink/gcc/lib/nonos/Debug/libsimplelink.a(device.o)
 .rodata._SlStopCmdCtrl
                0x000000002000f548        0x4 ../../../../simplelink/gcc/lib/nonos/Debug/libsimplelink.a(device.o)
 .rodata._SlDeviceGetCmdCtrl
                0x000000002000f54c        0x4 ../../../../simplelink/gcc/lib/nonos/Debug/libsimplelink.a(device.o)
 .rodata.g_H2NSyncPattern
                0x000000002000f550        0x8 ../../../../simplelink/gcc/lib/nonos/Debug/libsimplelink.a(driver.o)
 .rodata.g_H2NCnysPattern
                0x000000002000f558        0x8 ../../../../simplelink/gcc/lib/nonos/Debug/libsimplelink.a(driver.o)
 .rodata._SlActionLookupTable
                0x000000002000f560       0x38 ../../../../simplelink/gcc/lib/nonos/Debug/libsimplelink.a(driver.o)
                0x000000002000f560                _SlActionLookupTable
 .rodata.OpcodeTranslateTable
                0x000000002000f598       0x3c ../../../../simplelink/gcc/lib/nonos/Debug/libsimplelink.a(driver.o)
                0x000000002000f598                OpcodeTranslateTable
 .rodata.RxMsgClassLUT
                0x000000002000f5d4       0x20 ../../../../simplelink/gcc/lib/nonos/Debug/libsimplelink.a(driver.o)
 .rodata._SlRegisterServiceCtrl
                0x000000002000f5f4        0x4 ../../../../simplelink/gcc/lib/nonos/Debug/libsimplelink.a(netapp.o)
 .rodata._SlGetHostByNameCtrl
                0x000000002000f5f8        0x4 ../../../../simplelink/gcc/lib/nonos/Debug/libsimplelink.a(netapp.o)
 .rodata._SlNetAppSendTokenValueCmdCtrl
                0x000000002000f5fc        0x4 ../../../../simplelink/gcc/lib/nonos/Debug/libsimplelink.a(netapp.o)
                0x000000002000f5fc                _SlNetAppSendTokenValueCmdCtrl
 .rodata._SlNetCfgSetCmdCtrl
                0x000000002000f600        0x4 ../../../../simplelink/gcc/lib/nonos/Debug/libsimplelink.a(netcfg.o)
 .rodata._SlNetCfgGetCmdCtrl
                0x000000002000f604        0x4 ../../../../simplelink/gcc/lib/nonos/Debug/libsimplelink.a(netcfg.o)
 .rodata        0x000000002000f608       0x14 ../../../../simplelink/gcc/lib/nonos/Debug/libsimplelink.a(fs.o)
 .rodata._SlFsOpenCmdCtrl
                0x000000002000f61c        0x4 ../../../../simplelink/gcc/lib/nonos/Debug/libsimplelink.a(fs.o)
 .rodata._SlFsCloseCmdCtrl
                0x000000002000f620        0x4 ../../../../simplelink/gcc/lib/nonos/Debug/libsimplelink.a(fs.o)
 .rodata._SlFsReadCmdCtrl
                0x000000002000f624        0x4 ../../../../simplelink/gcc/lib/nonos/Debug/libsimplelink.a(fs.o)
 .rodata._SlFsWriteCmdCtrl
                0x000000002000f628        0x4 ../../../../simplelink/gcc/lib/nonos/Debug/libsimplelink.a(fs.o)
 .rodata._SlFsDeleteCmdCtrl
                0x000000002000f62c        0x4 ../../../../simplelink/gcc/lib/nonos/Debug/libsimplelink.a(fs.o)
 .rodata._SlPayloadByProtocolLUT
                0x000000002000f630       0x10 ../../../../simplelink/gcc/lib/nonos/Debug/libsimplelink.a(socket.o)
 .rodata._SlSockSocketCmdCtrl
                0x000000002000f640        0x4 ../../../../simplelink/gcc/lib/nonos/Debug/libsimplelink.a(socket.o)
 .rodata._SlSockCloseCmdCtrl
                0x000000002000f644        0x4 ../../../../simplelink/gcc/lib/nonos/Debug/libsimplelink.a(socket.o)
 .rodata._SlSendCmdCtrl
                0x000000002000f648        0x4 ../../../../simplelink/gcc/lib/nonos/Debug/libsimplelink.a(socket.o)
 .rodata._SlRecvCmdCtrl
                0x000000002000f64c        0x4 ../../../../simplelink/gcc/lib/nonos/Debug/libsimplelink.a(socket.o)
 .rodata._SlSetSockOptCmdCtrl
                0x000000002000f650        0x4 ../../../../simplelink/gcc/lib/nonos/Debug/libsimplelink.a(socket.o)
 .rodata._SlPolicySetCmdCtrl
                0x000000002000f654        0x4 ../../../../simplelink/gcc/lib/nonos/Debug/libsimplelink.a(wlan.o)
 .rodata._SlProfileDelCmdCtrl
                0x000000002000f658        0x4 ../../../../simplelink/gcc/lib/nonos/Debug/libsimplelink.a(wlan.o)
 .rodata._SlRxFilterSetCmdCtrl
                0x000000002000f65c        0x4 ../../../../simplelink/gcc/lib/nonos/Debug/libsimplelink.a(wlan.o)
 .rodata._SlWlanSetModeCmdCtrl
                0x000000002000f660        0x4 ../../../../simplelink/gcc/lib/nonos/Debug/libsimplelink.a(wlan.o)
 .rodata._SlWlanCfgSetCmdCtrl
                0x000000002000f664        0x4 ../../../../simplelink/gcc/lib/nonos/Debug/libsimplelink.a(wlan.o)
 .rodata.g_pulRegs
                0x000000002000f668       0xd4 ../../../../driverlib/gcc/lib/Debug/libdriver.a(interrupt.o)
 .rodata.g_pulEnRegs
                0x000000002000f73c       0x18 ../../../../driverlib/gcc/lib/Debug/libdriver.a(interrupt.o)
 .rodata.g_pulDisRegs
                0x000000002000f754       0x18 ../../../../driverlib/gcc/lib/Debug/libdriver.a(interrupt.o)
 .rodata.g_pulUnpendRegs
                0x000000002000f76c       0x18 ../../../../driverlib/gcc/lib/Debug/libdriver.a(interrupt.o)
 .rodata.g_ulPinToPadMap
                0x000000002000f784      0x100 ../../../../driverlib/gcc/lib/Debug/libdriver.a(pin.o)
 .rodata.PRCM_PeriphRegsList
                0x000000002000f884       0xa8 ../../../../driverlib/gcc/lib/Debug/libdriver.a(prcm.o)
 .rodata.g_ppulSPIIntMap
                0x000000002000f92c       0x24 ../../../../driverlib/gcc/lib/Debug/libdriver.a(spi.o)
 .rodata.g_ulSPIDmaMaskMap
                0x000000002000f950       0x18 ../../../../driverlib/gcc/lib/Debug/libdriver.a(spi.o)
 .rodata._ctype_
                0x000000002000f968      0x101 /usr/lib/gcc/arm-none-eabi/5.2.0/../../../../arm-none-eabi/lib/armv7e-m/libc_nano.a(lib_a-ctype_.o)
                0x000000002000f968                _ctype_
 .rodata.str1.1
                0x000000002000fa69        0x2 /usr/lib/gcc/arm-none-eabi/5.2.0/../../../../arm-none-eabi/lib/armv7e-m/libc_nano.a(lib_a-impure.o)
 .rodata.str1.1
                0x000000002000fa6b       0x11 /usr/lib/gcc/arm-none-eabi/5.2.0/../../../../arm-none-eabi/lib/armv7e-m/libc_nano.a(lib_a-nano-svfprintf.o)
 .rodata.str1.1
                0x000000002000fa7c       0x22 /usr/lib/gcc/arm-none-eabi/5.2.0/../../../../arm-none-eabi/lib/armv7e-m/libc_nano.a(lib_a-nano-vfprintf_i.o)
 *(.ARM.extab* .gnu.linkonce.armextab.*)
                0x000000002000faa0                . = ALIGN (0x8)
 *fill*         0x000000002000fa9e        0x2 
                0x000000002000faa0                _etext = .

.glue_7         0x000000002000faa0        0x0
 .glue_7        0x0000000000000000        0x0 linker stubs

.glue_7t        0x000000002000faa0        0x0
 .glue_7t       0x0000000000000000        0x0 linker stubs

.vfp11_veneer   0x000000002000faa0        0x0
 .vfp11_veneer  0x0000000000000000        0x0 linker stubs

.v4_bx          0x000000002000faa0        0x0
 .v4_bx         0x0000000000000000        0x0 linker stubs

.iplt           0x000000002000faa0        0x0
 .iplt          0x0000000000000000        0x0 obj/Debug/main.o

.rel.dyn        0x000000002000faa0        0x0
 .rel.iplt      0x0000000000000000        0x0 obj/Debug/main.o

.ARM            0x000000002000faa0        0x0
                0x000000002000faa0                __exidx_start = .
 *(.ARM.exidx*)
                0x000000002000faa0                __exidx_end = .
                0x000000002000faa0                __init_data = .

.data           0x000000002000faa0       0x68
                0x000000002000faa0                _data = .
 *(.data*)
 .data.__ctype_ptr__
                0x000000002000faa0        0x4 /usr/lib/gcc/arm-none-eabi/5.2.0/../../../../arm-none-eabi/lib/armv7e-m/libc_nano.a(lib_a-ctype_.o)
                0x000000002000faa0                __ctype_ptr__
 .data.impure_data
                0x000000002000faa4       0x60 /usr/lib/gcc/arm-none-eabi/5.2.0/../../../../arm-none-eabi/lib/armv7e-m/libc_nano.a(lib_a-impure.o)
 .data._impure_ptr
                0x000000002000fb04        0x4 /usr/lib/gcc/arm-none-eabi/5.2.0/../../../../arm-none-eabi/lib/armv7e-m/libc_nano.a(lib_a-impure.o)
                0x000000002000fb04                _impure_ptr
                0x000000002000fb08                . = ALIGN (0x8)
                0x000000002000fb08                _edata = .

.igot.plt       0x000000002000fb08        0x0
 .igot.plt      0x0000000000000000        0x0 obj/Debug/main.o

.bss            0x000000002000fc00     0x31cc
                0x000000002000fc00                _bss = .
 *(.bss*)
 .bss.g_NetStatSyncObj
                0x000000002000fc00        0x4 obj/Debug/main.o
 .bss.g_OTAStatSyncObj
                0x000000002000fc04        0x4 obj/Debug/main.o
 .bss.g_DispRefreshSyncObj
                0x000000002000fc08        0x4 obj/Debug/main.o
 .bss.g_FactResetSyncObj
                0x000000002000fc0c        0x4 obj/Debug/main.o
 .bss.g_ulSysState
                0x000000002000fc10        0x4 obj/Debug/main.o
 .bss.g_otaOptServerInfo
                0x000000002000fc14      0x240 obj/Debug/main.o
 .bss.pvOtaApp  0x000000002000fe54        0x4 obj/Debug/main.o
 .bss.sDisplayInfo
                0x000000002000fe58       0xdc obj/Debug/main.o
 .bss.cTaskOwnState.6842
                0x000000002000ff34        0x1 obj/Debug/main.o
 *fill*         0x000000002000ff35        0x3 
 .bss.sGetTime.6843
                0x000000002000ff38        0xc obj/Debug/main.o
 .bss.cTaskOwnState.6889
                0x000000002000ff44        0x1 obj/Debug/main.o
 .bss.ucTaskOwnState.6902
                0x000000002000ff45        0x1 obj/Debug/main.o
 *fill*         0x000000002000ff46        0x2 
 .bss.g_TaskList
                0x000000002000ff48       0x50 obj/Debug/task.o
 .bss.g_psCurrentTask
                0x000000002000ff98        0x4 obj/Debug/task.o
 .bss.ulNxtTask.4409
                0x000000002000ff9c        0x4 obj/Debug/task.o
 .bss.__Errorlog
                0x000000002000ffa0        0x4 obj/Debug/uart_if.o
 .bss.heap_end  0x000000002000ffa4        0x4 obj/Debug/startup_gcc.o
 .bss.heap2_end
                0x000000002000ffa8        0x4 obj/Debug/startup_gcc.o
 .bss.pui32Stack
                0x000000002000ffac     0x1000 obj/Debug/startup_gcc.o
 .bss.send_buf  0x0000000020010fac      0x200 ../../../../simplelink_extlib/ota/gcc/lib/Debug/ota.a(OtaHttp.o)
 .bss.recv_buf  0x00000000200111ac      0x5a0 ../../../../simplelink_extlib/ota/gcc/lib/Debug/ota.a(OtaHttp.o)
 .bss.g_ConsecutiveNetAccessNetErrors
                0x000000002001174c        0x4 ../../../../simplelink_extlib/ota/gcc/lib/Debug/ota.a(OtaHttp.o)
                0x000000002001174c                g_ConsecutiveNetAccessNetErrors
 .bss.sBootInfo
                0x0000000020011750        0x8 ../../../../simplelink_extlib/flc/gcc/lib/Debug/flc.a(flc.o)
 .bss.g_SlDeviceStatus
                0x0000000020011758        0x2 ../../../../simplelink/gcc/lib/nonos/Debug/libsimplelink.a(driver.o)
                0x0000000020011758                g_SlDeviceStatus
 *fill*         0x000000002001175a        0x2 
 .bss.g_StatMem
                0x000000002001175c      0x168 ../../../../simplelink/gcc/lib/nonos/Debug/libsimplelink.a(driver.o)
 .bss.g_pCB     0x00000000200118c4        0x4 ../../../../simplelink/gcc/lib/nonos/Debug/libsimplelink.a(driver.o)
                0x00000000200118c4                g_pCB
 .bss.pPingCallBackFunc
                0x00000000200118c8        0x4 ../../../../simplelink/gcc/lib/nonos/Debug/libsimplelink.a(driver.o)
                0x00000000200118c8                pPingCallBackFunc
 .bss.gFirstCmdMode
                0x00000000200118cc        0x1 ../../../../simplelink/gcc/lib/nonos/Debug/libsimplelink.a(driver.o)
 *fill*         0x00000000200118cd        0x3 
 .bss.g__SlNonOsCB
                0x00000000200118d0       0x3c ../../../../simplelink/gcc/lib/nonos/Debug/libsimplelink.a(nonos.o)
                0x00000000200118d0                g__SlNonOsCB
 .bss.g_SpiFd   0x000000002001190c        0x4 ../../../../simplelink/gcc/lib/nonos/Debug/libsimplelink.a(cc_pal.o)
                0x000000002001190c                g_SpiFd
 .bss.g_ucDMAEnabled
                0x0000000020011910        0x1 ../../../../simplelink/gcc/lib/nonos/Debug/libsimplelink.a(cc_pal.o)
                0x0000000020011910                g_ucDMAEnabled
 *fill*         0x0000000020011911        0x3 
 .bss.__malloc_sbrk_start
                0x0000000020011914        0x4 /usr/lib/gcc/arm-none-eabi/5.2.0/../../../../arm-none-eabi/lib/armv7e-m/libc_nano.a(lib_a-nano-mallocr.o)
                0x0000000020011914                __malloc_sbrk_start
 .bss.__malloc_free_list
                0x0000000020011918        0x4 /usr/lib/gcc/arm-none-eabi/5.2.0/../../../../arm-none-eabi/lib/armv7e-m/libc_nano.a(lib_a-nano-mallocr.o)
                0x0000000020011918                __malloc_free_list
 *(COMMON)
 COMMON         0x000000002001191c       0x39 obj/Debug/net.o
                0x000000002001191c                g_ulIpAddr
                0x0000000020011920                g_ucSimplelinkstarted
                0x0000000020011924                g_ucConnectionBSSID
                0x000000002001192c                g_ulGatewayIP
                0x0000000020011930                g_ulStatus
                0x0000000020011934                g_ucConnectionSSID
 *fill*         0x0000000020011955        0x3 
 COMMON         0x0000000020011958        0x8 obj/Debug/button_if.o
                0x0000000020011958                g_S3InterruptHdl
                0x000000002001195c                g_S2InterruptHdl
 *fill*         0x0000000020011960      0x2a0 
 COMMON         0x0000000020011c00      0x800 obj/Debug/udma_if.o
                0x0000000020011c00                gfpAppCallbackHndl
                0x0000000020011d00                iDone
                0x0000000020012000                gpCtlTbl
 COMMON         0x0000000020012400       0xac ../../../../simplelink_extlib/ota/gcc/lib/Debug/ota.a(OtaApp.o)
                0x0000000020012400                g_OtaApp_statistics
                0x000000002001244c                g_FlcSflashCb
                0x0000000020012460                g_OtaApp
 COMMON         0x00000000200124ac      0x848 ../../../../simplelink_extlib/ota/gcc/lib/Debug/ota.a(OtaClient.o)
                0x00000000200124ac                g_OtaCheckUpdateResponse
                0x00000000200128f8                g_OtaFileMetadata
                0x0000000020012cd0                g_OtaClient
 COMMON         0x0000000020012cf4       0x74 ../../../../simplelink_extlib/ota/gcc/lib/Debug/ota.a(CdnClient.o)
                0x0000000020012cf4                g_CdnClient
 COMMON         0x0000000020012d68        0x8 ../../../../simplelink_extlib/ota/gcc/lib/Debug/ota.a(LogClient.o)
                0x0000000020012d68                g_LogClient
 COMMON         0x0000000020012d70        0x2 ../../../../simplelink/gcc/lib/nonos/Debug/libsimplelink.a(driver.o)
                0x0000000020012d70                g_bDeviceRestartIsRequired
                0x0000000020012d71                RxIrqCnt
 *fill*         0x0000000020012d72        0x2 
 COMMON         0x0000000020012d74       0x54 ../../../../simplelink/gcc/lib/nonos/Debug/libsimplelink.a(cc_pal.o)
                0x0000000020012d74                g_cDummy
                0x0000000020012d78                g_ucDinDout
 COMMON         0x0000000020012dc8        0x4 /usr/lib/gcc/arm-none-eabi/5.2.0/../../../../arm-none-eabi/lib/armv7e-m/libc_nano.a(lib_a-reent.o)
                0x0000000020012dc8                errno
                0x0000000020012dcc                _ebss = .

.heap           0x0000000020012dcc    0x2d234
                0x0000000020012dcc                _heap = .
                0x000000002003fcf8                . = (((((((. + 0x40000) - SIZEOF (.bss)) - SIZEOF (.data)) - SIZEOF (.ARM)) - SIZEOF (.text)) - SIZEOF (.bootloader)) - 0x400)
 *fill*         0x0000000020012dcc    0x2cf2c 
                0x0000000020040000                . = ALIGN (0x400)
 *fill*         0x000000002003fcf8      0x308 
                0x0000000020040000                _eheap = .
LOAD obj/Debug/main.o
LOAD obj/Debug/pinmux.o
LOAD obj/Debug/net.o
LOAD obj/Debug/task.o
LOAD obj/Debug/uart_if.o
LOAD obj/Debug/button_if.o
LOAD obj/Debug/udma_if.o
LOAD obj/Debug/startup_gcc.o
LOAD ../../../../simplelink_extlib/ota/gcc/lib/Debug/ota.a
LOAD ../../../../simplelink_extlib/flc/gcc/lib/Debug/flc.a
LOAD ../../../../simplelink/gcc/lib/nonos/Debug/libsimplelink.a
LOAD ../../../../driverlib/gcc/lib/Debug/libdriver.a
LOAD /usr/lib/gcc/arm-none-eabi/5.2.0/../../../../arm-none-eabi/lib/armv7e-m/libc_nano.a
LOAD /usr/lib/gcc/arm-none-eabi/5.2.0/../../../../arm-none-eabi/lib/armv7e-m/libm.a
LOAD /usr/lib/gcc/arm-none-eabi/5.2.0/armv7e-m/libgcc.a
LOAD /usr/lib/gcc/arm-none-eabi/5.2.0/../../../../arm-none-eabi/lib/armv7e-m/libnosys.a
OUTPUT(bin/Debug/ota_update_nonos.elf elf32-littlearm)

.debug_info     0x0000000000000000    0x1ace5
 .debug_info    0x0000000000000000      0xa9a obj/Debug/main.o
 .debug_info    0x0000000000000a9a       0x45 obj/Debug/pinmux.o
 .debug_info    0x0000000000000adf      0xdd8 obj/Debug/net.o
 .debug_info    0x00000000000018b7      0x277 obj/Debug/task.o
 .debug_info    0x0000000000001b2e      0x2ac obj/Debug/uart_if.o
 .debug_info    0x0000000000001dda      0x195 obj/Debug/button_if.o
 .debug_info    0x0000000000001f6f      0x377 obj/Debug/udma_if.o
 .debug_info    0x00000000000022e6      0x20f obj/Debug/startup_gcc.o
 .debug_info    0x00000000000024f5      0xa14 ../../../../simplelink_extlib/ota/gcc/lib/Debug/ota.a(OtaApp.o)
 .debug_info    0x0000000000002f09      0x922 ../../../../simplelink_extlib/ota/gcc/lib/Debug/ota.a(OtaClient.o)
 .debug_info    0x000000000000382b      0x704 ../../../../simplelink_extlib/ota/gcc/lib/Debug/ota.a(OtaHttp.o)
 .debug_info    0x0000000000003f2f      0x785 ../../../../simplelink_extlib/ota/gcc/lib/Debug/ota.a(CdnClient.o)
 .debug_info    0x00000000000046b4      0x4a3 ../../../../simplelink_extlib/ota/gcc/lib/Debug/ota.a(LogClient.o)
 .debug_info    0x0000000000004b57      0x409 ../../../../simplelink_extlib/flc/gcc/lib/Debug/flc.a(flc.o)
 .debug_info    0x0000000000004f60      0xef9 ../../../../simplelink/gcc/lib/nonos/Debug/libsimplelink.a(device.o)
 .debug_info    0x0000000000005e59     0x1bec ../../../../simplelink/gcc/lib/nonos/Debug/libsimplelink.a(driver.o)
 .debug_info    0x0000000000007a45     0x18d2 ../../../../simplelink/gcc/lib/nonos/Debug/libsimplelink.a(netapp.o)
 .debug_info    0x0000000000009317      0x3a9 ../../../../simplelink/gcc/lib/nonos/Debug/libsimplelink.a(netcfg.o)
 .debug_info    0x00000000000096c0      0x670 ../../../../simplelink/gcc/lib/nonos/Debug/libsimplelink.a(nonos.o)
 .debug_info    0x0000000000009d30      0x96c ../../../../simplelink/gcc/lib/nonos/Debug/libsimplelink.a(fs.o)
 .debug_info    0x000000000000a69c     0x1a22 ../../../../simplelink/gcc/lib/nonos/Debug/libsimplelink.a(socket.o)
 .debug_info    0x000000000000c0be     0x1a67 ../../../../simplelink/gcc/lib/nonos/Debug/libsimplelink.a(wlan.o)
 .debug_info    0x000000000000db25      0x677 ../../../../simplelink/gcc/lib/nonos/Debug/libsimplelink.a(cc_pal.o)
 .debug_info    0x000000000000e19c      0x3b0 ../../../../driverlib/gcc/lib/Debug/libdriver.a(gpio.o)
 .debug_info    0x000000000000e54c      0x383 ../../../../driverlib/gcc/lib/Debug/libdriver.a(interrupt.o)
 .debug_info    0x000000000000e8cf      0x3eb ../../../../driverlib/gcc/lib/Debug/libdriver.a(pin.o)
 .debug_info    0x000000000000ecba      0xa3d ../../../../driverlib/gcc/lib/Debug/libdriver.a(prcm.o)
 .debug_info    0x000000000000f6f7      0x9be ../../../../driverlib/gcc/lib/Debug/libdriver.a(spi.o)
 .debug_info    0x00000000000100b5      0x103 ../../../../driverlib/gcc/lib/Debug/libdriver.a(systick.o)
 .debug_info    0x00000000000101b8      0x5c1 ../../../../driverlib/gcc/lib/Debug/libdriver.a(timer.o)
 .debug_info    0x0000000000010779      0x82e ../../../../driverlib/gcc/lib/Debug/libdriver.a(uart.o)
 .debug_info    0x0000000000010fa7      0x53f ../../../../driverlib/gcc/lib/Debug/libdriver.a(udma.o)
 .debug_info    0x00000000000114e6       0x50 ../../../../driverlib/gcc/lib/Debug/libdriver.a(utils.o)
 .debug_info    0x0000000000011536       0xfe ../../../../driverlib/gcc/lib/Debug/libdriver.a(cpu.o)
 .debug_info    0x0000000000011634      0x7c5 /usr/lib/gcc/arm-none-eabi/5.2.0/../../../../arm-none-eabi/lib/armv7e-m/libc_nano.a(lib_a-atol.o)
 .debug_info    0x0000000000011df9      0x7b2 /usr/lib/gcc/arm-none-eabi/5.2.0/../../../../arm-none-eabi/lib/armv7e-m/libc_nano.a(lib_a-malloc.o)
 .debug_info    0x00000000000125ab      0x115 /usr/lib/gcc/arm-none-eabi/5.2.0/../../../../arm-none-eabi/lib/armv7e-m/libc_nano.a(lib_a-memcpy.o)
 .debug_info    0x00000000000126c0      0x109 /usr/lib/gcc/arm-none-eabi/5.2.0/../../../../arm-none-eabi/lib/armv7e-m/libc_nano.a(lib_a-memmove.o)
 .debug_info    0x00000000000127c9       0xda /usr/lib/gcc/arm-none-eabi/5.2.0/../../../../arm-none-eabi/lib/armv7e-m/libc_nano.a(lib_a-memset.o)
 .debug_info    0x00000000000128a3      0x821 /usr/lib/gcc/arm-none-eabi/5.2.0/../../../../arm-none-eabi/lib/armv7e-m/libc_nano.a(lib_a-nano-freer.o)
 .debug_info    0x00000000000130c4      0x8ec /usr/lib/gcc/arm-none-eabi/5.2.0/../../../../arm-none-eabi/lib/armv7e-m/libc_nano.a(lib_a-nano-mallocr.o)
 .debug_info    0x00000000000139b0      0x786 /usr/lib/gcc/arm-none-eabi/5.2.0/../../../../arm-none-eabi/lib/armv7e-m/libc_nano.a(lib_a-realloc.o)
 .debug_info    0x0000000000014136      0x7a1 /usr/lib/gcc/arm-none-eabi/5.2.0/../../../../arm-none-eabi/lib/armv7e-m/libc_nano.a(lib_a-sbrkr.o)
 .debug_info    0x00000000000148d7      0x8bd /usr/lib/gcc/arm-none-eabi/5.2.0/../../../../arm-none-eabi/lib/armv7e-m/libc_nano.a(lib_a-snprintf.o)
 .debug_info    0x0000000000015194      0x88c /usr/lib/gcc/arm-none-eabi/5.2.0/../../../../arm-none-eabi/lib/armv7e-m/libc_nano.a(lib_a-sprintf.o)
 .debug_info    0x0000000000015a20       0xdd /usr/lib/gcc/arm-none-eabi/5.2.0/../../../../arm-none-eabi/lib/armv7e-m/libc_nano.a(lib_a-strcat.o)
 .debug_info    0x0000000000015afd       0xea /usr/lib/gcc/arm-none-eabi/5.2.0/../../../../arm-none-eabi/lib/armv7e-m/libc_nano.a(lib_a-strchr.o)
 .debug_info    0x0000000000015be7       0xc4 /usr/lib/gcc/arm-none-eabi/5.2.0/../../../../arm-none-eabi/lib/armv7e-m/libc_nano.a(lib_a-strcmp.o)
 .debug_info    0x0000000000015cab       0xc4 /usr/lib/gcc/arm-none-eabi/5.2.0/../../../../arm-none-eabi/lib/armv7e-m/libc_nano.a(lib_a-strcpy.o)
 .debug_info    0x0000000000015d6f       0xd4 /usr/lib/gcc/arm-none-eabi/5.2.0/../../../../arm-none-eabi/lib/armv7e-m/libc_nano.a(lib_a-strlen.o)
 .debug_info    0x0000000000015e43       0xd6 /usr/lib/gcc/arm-none-eabi/5.2.0/../../../../arm-none-eabi/lib/armv7e-m/libc_nano.a(lib_a-strncmp.o)
 .debug_info    0x0000000000015f19      0x10a /usr/lib/gcc/arm-none-eabi/5.2.0/../../../../arm-none-eabi/lib/armv7e-m/libc_nano.a(lib_a-strncpy.o)
 .debug_info    0x0000000000016023       0xde /usr/lib/gcc/arm-none-eabi/5.2.0/../../../../arm-none-eabi/lib/armv7e-m/libc_nano.a(lib_a-strstr.o)
 .debug_info    0x0000000000016101      0x864 /usr/lib/gcc/arm-none-eabi/5.2.0/../../../../arm-none-eabi/lib/armv7e-m/libc_nano.a(lib_a-strtol.o)
 .debug_info    0x0000000000016965      0x892 /usr/lib/gcc/arm-none-eabi/5.2.0/../../../../arm-none-eabi/lib/armv7e-m/libc_nano.a(lib_a-vsnprintf.o)
 .debug_info    0x00000000000171f7       0x6f /usr/lib/gcc/arm-none-eabi/5.2.0/../../../../arm-none-eabi/lib/armv7e-m/libc_nano.a(lib_a-ctype_.o)
 .debug_info    0x0000000000017266      0x7da /usr/lib/gcc/arm-none-eabi/5.2.0/../../../../arm-none-eabi/lib/armv7e-m/libc_nano.a(lib_a-impure.o)
 .debug_info    0x0000000000017a40      0x878 /usr/lib/gcc/arm-none-eabi/5.2.0/../../../../arm-none-eabi/lib/armv7e-m/libc_nano.a(lib_a-nano-reallocr.o)
 .debug_info    0x00000000000182b8      0xd40 /usr/lib/gcc/arm-none-eabi/5.2.0/../../../../arm-none-eabi/lib/armv7e-m/libc_nano.a(lib_a-nano-svfprintf.o)
 .debug_info    0x0000000000018ff8      0xb33 /usr/lib/gcc/arm-none-eabi/5.2.0/../../../../arm-none-eabi/lib/armv7e-m/libc_nano.a(lib_a-nano-vfprintf_i.o)
 .debug_info    0x0000000000019b2b      0x8fb /usr/lib/gcc/arm-none-eabi/5.2.0/../../../../arm-none-eabi/lib/armv7e-m/libc_nano.a(lib_a-reent.o)
 .debug_info    0x000000000001a426       0xff /usr/lib/gcc/arm-none-eabi/5.2.0/../../../../arm-none-eabi/lib/armv7e-m/libc_nano.a(lib_a-memchr.o)
 .debug_info    0x000000000001a525      0x7c0 /usr/lib/gcc/arm-none-eabi/5.2.0/../../../../arm-none-eabi/lib/armv7e-m/libc_nano.a(lib_a-nano-msizer.o)

.debug_abbrev   0x0000000000000000     0x5355
 .debug_abbrev  0x0000000000000000      0x26e obj/Debug/main.o
 .debug_abbrev  0x000000000000026e       0x37 obj/Debug/pinmux.o
 .debug_abbrev  0x00000000000002a5      0x268 obj/Debug/net.o
 .debug_abbrev  0x000000000000050d      0x127 obj/Debug/task.o
 .debug_abbrev  0x0000000000000634      0x147 obj/Debug/uart_if.o
 .debug_abbrev  0x000000000000077b       0xc9 obj/Debug/button_if.o
 .debug_abbrev  0x0000000000000844      0x140 obj/Debug/udma_if.o
 .debug_abbrev  0x0000000000000984      0x10b obj/Debug/startup_gcc.o
 .debug_abbrev  0x0000000000000a8f      0x16b ../../../../simplelink_extlib/ota/gcc/lib/Debug/ota.a(OtaApp.o)
 .debug_abbrev  0x0000000000000bfa      0x17c ../../../../simplelink_extlib/ota/gcc/lib/Debug/ota.a(OtaClient.o)
 .debug_abbrev  0x0000000000000d76      0x17e ../../../../simplelink_extlib/ota/gcc/lib/Debug/ota.a(OtaHttp.o)
 .debug_abbrev  0x0000000000000ef4      0x181 ../../../../simplelink_extlib/ota/gcc/lib/Debug/ota.a(CdnClient.o)
 .debug_abbrev  0x0000000000001075      0x105 ../../../../simplelink_extlib/ota/gcc/lib/Debug/ota.a(LogClient.o)
 .debug_abbrev  0x000000000000117a      0x11c ../../../../simplelink_extlib/flc/gcc/lib/Debug/flc.a(flc.o)
 .debug_abbrev  0x0000000000001296      0x276 ../../../../simplelink/gcc/lib/nonos/Debug/libsimplelink.a(device.o)
 .debug_abbrev  0x000000000000150c      0x296 ../../../../simplelink/gcc/lib/nonos/Debug/libsimplelink.a(driver.o)
 .debug_abbrev  0x00000000000017a2      0x294 ../../../../simplelink/gcc/lib/nonos/Debug/libsimplelink.a(netapp.o)
 .debug_abbrev  0x0000000000001a36      0x139 ../../../../simplelink/gcc/lib/nonos/Debug/libsimplelink.a(netcfg.o)
 .debug_abbrev  0x0000000000001b6f      0x172 ../../../../simplelink/gcc/lib/nonos/Debug/libsimplelink.a(nonos.o)
 .debug_abbrev  0x0000000000001ce1      0x211 ../../../../simplelink/gcc/lib/nonos/Debug/libsimplelink.a(fs.o)
 .debug_abbrev  0x0000000000001ef2      0x2cb ../../../../simplelink/gcc/lib/nonos/Debug/libsimplelink.a(socket.o)
 .debug_abbrev  0x00000000000021bd      0x231 ../../../../simplelink/gcc/lib/nonos/Debug/libsimplelink.a(wlan.o)
 .debug_abbrev  0x00000000000023ee      0x1bd ../../../../simplelink/gcc/lib/nonos/Debug/libsimplelink.a(cc_pal.o)
 .debug_abbrev  0x00000000000025ab      0x130 ../../../../driverlib/gcc/lib/Debug/libdriver.a(gpio.o)
 .debug_abbrev  0x00000000000026db      0x145 ../../../../driverlib/gcc/lib/Debug/libdriver.a(interrupt.o)
 .debug_abbrev  0x0000000000002820       0xf4 ../../../../driverlib/gcc/lib/Debug/libdriver.a(pin.o)
 .debug_abbrev  0x0000000000002914      0x1cc ../../../../driverlib/gcc/lib/Debug/libdriver.a(prcm.o)
 .debug_abbrev  0x0000000000002ae0      0x131 ../../../../driverlib/gcc/lib/Debug/libdriver.a(spi.o)
 .debug_abbrev  0x0000000000002c11       0xd6 ../../../../driverlib/gcc/lib/Debug/libdriver.a(systick.o)
 .debug_abbrev  0x0000000000002ce7       0xde ../../../../driverlib/gcc/lib/Debug/libdriver.a(timer.o)
 .debug_abbrev  0x0000000000002dc5      0x131 ../../../../driverlib/gcc/lib/Debug/libdriver.a(uart.o)
 .debug_abbrev  0x0000000000002ef6      0x182 ../../../../driverlib/gcc/lib/Debug/libdriver.a(udma.o)
 .debug_abbrev  0x0000000000003078       0x48 ../../../../driverlib/gcc/lib/Debug/libdriver.a(utils.o)
 .debug_abbrev  0x00000000000030c0       0xb4 ../../../../driverlib/gcc/lib/Debug/libdriver.a(cpu.o)
 .debug_abbrev  0x0000000000003174      0x15f /usr/lib/gcc/arm-none-eabi/5.2.0/../../../../arm-none-eabi/lib/armv7e-m/libc_nano.a(lib_a-atol.o)
 .debug_abbrev  0x00000000000032d3      0x18a /usr/lib/gcc/arm-none-eabi/5.2.0/../../../../arm-none-eabi/lib/armv7e-m/libc_nano.a(lib_a-malloc.o)
 .debug_abbrev  0x000000000000345d       0xab /usr/lib/gcc/arm-none-eabi/5.2.0/../../../../arm-none-eabi/lib/armv7e-m/libc_nano.a(lib_a-memcpy.o)
 .debug_abbrev  0x0000000000003508       0x9c /usr/lib/gcc/arm-none-eabi/5.2.0/../../../../arm-none-eabi/lib/armv7e-m/libc_nano.a(lib_a-memmove.o)
 .debug_abbrev  0x00000000000035a4       0x8e /usr/lib/gcc/arm-none-eabi/5.2.0/../../../../arm-none-eabi/lib/armv7e-m/libc_nano.a(lib_a-memset.o)
 .debug_abbrev  0x0000000000003632      0x1b6 /usr/lib/gcc/arm-none-eabi/5.2.0/../../../../arm-none-eabi/lib/armv7e-m/libc_nano.a(lib_a-nano-freer.o)
 .debug_abbrev  0x00000000000037e8      0x24e /usr/lib/gcc/arm-none-eabi/5.2.0/../../../../arm-none-eabi/lib/armv7e-m/libc_nano.a(lib_a-nano-mallocr.o)
 .debug_abbrev  0x0000000000003a36      0x17f /usr/lib/gcc/arm-none-eabi/5.2.0/../../../../arm-none-eabi/lib/armv7e-m/libc_nano.a(lib_a-realloc.o)
 .debug_abbrev  0x0000000000003bb5      0x1a0 /usr/lib/gcc/arm-none-eabi/5.2.0/../../../../arm-none-eabi/lib/armv7e-m/libc_nano.a(lib_a-sbrkr.o)
 .debug_abbrev  0x0000000000003d55      0x1c2 /usr/lib/gcc/arm-none-eabi/5.2.0/../../../../arm-none-eabi/lib/armv7e-m/libc_nano.a(lib_a-snprintf.o)
 .debug_abbrev  0x0000000000003f17      0x1c0 /usr/lib/gcc/arm-none-eabi/5.2.0/../../../../arm-none-eabi/lib/armv7e-m/libc_nano.a(lib_a-sprintf.o)
 .debug_abbrev  0x00000000000040d7       0x7b /usr/lib/gcc/arm-none-eabi/5.2.0/../../../../arm-none-eabi/lib/armv7e-m/libc_nano.a(lib_a-strcat.o)
 .debug_abbrev  0x0000000000004152       0x83 /usr/lib/gcc/arm-none-eabi/5.2.0/../../../../arm-none-eabi/lib/armv7e-m/libc_nano.a(lib_a-strchr.o)
 .debug_abbrev  0x00000000000041d5       0x14 /usr/lib/gcc/arm-none-eabi/5.2.0/../../../../arm-none-eabi/lib/armv7e-m/libc_nano.a(lib_a-strcmp.o)
 .debug_abbrev  0x00000000000041e9       0x72 /usr/lib/gcc/arm-none-eabi/5.2.0/../../../../arm-none-eabi/lib/armv7e-m/libc_nano.a(lib_a-strcpy.o)
 .debug_abbrev  0x000000000000425b       0x8c /usr/lib/gcc/arm-none-eabi/5.2.0/../../../../arm-none-eabi/lib/armv7e-m/libc_nano.a(lib_a-strlen.o)
 .debug_abbrev  0x00000000000042e7       0x70 /usr/lib/gcc/arm-none-eabi/5.2.0/../../../../arm-none-eabi/lib/armv7e-m/libc_nano.a(lib_a-strncmp.o)
 .debug_abbrev  0x0000000000004357       0x97 /usr/lib/gcc/arm-none-eabi/5.2.0/../../../../arm-none-eabi/lib/armv7e-m/libc_nano.a(lib_a-strncpy.o)
 .debug_abbrev  0x00000000000043ee       0x93 /usr/lib/gcc/arm-none-eabi/5.2.0/../../../../arm-none-eabi/lib/armv7e-m/libc_nano.a(lib_a-strstr.o)
 .debug_abbrev  0x0000000000004481      0x1b3 /usr/lib/gcc/arm-none-eabi/5.2.0/../../../../arm-none-eabi/lib/armv7e-m/libc_nano.a(lib_a-strtol.o)
 .debug_abbrev  0x0000000000004634      0x1bd /usr/lib/gcc/arm-none-eabi/5.2.0/../../../../arm-none-eabi/lib/armv7e-m/libc_nano.a(lib_a-vsnprintf.o)
 .debug_abbrev  0x00000000000047f1       0x4e /usr/lib/gcc/arm-none-eabi/5.2.0/../../../../arm-none-eabi/lib/armv7e-m/libc_nano.a(lib_a-ctype_.o)
 .debug_abbrev  0x000000000000483f      0x136 /usr/lib/gcc/arm-none-eabi/5.2.0/../../../../arm-none-eabi/lib/armv7e-m/libc_nano.a(lib_a-impure.o)
 .debug_abbrev  0x0000000000004975      0x1af /usr/lib/gcc/arm-none-eabi/5.2.0/../../../../arm-none-eabi/lib/armv7e-m/libc_nano.a(lib_a-nano-reallocr.o)
 .debug_abbrev  0x0000000000004b24      0x23f /usr/lib/gcc/arm-none-eabi/5.2.0/../../../../arm-none-eabi/lib/armv7e-m/libc_nano.a(lib_a-nano-svfprintf.o)
 .debug_abbrev  0x0000000000004d63      0x1f4 /usr/lib/gcc/arm-none-eabi/5.2.0/../../../../arm-none-eabi/lib/armv7e-m/libc_nano.a(lib_a-nano-vfprintf_i.o)
 .debug_abbrev  0x0000000000004f57      0x1f2 /usr/lib/gcc/arm-none-eabi/5.2.0/../../../../arm-none-eabi/lib/armv7e-m/libc_nano.a(lib_a-reent.o)
 .debug_abbrev  0x0000000000005149       0xab /usr/lib/gcc/arm-none-eabi/5.2.0/../../../../arm-none-eabi/lib/armv7e-m/libc_nano.a(lib_a-memchr.o)
 .debug_abbrev  0x00000000000051f4      0x161 /usr/lib/gcc/arm-none-eabi/5.2.0/../../../../arm-none-eabi/lib/armv7e-m/libc_nano.a(lib_a-nano-msizer.o)

.debug_aranges  0x0000000000000000     0x1658
 .debug_aranges
                0x0000000000000000       0x90 obj/Debug/main.o
 .debug_aranges
                0x0000000000000090       0x20 obj/Debug/pinmux.o
 .debug_aranges
                0x00000000000000b0       0x78 obj/Debug/net.o
 .debug_aranges
                0x0000000000000128       0x50 obj/Debug/task.o
 .debug_aranges
                0x0000000000000178       0x50 obj/Debug/uart_if.o
 .debug_aranges
                0x00000000000001c8       0x40 obj/Debug/button_if.o
 .debug_aranges
                0x0000000000000208       0x68 obj/Debug/udma_if.o
 .debug_aranges
                0x0000000000000270       0x48 obj/Debug/startup_gcc.o
 .debug_aranges
                0x00000000000002b8       0x58 ../../../../simplelink_extlib/ota/gcc/lib/Debug/ota.a(OtaApp.o)
 .debug_aranges
                0x0000000000000310       0x68 ../../../../simplelink_extlib/ota/gcc/lib/Debug/ota.a(OtaClient.o)
 .debug_aranges