Archive member included to satisfy reference by file (symbol)

../../../simplelink/gcc/lib/os/Release/libsimplelink.a(device.o)
                              obj/Release/main.o (sl_Start)
../../../simplelink/gcc/lib/os/Release/libsimplelink.a(driver.o)
                              ../../../simplelink/gcc/lib/os/Release/libsimplelink.a(device.o) (g_bDeviceRestartIsRequired)
../../../simplelink/gcc/lib/os/Release/libsimplelink.a(netapp.o)
                              obj/Release/main.o (sl_NetAppStart)
../../../simplelink/gcc/lib/os/Release/libsimplelink.a(socket.o)
                              ../../../simplelink/gcc/lib/os/Release/libsimplelink.a(driver.o) (_sl_HandleAsync_Connect)
../../../simplelink/gcc/lib/os/Release/libsimplelink.a(wlan.o)
                              obj/Release/smartconfig.o (sl_WlanPolicySet)
../../../simplelink/gcc/lib/os/Release/libsimplelink.a(cc_pal.o)
                              ../../../simplelink/gcc/lib/os/Release/libsimplelink.a(device.o) (spi_Open)
../../../oslib/gcc/free_rtos/Release/free_rtos.a(osi_freertos.o)
                              obj/Release/gpio_if.o (osi_InterruptRegister)
../../../oslib/gcc/free_rtos/Release/free_rtos.a(queue.o)
                              ../../../oslib/gcc/free_rtos/Release/free_rtos.a(osi_freertos.o) (xQueueGenericCreate)
../../../oslib/gcc/free_rtos/Release/free_rtos.a(tasks.o)
                              ../../../oslib/gcc/free_rtos/Release/free_rtos.a(osi_freertos.o) (xTaskGenericCreate)
../../../oslib/gcc/free_rtos/Release/free_rtos.a(port.o)
                              ../../../oslib/gcc/free_rtos/Release/free_rtos.a(tasks.o) (pxPortInitialiseStack)
../../../oslib/gcc/free_rtos/Release/free_rtos.a(timers.o)
                              ../../../oslib/gcc/free_rtos/Release/free_rtos.a(tasks.o) (xTimerCreateTimerTask)
../../../oslib/gcc/free_rtos/Release/free_rtos.a(heap_3.o)
                              ../../../oslib/gcc/free_rtos/Release/free_rtos.a(osi_freertos.o) (pvPortMalloc)
../../../oslib/gcc/free_rtos/Release/free_rtos.a(list.o)
                              ../../../oslib/gcc/free_rtos/Release/free_rtos.a(queue.o) (vListInitialise)
../../../driverlib/gcc/lib/Release/libdriver.a(interrupt.o)
                              obj/Release/main.o (IntEnable)
../../../driverlib/gcc/lib/Release/libdriver.a(pin.o)
                              obj/Release/main.o (PinConfigSet)
../../../driverlib/gcc/lib/Release/libdriver.a(prcm.o)
                              obj/Release/pinmux.o (PRCMPeripheralClkEnable)
../../../driverlib/gcc/lib/Release/libdriver.a(spi.o)
                              ../../../simplelink/gcc/lib/os/Release/libsimplelink.a(cc_pal.o) (SPIConfigSetExpClk)
../../../driverlib/gcc/lib/Release/libdriver.a(timer.o)
                              ../../../simplelink/gcc/lib/os/Release/libsimplelink.a(cc_pal.o) (TimerConfigure)
../../../driverlib/gcc/lib/Release/libdriver.a(utils.o)
                              ../../../simplelink/gcc/lib/os/Release/libsimplelink.a(cc_pal.o) (UtilsDelay)
../../../driverlib/gcc/lib/Release/libdriver.a(cpu.o)
                              ../../../driverlib/gcc/lib/Release/libdriver.a(interrupt.o) (CPUcpsid)
../../../driverlib/gcc/lib/Release/libdriver.a(flash.o)
                              ../../../driverlib/gcc/lib/Release/libdriver.a(prcm.o) (FlashDisable)
/usr/lib/gcc/arm-none-eabi/5.2.0/../../../../arm-none-eabi/lib/armv7e-m/libm.a(lib_a-w_pow.o)
                              obj/Release/tmp006drv.o (pow)
/usr/lib/gcc/arm-none-eabi/5.2.0/../../../../arm-none-eabi/lib/armv7e-m/libm.a(lib_a-e_pow.o)
                              /usr/lib/gcc/arm-none-eabi/5.2.0/../../../../arm-none-eabi/lib/armv7e-m/libm.a(lib_a-w_pow.o) (__ieee754_pow)
/usr/lib/gcc/arm-none-eabi/5.2.0/../../../../arm-none-eabi/lib/armv7e-m/libm.a(lib_a-e_sqrt.o)
                              /usr/lib/gcc/arm-none-eabi/5.2.0/../../../../arm-none-eabi/lib/armv7e-m/libm.a(lib_a-e_pow.o) (__ieee754_sqrt)
/usr/lib/gcc/arm-none-eabi/5.2.0/../../../../arm-none-eabi/lib/armv7e-m/libm.a(lib_a-s_fabs.o)
                              /usr/lib/gcc/arm-none-eabi/5.2.0/../../../../arm-none-eabi/lib/armv7e-m/libm.a(lib_a-e_pow.o) (fabs)
/usr/lib/gcc/arm-none-eabi/5.2.0/../../../../arm-none-eabi/lib/armv7e-m/libm.a(lib_a-s_finite.o)
                              /usr/lib/gcc/arm-none-eabi/5.2.0/../../../../arm-none-eabi/lib/armv7e-m/libm.a(lib_a-w_pow.o) (finite)
/usr/lib/gcc/arm-none-eabi/5.2.0/../../../../arm-none-eabi/lib/armv7e-m/libm.a(lib_a-s_fpclassify.o)
                              /usr/lib/gcc/arm-none-eabi/5.2.0/../../../../arm-none-eabi/lib/armv7e-m/libm.a(lib_a-w_pow.o) (__fpclassifyd)
/usr/lib/gcc/arm-none-eabi/5.2.0/../../../../arm-none-eabi/lib/armv7e-m/libm.a(lib_a-s_lib_ver.o)
                              /usr/lib/gcc/arm-none-eabi/5.2.0/../../../../arm-none-eabi/lib/armv7e-m/libm.a(lib_a-w_pow.o) (__fdlib_version)
[...]
Memory Configuration

Name             Origin             Length             Attributes
SRAM             0x0000000020000000 0x0000000000040000 xrw
*default*        0x0000000000000000 0xffffffffffffffff

Linker script and memory map

                0x0000000000004000                BOOTLOADER_SIZE = 0x4000

.bootloader     0x0000000020000000     0x4000
                0x0000000020000000                _heap2 = .
                0x0000000020004000                . = (. + BOOTLOADER_SIZE)
 *fill*         0x0000000020000000     0x4000 
                0x0000000020004000                . = ALIGN (0x8)
                0x0000000020004000                _eheap2 = .

.text           0x0000000020004000     0x84d0
                0x0000000020004000                _text = .
 *(.intvecs)
 .intvecs       0x0000000020004000      0x400 obj/Release/startup_gcc.o
                0x0000000020004000                g_pfnVectors
 *(.text*)
 .text.ConfigureMode
                0x0000000020004400       0x40 obj/Release/main.o
 .text.vAssertCalled
                0x0000000020004440        0x2 obj/Release/main.o
                0x0000000020004440                vAssertCalled
 .text.vApplicationIdleHook
                0x0000000020004442        0x2 obj/Release/main.o
                0x0000000020004442                vApplicationIdleHook
 .text.vApplicationStackOverflowHook
                0x0000000020004444        0x2 obj/Release/main.o
                0x0000000020004444                vApplicationStackOverflowHook
 .text.vApplicationMallocFailedHook
                0x0000000020004446        0x2 obj/Release/main.o
                0x0000000020004446                vApplicationMallocFailedHook
 .text.ReadAccSensor
                0x0000000020004448       0x8c obj/Release/main.o
                0x0000000020004448                ReadAccSensor
 .text.SimpleLinkWlanEventHandler
                0x00000000200044d4       0xec obj/Release/main.o
                0x00000000200044d4                SimpleLinkWlanEventHandler
 .text.SimpleLinkNetAppEventHandler
                0x00000000200045c0       0x8c obj/Release/main.o
                0x00000000200045c0                SimpleLinkNetAppEventHandler
 .text.SimpleLinkHttpServerCallback
                0x000000002000464c      0x1d0 obj/Release/main.o
                0x000000002000464c                SimpleLinkHttpServerCallback
 .text.SimpleLinkGeneralEventHandler
                0x000000002000481c       0x24 obj/Release/main.o
                0x000000002000481c                SimpleLinkGeneralEventHandler
 .text.SimpleLinkSockEventHandler
                0x0000000020004840       0x48 obj/Release/main.o
                0x0000000020004840                SimpleLinkSockEventHandler
 .text.ConnectToNetwork
                0x0000000020004888      0x1a0 obj/Release/main.o
                0x0000000020004888                ConnectToNetwork
 .text.OOBTask  0x0000000020004a28       0x9c obj/Release/main.o
 .text.startup.main
                0x0000000020004ac4      0x150 obj/Release/main.o
                0x0000000020004ac4                main
 .text.PinMuxConfig
                0x0000000020004c14       0x8c obj/Release/pinmux.o
                0x0000000020004c14                PinMuxConfig
 .text.SmartConfigConnect
                0x0000000020004ca0       0x6c obj/Release/smartconfig.o
                0x0000000020004ca0                SmartConfigConnect
 .text.SimpleLinkPingReport
                0x0000000020004d0c       0x18 obj/Release/device_status.o
                0x0000000020004d0c                SimpleLinkPingReport
 .text.ConnectionTest
                0x0000000020004d24       0x70 obj/Release/device_status.o
                0x0000000020004d24                ConnectionTest
 .text.GetRegisterValue
                0x0000000020004d94       0x2c obj/Release/bma222drv.o
                0x0000000020004d94                GetRegisterValue
 .text.BlockRead
                0x0000000020004dc0       0x2c obj/Release/bma222drv.o
                0x0000000020004dc0                BlockRead
 .text.BMA222Open
                0x0000000020004dec       0x24 obj/Release/bma222drv.o
                0x0000000020004dec                BMA222Open
 .text.BMA222ReadNew
                0x0000000020004e10       0x48 obj/Release/bma222drv.o
                0x0000000020004e10                BMA222ReadNew
 .text.GetRegisterValue
                0x0000000020004e58       0x3c obj/Release/tmp006drv.o
 .text.TMP006DrvOpen
                0x0000000020004e94       0x84 obj/Release/tmp006drv.o
                0x0000000020004e94                TMP006DrvOpen
 .text.TMP006DrvGetTemp
                0x0000000020004f18      0x1e0 obj/Release/tmp006drv.o
                0x0000000020004f18                TMP006DrvGetTemp
 .text.I2CTransact
                0x00000000200050f8       0x74 obj/Release/i2c_if.o
 .text.I2C_IF_Write
                0x000000002000516c       0x70 obj/Release/i2c_if.o
                0x000000002000516c                I2C_IF_Write
 .text.I2C_IF_Read
                0x00000000200051dc       0x7c obj/Release/i2c_if.o
                0x00000000200051dc                I2C_IF_Read
 .text.I2C_IF_ReadFrom
                0x0000000020005258       0x22 obj/Release/i2c_if.o
                0x0000000020005258                I2C_IF_ReadFrom
 *fill*         0x000000002000527a        0x2 
 .text.I2C_IF_Open
                0x000000002000527c       0x40 obj/Release/i2c_if.o
                0x000000002000527c                I2C_IF_Open
 .text.InitTerm
                0x00000000200052bc       0x34 obj/Release/uart_if.o
                0x00000000200052bc                InitTerm
 .text.Message  0x00000000200052f0       0x20 obj/Release/uart_if.o
                0x00000000200052f0                Message
 .text.Report   0x0000000020005310       0x68 obj/Release/uart_if.o
                0x0000000020005310                Report
 .text.GPIO_IF_LedConfigure
                0x0000000020005378       0x50 obj/Release/gpio_if.o
                0x0000000020005378                GPIO_IF_LedConfigure
 .text.GPIO_IF_GetPortNPin
                0x00000000200053c8       0x1c obj/Release/gpio_if.o
                0x00000000200053c8                GPIO_IF_GetPortNPin
 .text.GPIO_IF_Set
                0x00000000200053e4       0x1e obj/Release/gpio_if.o
                0x00000000200053e4                GPIO_IF_Set
 *fill*         0x0000000020005402        0x2 
 .text.GPIO_IF_LedOn
                0x0000000020005404       0x84 obj/Release/gpio_if.o
                0x0000000020005404                GPIO_IF_LedOn
 .text.GPIO_IF_LedOff
                0x0000000020005488       0x84 obj/Release/gpio_if.o
                0x0000000020005488                GPIO_IF_LedOff
 .text.GPIO_IF_Get
                0x000000002000550c       0x1c obj/Release/gpio_if.o
                0x000000002000550c                GPIO_IF_Get
 .text.NmiSR    0x0000000020005528        0x2 obj/Release/startup_gcc.o
 .text.FaultISR
                0x000000002000552a        0x2 obj/Release/startup_gcc.o
 .text.BusFaultHandler
                0x000000002000552c        0x2 obj/Release/startup_gcc.o
 .text.IntDefaultHandler
                0x000000002000552e        0x2 obj/Release/startup_gcc.o
 .text.ResetISR
                0x0000000020005530       0x5c obj/Release/startup_gcc.o
                0x0000000020005530                ResetISR
 .text._sbrk    0x000000002000558c       0x3c obj/Release/startup_gcc.o
                0x000000002000558c                _sbrk
 .text.sl_Start
                0x00000000200055c8       0xcc ../../../simplelink/gcc/lib/os/Release/libsimplelink.a(device.o)
                0x00000000200055c8                sl_Start
 .text._sl_HandleAsync_InitComplete
                0x0000000020005694       0x6c ../../../simplelink/gcc/lib/os/Release/libsimplelink.a(device.o)
                0x0000000020005694                _sl_HandleAsync_InitComplete
 .text._sl_HandleAsync_Stop
                0x0000000020005700       0x38 ../../../simplelink/gcc/lib/os/Release/libsimplelink.a(device.o)
                0x0000000020005700                _sl_HandleAsync_Stop
 .text.sl_Stop  0x0000000020005738       0xa0 ../../../simplelink/gcc/lib/os/Release/libsimplelink.a(device.o)
                0x0000000020005738                sl_Stop
 .text._SlDrvDeviceEventHandler
                0x00000000200057d8       0x66 ../../../simplelink/gcc/lib/os/Release/libsimplelink.a(device.o)
                0x00000000200057d8                _SlDrvDeviceEventHandler
 *fill*         0x000000002000583e        0x2 
 .text._SlAsyncEventGenericHandler
                0x0000000020005840       0x54 ../../../simplelink/gcc/lib/os/Release/libsimplelink.a(driver.o)
 .text._SlRemoveFromList
                0x0000000020005894       0x44 ../../../simplelink/gcc/lib/os/Release/libsimplelink.a(driver.o)
 .text._SlFindAndSetActiveObj
                0x00000000200058d8       0x94 ../../../simplelink/gcc/lib/os/Release/libsimplelink.a(driver.o)
 .text._SlDrvObjGlobalLockWaitForever
                0x000000002000596c       0x2c ../../../simplelink/gcc/lib/os/Release/libsimplelink.a(driver.o)
 .text._SlDrvMsgWrite
                0x0000000020005998      0x108 ../../../simplelink/gcc/lib/os/Release/libsimplelink.a(driver.o)
 .text._SlDrvDriverCBDeinit
                0x0000000020005aa0       0xa0 ../../../simplelink/gcc/lib/os/Release/libsimplelink.a(driver.o)
                0x0000000020005aa0                _SlDrvDriverCBDeinit
 .text._SlDrvRxIrqHandler
                0x0000000020005b40       0x44 ../../../simplelink/gcc/lib/os/Release/libsimplelink.a(driver.o)
                0x0000000020005b40                _SlDrvRxIrqHandler
 .text._SlDrvCmdSend
                0x0000000020005b84       0x74 ../../../simplelink/gcc/lib/os/Release/libsimplelink.a(driver.o)
                0x0000000020005b84                _SlDrvCmdSend
 .text._SlDrvDispatchHttpServerEvents
                0x0000000020005bf8        0x4 ../../../simplelink/gcc/lib/os/Release/libsimplelink.a(driver.o)
                0x0000000020005bf8                _SlDrvDispatchHttpServerEvents
 .text._SlDrvSyncObjSignal
                0x0000000020005bfc        0x8 ../../../simplelink/gcc/lib/os/Release/libsimplelink.a(driver.o)
                0x0000000020005bfc                _SlDrvSyncObjSignal
 .text._SlDrvProtectionObjLockWaitForever
                0x0000000020005c04       0x18 ../../../simplelink/gcc/lib/os/Release/libsimplelink.a(driver.o)
                0x0000000020005c04                _SlDrvProtectionObjLockWaitForever
 .text._SlDrvProtectionObjUnLock
                0x0000000020005c1c       0x14 ../../../simplelink/gcc/lib/os/Release/libsimplelink.a(driver.o)
                0x0000000020005c1c                _SlDrvProtectionObjUnLock
 .text._SlDrvReleasePoolObj
                0x0000000020005c30       0xc0 ../../../simplelink/gcc/lib/os/Release/libsimplelink.a(driver.o)
                0x0000000020005c30                _SlDrvReleasePoolObj
 .text._SlDrvGlobalObjUnLock
                0x0000000020005cf0       0x14 ../../../simplelink/gcc/lib/os/Release/libsimplelink.a(driver.o)
                0x0000000020005cf0                _SlDrvGlobalObjUnLock
 .text._SlDrvMemZero
                0x0000000020005d04        0x8 ../../../simplelink/gcc/lib/os/Release/libsimplelink.a(driver.o)
                0x0000000020005d04                _SlDrvMemZero
 .text._SlDrvDriverCBInit
                0x0000000020005d0c       0xe0 ../../../simplelink/gcc/lib/os/Release/libsimplelink.a(driver.o)
                0x0000000020005d0c                _SlDrvDriverCBInit
 .text._SlDrvResetCmdExt
                0x0000000020005dec        0x6 ../../../simplelink/gcc/lib/os/Release/libsimplelink.a(driver.o)
                0x0000000020005dec                _SlDrvResetCmdExt
 *fill*         0x0000000020005df2        0x2 
 .text._SlDrvSyncObjWaitForever
                0x0000000020005df4       0x20 ../../../simplelink/gcc/lib/os/Release/libsimplelink.a(driver.o)
                0x0000000020005df4                _SlDrvSyncObjWaitForever
 .text._SlDrvWaitForPoolObj
                0x0000000020005e14       0xc8 ../../../simplelink/gcc/lib/os/Release/libsimplelink.a(driver.o)
                0x0000000020005e14                _SlDrvWaitForPoolObj
 .text._SlDrvProtectAsyncRespSetting
                0x0000000020005edc       0x30 ../../../simplelink/gcc/lib/os/Release/libsimplelink.a(driver.o)
                0x0000000020005edc                _SlDrvProtectAsyncRespSetting
 .text._SlDriverHandleError
                0x0000000020005f0c       0x68 ../../../simplelink/gcc/lib/os/Release/libsimplelink.a(driver.o)
                0x0000000020005f0c                _SlDriverHandleError
 .text._SlDrvSyncObjWaitTimeout
                0x0000000020005f74       0x34 ../../../simplelink/gcc/lib/os/Release/libsimplelink.a(driver.o)
                0x0000000020005f74                _SlDrvSyncObjWaitTimeout
 .text._SlDrvIsTimeoutExpired
                0x0000000020005fa8       0x48 ../../../simplelink/gcc/lib/os/Release/libsimplelink.a(driver.o)
                0x0000000020005fa8                _SlDrvIsTimeoutExpired
 .text._SlDrvMsgRead
                0x0000000020005ff0      0x520 ../../../simplelink/gcc/lib/os/Release/libsimplelink.a(driver.o)
 .text._SlDrvCmdOp
                0x0000000020006510      0x158 ../../../simplelink/gcc/lib/os/Release/libsimplelink.a(driver.o)
                0x0000000020006510                _SlDrvCmdOp
 .text._SlDrvBasicCmd
                0x0000000020006668       0x32 ../../../simplelink/gcc/lib/os/Release/libsimplelink.a(driver.o)
                0x0000000020006668                _SlDrvBasicCmd
 *fill*         0x000000002000669a        0x2 
 .text._SlDrvMsgReadSpawnCtx
                0x000000002000669c       0x78 ../../../simplelink/gcc/lib/os/Release/libsimplelink.a(driver.o)
                0x000000002000669c                _SlDrvMsgReadSpawnCtx
 .text.sl_NetAppStart
                0x0000000020006714       0x40 ../../../simplelink/gcc/lib/os/Release/libsimplelink.a(netapp.o)
                0x0000000020006714                sl_NetAppStart
 .text.sl_NetAppStop
                0x0000000020006754       0x40 ../../../simplelink/gcc/lib/os/Release/libsimplelink.a(netapp.o)
                0x0000000020006754                sl_NetAppStop
 .text._sl_HandleAsync_DnsGetHostByService
                0x0000000020006794       0x5c ../../../simplelink/gcc/lib/os/Release/libsimplelink.a(netapp.o)
                0x0000000020006794                _sl_HandleAsync_DnsGetHostByService
 .text.sl_NetAppDnsGetHostByName
                0x00000000200067f0       0xcc ../../../simplelink/gcc/lib/os/Release/libsimplelink.a(netapp.o)
                0x00000000200067f0                sl_NetAppDnsGetHostByName
 .text._sl_HandleAsync_DnsGetHostByName
                0x00000000200068bc       0x5c ../../../simplelink/gcc/lib/os/Release/libsimplelink.a(netapp.o)
                0x00000000200068bc                _sl_HandleAsync_DnsGetHostByName
 .text._sl_HandleAsync_PingResponse
                0x0000000020006918       0x7c ../../../simplelink/gcc/lib/os/Release/libsimplelink.a(netapp.o)
                0x0000000020006918                _sl_HandleAsync_PingResponse
 .text.sl_NetAppPingStart
                0x0000000020006994      0x158 ../../../simplelink/gcc/lib/os/Release/libsimplelink.a(netapp.o)
                0x0000000020006994                sl_NetAppPingStart
 .text._sl_NetAppSendTokenValue
                0x0000000020006aec       0x50 ../../../simplelink/gcc/lib/os/Release/libsimplelink.a(netapp.o)
                0x0000000020006aec                _sl_NetAppSendTokenValue
 .text._SlDrvNetAppEventHandler
                0x0000000020006b3c       0xdc ../../../simplelink/gcc/lib/os/Release/libsimplelink.a(netapp.o)
                0x0000000020006b3c                _SlDrvNetAppEventHandler
 .text._sl_HandleAsync_Connect
                0x0000000020006c18       0x54 ../../../simplelink/gcc/lib/os/Release/libsimplelink.a(socket.o)
                0x0000000020006c18                _sl_HandleAsync_Connect
 .text._sl_HandleAsync_Accept
                0x0000000020006c6c       0x54 ../../../simplelink/gcc/lib/os/Release/libsimplelink.a(socket.o)
                0x0000000020006c6c                _sl_HandleAsync_Accept
 .text._sl_HandleAsync_Select
                0x0000000020006cc0       0x40 ../../../simplelink/gcc/lib/os/Release/libsimplelink.a(socket.o)
                0x0000000020006cc0                _sl_HandleAsync_Select
 .text.sl_WlanPolicySet
                0x0000000020006d00       0x5c ../../../simplelink/gcc/lib/os/Release/libsimplelink.a(wlan.o)
                0x0000000020006d00                sl_WlanPolicySet
 .text.sl_WlanProfileDel
                0x0000000020006d5c       0x40 ../../../simplelink/gcc/lib/os/Release/libsimplelink.a(wlan.o)
                0x0000000020006d5c                sl_WlanProfileDel
 .text.sl_WlanSmartConfigStart
                0x0000000020006d9c       0x84 ../../../simplelink/gcc/lib/os/Release/libsimplelink.a(wlan.o)
                0x0000000020006d9c                sl_WlanSmartConfigStart
 .text.sl_WlanSetMode
                0x0000000020006e20       0x40 ../../../simplelink/gcc/lib/os/Release/libsimplelink.a(wlan.o)
                0x0000000020006e20                sl_WlanSetMode
 .text.sl_WlanGet
                0x0000000020006e60       0x94 ../../../simplelink/gcc/lib/os/Release/libsimplelink.a(wlan.o)
                0x0000000020006e60                sl_WlanGet
 .text.DmaSpiSwIntHandler
                0x0000000020006ef4       0x38 ../../../simplelink/gcc/lib/os/Release/libsimplelink.a(cc_pal.o)
                0x0000000020006ef4                DmaSpiSwIntHandler
 .text.cc_UDMAChannelSelect.part.0
                0x0000000020006f2c       0x1c ../../../simplelink/gcc/lib/os/Release/libsimplelink.a(cc_pal.o)
 .text.cc_SetupTransfer.constprop.1
                0x0000000020006f48       0x48 ../../../simplelink/gcc/lib/os/Release/libsimplelink.a(cc_pal.o)
 .text.SetupDMAReceive
                0x0000000020006f90       0x5c ../../../simplelink/gcc/lib/os/Release/libsimplelink.a(cc_pal.o)
 .text.spi_Open
                0x0000000020006fec      0x13c ../../../simplelink/gcc/lib/os/Release/libsimplelink.a(cc_pal.o)
                0x0000000020006fec                spi_Open
 .text.spi_Close
                0x0000000020007128       0x84 ../../../simplelink/gcc/lib/os/Release/libsimplelink.a(cc_pal.o)
                0x0000000020007128                spi_Close
 .text.spi_Read
                0x00000000200071ac      0x100 ../../../simplelink/gcc/lib/os/Release/libsimplelink.a(cc_pal.o)
                0x00000000200071ac                spi_Read
 .text.spi_Write
                0x00000000200072ac       0xec ../../../simplelink/gcc/lib/os/Release/libsimplelink.a(cc_pal.o)
                0x00000000200072ac                spi_Write
 .text.NwpRegisterInterruptHandler
                0x0000000020007398       0x28 ../../../simplelink/gcc/lib/os/Release/libsimplelink.a(cc_pal.o)
                0x0000000020007398                NwpRegisterInterruptHandler
 .text.NwpMaskInterrupt
                0x00000000200073c0        0xc ../../../simplelink/gcc/lib/os/Release/libsimplelink.a(cc_pal.o)
                0x00000000200073c0                NwpMaskInterrupt
 .text.NwpUnMaskInterrupt
                0x00000000200073cc        0xc ../../../simplelink/gcc/lib/os/Release/libsimplelink.a(cc_pal.o)
                0x00000000200073cc                NwpUnMaskInterrupt
 .text.NwpPowerOn
                0x00000000200073d8       0x38 ../../../simplelink/gcc/lib/os/Release/libsimplelink.a(cc_pal.o)
                0x00000000200073d8                NwpPowerOn
 .text.NwpPowerOff
                0x0000000020007410       0x3c ../../../simplelink/gcc/lib/os/Release/libsimplelink.a(cc_pal.o)
                0x0000000020007410                NwpPowerOff
 .text.NwpPowerOnPreamble
                0x000000002000744c       0x60 ../../../simplelink/gcc/lib/os/Release/libsimplelink.a(cc_pal.o)
                0x000000002000744c                NwpPowerOnPreamble
 .text.NwpPrePowerOffTimout0
                0x00000000200074ac       0x20 ../../../simplelink/gcc/lib/os/Release/libsimplelink.a(cc_pal.o)
                0x00000000200074ac                NwpPrePowerOffTimout0
 .text.simplelink_timerA2_start
                0x00000000200074cc       0x4c ../../../simplelink/gcc/lib/os/Release/libsimplelink.a(cc_pal.o)
                0x00000000200074cc                simplelink_timerA2_start
 .text.TimerGetCurrentTimestamp
                0x0000000020007518       0x24 ../../../simplelink/gcc/lib/os/Release/libsimplelink.a(cc_pal.o)
                0x0000000020007518                TimerGetCurrentTimestamp
 .text.vSimpleLinkSpawnTask
                0x000000002000753c       0x24 ../../../oslib/gcc/free_rtos/Release/free_rtos.a(osi_freertos.o)
 .text.osi_InterruptRegister
                0x0000000020007560       0x24 ../../../oslib/gcc/free_rtos/Release/free_rtos.a(osi_freertos.o)
                0x0000000020007560                osi_InterruptRegister
 .text.osi_InterruptDeRegister
                0x0000000020007584       0x18 ../../../oslib/gcc/free_rtos/Release/free_rtos.a(osi_freertos.o)
                0x0000000020007584                osi_InterruptDeRegister
 .text.osi_SyncObjCreate
                0x000000002000759c       0x22 ../../../oslib/gcc/free_rtos/Release/free_rtos.a(osi_freertos.o)
                0x000000002000759c                osi_SyncObjCreate
 .text.osi_SyncObjSignal
                0x00000000200075be       0x1a ../../../oslib/gcc/free_rtos/Release/free_rtos.a(osi_freertos.o)
                0x00000000200075be                osi_SyncObjSignal
 .text.osi_SyncObjSignalFromISR
                0x00000000200075d8       0x30 ../../../oslib/gcc/free_rtos/Release/free_rtos.a(osi_freertos.o)
                0x00000000200075d8                osi_SyncObjSignalFromISR
 .text.osi_LockObjCreate
                0x0000000020007608       0x18 ../../../oslib/gcc/free_rtos/Release/free_rtos.a(osi_freertos.o)
                0x0000000020007608                osi_LockObjCreate
 .text.osi_TaskCreate
                0x0000000020007620       0x24 ../../../oslib/gcc/free_rtos/Release/free_rtos.a(osi_freertos.o)
                0x0000000020007620                osi_TaskCreate
 .text.osi_LockObjDelete
                0x0000000020007644        0xc ../../../oslib/gcc/free_rtos/Release/free_rtos.a(osi_freertos.o)
                0x0000000020007644                osi_LockObjDelete
 .text.osi_LockObjLock
                0x0000000020007650       0x20 ../../../oslib/gcc/free_rtos/Release/free_rtos.a(osi_freertos.o)
                0x0000000020007650                osi_LockObjLock
 .text.osi_SyncObjWait
                0x0000000020007670        0x4 ../../../oslib/gcc/free_rtos/Release/free_rtos.a(osi_freertos.o)
                0x0000000020007670                osi_SyncObjWait
 .text.osi_LockObjUnlock
                0x0000000020007674       0x20 ../../../oslib/gcc/free_rtos/Release/free_rtos.a(osi_freertos.o)
                0x0000000020007674                osi_LockObjUnlock
 .text.osi_Spawn
                0x0000000020007694       0x3c ../../../oslib/gcc/free_rtos/Release/free_rtos.a(osi_freertos.o)
                0x0000000020007694                osi_Spawn
 .text.VStartSimpleLinkSpawnTask
                0x00000000200076d0       0x50 ../../../oslib/gcc/free_rtos/Release/free_rtos.a(osi_freertos.o)
                0x00000000200076d0                VStartSimpleLinkSpawnTask
 .text.osi_MsgQCreate
                0x0000000020007720       0x22 ../../../oslib/gcc/free_rtos/Release/free_rtos.a(osi_freertos.o)
                0x0000000020007720                osi_MsgQCreate
 .text.osi_MsgQDelete
                0x0000000020007742       0x14 ../../../oslib/gcc/free_rtos/Release/free_rtos.a(osi_freertos.o)
                0x0000000020007742                osi_MsgQDelete
 .text.osi_SyncObjDelete
                0x0000000020007756        0x4 ../../../oslib/gcc/free_rtos/Release/free_rtos.a(osi_freertos.o)
                0x0000000020007756                osi_SyncObjDelete
 *fill*         0x000000002000775a        0x2 
 .text.osi_MsgQWrite
                0x000000002000775c       0x28 ../../../oslib/gcc/free_rtos/Release/free_rtos.a(osi_freertos.o)
                0x000000002000775c                osi_MsgQWrite
 .text.osi_MsgQRead
                0x0000000020007784       0x1c ../../../oslib/gcc/free_rtos/Release/free_rtos.a(osi_freertos.o)
                0x0000000020007784                osi_MsgQRead
 .text.osi_start
                0x00000000200077a0        0x4 ../../../oslib/gcc/free_rtos/Release/free_rtos.a(osi_freertos.o)
                0x00000000200077a0                osi_start
 .text.osi_Sleep
                0x00000000200077a4        0x4 ../../../oslib/gcc/free_rtos/Release/free_rtos.a(osi_freertos.o)
                0x00000000200077a4                osi_Sleep
 .text.prvCopyDataToQueue
                0x00000000200077a8       0x6a ../../../oslib/gcc/free_rtos/Release/free_rtos.a(queue.o)
 *fill*         0x0000000020007812        0x2 
 .text.prvNotifyQueueSetContainer
                0x0000000020007814       0x68 ../../../oslib/gcc/free_rtos/Release/free_rtos.a(queue.o)
 .text.prvCopyDataFromQueue
                0x000000002000787c       0x26 ../../../oslib/gcc/free_rtos/Release/free_rtos.a(queue.o)
 .text.prvUnlockQueue
                0x00000000200078a2       0x7c ../../../oslib/gcc/free_rtos/Release/free_rtos.a(queue.o)
 *fill*         0x000000002000791e        0x2 
 .text.xQueueGenericReset
                0x0000000020007920       0x6c ../../../oslib/gcc/free_rtos/Release/free_rtos.a(queue.o)
                0x0000000020007920                xQueueGenericReset
 .text.xQueueGenericCreate
                0x000000002000798c       0x60 ../../../oslib/gcc/free_rtos/Release/free_rtos.a(queue.o)
                0x000000002000798c                xQueueGenericCreate
 .text.xQueueGenericSend
                0x00000000200079ec      0x144 ../../../oslib/gcc/free_rtos/Release/free_rtos.a(queue.o)
                0x00000000200079ec                xQueueGenericSend
 .text.xQueueCreateMutex
                0x0000000020007b30       0x5c ../../../oslib/gcc/free_rtos/Release/free_rtos.a(queue.o)
                0x0000000020007b30                xQueueCreateMutex
 .text.xQueueGenericSendFromISR
                0x0000000020007b8c       0xb4 ../../../oslib/gcc/free_rtos/Release/free_rtos.a(queue.o)
                0x0000000020007b8c                xQueueGenericSendFromISR
 .text.xQueueGiveFromISR
                0x0000000020007c40       0x98 ../../../oslib/gcc/free_rtos/Release/free_rtos.a(queue.o)
                0x0000000020007c40                xQueueGiveFromISR
 .text.xQueueGenericReceive
                0x0000000020007cd8      0x14c ../../../oslib/gcc/free_rtos/Release/free_rtos.a(queue.o)
                0x0000000020007cd8                xQueueGenericReceive
 .text.vQueueAddToRegistry
                0x0000000020007e24       0x28 ../../../oslib/gcc/free_rtos/Release/free_rtos.a(queue.o)
                0x0000000020007e24                vQueueAddToRegistry
 .text.vQueueUnregisterQueue
                0x0000000020007e4c       0x24 ../../../oslib/gcc/free_rtos/Release/free_rtos.a(queue.o)
                0x0000000020007e4c                vQueueUnregisterQueue
 .text.vQueueDelete
                0x0000000020007e70       0x24 ../../../oslib/gcc/free_rtos/Release/free_rtos.a(queue.o)
                0x0000000020007e70                vQueueDelete
 .text.vQueueWaitForMessageRestricted
                0x0000000020007e94       0x3a ../../../oslib/gcc/free_rtos/Release/free_rtos.a(queue.o)
                0x0000000020007e94                vQueueWaitForMessageRestricted
 *fill*         0x0000000020007ece        0x2 
 .text.prvResetNextTaskUnblockTime
                0x0000000020007ed0       0x24 ../../../oslib/gcc/free_rtos/Release/free_rtos.a(tasks.o)
 .text.prvAddCurrentTaskToDelayedList
                0x0000000020007ef4       0x50 ../../../oslib/gcc/free_rtos/Release/free_rtos.a(tasks.o)
 .text.xTaskGenericCreate
                0x0000000020007f44      0x1d4 ../../../oslib/gcc/free_rtos/Release/free_rtos.a(tasks.o)
                0x0000000020007f44                xTaskGenericCreate
 .text.vTaskStartScheduler
                0x0000000020008118       0x70 ../../../oslib/gcc/free_rtos/Release/free_rtos.a(tasks.o)
                0x0000000020008118                vTaskStartScheduler
 .text.vTaskSuspendAll
                0x0000000020008188       0x10 ../../../oslib/gcc/free_rtos/Release/free_rtos.a(tasks.o)
                0x0000000020008188                vTaskSuspendAll
 .text.xTaskGetTickCount
                0x0000000020008198        0xc ../../../oslib/gcc/free_rtos/Release/free_rtos.a(tasks.o)
                0x0000000020008198                xTaskGetTickCount
 .text.xTaskIncrementTick
                0x00000000200081a4      0x104 ../../../oslib/gcc/free_rtos/Release/free_rtos.a(tasks.o)
                0x00000000200081a4                xTaskIncrementTick
 .text.xTaskResumeAll
                0x00000000200082a8       0xd8 ../../../oslib/gcc/free_rtos/Release/free_rtos.a(tasks.o)
                0x00000000200082a8                xTaskResumeAll
 .text.vTaskDelay
                0x0000000020008380       0x6c ../../../oslib/gcc/free_rtos/Release/free_rtos.a(tasks.o)
                0x0000000020008380                vTaskDelay
 .text.prvIdleTask
                0x00000000200083ec       0x5c ../../../oslib/gcc/free_rtos/Release/free_rtos.a(tasks.o)
 .text.vTaskSwitchContext
                0x0000000020008448       0xa8 ../../../oslib/gcc/free_rtos/Release/free_rtos.a(tasks.o)
                0x0000000020008448                vTaskSwitchContext
 .text.vTaskPlaceOnEventList
                0x00000000200084f0       0x70 ../../../oslib/gcc/free_rtos/Release/free_rtos.a(tasks.o)
                0x00000000200084f0                vTaskPlaceOnEventList
 .text.vTaskPlaceOnEventListRestricted
                0x0000000020008560       0x58 ../../../oslib/gcc/free_rtos/Release/free_rtos.a(tasks.o)
                0x0000000020008560                vTaskPlaceOnEventListRestricted
 .text.xTaskRemoveFromEventList
                0x00000000200085b8       0x80 ../../../oslib/gcc/free_rtos/Release/free_rtos.a(tasks.o)
                0x00000000200085b8                xTaskRemoveFromEventList
 .text.vTaskSetTimeOutState
                0x0000000020008638       0x2c ../../../oslib/gcc/free_rtos/Release/free_rtos.a(tasks.o)
                0x0000000020008638                vTaskSetTimeOutState
 .text.xTaskCheckForTimeOut
                0x0000000020008664       0x68 ../../../oslib/gcc/free_rtos/Release/free_rtos.a(tasks.o)
                0x0000000020008664                xTaskCheckForTimeOut
 .text.vTaskMissedYield
                0x00000000200086cc        0xc ../../../oslib/gcc/free_rtos/Release/free_rtos.a(tasks.o)
                0x00000000200086cc                vTaskMissedYield
 .text.xTaskGetSchedulerState
                0x00000000200086d8       0x20 ../../../oslib/gcc/free_rtos/Release/free_rtos.a(tasks.o)
                0x00000000200086d8                xTaskGetSchedulerState
 .text.vTaskPriorityInherit
                0x00000000200086f8       0x8c ../../../oslib/gcc/free_rtos/Release/free_rtos.a(tasks.o)
                0x00000000200086f8                vTaskPriorityInherit
 .text.xTaskPriorityDisinherit
                0x0000000020008784       0x98 ../../../oslib/gcc/free_rtos/Release/free_rtos.a(tasks.o)
                0x0000000020008784                xTaskPriorityDisinherit
 .text.pvTaskIncrementMutexHeldCount
                0x000000002000881c       0x18 ../../../oslib/gcc/free_rtos/Release/free_rtos.a(tasks.o)
                0x000000002000881c                pvTaskIncrementMutexHeldCount
 .text.prvPortStartFirstTask
                0x0000000020008834       0x20 ../../../oslib/gcc/free_rtos/Release/free_rtos.a(port.o)
 .text.pxPortInitialiseStack
                0x0000000020008854       0x1c ../../../oslib/gcc/free_rtos/Release/free_rtos.a(port.o)
                0x0000000020008854                pxPortInitialiseStack
 .text.vPortSVCHandler
                0x0000000020008870       0x24 ../../../oslib/gcc/free_rtos/Release/free_rtos.a(port.o)
                0x0000000020008870                vPortSVCHandler
 .text.vPortYield
                0x0000000020008894       0x18 ../../../oslib/gcc/free_rtos/Release/free_rtos.a(port.o)
                0x0000000020008894                vPortYield
 .text.ulPortSetInterruptMask
                0x00000000200088ac       0x10 ../../../oslib/gcc/free_rtos/Release/free_rtos.a(port.o)
                0x00000000200088ac                ulPortSetInterruptMask
 .text.prvTaskExitError
                0x00000000200088bc       0x20 ../../../oslib/gcc/free_rtos/Release/free_rtos.a(port.o)
 .text.vPortEnterCritical
                0x00000000200088dc       0x40 ../../../oslib/gcc/free_rtos/Release/free_rtos.a(port.o)
                0x00000000200088dc                vPortEnterCritical
 .text.vPortClearInterruptMask
                0x000000002000891c        0x6 ../../../oslib/gcc/free_rtos/Release/free_rtos.a(port.o)
                0x000000002000891c                vPortClearInterruptMask
 *fill*         0x0000000020008922        0x2 
 .text.vPortExitCritical
                0x0000000020008924       0x2c ../../../oslib/gcc/free_rtos/Release/free_rtos.a(port.o)
                0x0000000020008924                vPortExitCritical
 .text.xPortPendSVHandler
                0x0000000020008950       0x44 ../../../oslib/gcc/free_rtos/Release/free_rtos.a(port.o)
                0x0000000020008950                xPortPendSVHandler
 .text.xPortSysTickHandler
                0x0000000020008994       0x24 ../../../oslib/gcc/free_rtos/Release/free_rtos.a(port.o)
                0x0000000020008994                xPortSysTickHandler
 .text.vPortSetupTimerInterrupt
                0x00000000200089b8       0x18 ../../../oslib/gcc/free_rtos/Release/free_rtos.a(port.o)
                0x00000000200089b8                vPortSetupTimerInterrupt
 .text.xPortStartScheduler
                0x00000000200089d0       0x98 ../../../oslib/gcc/free_rtos/Release/free_rtos.a(port.o)
                0x00000000200089d0                xPortStartScheduler
 .text.vPortValidateInterruptPriority
                0x0000000020008a68       0x54 ../../../oslib/gcc/free_rtos/Release/free_rtos.a(port.o)
                0x0000000020008a68                vPortValidateInterruptPriority
 .text.prvCheckForValidListAndQueue
                0x0000000020008abc       0x6c ../../../oslib/gcc/free_rtos/Release/free_rtos.a(timers.o)
 .text.prvInsertTimerInActiveList
                0x0000000020008b28       0x3c ../../../oslib/gcc/free_rtos/Release/free_rtos.a(timers.o)
 .text.xTimerCreateTimerTask
                0x0000000020008b64       0x50 ../../../oslib/gcc/free_rtos/Release/free_rtos.a(timers.o)
                0x0000000020008b64                xTimerCreateTimerTask
 .text.xTimerGenericCommand
                0x0000000020008bb4       0x44 ../../../oslib/gcc/free_rtos/Release/free_rtos.a(timers.o)
                0x0000000020008bb4                xTimerGenericCommand
 .text.prvSwitchTimerLists
                0x0000000020008bf8       0x7c ../../../oslib/gcc/free_rtos/Release/free_rtos.a(timers.o)
 .text.prvTimerTask
                0x0000000020008c74      0x190 ../../../oslib/gcc/free_rtos/Release/free_rtos.a(timers.o)
 .text.pvPortMalloc
                0x0000000020008e04       0x1e ../../../oslib/gcc/free_rtos/Release/free_rtos.a(heap_3.o)
                0x0000000020008e04                pvPortMalloc
 .text.vPortFree
                0x0000000020008e22       0x1a ../../../oslib/gcc/free_rtos/Release/free_rtos.a(heap_3.o)
                0x0000000020008e22                vPortFree
 .text.vListInitialise
                0x0000000020008e3c       0x16 ../../../oslib/gcc/free_rtos/Release/free_rtos.a(list.o)
                0x0000000020008e3c                vListInitialise
 .text.vListInitialiseItem
                0x0000000020008e52        0x6 ../../../oslib/gcc/free_rtos/Release/free_rtos.a(list.o)
                0x0000000020008e52                vListInitialiseItem
 .text.vListInsertEnd
                0x0000000020008e58       0x18 ../../../oslib/gcc/free_rtos/Release/free_rtos.a(list.o)
                0x0000000020008e58                vListInsertEnd
 .text.vListInsert
                0x0000000020008e70       0x30 ../../../oslib/gcc/free_rtos/Release/free_rtos.a(list.o)
                0x0000000020008e70                vListInsert
 .text.uxListRemove
                0x0000000020008ea0       0x20 ../../../oslib/gcc/free_rtos/Release/free_rtos.a(list.o)
                0x0000000020008ea0                uxListRemove
 .text.IntEnable
                0x0000000020008ec0       0x68 ../../../driverlib/gcc/lib/Release/libdriver.a(interrupt.o)
                0x0000000020008ec0                IntEnable
 .text.IntDisable
                0x0000000020008f28       0x68 ../../../driverlib/gcc/lib/Release/libdriver.a(interrupt.o)
                0x0000000020008f28                IntDisable
 .text.PinConfigSet
                0x0000000020008f90       0x5c ../../../driverlib/gcc/lib/Release/libdriver.a(pin.o)
                0x0000000020008f90                PinConfigSet
 .text.PRCMSysResetCauseGet
                0x0000000020008fec       0x2c ../../../driverlib/gcc/lib/Release/libdriver.a(prcm.o)
                0x0000000020008fec                PRCMSysResetCauseGet
 .text.PRCMPeripheralClkEnable
                0x0000000020009018       0x2c ../../../driverlib/gcc/lib/Release/libdriver.a(prcm.o)
                0x0000000020009018                PRCMPeripheralClkEnable
 .text.PRCMPeripheralClkDisable
                0x0000000020009044       0x1c ../../../driverlib/gcc/lib/Release/libdriver.a(prcm.o)
                0x0000000020009044                PRCMPeripheralClkDisable
 .text.PRCMPeripheralReset
                0x0000000020009060       0x40 ../../../driverlib/gcc/lib/Release/libdriver.a(prcm.o)
                0x0000000020009060                PRCMPeripheralReset
 .text.PRCMPeripheralStatusGet
                0x00000000200090a0       0x1c ../../../driverlib/gcc/lib/Release/libdriver.a(prcm.o)
                0x00000000200090a0                PRCMPeripheralStatusGet
 .text.PRCMCC3200MCUInit
                0x00000000200090bc      0x150 ../../../driverlib/gcc/lib/Release/libdriver.a(prcm.o)
                0x00000000200090bc                PRCMCC3200MCUInit
 .text.SPIConfigSetExpClk
                0x000000002000920c       0x5a ../../../driverlib/gcc/lib/Release/libdriver.a(spi.o)
                0x000000002000920c                SPIConfigSetExpClk
 .text.SPIFIFODisable
                0x0000000020009266        0xe ../../../driverlib/gcc/lib/Release/libdriver.a(spi.o)
                0x0000000020009266                SPIFIFODisable
 .text.SPIDmaDisable
                0x0000000020009274        0x4 ../../../driverlib/gcc/lib/Release/libdriver.a(spi.o)
                0x0000000020009274                SPIDmaDisable
 .text.TimerConfigure
                0x0000000020009278       0x28 ../../../driverlib/gcc/lib/Release/libdriver.a(timer.o)
                0x0000000020009278                TimerConfigure
 .text.UtilsDelay
                0x00000000200092a0        0x8 ../../../driverlib/gcc/lib/Release/libdriver.a(utils.o)
                0x00000000200092a0                UtilsDelay
 .text.pow      0x00000000200092a8      0x2f8 /usr/lib/gcc/arm-none-eabi/5.2.0/../../../../arm-none-eabi/lib/armv7e-m/libm.a(lib_a-w_pow.o)
                0x00000000200092a8                pow
 .text.__ieee754_pow
                0x00000000200095a0      0xab8 /usr/lib/gcc/arm-none-eabi/5.2.0/../../../../arm-none-eabi/lib/armv7e-m/libm.a(lib_a-e_pow.o)
                0x00000000200095a0                __ieee754_pow
 .text.__ieee754_sqrt
                0x000000002000a058      0x180 /usr/lib/gcc/arm-none-eabi/5.2.0/../../../../arm-none-eabi/lib/armv7e-m/libm.a(lib_a-e_sqrt.o)
                0x000000002000a058                __ieee754_sqrt
 .text.fabs     0x000000002000a1d8        0x8 /usr/lib/gcc/arm-none-eabi/5.2.0/../../../../arm-none-eabi/lib/armv7e-m/libm.a(lib_a-s_fabs.o)
                0x000000002000a1d8                fabs
 .text.finite   0x000000002000a1e0        0xc /usr/lib/gcc/arm-none-eabi/5.2.0/../../../../arm-none-eabi/lib/armv7e-m/libm.a(lib_a-s_finite.o)
                0x000000002000a1e0                finite
 .text.__fpclassifyd
                0x000000002000a1ec       0x54 /usr/lib/gcc/arm-none-eabi/5.2.0/../../../../arm-none-eabi/lib/armv7e-m/libm.a(lib_a-s_fpclassify.o)
                0x000000002000a1ec                __fpclassifyd
 .text.matherr  0x000000002000a240        0x4 /usr/lib/gcc/arm-none-eabi/5.2.0/../../../../arm-none-eabi/lib/armv7e-m/libm.a(lib_a-s_matherr.o)
                0x000000002000a240                matherr
 .text.nan      0x000000002000a244        0xc /usr/lib/gcc/arm-none-eabi/5.2.0/../../../../arm-none-eabi/lib/armv7e-m/libm.a(lib_a-s_nan.o)
                0x000000002000a244                nan
 .text.rint     0x000000002000a250      0x118 /usr/lib/gcc/arm-none-eabi/5.2.0/../../../../arm-none-eabi/lib/armv7e-m/libm.a(lib_a-s_rint.o)
                0x000000002000a250                rint
 .text.scalbn   0x000000002000a368      0x100 /usr/lib/gcc/arm-none-eabi/5.2.0/../../../../arm-none-eabi/lib/armv7e-m/libm.a(lib_a-s_scalbn.o)
                0x000000002000a368                scalbn
 .text.copysign
                0x000000002000a468       0x10 /usr/lib/gcc/arm-none-eabi/5.2.0/../../../../arm-none-eabi/lib/armv7e-m/libm.a(lib_a-s_copysign.o)
                0x000000002000a468                copysign
 .text.__errno  0x000000002000a478        0xc /usr/lib/gcc/arm-none-eabi/5.2.0/../../../../arm-none-eabi/lib/armv7e-m/libc_nano.a(lib_a-errno.o)
                0x000000002000a478                __errno
 .text.malloc   0x000000002000a484       0x10 /usr/lib/gcc/arm-none-eabi/5.2.0/../../../../arm-none-eabi/lib/armv7e-m/libc_nano.a(lib_a-malloc.o)
                0x000000002000a484                malloc
 .text.free     0x000000002000a494       0x10 /usr/lib/gcc/arm-none-eabi/5.2.0/../../../../arm-none-eabi/lib/armv7e-m/libc_nano.a(lib_a-malloc.o)
                0x000000002000a494                free
 .text.memcmp   0x000000002000a4a4       0x1e /usr/lib/gcc/arm-none-eabi/5.2.0/../../../../arm-none-eabi/lib/armv7e-m/libc_nano.a(lib_a-memcmp.o)
                0x000000002000a4a4                memcmp
 .text.memcpy   0x000000002000a4c2       0x16 /usr/lib/gcc/arm-none-eabi/5.2.0/../../../../arm-none-eabi/lib/armv7e-m/libc_nano.a(lib_a-memcpy.o)
                0x000000002000a4c2                memcpy
 .text.memmove  0x000000002000a4d8       0x36 /usr/lib/gcc/arm-none-eabi/5.2.0/../../../../arm-none-eabi/lib/armv7e-m/libc_nano.a(lib_a-memmove.o)
                0x000000002000a4d8                memmove
 .text.memset   0x000000002000a50e       0x10 /usr/lib/gcc/arm-none-eabi/5.2.0/../../../../arm-none-eabi/lib/armv7e-m/libc_nano.a(lib_a-memset.o)
                0x000000002000a50e                memset
 *fill*         0x000000002000a51e        0x2 
 .text._free_r  0x000000002000a520       0x8c /usr/lib/gcc/arm-none-eabi/5.2.0/../../../../arm-none-eabi/lib/armv7e-m/libc_nano.a(lib_a-nano-freer.o)
                0x000000002000a520                _free_r
 .text._malloc_r
                0x000000002000a5ac       0xa8 /usr/lib/gcc/arm-none-eabi/5.2.0/../../../../arm-none-eabi/lib/armv7e-m/libc_nano.a(lib_a-nano-mallocr.o)
                0x000000002000a5ac                _malloc_r
 .text.realloc  0x000000002000a654       0x10 /usr/lib/gcc/arm-none-eabi/5.2.0/../../../../arm-none-eabi/lib/armv7e-m/libc_nano.a(lib_a-realloc.o)
                0x000000002000a654                realloc
 .text._sbrk_r  0x000000002000a664       0x20 /usr/lib/gcc/arm-none-eabi/5.2.0/../../../../arm-none-eabi/lib/armv7e-m/libc_nano.a(lib_a-sbrkr.o)
                0x000000002000a664                _sbrk_r
 .text.strcpy   0x000000002000a684       0x10 /usr/lib/gcc/arm-none-eabi/5.2.0/../../../../arm-none-eabi/lib/armv7e-m/libc_nano.a(lib_a-strcpy.o)
                0x000000002000a684                strcpy
 .text.strlen   0x000000002000a694       0x10 /usr/lib/gcc/arm-none-eabi/5.2.0/../../../../arm-none-eabi/lib/armv7e-m/libc_nano.a(lib_a-strlen.o)
                0x000000002000a694                strlen
 .text._vsnprintf_r
                0x000000002000a6a4       0x56 /usr/lib/gcc/arm-none-eabi/5.2.0/../../../../arm-none-eabi/lib/armv7e-m/libc_nano.a(lib_a-vsnprintf.o)
                0x000000002000a6a4                _vsnprintf_r
                0x000000002000a6a4                _vsniprintf_r
 *fill*         0x000000002000a6fa        0x2 
 .text.vsnprintf
                0x000000002000a6fc       0x1c /usr/lib/gcc/arm-none-eabi/5.2.0/../../../../arm-none-eabi/lib/armv7e-m/libc_nano.a(lib_a-vsnprintf.o)
                0x000000002000a6fc                vsnprintf
                0x000000002000a6fc                vsniprintf
 .text._realloc_r
                0x000000002000a718       0x4c /usr/lib/gcc/arm-none-eabi/5.2.0/../../../../arm-none-eabi/lib/armv7e-m/libc_nano.a(lib_a-nano-reallocr.o)
                0x000000002000a718                _realloc_r
 .text.__ssputs_r
                0x000000002000a764       0xb2 /usr/lib/gcc/arm-none-eabi/5.2.0/../../../../arm-none-eabi/lib/armv7e-m/libc_nano.a(lib_a-nano-svfprintf.o)
                0x000000002000a764                __ssputs_r
 *fill*         0x000000002000a816        0x2 
 .text._svfprintf_r
                0x000000002000a818      0x1e8 /usr/lib/gcc/arm-none-eabi/5.2.0/../../../../arm-none-eabi/lib/armv7e-m/libc_nano.a(lib_a-nano-svfprintf.o)
                0x000000002000a818                _svfprintf_r
                0x000000002000a818                _svfiprintf_r
 .text._printf_common
                0x000000002000aa00       0xec /usr/lib/gcc/arm-none-eabi/5.2.0/../../../../arm-none-eabi/lib/armv7e-m/libc_nano.a(lib_a-nano-vfprintf_i.o)
                0x000000002000aa00                _printf_common
 .text._printf_i
                0x000000002000aaec      0x24c /usr/lib/gcc/arm-none-eabi/5.2.0/../../../../arm-none-eabi/lib/armv7e-m/libc_nano.a(lib_a-nano-vfprintf_i.o)
                0x000000002000aaec                _printf_i
 .text.memchr   0x000000002000ad38       0x1e /usr/lib/gcc/arm-none-eabi/5.2.0/../../../../arm-none-eabi/lib/armv7e-m/libc_nano.a(lib_a-memchr.o)
                0x000000002000ad38                memchr
 .text._malloc_usable_size_r
                0x000000002000ad56       0x14 /usr/lib/gcc/arm-none-eabi/5.2.0/../../../../arm-none-eabi/lib/armv7e-m/libc_nano.a(lib_a-nano-msizer.o)
                0x000000002000ad56                _malloc_usable_size_r
 *fill*         0x000000002000ad6a        0x2 
 .text          0x000000002000ad6c      0x370 /usr/lib/gcc/arm-none-eabi/5.2.0/armv7e-m/libgcc.a(_arm_addsubdf3.o)
                0x000000002000ad6c                __aeabi_drsub
                0x000000002000ad74                __aeabi_dsub
                0x000000002000ad74                __subdf3
                0x000000002000ad78                __adddf3
                0x000000002000ad78                __aeabi_dadd
                0x000000002000aff0                __aeabi_ui2d
                0x000000002000aff0                __floatunsidf
                0x000000002000b010                __floatsidf
                0x000000002000b010                __aeabi_i2d
                0x000000002000b034                __extendsfdf2
                0x000000002000b034                __aeabi_f2d
                0x000000002000b070                __aeabi_ul2d
                0x000000002000b070                __floatundidf
                0x000000002000b080                __floatdidf
                0x000000002000b080                __aeabi_l2d
 .text          0x000000002000b0dc      0x424 /usr/lib/gcc/arm-none-eabi/5.2.0/armv7e-m/libgcc.a(_arm_muldivdf3.o)
                0x000000002000b0dc                __aeabi_dmul
                0x000000002000b0dc                __muldf3
                0x000000002000b330                __aeabi_ddiv
                0x000000002000b330                __divdf3
 .text          0x000000002000b500      0x110 /usr/lib/gcc/arm-none-eabi/5.2.0/armv7e-m/libgcc.a(_arm_cmpdf2.o)
                0x000000002000b500                __gtdf2
                0x000000002000b500                __gedf2
                0x000000002000b508                __ltdf2
                0x000000002000b508                __ledf2
                0x000000002000b510                __cmpdf2
                0x000000002000b510                __eqdf2
                0x000000002000b510                __nedf2
                0x000000002000b58c                __aeabi_cdrcmple
                0x000000002000b59c                __aeabi_cdcmple
                0x000000002000b59c                __aeabi_cdcmpeq
                0x000000002000b5ac                __aeabi_dcmpeq
                0x000000002000b5c0                __aeabi_dcmplt
                0x000000002000b5d4                __aeabi_dcmple
                0x000000002000b5e8                __aeabi_dcmpge
                0x000000002000b5fc                __aeabi_dcmpgt
 .text          0x000000002000b610       0xa0 /usr/lib/gcc/arm-none-eabi/5.2.0/armv7e-m/libgcc.a(_arm_truncdfsf2.o)
                0x000000002000b610                __aeabi_d2f
                0x000000002000b610                __truncdfsf2
 .text          0x000000002000b6b0      0x21c /usr/lib/gcc/arm-none-eabi/5.2.0/armv7e-m/libgcc.a(_arm_addsubsf3.o)
                0x000000002000b6b0                __aeabi_frsub
                0x000000002000b6b8                __subsf3
                0x000000002000b6b8                __aeabi_fsub
                0x000000002000b6bc                __aeabi_fadd
                0x000000002000b6bc                __addsf3
                0x000000002000b81c                __aeabi_ui2f
                0x000000002000b81c                __floatunsisf
                0x000000002000b824                __aeabi_i2f
                0x000000002000b824                __floatsisf
                0x000000002000b840                __floatundisf
                0x000000002000b840                __aeabi_ul2f
                0x000000002000b850                __floatdisf
                0x000000002000b850                __aeabi_l2f
 .text          0x000000002000b8cc      0x2a0 /usr/lib/gcc/arm-none-eabi/5.2.0/armv7e-m/libgcc.a(_arm_muldivsf3.o)
                0x000000002000b8cc                __mulsf3
                0x000000002000b8cc                __aeabi_fmul
                0x000000002000ba34                __divsf3
                0x000000002000ba34                __aeabi_fdiv
 .text          0x000000002000bb6c       0x40 /usr/lib/gcc/arm-none-eabi/5.2.0/armv7e-m/libgcc.a(_arm_fixunssfsi.o)
                0x000000002000bb6c                __aeabi_f2uiz
                0x000000002000bb6c                __fixunssfsi
 *(.rodata*)
 .rodata.__FUNCTION__.6139
                0x000000002000bbac        0x8 obj/Release/main.o
 .rodata.str1.1
                0x000000002000bbb4      0x3c7 obj/Release/main.o
 .rodata.pcDigits
                0x000000002000bf7b        0xb obj/Release/main.o
 .rodata.__FUNCTION__.6153
                0x000000002000bf86        0x5 obj/Release/main.o
 .rodata.__FUNCTION__.6104
                0x000000002000bf8b        0xe obj/Release/main.o
 .rodata.__FUNCTION__.6109
                0x000000002000bf99       0x11 obj/Release/main.o
 .rodata.__FUNCTION__.5477
                0x000000002000bfaa       0x13 obj/Release/smartconfig.o
 .rodata.str1.1
                0x0000000000000000       0x2d obj/Release/smartconfig.o
 .rodata.str1.1
                0x000000002000bfbd        0xb obj/Release/device_status.o
 .rodata.str1.1
                0x000000002000bfc8       0x4e obj/Release/bma222drv.o
 .rodata.str1.1
                0x000000002000c016       0x7e obj/Release/tmp006drv.o
                                         0x94 (size before relaxing)
 .rodata.str1.1
                0x000000002000c094       0x24 obj/Release/uart_if.o
                                         0x27 (size before relaxing)
 .rodata.ulReg  0x000000002000c0b8       0x14 obj/Release/gpio_if.o
 .rodata._SlStopCmdCtrl
                0x000000002000c0cc        0x4 ../../../simplelink/gcc/lib/os/Release/libsimplelink.a(device.o)
 .rodata.StartResponseLUT
                0x000000002000c0d0        0x8 ../../../simplelink/gcc/lib/os/Release/libsimplelink.a(device.o)
 .rodata.g_H2NSyncPattern
                0x000000002000c0d8        0x8 ../../../simplelink/gcc/lib/os/Release/libsimplelink.a(driver.o)
 .rodata.g_H2NCnysPattern
                0x000000002000c0e0        0x8 ../../../simplelink/gcc/lib/os/Release/libsimplelink.a(driver.o)
 .rodata._SlActionLookupTable
                0x000000002000c0e8       0x38 ../../../simplelink/gcc/lib/os/Release/libsimplelink.a(driver.o)
                0x000000002000c0e8                _SlActionLookupTable
 .rodata.OpcodeTranslateTable
                0x000000002000c120       0x3c ../../../simplelink/gcc/lib/os/Release/libsimplelink.a(driver.o)
                0x000000002000c120                OpcodeTranslateTable
 .rodata.RxMsgClassLUT
                0x000000002000c15c       0x20 ../../../simplelink/gcc/lib/os/Release/libsimplelink.a(driver.o)
 .rodata        0x000000002000c17c        0x4 ../../../simplelink/gcc/lib/os/Release/libsimplelink.a(netapp.o)
 .rodata._SlNetAppStopCtrl
                0x000000002000c180        0x4 ../../../simplelink/gcc/lib/os/Release/libsimplelink.a(netapp.o)
 .rodata._SlGetHostByNameCtrl
                0x000000002000c184        0x4 ../../../simplelink/gcc/lib/os/Release/libsimplelink.a(netapp.o)
 .rodata._SlNetAppSendTokenValueCmdCtrl
                0x000000002000c188        0x4 ../../../simplelink/gcc/lib/os/Release/libsimplelink.a(netapp.o)
                0x000000002000c188                _SlNetAppSendTokenValueCmdCtrl
 .rodata._SlNetAppStartCtrl
                0x000000002000c18c        0x4 ../../../simplelink/gcc/lib/os/Release/libsimplelink.a(netapp.o)
 .rodata._SlSmartConfigStartCmdCtrl
                0x000000002000c190        0x4 ../../../simplelink/gcc/lib/os/Release/libsimplelink.a(wlan.o)
 .rodata._SlProfileDelCmdCtrl
                0x000000002000c194        0x4 ../../../simplelink/gcc/lib/os/Release/libsimplelink.a(wlan.o)
 .rodata._SlWlanSetModeCmdCtrl
                0x000000002000c198        0x4 ../../../simplelink/gcc/lib/os/Release/libsimplelink.a(wlan.o)
 .rodata._SlWlanCfgGetCmdCtrl
                0x000000002000c19c        0x4 ../../../simplelink/gcc/lib/os/Release/libsimplelink.a(wlan.o)
 .rodata._SlPolicySetCmdCtrl
                0x000000002000c1a0        0x4 ../../../simplelink/gcc/lib/os/Release/libsimplelink.a(wlan.o)
 .rodata.str1.1
                0x000000002000c1a4        0x9 ../../../simplelink/gcc/lib/os/Release/libsimplelink.a(cc_pal.o)
 .rodata.str1.1
                0x000000002000c1ad        0x8 ../../../oslib/gcc/free_rtos/Release/free_rtos.a(osi_freertos.o)
 .rodata.str1.1
                0x000000002000c1b5       0x2a ../../../oslib/gcc/free_rtos/Release/free_rtos.a(queue.o)
 .rodata.ucExpectedStackBytes.5776
                0x000000002000c1df       0x14 ../../../oslib/gcc/free_rtos/Release/free_rtos.a(tasks.o)
 .rodata.str1.1
                0x000000002000c1f3       0x3e ../../../oslib/gcc/free_rtos/Release/free_rtos.a(tasks.o)
 .rodata.str1.1
                0x000000002000c231       0x3e ../../../oslib/gcc/free_rtos/Release/free_rtos.a(port.o)
 .rodata.str1.1
                0x000000002000c26f       0x38 ../../../oslib/gcc/free_rtos/Release/free_rtos.a(timers.o)
 *fill*         0x000000002000c2a7        0x1 
 .rodata.g_pulEnRegs
                0x000000002000c2a8       0x18 ../../../driverlib/gcc/lib/Release/libdriver.a(interrupt.o)
 .rodata.g_pulDisRegs
                0x000000002000c2c0       0x18 ../../../driverlib/gcc/lib/Release/libdriver.a(interrupt.o)
 .rodata.g_ulPinToPadMap
                0x000000002000c2d8      0x100 ../../../driverlib/gcc/lib/Release/libdriver.a(pin.o)
 .rodata.PRCM_PeriphRegsList
                0x000000002000c3d8       0xa8 ../../../driverlib/gcc/lib/Release/libdriver.a(prcm.o)
 .rodata.str1.4
                0x000000002000c480        0x4 /usr/lib/gcc/arm-none-eabi/5.2.0/../../../../arm-none-eabi/lib/armv7e-m/libm.a(lib_a-w_pow.o)
 .rodata.str1.4
                0x000000002000c484        0x4 /usr/lib/gcc/arm-none-eabi/5.2.0/../../../../arm-none-eabi/lib/armv7e-m/libm.a(lib_a-e_pow.o)
 .rodata.TWO52  0x000000002000c488       0x10 /usr/lib/gcc/arm-none-eabi/5.2.0/../../../../arm-none-eabi/lib/armv7e-m/libm.a(lib_a-s_rint.o)
 .rodata.str1.1
                0x000000002000c498        0x2 /usr/lib/gcc/arm-none-eabi/5.2.0/../../../../arm-none-eabi/lib/armv7e-m/libc_nano.a(lib_a-impure.o)
 .rodata.str1.1
                0x000000002000c49a       0x11 /usr/lib/gcc/arm-none-eabi/5.2.0/../../../../arm-none-eabi/lib/armv7e-m/libc_nano.a(lib_a-nano-svfprintf.o)
 .rodata.str1.1
                0x000000002000c4ab       0x22 /usr/lib/gcc/arm-none-eabi/5.2.0/../../../../arm-none-eabi/lib/armv7e-m/libc_nano.a(lib_a-nano-vfprintf_i.o)
 *(.ARM.extab* .gnu.linkonce.armextab.*)
                0x000000002000c4d0                . = ALIGN (0x8)
 *fill*         0x000000002000c4cd        0x3 
                0x000000002000c4d0                _etext = .

.glue_7         0x000000002000c4d0        0x0
 .glue_7        0x0000000000000000        0x0 linker stubs

.glue_7t        0x000000002000c4d0        0x0
 .glue_7t       0x0000000000000000        0x0 linker stubs

.vfp11_veneer   0x000000002000c4d0        0x0
 .vfp11_veneer  0x0000000000000000        0x0 linker stubs

.v4_bx          0x000000002000c4d0        0x0
 .v4_bx         0x0000000000000000        0x0 linker stubs

.iplt           0x000000002000c4d0        0x0
 .iplt          0x0000000000000000        0x0 obj/Release/main.o

.rel.dyn        0x000000002000c4d0        0x0
 .rel.iplt      0x0000000000000000        0x0 obj/Release/main.o

.ARM            0x000000002000c4d0        0x0
                0x000000002000c4d0                __exidx_start = .
 *(.ARM.exidx*)
                0x000000002000c4d0                __exidx_end = .
                0x000000002000c4d0                __init_data = .

.data           0x000000002000c4d0       0xa8
                0x000000002000c4d0                _data = .
 *(.data*)
 .data.POST_token
                0x000000002000c4d0        0xb obj/Release/main.o
 *fill*         0x000000002000c4db        0x1 
 .data.g_iInternetAccess
                0x000000002000c4dc        0x4 obj/Release/main.o
 .data.GET_token_ACC
                0x000000002000c4e0        0xb obj/Release/main.o
 .data.GET_token_TEMP
                0x000000002000c4eb        0xb obj/Release/main.o
 .data.GET_token_UIC
                0x000000002000c4f6        0xb obj/Release/main.o
 *fill*         0x000000002000c501        0x3 
 .data.xNextTaskUnblockTime
                0x000000002000c504        0x4 ../../../oslib/gcc/free_rtos/Release/free_rtos.a(tasks.o)
 .data.uxCriticalNesting
                0x000000002000c508        0x4 ../../../oslib/gcc/free_rtos/Release/free_rtos.a(port.o)
 .data.__fdlib_version
                0x000000002000c50c        0x1 /usr/lib/gcc/arm-none-eabi/5.2.0/../../../../arm-none-eabi/lib/armv7e-m/libm.a(lib_a-s_lib_ver.o)
                0x000000002000c50c                __fdlib_version
 *fill*         0x000000002000c50d        0x3 
 .data.impure_data
                0x000000002000c510       0x60 /usr/lib/gcc/arm-none-eabi/5.2.0/../../../../arm-none-eabi/lib/armv7e-m/libc_nano.a(lib_a-impure.o)
 .data._impure_ptr
                0x000000002000c570        0x4 /usr/lib/gcc/arm-none-eabi/5.2.0/../../../../arm-none-eabi/lib/armv7e-m/libc_nano.a(lib_a-impure.o)
                0x000000002000c570                _impure_ptr
                0x000000002000c578                . = ALIGN (0x8)
 *fill*         0x000000002000c574        0x4 
                0x000000002000c578                _edata = .

.igot.plt       0x000000002000c578        0x0
 .igot.plt      0x0000000000000000        0x0 obj/Release/main.o

.bss            0x000000002000c578     0x1450
                0x000000002000c578                _bss = .
 *(.bss*)
 .bss.g_ucDryerRunning
                0x000000002000c578        0x1 obj/Release/main.o
 .bss.g_ucLEDStatus
                0x000000002000c579        0x1 obj/Release/main.o
 *fill*         0x000000002000c57a        0x2 
 .bss.g_ulStatus
                0x000000002000c57c        0x4 obj/Release/main.o
 .bss.g_ucConnectionBSSID
                0x000000002000c580        0x6 obj/Release/main.o
 .bss.g_ucConnectionSSID
                0x000000002000c586       0x21 obj/Release/main.o
 *fill*         0x000000002000c5a7        0x1 
 .bss.g_uiDeviceModeConfig
                0x000000002000c5a8        0x4 obj/Release/main.o
 .bss.g_uiPingDone
                0x000000002000c5ac        0x4 obj/Release/device_status.o
                0x000000002000c5ac                g_uiPingDone
 .bss.g_uiPingPacketsRecv
                0x000000002000c5b0        0x4 obj/Release/device_status.o
                0x000000002000c5b0                g_uiPingPacketsRecv
 .bss.__Errorlog
                0x000000002000c5b4        0x4 obj/Release/uart_if.o
 .bss.g_uiLED3Port
                0x000000002000c5b8        0x4 obj/Release/gpio_if.o
                0x000000002000c5b8                g_uiLED3Port
 .bss.g_uiLED1Port
                0x000000002000c5bc        0x4 obj/Release/gpio_if.o
                0x000000002000c5bc                g_uiLED1Port
 .bss.g_uiLED2Port
                0x000000002000c5c0        0x4 obj/Release/gpio_if.o
                0x000000002000c5c0                g_uiLED2Port
 .bss.pui32Stack
                0x000000002000c5c4     0x1000 obj/Release/startup_gcc.o
 .bss.heap_end  0x000000002000d5c4        0x4 obj/Release/startup_gcc.o
 .bss.heap2_end
                0x000000002000d5c8        0x4 obj/Release/startup_gcc.o
 .bss.g_StatMem
                0x000000002000d5cc      0x178 ../../../simplelink/gcc/lib/os/Release/libsimplelink.a(driver.o)
 .bss.g_SlDeviceStatus
                0x000000002000d744        0x2 ../../../simplelink/gcc/lib/os/Release/libsimplelink.a(driver.o)
                0x000000002000d744                g_SlDeviceStatus
 .bss.gFirstCmdMode
                0x000000002000d746        0x1 ../../../simplelink/gcc/lib/os/Release/libsimplelink.a(driver.o)
 *fill*         0x000000002000d747        0x1 
 .bss.pPingCallBackFunc
                0x000000002000d748        0x4 ../../../simplelink/gcc/lib/os/Release/libsimplelink.a(driver.o)
                0x000000002000d748                pPingCallBackFunc
 .bss.g_pCB     0x000000002000d74c        0x4 ../../../simplelink/gcc/lib/os/Release/libsimplelink.a(driver.o)
                0x000000002000d74c                g_pCB
 .bss.g_SpiFd   0x000000002000d750        0x4 ../../../simplelink/gcc/lib/os/Release/libsimplelink.a(cc_pal.o)
                0x000000002000d750                g_SpiFd
 .bss.g_ucDMAEnabled
                0x000000002000d754        0x1 ../../../simplelink/gcc/lib/os/Release/libsimplelink.a(cc_pal.o)
                0x000000002000d754                g_ucDMAEnabled
 *fill*         0x000000002000d755        0x3 
 .bss.xSimpleLinkSpawnQueue
                0x000000002000d758        0x4 ../../../oslib/gcc/free_rtos/Release/free_rtos.a(osi_freertos.o)
                0x000000002000d758                xSimpleLinkSpawnQueue
 .bss.xSimpleLinkSpawnTaskHndl
                0x000000002000d75c        0x4 ../../../oslib/gcc/free_rtos/Release/free_rtos.a(osi_freertos.o)
                0x000000002000d75c                xSimpleLinkSpawnTaskHndl
 .bss.xHigherPriorityTaskWoken
                0x000000002000d760        0x4 ../../../oslib/gcc/free_rtos/Release/free_rtos.a(osi_freertos.o)
                0x000000002000d760                xHigherPriorityTaskWoken
 .bss.xPendingReadyList
                0x000000002000d764       0x14 ../../../oslib/gcc/free_rtos/Release/free_rtos.a(tasks.o)
 .bss.uxTopReadyPriority
                0x000000002000d778        0x4 ../../../oslib/gcc/free_rtos/Release/free_rtos.a(tasks.o)
 .bss.uxTasksDeleted
                0x000000002000d77c        0x4 ../../../oslib/gcc/free_rtos/Release/free_rtos.a(tasks.o)
 .bss.xTickCount
                0x000000002000d780        0x4 ../../../oslib/gcc/free_rtos/Release/free_rtos.a(tasks.o)
 .bss.pxReadyTasksLists
                0x000000002000d784       0xc8 ../../../oslib/gcc/free_rtos/Release/free_rtos.a(tasks.o)
 .bss.pxOverflowDelayedTaskList
                0x000000002000d84c        0x4 ../../../oslib/gcc/free_rtos/Release/free_rtos.a(tasks.o)
 .bss.xTasksWaitingTermination
                0x000000002000d850       0x14 ../../../oslib/gcc/free_rtos/Release/free_rtos.a(tasks.o)
 .bss.pxDelayedTaskList
                0x000000002000d864        0x4 ../../../oslib/gcc/free_rtos/Release/free_rtos.a(tasks.o)
 .bss.xSchedulerRunning
                0x000000002000d868        0x4 ../../../oslib/gcc/free_rtos/Release/free_rtos.a(tasks.o)
 .bss.pxCurrentTCB
                0x000000002000d86c        0x4 ../../../oslib/gcc/free_rtos/Release/free_rtos.a(tasks.o)
                0x000000002000d86c                pxCurrentTCB
 .bss.uxPendedTicks
                0x000000002000d870        0x4 ../../../oslib/gcc/free_rtos/Release/free_rtos.a(tasks.o)
 .bss.xSuspendedTaskList
                0x000000002000d874       0x14 ../../../oslib/gcc/free_rtos/Release/free_rtos.a(tasks.o)
 .bss.uxCurrentNumberOfTasks
                0x000000002000d888        0x4 ../../../oslib/gcc/free_rtos/Release/free_rtos.a(tasks.o)
 .bss.xDelayedTaskList1
                0x000000002000d88c       0x14 ../../../oslib/gcc/free_rtos/Release/free_rtos.a(tasks.o)
 .bss.xDelayedTaskList2
                0x000000002000d8a0       0x14 ../../../oslib/gcc/free_rtos/Release/free_rtos.a(tasks.o)
 .bss.uxTaskNumber
                0x000000002000d8b4        0x4 ../../../oslib/gcc/free_rtos/Release/free_rtos.a(tasks.o)
 .bss.xIdleTaskHandle
                0x000000002000d8b8        0x4 ../../../oslib/gcc/free_rtos/Release/free_rtos.a(tasks.o)
 .bss.xYieldPending
                0x000000002000d8bc        0x4 ../../../oslib/gcc/free_rtos/Release/free_rtos.a(tasks.o)
 .bss.uxSchedulerSuspended
                0x000000002000d8c0        0x4 ../../../oslib/gcc/free_rtos/Release/free_rtos.a(tasks.o)
 .bss.xNumOfOverflows
                0x000000002000d8c4        0x4 ../../../oslib/gcc/free_rtos/Release/free_rtos.a(tasks.o)
 .bss.ucMaxSysCallPriority
                0x000000002000d8c8        0x1 ../../../oslib/gcc/free_rtos/Release/free_rtos.a(port.o)
 *fill*         0x000000002000d8c9        0x3 
 .bss.ulMaxPRIGROUPValue
                0x000000002000d8cc        0x4 ../../../oslib/gcc/free_rtos/Release/free_rtos.a(port.o)
 .bss.pxCurrentTimerList
                0x000000002000d8d0        0x4 ../../../oslib/gcc/free_rtos/Release/free_rtos.a(timers.o)
 .bss.xActiveTimerList1
                0x000000002000d8d4       0x14 ../../../oslib/gcc/free_rtos/Release/free_rtos.a(timers.o)
 .bss.xActiveTimerList2
                0x000000002000d8e8       0x14 ../../../oslib/gcc/free_rtos/Release/free_rtos.a(timers.o)
 .bss.xLastTime.4980
                0x000000002000d8fc        0x4 ../../../oslib/gcc/free_rtos/Release/free_rtos.a(timers.o)
 .bss.xTimerQueue
                0x000000002000d900        0x4 ../../../oslib/gcc/free_rtos/Release/free_rtos.a(timers.o)
 .bss.pxOverflowTimerList
                0x000000002000d904        0x4 ../../../oslib/gcc/free_rtos/Release/free_rtos.a(timers.o)
 .bss.xTimerTaskHandle
                0x000000002000d908        0x4 ../../../oslib/gcc/free_rtos/Release/free_rtos.a(timers.o)
 .bss.__malloc_sbrk_start
                0x000000002000d90c        0x4 /usr/lib/gcc/arm-none-eabi/5.2.0/../../../../arm-none-eabi/lib/armv7e-m/libc_nano.a(lib_a-nano-mallocr.o)
                0x000000002000d90c                __malloc_sbrk_start
 .bss.__malloc_free_list
                0x000000002000d910        0x4 /usr/lib/gcc/arm-none-eabi/5.2.0/../../../../arm-none-eabi/lib/armv7e-m/libc_nano.a(lib_a-nano-mallocr.o)
                0x000000002000d910                __malloc_free_list
 *(COMMON)
 COMMON         0x000000002000d914        0x3 obj/Release/gpio_if.o
                0x000000002000d914                g_ucLED1Pin
                0x000000002000d915                g_ucLED2Pin
                0x000000002000d916                g_ucLED3Pin
 COMMON         0x000000002000d917        0x2 ../../../simplelink/gcc/lib/os/Release/libsimplelink.a(driver.o)
                0x000000002000d917                g_bDeviceRestartIsRequired
                0x000000002000d918                RxIrqCnt
 *fill*         0x000000002000d919        0x3 
 COMMON         0x000000002000d91c       0x58 ../../../simplelink/gcc/lib/os/Release/libsimplelink.a(cc_pal.o)
                0x000000002000d91c                g_cDummy
                0x000000002000d920                DMAMsgQ
                0x000000002000d924                g_ucDinDout
 COMMON         0x000000002000d974       0x50 ../../../oslib/gcc/free_rtos/Release/free_rtos.a(queue.o)
                0x000000002000d974                xQueueRegistry
 COMMON         0x000000002000d9c4        0x4 /usr/lib/gcc/arm-none-eabi/5.2.0/../../../../arm-none-eabi/lib/armv7e-m/libc_nano.a(lib_a-reent.o)
                0x000000002000d9c4                errno
                0x000000002000d9c8                _ebss = .

.heap           0x000000002000d9c8    0x32238
                0x000000002000d9c8                _heap = .
                0x000000002003fc00                . = (((((((. + 0x40000) - SIZEOF (.bss)) - SIZEOF (.data)) - SIZEOF (.ARM)) - SIZEOF (.text)) - SIZEOF (.bootloader)) - 0x400)
 *fill*         0x000000002000d9c8    0x32238 
                0x000000002003fc00                . = ALIGN (0x400)
                0x000000002003fc00                _eheap = .
LOAD obj/Release/main.o
LOAD obj/Release/pinmux.o
LOAD obj/Release/smartconfig.o
LOAD obj/Release/device_status.o
LOAD obj/Release/bma222drv.o
LOAD obj/Release/tmp006drv.o
LOAD obj/Release/i2c_if.o
LOAD obj/Release/uart_if.o
LOAD obj/Release/gpio_if.o
LOAD obj/Release/startup_gcc.o
LOAD ../../../simplelink/gcc/lib/os/Release/libsimplelink.a
LOAD ../../../oslib/gcc/free_rtos/Release/free_rtos.a
LOAD ../../../driverlib/gcc/lib/Release/libdriver.a
LOAD /usr/lib/gcc/arm-none-eabi/5.2.0/../../../../arm-none-eabi/lib/armv7e-m/libm.a
LOAD /usr/lib/gcc/arm-none-eabi/5.2.0/../../../../arm-none-eabi/lib/armv7e-m/libc_nano.a
LOAD /usr/lib/gcc/arm-none-eabi/5.2.0/armv7e-m/libgcc.a
LOAD /usr/lib/gcc/arm-none-eabi/5.2.0/../../../../arm-none-eabi/lib/armv7e-m/libnosys.a
OUTPUT(bin/Release/oob.elf elf32-littlearm)

.debug_info     0x0000000000000000    0x21755
 .debug_info    0x0000000000000000     0x1bc4 obj/Release/main.o
 .debug_info    0x0000000000001bc4      0x171 obj/Release/pinmux.o
 .debug_info    0x0000000000001d35      0x24c obj/Release/smartconfig.o
 .debug_info    0x0000000000001f81      0x259 obj/Release/device_status.o
 .debug_info    0x00000000000021da      0x46b obj/Release/bma222drv.o
 .debug_info    0x0000000000002645      0x4ad obj/Release/tmp006drv.o
 .debug_info    0x0000000000002af2      0x5d3 obj/Release/i2c_if.o
 .debug_info    0x00000000000030c5      0x544 obj/Release/uart_if.o
 .debug_info    0x0000000000003609      0x5fe obj/Release/gpio_if.o
 .debug_info    0x0000000000003c07      0x221 obj/Release/startup_gcc.o
 .debug_info    0x0000000000003e28     0x13a1 ../../../simplelink/gcc/lib/os/Release/libsimplelink.a(device.o)
 .debug_info    0x00000000000051c9     0x275c ../../../simplelink/gcc/lib/os/Release/libsimplelink.a(driver.o)
 .debug_info    0x0000000000007925     0x1ec1 ../../../simplelink/gcc/lib/os/Release/libsimplelink.a(netapp.o)
 .debug_info    0x00000000000097e6     0x1f33 ../../../simplelink/gcc/lib/os/Release/libsimplelink.a(socket.o)
 .debug_info    0x000000000000b719     0x1fdc ../../../simplelink/gcc/lib/os/Release/libsimplelink.a(wlan.o)
 .debug_info    0x000000000000d6f5     0x10de ../../../simplelink/gcc/lib/os/Release/libsimplelink.a(cc_pal.o)
 .debug_info    0x000000000000e7d3      0xccb ../../../oslib/gcc/free_rtos/Release/free_rtos.a(osi_freertos.o)
 .debug_info    0x000000000000f49e     0x1a31 ../../../oslib/gcc/free_rtos/Release/free_rtos.a(queue.o)
 .debug_info    0x0000000000010ecf     0x29c5 ../../../oslib/gcc/free_rtos/Release/free_rtos.a(tasks.o)
 .debug_info    0x0000000000013894      0x44d ../../../oslib/gcc/free_rtos/Release/free_rtos.a(port.o)
 .debug_info    0x0000000000013ce1     0x114e ../../../oslib/gcc/free_rtos/Release/free_rtos.a(timers.o)
 .debug_info    0x0000000000014e2f      0x186 ../../../oslib/gcc/free_rtos/Release/free_rtos.a(heap_3.o)
 .debug_info    0x0000000000014fb5      0x29a ../../../oslib/gcc/free_rtos/Release/free_rtos.a(list.o)
 .debug_info    0x000000000001524f      0x3ea ../../../driverlib/gcc/lib/Release/libdriver.a(interrupt.o)
 .debug_info    0x0000000000015639      0x421 ../../../driverlib/gcc/lib/Release/libdriver.a(pin.o)
 .debug_info    0x0000000000015a5a     0x1648 ../../../driverlib/gcc/lib/Release/libdriver.a(prcm.o)
 .debug_info    0x00000000000170a2      0xb9e ../../../driverlib/gcc/lib/Release/libdriver.a(spi.o)
 .debug_info    0x0000000000017c40      0x67d ../../../driverlib/gcc/lib/Release/libdriver.a(timer.o)
 .debug_info    0x00000000000182bd       0x50 ../../../driverlib/gcc/lib/Release/libdriver.a(utils.o)
 .debug_info    0x000000000001830d      0x2c6 /usr/lib/gcc/arm-none-eabi/5.2.0/../../../../arm-none-eabi/lib/armv7e-m/libm.a(lib_a-w_pow.o)
 .debug_info    0x00000000000185d3      0x715 /usr/lib/gcc/arm-none-eabi/5.2.0/../../../../arm-none-eabi/lib/armv7e-m/libm.a(lib_a-e_pow.o)
 .debug_info    0x0000000000018ce8      0x218 /usr/lib/gcc/arm-none-eabi/5.2.0/../../../../arm-none-eabi/lib/armv7e-m/libm.a(lib_a-e_sqrt.o)
 .debug_info    0x0000000000018f00      0x13a /usr/lib/gcc/arm-none-eabi/5.2.0/../../../../arm-none-eabi/lib/armv7e-m/libm.a(lib_a-s_fabs.o)
 .debug_info    0x000000000001903a       0xd3 /usr/lib/gcc/arm-none-eabi/5.2.0/../../../../arm-none-eabi/lib/armv7e-m/libm.a(lib_a-s_finite.o)
 .debug_info    0x000000000001910d       0xd3 /usr/lib/gcc/arm-none-eabi/5.2.0/../../../../arm-none-eabi/lib/armv7e-m/libm.a(lib_a-s_fpclassify.o)
 .debug_info    0x00000000000191e0       0xc2 /usr/lib/gcc/arm-none-eabi/5.2.0/../../../../arm-none-eabi/lib/armv7e-m/libm.a(lib_a-s_lib_ver.o)
 .debug_info    0x00000000000192a2      0x129 /usr/lib/gcc/arm-none-eabi/5.2.0/../../../../arm-none-eabi/lib/armv7e-m/libm.a(lib_a-s_matherr.o)
 .debug_info    0x00000000000193cb       0xd2 /usr/lib/gcc/arm-none-eabi/5.2.0/../../../../arm-none-eabi/lib/armv7e-m/libm.a(lib_a-s_nan.o)
 .debug_info    0x000000000001949d      0x204 /usr/lib/gcc/arm-none-eabi/5.2.0/../../../../arm-none-eabi/lib/armv7e-m/libm.a(lib_a-s_rint.o)
 .debug_info    0x00000000000196a1      0x284 /usr/lib/gcc/arm-none-eabi/5.2.0/../../../../arm-none-eabi/lib/armv7e-m/libm.a(lib_a-s_scalbn.o)
 .debug_info    0x0000000000019925      0x151 /usr/lib/gcc/arm-none-eabi/5.2.0/../../../../arm-none-eabi/lib/armv7e-m/libm.a(lib_a-s_copysign.o)
 .debug_info    0x0000000000019a76      0x73c /usr/lib/gcc/arm-none-eabi/5.2.0/../../../../arm-none-eabi/lib/armv7e-m/libc_nano.a(lib_a-errno.o)
 .debug_info    0x000000000001a1b2      0x7da /usr/lib/gcc/arm-none-eabi/5.2.0/../../../../arm-none-eabi/lib/armv7e-m/libc_nano.a(lib_a-impure.o)
 .debug_info    0x000000000001a98c      0x7b2 /usr/lib/gcc/arm-none-eabi/5.2.0/../../../../arm-none-eabi/lib/armv7e-m/libc_nano.a(lib_a-malloc.o)
 .debug_info    0x000000000001b13e       0xf8 /usr/lib/gcc/arm-none-eabi/5.2.0/../../../../arm-none-eabi/lib/armv7e-m/libc_nano.a(lib_a-memcmp.o)
 .debug_info    0x000000000001b236      0x115 /usr/lib/gcc/arm-none-eabi/5.2.0/../../../../arm-none-eabi/lib/armv7e-m/libc_nano.a(lib_a-memcpy.o)
 .debug_info    0x000000000001b34b      0x109 /usr/lib/gcc/arm-none-eabi/5.2.0/../../../../arm-none-eabi/lib/armv7e-m/libc_nano.a(lib_a-memmove.o)
 .debug_info    0x000000000001b454       0xda /usr/lib/gcc/arm-none-eabi/5.2.0/../../../../arm-none-eabi/lib/armv7e-m/libc_nano.a(lib_a-memset.o)
 .debug_info    0x000000000001b52e      0x821 /usr/lib/gcc/arm-none-eabi/5.2.0/../../../../arm-none-eabi/lib/armv7e-m/libc_nano.a(lib_a-nano-freer.o)
 .debug_info    0x000000000001bd4f      0x8ec /usr/lib/gcc/arm-none-eabi/5.2.0/../../../../arm-none-eabi/lib/armv7e-m/libc_nano.a(lib_a-nano-mallocr.o)
 .debug_info    0x000000000001c63b      0x786 /usr/lib/gcc/arm-none-eabi/5.2.0/../../../../arm-none-eabi/lib/armv7e-m/libc_nano.a(lib_a-realloc.o)
 .debug_info    0x000000000001cdc1      0x7a1 /usr/lib/gcc/arm-none-eabi/5.2.0/../../../../arm-none-eabi/lib/armv7e-m/libc_nano.a(lib_a-sbrkr.o)
 .debug_info    0x000000000001d562       0xc4 /usr/lib/gcc/arm-none-eabi/5.2.0/../../../../arm-none-eabi/lib/armv7e-m/libc_nano.a(lib_a-strcpy.o)
 .debug_info    0x000000000001d626       0xd4 /usr/lib/gcc/arm-none-eabi/5.2.0/../../../../arm-none-eabi/lib/armv7e-m/libc_nano.a(lib_a-strlen.o)
 .debug_info    0x000000000001d6fa      0x892 /usr/lib/gcc/arm-none-eabi/5.2.0/../../../../arm-none-eabi/lib/armv7e-m/libc_nano.a(lib_a-vsnprintf.o)
 .debug_info    0x000000000001df8c      0x878 /usr/lib/gcc/arm-none-eabi/5.2.0/../../../../arm-none-eabi/lib/armv7e-m/libc_nano.a(lib_a-nano-reallocr.o)
 .debug_info    0x000000000001e804      0xd40 /usr/lib/gcc/arm-none-eabi/5.2.0/../../../../arm-none-eabi/lib/armv7e-m/libc_nano.a(lib_a-nano-svfprintf.o)
 .debug_info    0x000000000001f544      0xb33 /usr/lib/gcc/arm-none-eabi/5.2.0/../../../../arm-none-eabi/lib/armv7e-m/libc_nano.a(lib_a-nano-vfprintf_i.o)
 .debug_info    0x0000000000020077      0x8fb /usr/lib/gcc/arm-none-eabi/5.2.0/../../../../arm-none-eabi/lib/armv7e-m/libc_nano.a(lib_a-reent.o)
 .debug_info    0x0000000000020972       0xff /usr/lib/gcc/arm-none-eabi/5.2.0/../../../../arm-none-eabi/lib/armv7e-m/libc_nano.a(lib_a-memchr.o)
 .debug_info    0x0000000000020a71      0x7c0 /usr/lib/gcc/arm-none-eabi/5.2.0/../../../../arm-none-eabi/lib/armv7e-m/libc_nano.a(lib_a-nano-msizer.o)
 .debug_info    0x0000000000021231       0xbc /usr/lib/gcc/arm-none-eabi/5.2.0/armv7e-m/libgcc.a(_arm_addsubdf3.o)
 .debug_info    0x00000000000212ed       0xbc /usr/lib/gcc/arm-none-eabi/5.2.0/armv7e-m/libgcc.a(_arm_muldivdf3.o)
 .debug_info    0x00000000000213a9       0xbc /usr/lib/gcc/arm-none-eabi/5.2.0/armv7e-m/libgcc.a(_arm_cmpdf2.o)
 .debug_info    0x0000000000021465       0xbc /usr/lib/gcc/arm-none-eabi/5.2.0/armv7e-m/libgcc.a(_arm_truncdfsf2.o)
 .debug_info    0x0000000000021521       0xbc /usr/lib/gcc/arm-none-eabi/5.2.0/armv7e-m/libgcc.a(_arm_addsubsf3.o)
 .debug_info    0x00000000000215dd       0xbc /usr/lib/gcc/arm-none-eabi/5.2.0/armv7e-m/libgcc.a(_arm_muldivsf3.o)
 .debug_info    0x0000000000021699       0xbc /usr/lib/gcc/arm-none-eabi/5.2.0/armv7e-m/libgcc.a(_arm_fixunssfsi.o)

.debug_abbrev   0x0000000000000000     0x6158
 .debug_abbrev  0x0000000000000000      0x46b obj/Release/main.o
 .debug_abbrev  0x000000000000046b       0x7a obj/Release/pinmux.o
 .debug_abbrev  0x00000000000004e5       0xd9 obj/Release/smartconfig.o
 .debug_abbrev  0x00000000000005be      0x112 obj/Release/device_status.o
 .debug_abbrev  0x00000000000006d0      0x15b obj/Release/bma222drv.o
 .debug_abbrev  0x000000000000082b      0x192 obj/Release/tmp006drv.o
 .debug_abbrev  0x00000000000009bd      0x1cb obj/Release/i2c_if.o
 .debug_abbrev  0x0000000000000b88      0x1d0 obj/Release/uart_if.o
 .debug_abbrev  0x0000000000000d58      0x23d obj/Release/gpio_if.o
 .debug_abbrev  0x0000000000000f95      0x149 obj/Release/startup_gcc.o
 .debug_abbrev  0x00000000000010de      0x327 ../../../simplelink/gcc/lib/os/Release/libsimplelink.a(device.o)
 .debug_abbrev  0x0000000000001405      0x3c2 ../../../simplelink/gcc/lib/os/Release/libsimplelink.a(driver.o)
 .debug_abbrev  0x00000000000017c7      0x353 ../../../simplelink/gcc/lib/os/Release/libsimplelink.a(netapp.o)
 .debug_abbrev  0x0000000000001b1a      0x3ae ../../../simplelink/gcc/lib/os/Release/libsimplelink.a(socket.o)
 .debug_abbrev  0x0000000000001ec8      0x2b2 ../../../simplelink/gcc/lib/os/Release/libsimplelink.a(wlan.o)
 .debug_abbrev  0x000000000000217a      0x316 ../../../simplelink/gcc/lib/os/Release/libsimplelink.a(cc_pal.o)
 .debug_abbrev  0x0000000000002490      0x292 ../../../oslib/gcc/free_rtos/Release/free_rtos.a(osi_freertos.o)
 .debug_abbrev  0x0000000000002722      0x283 ../../../oslib/gcc/free_rtos/Release/free_rtos.a(queue.o)
 .debug_abbrev  0x00000000000029a5      0x377 ../../../oslib/gcc/free_rtos/Release/free_rtos.a(tasks.o)
 .debug_abbrev  0x0000000000002d1c      0x21a ../../../oslib/gcc/free_rtos/Release/free_rtos.a(port.o)
 .debug_abbrev  0x0000000000002f36      0x2bb ../../../oslib/gcc/free_rtos/Release/free_rtos.a(timers.o)
 .debug_abbrev  0x00000000000031f1      0x111 ../../../oslib/gcc/free_rtos/Release/free_rtos.a(heap_3.o)
 .debug_abbrev  0x0000000000003302       0xdc ../../../oslib/gcc/free_rtos/Release/free_rtos.a(list.o)
 .debug_abbrev  0x00000000000033de      0x178 ../../../driverlib/gcc/lib/Release/libdriver.a(interrupt.o)
 .debug_abbrev  0x0000000000003556      0x11f ../../../driverlib/gcc/lib/Release/libdriver.a(pin.o)
 .debug_abbrev  0x0000000000003675      0x31a ../../../driverlib/gcc/lib/Release/libdriver.a(prcm.o)
 .debug_abbrev  0x000000000000398f      0x1f4 ../../../driverlib/gcc/lib/Release/libdriver.a(spi.o)
 .debug_abbrev  0x0000000000003b83      0x100 ../../../driverlib/gcc/lib/Release/libdriver.a(timer.o)
 .debug_abbrev  0x0000000000003c83       0x48 ../../../driverlib/gcc/lib/Release/libdriver.a(utils.o)
 .debug_abbrev  0x0000000000003ccb      0x123 /usr/lib/gcc/arm-none-eabi/5.2.0/../../../../arm-none-eabi/lib/armv7e-m/libm.a(lib_a-w_pow.o)
 .debug_abbrev  0x0000000000003dee      0x1b1 /usr/lib/gcc/arm-none-eabi/5.2.0/../../../../arm-none-eabi/lib/armv7e-m/libm.a(lib_a-e_pow.o)
 .debug_abbrev  0x0000000000003f9f      0x100 /usr/lib/gcc/arm-none-eabi/5.2.0/../../../../arm-none-eabi/lib/armv7e-m/libm.a(lib_a-e_sqrt.o)
 .debug_abbrev  0x000000000000409f       0xbb /usr/lib/gcc/arm-none-eabi/5.2.0/../../../../arm-none-eabi/lib/armv7e-m/libm.a(lib_a-s_fabs.o)
 .debug_abbrev  0x000000000000415a       0x6d /usr/lib/gcc/arm-none-eabi/5.2.0/../../../../arm-none-eabi/lib/armv7e-m/libm.a(lib_a-s_finite.o)
 .debug_abbrev  0x00000000000041c7       0x6d /usr/lib/gcc/arm-none-eabi/5.2.0/../../../../arm-none-eabi/lib/armv7e-m/libm.a(lib_a-s_fpclassify.o)
 .debug_abbrev  0x0000000000004234       0x5a /usr/lib/gcc/arm-none-eabi/5.2.0/../../../../arm-none-eabi/lib/armv7e-m/libm.a(lib_a-s_lib_ver.o)
 .debug_abbrev  0x000000000000428e       0x9a /usr/lib/gcc/arm-none-eabi/5.2.0/../../../../arm-none-eabi/lib/armv7e-m/libm.a(lib_a-s_matherr.o)
 .debug_abbrev  0x0000000000004328       0x72 /usr/lib/gcc/arm-none-eabi/5.2.0/../../../../arm-none-eabi/lib/armv7e-m/libm.a(lib_a-s_nan.o)
 .debug_abbrev  0x000000000000439a      0x120 /usr/lib/gcc/arm-none-eabi/5.2.0/../../../../arm-none-eabi/lib/armv7e-m/libm.a(lib_a-s_rint.o)
 .debug_abbrev  0x00000000000044ba      0x126 /usr/lib/gcc/arm-none-eabi/5.2.0/../../../../arm-none-eabi/lib/armv7e-m/libm.a(lib_a-s_scalbn.o)
 .debug_abbrev  0x00000000000045e0       0xe6 /usr/lib/gcc/arm-none-eabi/5.2.0/../../../../arm-none-eabi/lib/armv7e-m/libm.a(lib_a-s_copysign.o)
 .debug_abbrev  0x00000000000046c6      0x134 /usr/lib/gcc/arm-none-eabi/5.2.0/../../../../arm-none-eabi/lib/armv7e-m/libc_nano.a(lib_a-errno.o)
 .debug_abbrev  0x00000000000047fa      0x136 /usr/lib/gcc/arm-none-eabi/5.2.0/../../../../arm-none-eabi/lib/armv7e-m/libc_nano.a(lib_a-impure.o)
 .debug_abbrev  0x0000000000004930      0x18a /usr/lib/gcc/arm-none-eabi/5.2.0/../../../../arm-none-eabi/lib/armv7e-m/libc_nano.a(lib_a-malloc.o)
 .debug_abbrev  0x0000000000004aba       0x7f /usr/lib/gcc/arm-none-eabi/5.2.0/../../../../arm-none-eabi/lib/armv7e-m/libc_nano.a(lib_a-memcmp.o)
 .debug_abbrev  0x0000000000004b39       0xab /usr/lib/gcc/arm-none-eabi/5.2.0/../../../../arm-none-eabi/lib/armv7e-m/libc_nano.a(lib_a-memcpy.o)
 .debug_abbrev  0x0000000000004be4       0x9c /usr/lib/gcc/arm-none-eabi/5.2.0/../../../../arm-none-eabi/lib/armv7e-m/libc_nano.a(lib_a-memmove.o)
 .debug_abbrev  0x0000000000004c80       0x8e /usr/lib/gcc/arm-none-eabi/5.2.0/../../../../arm-none-eabi/lib/armv7e-m/libc_nano.a(lib_a-memset.o)
 .debug_abbrev  0x0000000000004d0e      0x1b6 /usr/lib/gcc/arm-none-eabi/5.2.0/../../../../arm-none-eabi/lib/armv7e-m/libc_nano.a(lib_a-nano-freer.o)
 .debug_abbrev  0x0000000000004ec4      0x24e /usr/lib/gcc/arm-none-eabi/5.2.0/../../../../arm-none-eabi/lib/armv7e-m/libc_nano.a(lib_a-nano-mallocr.o)
 .debug_abbrev  0x0000000000005112      0x17f /usr/lib/gcc/arm-none-eabi/5.2.0/../../../../arm-none-eabi/lib/armv7e-m/libc_nano.a(lib_a-realloc.o)
 .debug_abbrev  0x0000000000005291      0x1a0 /usr/lib/gcc/arm-none-eabi/5.2.0/../../../../arm-none-eabi/lib/armv7e-m/libc_nano.a(lib_a-sbrkr.o)
 .debug_abbrev  0x0000000000005431       0x72 /usr/lib/gcc/arm-none-eabi/5.2.0/../../../../arm-none-eabi/lib/armv7e-m/libc_nano.a(lib_a-strcpy.o)
 .debug_abbrev  0x00000000000054a3       0x8c /usr/lib/gcc/arm-none-eabi/5.2.0/../../../../arm-none-eabi/lib/armv7e-m/libc_nano.a(lib_a-strlen.o)
 .debug_abbrev  0x000000000000552f      0x1bd /usr/lib/gcc/arm-none-eabi/5.2.0/../../../../arm-none-eabi/lib/armv7e-m/libc_nano.a(lib_a-vsnprintf.o)
 .debug_abbrev  0x00000000000056ec      0x1af /usr/lib/gcc/arm-none-eabi/5.2.0/../../../../arm-none-eabi/lib/armv7e-m/libc_nano.a(lib_a-nano-reallocr.o)
 .debug_abbrev  0x000000000000589b      0x23f /usr/lib/gcc/arm-none-eabi/5.2.0/../../../../arm-none-eabi/lib/armv7e-m/libc_nano.a(lib_a-nano-svfprintf.o)
 .debug_abbrev  0x0000000000005ada      0x1f4 /usr/lib/gcc/arm-none-eabi/5.2.0/../../../../arm-none-eabi/lib/armv7e-m/libc_nano.a(lib_a-nano-vfprintf_i.o)
 .debug_abbrev  0x0000000000005cce      0x1f2 /usr/lib/gcc/arm-none-eabi/5.2.0/../../../../arm-none-eabi/lib/armv7e-m/libc_nano.a(lib_a-reent.o)
 .debug_abbrev  0x0000000000005ec0       0xab /usr/lib/gcc/arm-none-eabi/5.2.0/../../../../arm-none-eabi/lib/armv7e-m/libc_nano.a(lib_a-memchr.o)
 .debug_abbrev  0x0000000000005f6b      0x161 /usr/lib/gcc/arm-none-eabi/5.2.0/../../../../arm-none-eabi/lib/armv7e-m/libc_nano.a(lib_a-nano-msizer.o)
 .debug_abbrev  0x00000000000060cc       0x14 /usr/lib/gcc/arm-none-eabi/5.2.0/armv7e-m/libgcc.a(_arm_addsubdf3.o)
 .debug_abbrev  0x00000000000060e0       0x14 /usr/lib/gcc/arm-none-eabi/5.2.0/armv7e-m/libgcc.a(_arm_muldivdf3.o)
 .debug_abbrev  0x00000000000060f4       0x14 /usr/lib/gcc/arm-none-eabi/5.2.0/armv7e-m/libgcc.a(_arm_cmpdf2.o)
 .debug_abbrev  0x0000000000006108       0x14 /usr/lib/gcc/arm-none-eabi/5.2.0/armv7e-m/libgcc.a(_arm_truncdfsf2.o)
 .debug_abbrev  0x000000000000611c       0x14 /usr/lib/gcc/arm-none-eabi/5.2.0/armv7e-m/libgcc.a(_arm_addsubsf3.o)
 .debug_abbrev  0x0000000000006130       0x14 /usr/lib/gcc/arm-none-eabi/5.2.0/armv7e-m/libgcc.a(_arm_muldivsf3.o)
 .debug_abbrev  0x0000000000006144       0x14 /usr/lib/gcc/arm-none-eabi/5.2.0/armv7e-m/libgcc.a(_arm_fixunssfsi.o)

.debug_loc      0x0000000000000000    0x11293
 .debug_loc     0x0000000000000000      0x818 obj/Release/main.o
 .debug_loc     0x0000000000000818       0xa3 obj/Release/smartconfig.o
 .debug_loc     0x00000000000008bb       0x36 obj/Release/device_status.o
 .debug_loc     0x00000000000008f1      0x26a obj/Release/bma222drv.o
 .debug_loc     0x0000000000000b5b      0x3ba obj/Release/tmp006drv.o
 .debug_loc     0x0000000000000f15      0x46b obj/Release/i2c_if.o
 .debug_loc     0x0000000000001380      0x2be obj/Release/uart_if.o
 .debug_loc     0x000000000000163e      0x3cd obj/Release/gpio_if.o
 .debug_loc     0x0000000000001a0b       0x65 obj/Release/startup_gcc.o
 .debug_loc     0x0000000000001a70      0x79f ../../../simplelink/gcc/lib/os/Release/libsimplelink.a(device.o)
 .debug_loc     0x000000000000220f     0x1689 ../../../simplelink/gcc/lib/os/Release/libsimplelink.a(driver.o)
 .debug_loc     0x0000000000003898     0x117e ../../../simplelink/gcc/lib/os/Release/libsimplelink.a(netapp.o)
 .debug_loc     0x0000000000004a16      0xfab ../../../simplelink/gcc/lib/os/Release/libsimplelink.a(socket.o)
 .debug_loc     0x00000000000059c1      0xf55 ../../../simplelink/gcc/lib/os/Release/libsimplelink.a(wlan.o)
 .debug_loc     0x0000000000006916      0x8e9 ../../../simplelink/gcc/lib/os/Release/libsimplelink.a(cc_pal.o)
 .debug_loc     0x00000000000071ff      0x841 ../../../oslib/gcc/free_rtos/Release/free_rtos.a(osi_freertos.o)
 .debug_loc     0x0000000000007a40     0x134e ../../../oslib/gcc/free_rtos/Release/free_rtos.a(queue.o)
 .debug_loc     0x0000000000008d8e     0x1b04 ../../../oslib/gcc/free_rtos/Release/free_rtos.a(tasks.o)
 .debug_loc     0x000000000000a892       0x99 ../../../oslib/gcc/free_rtos/Release/free_rtos.a(port.o)
 .debug_loc     0x000000000000a92b      0x913 ../../../oslib/gcc/free_rtos/Release/free_rtos.a(timers.o)
 .debug_loc     0x000000000000b23e       0x81 ../../../oslib/gcc/free_rtos/Release/free_rtos.a(heap_3.o)
 .debug_loc     0x000000000000b2bf       0x94 ../../../oslib/gcc/free_rtos/Release/free_rtos.a(list.o)
 .debug_loc     0x000000000000b353      0x165 ../../../driverlib/gcc/lib/Release/libdriver.a(interrupt.o)
 .debug_loc     0x000000000000b4b8      0x514 ../../../driverlib/gcc/lib/Release/libdriver.a(pin.o)
 .debug_loc     0x000000000000b9cc      0xfa1 ../../../driverlib/gcc/lib/Release/libdriver.a(prcm.o)
 .debug_loc     0x000000000000c96d      0xbbe ../../../driverlib/gcc/lib/Release/libdriver.a(spi.o)
 .debug_loc     0x000000000000d52b      0x465 ../../../driverlib/gcc/lib/Release/libdriver.a(timer.o)
 .debug_loc     0x000000000000d990      0x156 /usr/lib/gcc/arm-none-eabi/5.2.0/../../../../arm-none-eabi/lib/armv7e-m/libm.a(lib_a-w_pow.o)
 .debug_loc     0x000000000000dae6     0x1477 /usr/lib/gcc/arm-none-eabi/5.2.0/../../../../arm-none-eabi/lib/armv7e-m/libm.a(lib_a-e_pow.o)
 .debug_loc     0x000000000000ef5d      0x4f3 /usr/lib/gcc/arm-none-eabi/5.2.0/../../../../arm-none-eabi/lib/armv7e-m/libm.a(lib_a-e_sqrt.o)
 .debug_loc     0x000000000000f450       0x2b /usr/lib/gcc/arm-none-eabi/5.2.0/../../../../arm-none-eabi/lib/armv7e-m/libm.a(lib_a-s_fabs.o)
 .debug_loc     0x000000000000f47b       0x28 /usr/lib/gcc/arm-none-eabi/5.2.0/../../../../arm-none-eabi/lib/armv7e-m/libm.a(lib_a-s_finite.o)
 .debug_loc     0x000000000000f4a3       0xa8 /usr/lib/gcc/arm-none-eabi/5.2.0/../../../../arm-none-eabi/lib/armv7e-m/libm.a(lib_a-s_fpclassify.o)
 .debug_loc     0x000000000000f54b       0x21 /usr/lib/gcc/arm-none-eabi/5.2.0/../../../../arm-none-eabi/lib/armv7e-m/libm.a(lib_a-s_matherr.o)
 .debug_loc     0x000000000000f56c       0x21 /usr/lib/gcc/arm-none-eabi/5.2.0/../../../../arm-none-eabi/lib/armv7e-m/libm.a(lib_a-s_nan.o)
 .debug_loc     0x000000000000f58d      0x2ce /usr/lib/gcc/arm-none-eabi/5.2.0/../../../../arm-none-eabi/lib/armv7e-m/libm.a(lib_a-s_rint.o)
 .debug_loc     0x000000000000f85b      0x1e8 /usr/lib/gcc/arm-none-eabi/5.2.0/../../../../arm-none-eabi/lib/armv7e-m/libm.a(lib_a-s_scalbn.o)
 .debug_loc     0x000000000000fa43       0x53 /usr/lib/gcc/arm-none-eabi/5.2.0/../../../../arm-none-eabi/lib/armv7e-m/libm.a(lib_a-s_copysign.o)
 .debug_loc     0x000000000000fa96       0x58 /usr/lib/gcc/arm-none-eabi/5.2.0/../../../../arm-none-eabi/lib/armv7e-m/libc_nano.a(lib_a-malloc.o)
 .debug_loc     0x000000000000faee      0x12e /usr/lib/gcc/arm-none-eabi/5.2.0/../../../../arm-none-eabi/lib/armv7e-m/libc_nano.a(lib_a-memcmp.o)
 .debug_loc     0x000000000000fc1c       0x87 /usr/lib/gcc/arm-none-eabi/5.2.0/../../../../arm-none-eabi/lib/armv7e-m/libc_nano.a(lib_a-memcpy.o)
 .debug_loc     0x000000000000fca3       0xde /usr/lib/gcc/arm-none-eabi/5.2.0/../../../../arm-none-eabi/lib/armv7e-m/libc_nano.a(lib_a-memmove.o)
 .debug_loc     0x000000000000fd81       0x57 /usr/lib/gcc/arm-none-eabi/5.2.0/../../../../arm-none-eabi/lib/armv7e-m/libc_nano.a(lib_a-memset.o)
 .debug_loc     0x000000000000fdd8      0x172 /usr/lib/gcc/arm-none-eabi/5.2.0/../../../../arm-none-eabi/lib/armv7e-m/libc_nano.a(lib_a-nano-freer.o)
 .debug_loc     0x000000000000ff4a      0x311 /usr/lib/gcc/arm-none-eabi/5.2.0/../../../../arm-none-eabi/lib/armv7e-m/libc_nano.a(lib_a-nano-mallocr.o)
 .debug_loc     0x000000000001025b       0x58 /usr/lib/gcc/arm-none-eabi/5.2.0/../../../../arm-none-eabi/lib/armv7e-m/libc_nano.a(lib_a-realloc.o)
 .debug_loc     0x00000000000102b3       0x4d /usr/lib/gcc/arm-none-eabi/5.2.0/../../../../arm-none-eabi/lib/armv7e-m/libc_nano.a(lib_a-sbrkr.o)
 .debug_loc     0x0000000000010300       0x21 /usr/lib/gcc/arm-none-eabi/5.2.0/../../../../arm-none-eabi/lib/armv7e-m/libc_nano.a(lib_a-strcpy.o)
 .debug_loc     0x0000000000010321       0x21 /usr/lib/gcc/arm-none-eabi/5.2.0/../../../../arm-none-eabi/lib/armv7e-m/libc_nano.a(lib_a-strlen.o)
 .debug_loc     0x0000000000010342      0x163 /usr/lib/gcc/arm-none-eabi/5.2.0/../../../../arm-none-eabi/lib/armv7e-m/libc_nano.a(lib_a-vsnprintf.o)
 .debug_loc     0x00000000000104a5      0x11b /usr/lib/gcc/arm-none-eabi/5.2.0/../../../../arm-none-eabi/lib/armv7e-m/libc_nano.a(lib_a-nano-reallocr.o)
 .debug_loc     0x00000000000105c0      0x54e /usr/lib/gcc/arm-none-eabi/5.2.0/../../../../arm-none-eabi/lib/armv7e-m/libc_nano.a(lib_a-nano-svfprintf.o)
 .debug_loc     0x0000000000010b0e      0x52c /usr/lib/gcc/arm-none-eabi/5.2.0/../../../../arm-none-eabi/lib/armv7e-m/libc_nano.a(lib_a-nano-vfprintf_i.o)
 .debug_loc     0x000000000001103a       0xfa /usr/lib/gcc/arm-none-eabi/5.2.0/../../../../arm-none-eabi/lib/armv7e-m/libc_nano.a(lib_a-reent.o)
 .debug_loc     0x0000000000011134       0xaa /usr/lib/gcc/arm-none-eabi/5.2.0/../../../../arm-none-eabi/lib/armv7e-m/libc_nano.a(lib_a-memchr.o)
 .debug_loc     0x00000000000111de       0xb5 /usr/lib/gcc/arm-none-eabi/5.2.0/../../../../arm-none-eabi/lib/armv7e-m/libc_nano.a(lib_a-nano-msizer.o)

.debug_aranges  0x0000000000000000     0x15b8
 .debug_aranges
                0x0000000000000000       0x88 obj/Release/main.o
 .debug_aranges
                0x0000000000000088       0x20 obj/Release/pinmux.o
 .debug_aranges
                0x00000000000000a8       0x28 obj/Release/smartconfig.o
 .debug_aranges
                0x00000000000000d0       0x28 obj/Release/device_status.o
 .debug_aranges
                0x00000000000000f8       0x50 obj/Release/bma222drv.o
 .debug_aranges
                0x0000000000000148       0x30 obj/Release/tmp006drv.o
 .debug_aranges