Archive member included to satisfy reference by file (symbol)

../../../simplelink/gcc/lib/os/Release/libsimplelink.a(device.o)
                              obj/Multicast/Release/network.o (sl_Start)
../../../simplelink/gcc/lib/os/Release/libsimplelink.a(driver.o)
                              ../../../simplelink/gcc/lib/os/Release/libsimplelink.a(device.o) (g_bDeviceRestartIsRequired)
../../../simplelink/gcc/lib/os/Release/libsimplelink.a(netapp.o)
                              obj/Multicast/Release/control.o (sl_NetAppMDNSUnRegisterService)
../../../simplelink/gcc/lib/os/Release/libsimplelink.a(socket.o)
                              obj/Multicast/Release/network.o (sl_Socket)
../../../simplelink/gcc/lib/os/Release/libsimplelink.a(wlan.o)
                              obj/Multicast/Release/smartconfig.o (sl_WlanPolicySet)
../../../simplelink/gcc/lib/os/Release/libsimplelink.a(cc_pal.o)
                              ../../../simplelink/gcc/lib/os/Release/libsimplelink.a(device.o) (spi_Open)
../../../oslib/gcc/free_rtos/Release/free_rtos.a(osi_freertos.o)
                              obj/Multicast/Release/control.o (osi_InterruptRegister)
../../../oslib/gcc/free_rtos/Release/free_rtos.a(queue.o)
                              ../../../oslib/gcc/free_rtos/Release/free_rtos.a(osi_freertos.o) (xQueueGenericCreate)
../../../oslib/gcc/free_rtos/Release/free_rtos.a(tasks.o)
                              ../../../oslib/gcc/free_rtos/Release/free_rtos.a(osi_freertos.o) (xTaskGenericCreate)
../../../oslib/gcc/free_rtos/Release/free_rtos.a(port.o)
                              ../../../oslib/gcc/free_rtos/Release/free_rtos.a(tasks.o) (pxPortInitialiseStack)
../../../oslib/gcc/free_rtos/Release/free_rtos.a(timers.o)
                              ../../../oslib/gcc/free_rtos/Release/free_rtos.a(tasks.o) (xTimerCreateTimerTask)
../../../oslib/gcc/free_rtos/Release/free_rtos.a(heap_3.o)
                              ../../../oslib/gcc/free_rtos/Release/free_rtos.a(osi_freertos.o) (pvPortMalloc)
../../../oslib/gcc/free_rtos/Release/free_rtos.a(list.o)
                              ../../../oslib/gcc/free_rtos/Release/free_rtos.a(queue.o) (vListInitialise)
../../../driverlib/gcc/lib/Release/libdriver.a(gpio.o)
                              obj/Multicast/Release/control.o (GPIOIntStatus)
../../../driverlib/gcc/lib/Release/libdriver.a(interrupt.o)
                              ../../../driverlib/gcc/lib/Release/libdriver.a(gpio.o) (IntRegister)
../../../driverlib/gcc/lib/Release/libdriver.a(i2s.o)
                              obj/Multicast/Release/i2s_if.o (I2SEnable)
../../../driverlib/gcc/lib/Release/libdriver.a(prcm.o)
                              obj/Multicast/Release/pinmux.o (PRCMPeripheralClkEnable)
../../../driverlib/gcc/lib/Release/libdriver.a(spi.o)
                              ../../../simplelink/gcc/lib/os/Release/libsimplelink.a(cc_pal.o) (SPIConfigSetExpClk)
../../../driverlib/gcc/lib/Release/libdriver.a(timer.o)
                              ../../../simplelink/gcc/lib/os/Release/libsimplelink.a(cc_pal.o) (TimerConfigure)
../../../driverlib/gcc/lib/Release/libdriver.a(utils.o)
                              ../../../simplelink/gcc/lib/os/Release/libsimplelink.a(cc_pal.o) (UtilsDelay)
../../../driverlib/gcc/lib/Release/libdriver.a(cpu.o)
                              ../../../driverlib/gcc/lib/Release/libdriver.a(interrupt.o) (CPUcpsid)
../../../driverlib/gcc/lib/Release/libdriver.a(flash.o)
                              ../../../driverlib/gcc/lib/Release/libdriver.a(prcm.o) (FlashDisable)
/usr/lib/gcc/arm-none-eabi/5.2.0/../../../../arm-none-eabi/lib/armv7e-m/libc_nano.a(lib_a-malloc.o)
                              obj/Multicast/Release/circ_buff.o (malloc)
/usr/lib/gcc/arm-none-eabi/5.2.0/../../../../arm-none-eabi/lib/armv7e-m/libc_nano.a(lib_a-memcmp.o)
                              ../../../oslib/gcc/free_rtos/Release/free_rtos.a(tasks.o) (memcmp)
/usr/lib/gcc/arm-none-eabi/5.2.0/../../../../arm-none-eabi/lib/armv7e-m/libc_nano.a(lib_a-memcpy.o)
                              obj/Multicast/Release/circ_buff.o (memcpy)
/usr/lib/gcc/arm-none-eabi/5.2.0/../../../../arm-none-eabi/lib/armv7e-m/libc_nano.a(lib_a-memmove.o)
                              obj/Multicast/Release/uart_if.o (memmove)
/usr/lib/gcc/arm-none-eabi/5.2.0/../../../../arm-none-eabi/lib/armv7e-m/libc_nano.a(lib_a-memset.o)
                              obj/Multicast/Release/circ_buff.o (memset)
/usr/lib/gcc/arm-none-eabi/5.2.0/../../../../arm-none-eabi/lib/armv7e-m/libc_nano.a(lib_a-nano-freer.o)
                              /usr/lib/gcc/arm-none-eabi/5.2.0/../../../../arm-none-eabi/lib/armv7e-m/libc_nano.a(lib_a-malloc.o) (_free_r)
/usr/lib/gcc/arm-none-eabi/5.2.0/../../../../arm-none-eabi/lib/armv7e-m/libc_nano.a(lib_a-nano-mallocr.o)
                              /usr/lib/gcc/arm-none-eabi/5.2.0/../../../../arm-none-eabi/lib/armv7e-m/libc_nano.a(lib_a-malloc.o) (_malloc_r)
[...]
Memory Configuration

Name             Origin             Length             Attributes
SRAM             0x0000000020000000 0x0000000000040000 xrw
*default*        0x0000000000000000 0xffffffffffffffff

Linker script and memory map

                0x0000000000004000                BOOTLOADER_SIZE = 0x4000

.bootloader     0x0000000020000000     0x4000
                0x0000000020000000                _heap2 = .
                0x0000000020004000                . = (. + BOOTLOADER_SIZE)
 *fill*         0x0000000020000000     0x4000 
                0x0000000020004000                . = ALIGN (0x8)
                0x0000000020004000                _eheap2 = .

.text           0x0000000020004000     0x7128
                0x0000000020004000                _text = .
 *(.intvecs)
 .intvecs       0x0000000020004000      0x400 obj/Multicast/Release/startup_gcc.o
                0x0000000020004000                g_pfnVectors
 *(.text*)
 .text.AudioCodecRegWrite
                0x0000000020004400       0x64 obj/Multicast/Release/audiocodec.o
 .text.AudioCodecPageSelect
                0x0000000020004464        0x8 obj/Multicast/Release/audiocodec.o
 .text.AudioCodecReset
                0x000000002000446c       0x14 obj/Multicast/Release/audiocodec.o
                0x000000002000446c                AudioCodecReset
 .text.AudioCodecConfig
                0x0000000020004480      0x24c obj/Multicast/Release/audiocodec.o
                0x0000000020004480                AudioCodecConfig
 .text.AudioCodecSpeakerVolCtrl
                0x00000000200046cc       0x48 obj/Multicast/Release/audiocodec.o
                0x00000000200046cc                AudioCodecSpeakerVolCtrl
 .text.AudioCodecMicVolCtrl
                0x0000000020004714       0x4c obj/Multicast/Release/audiocodec.o
                0x0000000020004714                AudioCodecMicVolCtrl
 .text.CreateCircularBuffer
                0x0000000020004760       0x24 obj/Multicast/Release/circ_buff.o
                0x0000000020004760                CreateCircularBuffer
 .text.GetReadPtr
                0x0000000020004784        0x4 obj/Multicast/Release/circ_buff.o
                0x0000000020004784                GetReadPtr
 .text.GetWritePtr
                0x0000000020004788        0x4 obj/Multicast/Release/circ_buff.o
                0x0000000020004788                GetWritePtr
 .text.UpdateReadPtr
                0x000000002000478c       0x1e obj/Multicast/Release/circ_buff.o
                0x000000002000478c                UpdateReadPtr
 .text.UpdateWritePtr
                0x00000000200047aa       0x1e obj/Multicast/Release/circ_buff.o
                0x00000000200047aa                UpdateWritePtr
 .text.GetBufferSize
                0x00000000200047c8       0x18 obj/Multicast/Release/circ_buff.o
                0x00000000200047c8                GetBufferSize
 .text.IsBufferEmpty
                0x00000000200047e0        0xc obj/Multicast/Release/circ_buff.o
                0x00000000200047e0                IsBufferEmpty
 .text.IsBufferSizeFilled
                0x00000000200047ec       0x12 obj/Multicast/Release/circ_buff.o
                0x00000000200047ec                IsBufferSizeFilled
 .text.IsBufferVacant
                0x00000000200047fe       0x12 obj/Multicast/Release/circ_buff.o
                0x00000000200047fe                IsBufferVacant
 .text.FillBuffer
                0x0000000020004810       0x5a obj/Multicast/Release/circ_buff.o
                0x0000000020004810                FillBuffer
 *fill*         0x000000002000486a        0x2 
 .text.MicroPhoneControl
                0x000000002000486c       0xa8 obj/Multicast/Release/control.o
                0x000000002000486c                MicroPhoneControl
 .text.SpeakerControl
                0x0000000020004914       0xc4 obj/Multicast/Release/control.o
                0x0000000020004914                SpeakerControl
 .text.AudioControlTask
                0x00000000200049d8       0x20 obj/Multicast/Release/control.o
                0x00000000200049d8                AudioControlTask
 .text.SpeakerStartStopControl
                0x00000000200049f8       0x30 obj/Multicast/Release/control.o
 .text.MICStartStopControl
                0x0000000020004a28       0x30 obj/Multicast/Release/control.o
 .text.SpeakerButtonHandler
                0x0000000020004a58       0x44 obj/Multicast/Release/control.o
 .text.MICButtonHandler
                0x0000000020004a9c       0x44 obj/Multicast/Release/control.o
 .text.InitControl
                0x0000000020004ae0       0xac obj/Multicast/Release/control.o
                0x0000000020004ae0                InitControl
 .text.ControlTaskCreate
                0x0000000020004b8c       0x84 obj/Multicast/Release/control.o
                0x0000000020004b8c                ControlTaskCreate
 .text.vAssertCalled
                0x0000000020004c10        0x2 obj/Multicast/Release/main.o
                0x0000000020004c10                vAssertCalled
 .text.vApplicationIdleHook
                0x0000000020004c12        0x2 obj/Multicast/Release/main.o
                0x0000000020004c12                vApplicationIdleHook
 .text.vApplicationStackOverflowHook
                0x0000000020004c14        0x2 obj/Multicast/Release/main.o
                0x0000000020004c14                vApplicationStackOverflowHook
 .text.vApplicationMallocFailedHook
                0x0000000020004c16        0x2 obj/Multicast/Release/main.o
                0x0000000020004c16                vApplicationMallocFailedHook
 .text.BoardInit
                0x0000000020004c18       0x28 obj/Multicast/Release/main.o
                0x0000000020004c18                BoardInit
 .text.startup.main
                0x0000000020004c40      0x1f4 obj/Multicast/Release/main.o
                0x0000000020004c40                main
 .text.SendMulticastPacket
                0x0000000020004e34       0x6c obj/Multicast/Release/microphone.o
                0x0000000020004e34                SendMulticastPacket
 .text.Microphone
                0x0000000020004ea0       0xac obj/Multicast/Release/microphone.o
                0x0000000020004ea0                Microphone
 .text.SimpleLinkWlanEventHandler
                0x0000000020004f4c       0xd4 obj/Multicast/Release/network.o
                0x0000000020004f4c                SimpleLinkWlanEventHandler
 .text.SimpleLinkNetAppEventHandler
                0x0000000020005020       0x74 obj/Multicast/Release/network.o
                0x0000000020005020                SimpleLinkNetAppEventHandler
 .text.SimpleLinkHttpServerCallback
                0x0000000020005094        0x2 obj/Multicast/Release/network.o
                0x0000000020005094                SimpleLinkHttpServerCallback
 *fill*         0x0000000020005096        0x2 
 .text.SimpleLinkGeneralEventHandler
                0x0000000020005098       0x24 obj/Multicast/Release/network.o
                0x0000000020005098                SimpleLinkGeneralEventHandler
 .text.SimpleLinkSockEventHandler
                0x00000000200050bc        0x2 obj/Multicast/Release/network.o
                0x00000000200050bc                SimpleLinkSockEventHandler
 *fill*         0x00000000200050be        0x2 
 .text.ReceiveMulticastPacket
                0x00000000200050c0       0x58 obj/Multicast/Release/network.o
                0x00000000200050c0                ReceiveMulticastPacket
 .text.ConnectToNetwork
                0x0000000020005118       0xfc obj/Multicast/Release/network.o
                0x0000000020005118                ConnectToNetwork
 .text.CreateUdpServer
                0x0000000020005214       0x70 obj/Multicast/Release/network.o
                0x0000000020005214                CreateUdpServer
 .text.Network  0x0000000020005284       0x78 obj/Multicast/Release/network.o
                0x0000000020005284                Network
 .text.DMAPingPongCompleteAppCB_opt
                0x00000000200052fc      0x1b4 obj/Multicast/Release/pcm_handler.o
                0x00000000200052fc                DMAPingPongCompleteAppCB_opt
 .text.SetupPingPongDMATransferTx
                0x00000000200054b0       0x70 obj/Multicast/Release/pcm_handler.o
                0x00000000200054b0                SetupPingPongDMATransferTx
 .text.SetupPingPongDMATransferRx
                0x0000000020005520       0x74 obj/Multicast/Release/pcm_handler.o
                0x0000000020005520                SetupPingPongDMATransferRx
 .text.PinMuxConfig
                0x0000000020005594       0xc0 obj/Multicast/Release/pinmux.o
                0x0000000020005594                PinMuxConfig
 .text.SmartConfigConnect
                0x0000000020005654       0x6c obj/Multicast/Release/smartconfig.o
                0x0000000020005654                SmartConfigConnect
 .text.Speaker  0x00000000200056c0       0xdc obj/Multicast/Release/speaker.o
                0x00000000200056c0                Speaker
 .text.InitTerm
                0x000000002000579c       0x34 obj/Multicast/Release/uart_if.o
                0x000000002000579c                InitTerm
 .text.Message  0x00000000200057d0       0x20 obj/Multicast/Release/uart_if.o
                0x00000000200057d0                Message
 .text.Report   0x00000000200057f0       0x68 obj/Multicast/Release/uart_if.o
                0x00000000200057f0                Report
 .text.I2CTransact
                0x0000000020005858       0x74 obj/Multicast/Release/i2c_if.o
 .text.I2C_IF_Write
                0x00000000200058cc       0x70 obj/Multicast/Release/i2c_if.o
                0x00000000200058cc                I2C_IF_Write
 .text.I2C_IF_Read
                0x000000002000593c       0x7c obj/Multicast/Release/i2c_if.o
                0x000000002000593c                I2C_IF_Read
 .text.I2C_IF_ReadFrom
                0x00000000200059b8       0x22 obj/Multicast/Release/i2c_if.o
                0x00000000200059b8                I2C_IF_ReadFrom
 *fill*         0x00000000200059da        0x2 
 .text.I2C_IF_Open
                0x00000000200059dc       0x40 obj/Multicast/Release/i2c_if.o
                0x00000000200059dc                I2C_IF_Open
 .text.AudioInit
                0x0000000020005a1c        0x8 obj/Multicast/Release/i2s_if.o
                0x0000000020005a1c                AudioInit
 .text.AudioSetupDMAMode
                0x0000000020005a24       0x4c obj/Multicast/Release/i2s_if.o
                0x0000000020005a24                AudioSetupDMAMode
 .text.AudioCaptureRendererConfigure
                0x0000000020005a70       0x6c obj/Multicast/Release/i2s_if.o
                0x0000000020005a70                AudioCaptureRendererConfigure
 .text.Audio_Start
                0x0000000020005adc       0x18 obj/Multicast/Release/i2s_if.o
                0x0000000020005adc                Audio_Start
 .text.DmaSwIntHandler
                0x0000000020005af4       0x20 obj/Multicast/Release/udma_if.o
                0x0000000020005af4                DmaSwIntHandler
 .text.DmaErrorIntHandler
                0x0000000020005b14       0x16 obj/Multicast/Release/udma_if.o
                0x0000000020005b14                DmaErrorIntHandler
 *fill*         0x0000000020005b2a        0x2 
 .text.UDMAInit
                0x0000000020005b2c       0x64 obj/Multicast/Release/udma_if.o
                0x0000000020005b2c                UDMAInit
 .text.UDMAChannelSelect
                0x0000000020005b90       0x2c obj/Multicast/Release/udma_if.o
                0x0000000020005b90                UDMAChannelSelect
 .text.UDMASetupTransfer
                0x0000000020005bbc       0x5c obj/Multicast/Release/udma_if.o
                0x0000000020005bbc                UDMASetupTransfer
 .text.GPIO_IF_LedConfigure
                0x0000000020005c18       0x50 obj/Multicast/Release/gpio_if.o
                0x0000000020005c18                GPIO_IF_LedConfigure
 .text.GPIO_IF_Set
                0x0000000020005c68       0x1e obj/Multicast/Release/gpio_if.o
                0x0000000020005c68                GPIO_IF_Set
 *fill*         0x0000000020005c86        0x2 
 .text.GPIO_IF_LedOn
                0x0000000020005c88       0x84 obj/Multicast/Release/gpio_if.o
                0x0000000020005c88                GPIO_IF_LedOn
 .text.GPIO_IF_LedOff
                0x0000000020005d0c       0x84 obj/Multicast/Release/gpio_if.o
                0x0000000020005d0c                GPIO_IF_LedOff
 .text.NmiSR    0x0000000020005d90        0x2 obj/Multicast/Release/startup_gcc.o
 .text.FaultISR
                0x0000000020005d92        0x2 obj/Multicast/Release/startup_gcc.o
 .text.BusFaultHandler
                0x0000000020005d94        0x2 obj/Multicast/Release/startup_gcc.o
 .text.IntDefaultHandler
                0x0000000020005d96        0x2 obj/Multicast/Release/startup_gcc.o
 .text.ResetISR
                0x0000000020005d98       0x5c obj/Multicast/Release/startup_gcc.o
                0x0000000020005d98                ResetISR
 .text._sbrk    0x0000000020005df4       0x3c obj/Multicast/Release/startup_gcc.o
                0x0000000020005df4                _sbrk
 .text.sl_Start
                0x0000000020005e30       0xcc ../../../simplelink/gcc/lib/os/Release/libsimplelink.a(device.o)
                0x0000000020005e30                sl_Start
 .text._sl_HandleAsync_InitComplete
                0x0000000020005efc       0x6c ../../../simplelink/gcc/lib/os/Release/libsimplelink.a(device.o)
                0x0000000020005efc                _sl_HandleAsync_InitComplete
 .text._sl_HandleAsync_Stop
                0x0000000020005f68       0x38 ../../../simplelink/gcc/lib/os/Release/libsimplelink.a(device.o)
                0x0000000020005f68                _sl_HandleAsync_Stop
 .text.sl_Stop  0x0000000020005fa0       0xa0 ../../../simplelink/gcc/lib/os/Release/libsimplelink.a(device.o)
                0x0000000020005fa0                sl_Stop
 .text._SlDrvDeviceEventHandler
                0x0000000020006040       0x66 ../../../simplelink/gcc/lib/os/Release/libsimplelink.a(device.o)
                0x0000000020006040                _SlDrvDeviceEventHandler
 *fill*         0x00000000200060a6        0x2 
 .text._SlAsyncEventGenericHandler
                0x00000000200060a8       0x54 ../../../simplelink/gcc/lib/os/Release/libsimplelink.a(driver.o)
 .text._SlRemoveFromList
                0x00000000200060fc       0x44 ../../../simplelink/gcc/lib/os/Release/libsimplelink.a(driver.o)
 .text._SlFindAndSetActiveObj
                0x0000000020006140       0x94 ../../../simplelink/gcc/lib/os/Release/libsimplelink.a(driver.o)
 .text._SlDrvObjGlobalLockWaitForever
                0x00000000200061d4       0x2c ../../../simplelink/gcc/lib/os/Release/libsimplelink.a(driver.o)
 .text._SlDrvMsgWrite
                0x0000000020006200      0x108 ../../../simplelink/gcc/lib/os/Release/libsimplelink.a(driver.o)
 .text._SlDrvDriverCBDeinit
                0x0000000020006308       0xa0 ../../../simplelink/gcc/lib/os/Release/libsimplelink.a(driver.o)
                0x0000000020006308                _SlDrvDriverCBDeinit
 .text._SlDrvRxIrqHandler
                0x00000000200063a8       0x44 ../../../simplelink/gcc/lib/os/Release/libsimplelink.a(driver.o)
                0x00000000200063a8                _SlDrvRxIrqHandler
 .text._SlDrvCmdSend
                0x00000000200063ec       0x74 ../../../simplelink/gcc/lib/os/Release/libsimplelink.a(driver.o)
                0x00000000200063ec                _SlDrvCmdSend
 .text._SlDrvDispatchHttpServerEvents
                0x0000000020006460        0x4 ../../../simplelink/gcc/lib/os/Release/libsimplelink.a(driver.o)
                0x0000000020006460                _SlDrvDispatchHttpServerEvents
 .text._SlDrvSyncObjSignal
                0x0000000020006464        0x8 ../../../simplelink/gcc/lib/os/Release/libsimplelink.a(driver.o)
                0x0000000020006464                _SlDrvSyncObjSignal
 .text._SlDrvObjLockWaitForever
                0x000000002000646c        0xc ../../../simplelink/gcc/lib/os/Release/libsimplelink.a(driver.o)
                0x000000002000646c                _SlDrvObjLockWaitForever
 .text._SlDrvProtectionObjLockWaitForever
                0x0000000020006478       0x18 ../../../simplelink/gcc/lib/os/Release/libsimplelink.a(driver.o)
                0x0000000020006478                _SlDrvProtectionObjLockWaitForever
 .text._SlDrvObjUnLock
                0x0000000020006490        0x8 ../../../simplelink/gcc/lib/os/Release/libsimplelink.a(driver.o)
                0x0000000020006490                _SlDrvObjUnLock
 .text._SlDrvProtectionObjUnLock
                0x0000000020006498       0x14 ../../../simplelink/gcc/lib/os/Release/libsimplelink.a(driver.o)
                0x0000000020006498                _SlDrvProtectionObjUnLock
 .text._SlDrvReleasePoolObj
                0x00000000200064ac       0xc0 ../../../simplelink/gcc/lib/os/Release/libsimplelink.a(driver.o)
                0x00000000200064ac                _SlDrvReleasePoolObj
 .text._SlDrvGlobalObjUnLock
                0x000000002000656c       0x14 ../../../simplelink/gcc/lib/os/Release/libsimplelink.a(driver.o)
                0x000000002000656c                _SlDrvGlobalObjUnLock
 .text._SlDrvMemZero
                0x0000000020006580        0x8 ../../../simplelink/gcc/lib/os/Release/libsimplelink.a(driver.o)
                0x0000000020006580                _SlDrvMemZero
 .text._SlDrvDriverCBInit
                0x0000000020006588       0xe0 ../../../simplelink/gcc/lib/os/Release/libsimplelink.a(driver.o)
                0x0000000020006588                _SlDrvDriverCBInit
 .text._SlDrvResetCmdExt
                0x0000000020006668        0x6 ../../../simplelink/gcc/lib/os/Release/libsimplelink.a(driver.o)
                0x0000000020006668                _SlDrvResetCmdExt
 *fill*         0x000000002000666e        0x2 
 .text._SlDrvSyncObjWaitForever
                0x0000000020006670       0x20 ../../../simplelink/gcc/lib/os/Release/libsimplelink.a(driver.o)
                0x0000000020006670                _SlDrvSyncObjWaitForever
 .text._SlDrvDataWriteOp
                0x0000000020006690       0xe0 ../../../simplelink/gcc/lib/os/Release/libsimplelink.a(driver.o)
                0x0000000020006690                _SlDrvDataWriteOp
 .text._SlDrvWaitForPoolObj
                0x0000000020006770       0xc8 ../../../simplelink/gcc/lib/os/Release/libsimplelink.a(driver.o)
                0x0000000020006770                _SlDrvWaitForPoolObj
 .text._SlDrvProtectAsyncRespSetting
                0x0000000020006838       0x30 ../../../simplelink/gcc/lib/os/Release/libsimplelink.a(driver.o)
                0x0000000020006838                _SlDrvProtectAsyncRespSetting
 .text._SlDriverHandleError
                0x0000000020006868       0x68 ../../../simplelink/gcc/lib/os/Release/libsimplelink.a(driver.o)
                0x0000000020006868                _SlDriverHandleError
 .text._SlDrvSyncObjWaitTimeout
                0x00000000200068d0       0x34 ../../../simplelink/gcc/lib/os/Release/libsimplelink.a(driver.o)
                0x00000000200068d0                _SlDrvSyncObjWaitTimeout
 .text._SlDrvDataReadOp
                0x0000000020006904      0x128 ../../../simplelink/gcc/lib/os/Release/libsimplelink.a(driver.o)
                0x0000000020006904                _SlDrvDataReadOp
 .text._SlDrvIsTimeoutExpired
                0x0000000020006a2c       0x48 ../../../simplelink/gcc/lib/os/Release/libsimplelink.a(driver.o)
                0x0000000020006a2c                _SlDrvIsTimeoutExpired
 .text._SlDrvMsgRead
                0x0000000020006a74      0x520 ../../../simplelink/gcc/lib/os/Release/libsimplelink.a(driver.o)
 .text._SlDrvCmdOp
                0x0000000020006f94      0x158 ../../../simplelink/gcc/lib/os/Release/libsimplelink.a(driver.o)
                0x0000000020006f94                _SlDrvCmdOp
 .text._SlDrvMsgReadSpawnCtx
                0x00000000200070ec       0x78 ../../../simplelink/gcc/lib/os/Release/libsimplelink.a(driver.o)
                0x00000000200070ec                _SlDrvMsgReadSpawnCtx
 .text.sl_NetAppMDNSRegisterUnregisterService
                0x0000000020007164       0x98 ../../../simplelink/gcc/lib/os/Release/libsimplelink.a(netapp.o)
                0x0000000020007164                sl_NetAppMDNSRegisterUnregisterService
 .text.sl_NetAppMDNSUnRegisterService
                0x00000000200071fc       0x38 ../../../simplelink/gcc/lib/os/Release/libsimplelink.a(netapp.o)
                0x00000000200071fc                sl_NetAppMDNSUnRegisterService
 .text._sl_HandleAsync_DnsGetHostByService
                0x0000000020007234       0x5c ../../../simplelink/gcc/lib/os/Release/libsimplelink.a(netapp.o)
                0x0000000020007234                _sl_HandleAsync_DnsGetHostByService
 .text._sl_HandleAsync_DnsGetHostByName
                0x0000000020007290       0x5c ../../../simplelink/gcc/lib/os/Release/libsimplelink.a(netapp.o)
                0x0000000020007290                _sl_HandleAsync_DnsGetHostByName
 .text._sl_HandleAsync_PingResponse
                0x00000000200072ec       0x7c ../../../simplelink/gcc/lib/os/Release/libsimplelink.a(netapp.o)
                0x00000000200072ec                _sl_HandleAsync_PingResponse
 .text._sl_NetAppSendTokenValue
                0x0000000020007368       0x50 ../../../simplelink/gcc/lib/os/Release/libsimplelink.a(netapp.o)
                0x0000000020007368                _sl_NetAppSendTokenValue
 .text._SlDrvNetAppEventHandler
                0x00000000200073b8       0xdc ../../../simplelink/gcc/lib/os/Release/libsimplelink.a(netapp.o)
                0x00000000200073b8                _SlDrvNetAppEventHandler
 .text._sl_BuildAddress
                0x0000000020007494       0x28 ../../../simplelink/gcc/lib/os/Release/libsimplelink.a(socket.o)
 .text.sl_Socket
                0x00000000200074bc       0x50 ../../../simplelink/gcc/lib/os/Release/libsimplelink.a(socket.o)
                0x00000000200074bc                sl_Socket
 .text.sl_Bind  0x000000002000750c       0x80 ../../../simplelink/gcc/lib/os/Release/libsimplelink.a(socket.o)
                0x000000002000750c                sl_Bind
 .text.sl_SendTo
                0x000000002000758c       0xe8 ../../../simplelink/gcc/lib/os/Release/libsimplelink.a(socket.o)
                0x000000002000758c                sl_SendTo
 .text.sl_RecvFrom
                0x0000000020007674       0xc8 ../../../simplelink/gcc/lib/os/Release/libsimplelink.a(socket.o)
                0x0000000020007674                sl_RecvFrom
 .text._sl_HandleAsync_Connect
                0x000000002000773c       0x54 ../../../simplelink/gcc/lib/os/Release/libsimplelink.a(socket.o)
                0x000000002000773c                _sl_HandleAsync_Connect
 .text.sl_Htonl
                0x0000000020007790       0x22 ../../../simplelink/gcc/lib/os/Release/libsimplelink.a(socket.o)
                0x0000000020007790                sl_Htonl
 .text.sl_Htons
                0x00000000200077b2       0x14 ../../../simplelink/gcc/lib/os/Release/libsimplelink.a(socket.o)
                0x00000000200077b2                sl_Htons
 *fill*         0x00000000200077c6        0x2 
 .text._sl_HandleAsync_Accept
                0x00000000200077c8       0x54 ../../../simplelink/gcc/lib/os/Release/libsimplelink.a(socket.o)
                0x00000000200077c8                _sl_HandleAsync_Accept
 .text._sl_HandleAsync_Select
                0x000000002000781c       0x40 ../../../simplelink/gcc/lib/os/Release/libsimplelink.a(socket.o)
                0x000000002000781c                _sl_HandleAsync_Select
 .text.sl_SetSockOpt
                0x000000002000785c       0x6c ../../../simplelink/gcc/lib/os/Release/libsimplelink.a(socket.o)
                0x000000002000785c                sl_SetSockOpt
 .text.sl_Select
                0x00000000200078c8       0xf4 ../../../simplelink/gcc/lib/os/Release/libsimplelink.a(socket.o)
                0x00000000200078c8                sl_Select
 .text.SL_FD_SET
                0x00000000200079bc       0x12 ../../../simplelink/gcc/lib/os/Release/libsimplelink.a(socket.o)
                0x00000000200079bc                SL_FD_SET
 .text.SL_FD_ISSET
                0x00000000200079ce       0x16 ../../../simplelink/gcc/lib/os/Release/libsimplelink.a(socket.o)
                0x00000000200079ce                SL_FD_ISSET
 .text.SL_FD_ZERO
                0x00000000200079e4        0x6 ../../../simplelink/gcc/lib/os/Release/libsimplelink.a(socket.o)
                0x00000000200079e4                SL_FD_ZERO
 *fill*         0x00000000200079ea        0x2 
 .text.sl_WlanPolicySet
                0x00000000200079ec       0x5c ../../../simplelink/gcc/lib/os/Release/libsimplelink.a(wlan.o)
                0x00000000200079ec                sl_WlanPolicySet
 .text.sl_WlanProfileDel
                0x0000000020007a48       0x40 ../../../simplelink/gcc/lib/os/Release/libsimplelink.a(wlan.o)
                0x0000000020007a48                sl_WlanProfileDel
 .text.sl_WlanSmartConfigStart
                0x0000000020007a88       0x84 ../../../simplelink/gcc/lib/os/Release/libsimplelink.a(wlan.o)
                0x0000000020007a88                sl_WlanSmartConfigStart
 .text.sl_WlanSetMode
                0x0000000020007b0c       0x40 ../../../simplelink/gcc/lib/os/Release/libsimplelink.a(wlan.o)
                0x0000000020007b0c                sl_WlanSetMode
 .text.DmaSpiSwIntHandler
                0x0000000020007b4c       0x38 ../../../simplelink/gcc/lib/os/Release/libsimplelink.a(cc_pal.o)
                0x0000000020007b4c                DmaSpiSwIntHandler
 .text.cc_UDMAChannelSelect.part.0
                0x0000000020007b84       0x1c ../../../simplelink/gcc/lib/os/Release/libsimplelink.a(cc_pal.o)
 .text.cc_SetupTransfer.constprop.1
                0x0000000020007ba0       0x48 ../../../simplelink/gcc/lib/os/Release/libsimplelink.a(cc_pal.o)
 .text.SetupDMAReceive
                0x0000000020007be8       0x5c ../../../simplelink/gcc/lib/os/Release/libsimplelink.a(cc_pal.o)
 .text.spi_Open
                0x0000000020007c44      0x13c ../../../simplelink/gcc/lib/os/Release/libsimplelink.a(cc_pal.o)
                0x0000000020007c44                spi_Open
 .text.spi_Close
                0x0000000020007d80       0x84 ../../../simplelink/gcc/lib/os/Release/libsimplelink.a(cc_pal.o)
                0x0000000020007d80                spi_Close
 .text.spi_Read
                0x0000000020007e04      0x100 ../../../simplelink/gcc/lib/os/Release/libsimplelink.a(cc_pal.o)
                0x0000000020007e04                spi_Read
 .text.spi_Write
                0x0000000020007f04       0xec ../../../simplelink/gcc/lib/os/Release/libsimplelink.a(cc_pal.o)
                0x0000000020007f04                spi_Write
 .text.NwpRegisterInterruptHandler
                0x0000000020007ff0       0x28 ../../../simplelink/gcc/lib/os/Release/libsimplelink.a(cc_pal.o)
                0x0000000020007ff0                NwpRegisterInterruptHandler
 .text.NwpMaskInterrupt
                0x0000000020008018        0xc ../../../simplelink/gcc/lib/os/Release/libsimplelink.a(cc_pal.o)
                0x0000000020008018                NwpMaskInterrupt
 .text.NwpUnMaskInterrupt
                0x0000000020008024        0xc ../../../simplelink/gcc/lib/os/Release/libsimplelink.a(cc_pal.o)
                0x0000000020008024                NwpUnMaskInterrupt
 .text.NwpPowerOn
                0x0000000020008030       0x38 ../../../simplelink/gcc/lib/os/Release/libsimplelink.a(cc_pal.o)
                0x0000000020008030                NwpPowerOn
 .text.NwpPowerOff
                0x0000000020008068       0x3c ../../../simplelink/gcc/lib/os/Release/libsimplelink.a(cc_pal.o)
                0x0000000020008068                NwpPowerOff
 .text.NwpPowerOnPreamble
                0x00000000200080a4       0x60 ../../../simplelink/gcc/lib/os/Release/libsimplelink.a(cc_pal.o)
                0x00000000200080a4                NwpPowerOnPreamble
 .text.NwpPrePowerOffTimout0
                0x0000000020008104       0x20 ../../../simplelink/gcc/lib/os/Release/libsimplelink.a(cc_pal.o)
                0x0000000020008104                NwpPrePowerOffTimout0
 .text.simplelink_timerA2_start
                0x0000000020008124       0x4c ../../../simplelink/gcc/lib/os/Release/libsimplelink.a(cc_pal.o)
                0x0000000020008124                simplelink_timerA2_start
 .text.TimerGetCurrentTimestamp
                0x0000000020008170       0x24 ../../../simplelink/gcc/lib/os/Release/libsimplelink.a(cc_pal.o)
                0x0000000020008170                TimerGetCurrentTimestamp
 .text.vSimpleLinkSpawnTask
                0x0000000020008194       0x24 ../../../oslib/gcc/free_rtos/Release/free_rtos.a(osi_freertos.o)
 .text.osi_InterruptRegister
                0x00000000200081b8       0x24 ../../../oslib/gcc/free_rtos/Release/free_rtos.a(osi_freertos.o)
                0x00000000200081b8                osi_InterruptRegister
 .text.osi_InterruptDeRegister
                0x00000000200081dc       0x18 ../../../oslib/gcc/free_rtos/Release/free_rtos.a(osi_freertos.o)
                0x00000000200081dc                osi_InterruptDeRegister
 .text.osi_SyncObjCreate
                0x00000000200081f4       0x22 ../../../oslib/gcc/free_rtos/Release/free_rtos.a(osi_freertos.o)
                0x00000000200081f4                osi_SyncObjCreate
 .text.osi_SyncObjSignal
                0x0000000020008216       0x1a ../../../oslib/gcc/free_rtos/Release/free_rtos.a(osi_freertos.o)
                0x0000000020008216                osi_SyncObjSignal
 .text.osi_SyncObjSignalFromISR
                0x0000000020008230       0x30 ../../../oslib/gcc/free_rtos/Release/free_rtos.a(osi_freertos.o)
                0x0000000020008230                osi_SyncObjSignalFromISR
 .text.osi_LockObjCreate
                0x0000000020008260       0x18 ../../../oslib/gcc/free_rtos/Release/free_rtos.a(osi_freertos.o)
                0x0000000020008260                osi_LockObjCreate
 .text.osi_TaskCreate
                0x0000000020008278       0x24 ../../../oslib/gcc/free_rtos/Release/free_rtos.a(osi_freertos.o)
                0x0000000020008278                osi_TaskCreate
 .text.osi_TaskDelete
                0x000000002000829c        0x6 ../../../oslib/gcc/free_rtos/Release/free_rtos.a(osi_freertos.o)
                0x000000002000829c                osi_TaskDelete
 .text.osi_LockObjDelete
                0x00000000200082a2        0xc ../../../oslib/gcc/free_rtos/Release/free_rtos.a(osi_freertos.o)
                0x00000000200082a2                osi_LockObjDelete
 .text.osi_LockObjLock
                0x00000000200082ae       0x20 ../../../oslib/gcc/free_rtos/Release/free_rtos.a(osi_freertos.o)
                0x00000000200082ae                osi_LockObjLock
 .text.osi_SyncObjWait
                0x00000000200082ce        0x4 ../../../oslib/gcc/free_rtos/Release/free_rtos.a(osi_freertos.o)
                0x00000000200082ce                osi_SyncObjWait
 .text.osi_LockObjUnlock
                0x00000000200082d2       0x20 ../../../oslib/gcc/free_rtos/Release/free_rtos.a(osi_freertos.o)
                0x00000000200082d2                osi_LockObjUnlock
 *fill*         0x00000000200082f2        0x2 
 .text.osi_Spawn
                0x00000000200082f4       0x3c ../../../oslib/gcc/free_rtos/Release/free_rtos.a(osi_freertos.o)
                0x00000000200082f4                osi_Spawn
 .text.VStartSimpleLinkSpawnTask
                0x0000000020008330       0x50 ../../../oslib/gcc/free_rtos/Release/free_rtos.a(osi_freertos.o)
                0x0000000020008330                VStartSimpleLinkSpawnTask
 .text.osi_MsgQCreate
                0x0000000020008380       0x22 ../../../oslib/gcc/free_rtos/Release/free_rtos.a(osi_freertos.o)
                0x0000000020008380                osi_MsgQCreate
 .text.osi_MsgQDelete
                0x00000000200083a2       0x14 ../../../oslib/gcc/free_rtos/Release/free_rtos.a(osi_freertos.o)
                0x00000000200083a2                osi_MsgQDelete
 .text.osi_SyncObjDelete
                0x00000000200083b6        0x4 ../../../oslib/gcc/free_rtos/Release/free_rtos.a(osi_freertos.o)
                0x00000000200083b6                osi_SyncObjDelete
 *fill*         0x00000000200083ba        0x2 
 .text.osi_MsgQWrite
                0x00000000200083bc       0x28 ../../../oslib/gcc/free_rtos/Release/free_rtos.a(osi_freertos.o)
                0x00000000200083bc                osi_MsgQWrite
 .text.osi_MsgQRead
                0x00000000200083e4       0x1c ../../../oslib/gcc/free_rtos/Release/free_rtos.a(osi_freertos.o)
                0x00000000200083e4                osi_MsgQRead
 .text.osi_start
                0x0000000020008400        0x4 ../../../oslib/gcc/free_rtos/Release/free_rtos.a(osi_freertos.o)
                0x0000000020008400                osi_start
 .text.osi_Sleep
                0x0000000020008404        0x4 ../../../oslib/gcc/free_rtos/Release/free_rtos.a(osi_freertos.o)
                0x0000000020008404                osi_Sleep
 .text.prvCopyDataToQueue
                0x0000000020008408       0x6a ../../../oslib/gcc/free_rtos/Release/free_rtos.a(queue.o)
 *fill*         0x0000000020008472        0x2 
 .text.prvNotifyQueueSetContainer
                0x0000000020008474       0x68 ../../../oslib/gcc/free_rtos/Release/free_rtos.a(queue.o)
 .text.prvCopyDataFromQueue
                0x00000000200084dc       0x26 ../../../oslib/gcc/free_rtos/Release/free_rtos.a(queue.o)
 .text.prvUnlockQueue
                0x0000000020008502       0x7c ../../../oslib/gcc/free_rtos/Release/free_rtos.a(queue.o)
 *fill*         0x000000002000857e        0x2 
 .text.xQueueGenericReset
                0x0000000020008580       0x6c ../../../oslib/gcc/free_rtos/Release/free_rtos.a(queue.o)
                0x0000000020008580                xQueueGenericReset
 .text.xQueueGenericCreate
                0x00000000200085ec       0x60 ../../../oslib/gcc/free_rtos/Release/free_rtos.a(queue.o)
                0x00000000200085ec                xQueueGenericCreate
 .text.xQueueGenericSend
                0x000000002000864c      0x144 ../../../oslib/gcc/free_rtos/Release/free_rtos.a(queue.o)
                0x000000002000864c                xQueueGenericSend
 .text.xQueueCreateMutex
                0x0000000020008790       0x5c ../../../oslib/gcc/free_rtos/Release/free_rtos.a(queue.o)
                0x0000000020008790                xQueueCreateMutex
 .text.xQueueGenericSendFromISR
                0x00000000200087ec       0xb4 ../../../oslib/gcc/free_rtos/Release/free_rtos.a(queue.o)
                0x00000000200087ec                xQueueGenericSendFromISR
 .text.xQueueGiveFromISR
                0x00000000200088a0       0x98 ../../../oslib/gcc/free_rtos/Release/free_rtos.a(queue.o)
                0x00000000200088a0                xQueueGiveFromISR
 .text.xQueueGenericReceive
                0x0000000020008938      0x14c ../../../oslib/gcc/free_rtos/Release/free_rtos.a(queue.o)
                0x0000000020008938                xQueueGenericReceive
 .text.vQueueAddToRegistry
                0x0000000020008a84       0x28 ../../../oslib/gcc/free_rtos/Release/free_rtos.a(queue.o)
                0x0000000020008a84                vQueueAddToRegistry
 .text.vQueueUnregisterQueue
                0x0000000020008aac       0x24 ../../../oslib/gcc/free_rtos/Release/free_rtos.a(queue.o)
                0x0000000020008aac                vQueueUnregisterQueue
 .text.vQueueDelete
                0x0000000020008ad0       0x24 ../../../oslib/gcc/free_rtos/Release/free_rtos.a(queue.o)
                0x0000000020008ad0                vQueueDelete
 .text.vQueueWaitForMessageRestricted
                0x0000000020008af4       0x3a ../../../oslib/gcc/free_rtos/Release/free_rtos.a(queue.o)
                0x0000000020008af4                vQueueWaitForMessageRestricted
 *fill*         0x0000000020008b2e        0x2 
 .text.prvResetNextTaskUnblockTime
                0x0000000020008b30       0x24 ../../../oslib/gcc/free_rtos/Release/free_rtos.a(tasks.o)
 .text.prvAddCurrentTaskToDelayedList
                0x0000000020008b54       0x50 ../../../oslib/gcc/free_rtos/Release/free_rtos.a(tasks.o)
 .text.xTaskGenericCreate
                0x0000000020008ba4      0x1d4 ../../../oslib/gcc/free_rtos/Release/free_rtos.a(tasks.o)
                0x0000000020008ba4                xTaskGenericCreate
 .text.vTaskDelete
                0x0000000020008d78       0xb8 ../../../oslib/gcc/free_rtos/Release/free_rtos.a(tasks.o)
                0x0000000020008d78                vTaskDelete
 .text.vTaskStartScheduler
                0x0000000020008e30       0x70 ../../../oslib/gcc/free_rtos/Release/free_rtos.a(tasks.o)
                0x0000000020008e30                vTaskStartScheduler
 .text.vTaskSuspendAll
                0x0000000020008ea0       0x10 ../../../oslib/gcc/free_rtos/Release/free_rtos.a(tasks.o)
                0x0000000020008ea0                vTaskSuspendAll
 .text.xTaskGetTickCount
                0x0000000020008eb0        0xc ../../../oslib/gcc/free_rtos/Release/free_rtos.a(tasks.o)
                0x0000000020008eb0                xTaskGetTickCount
 .text.xTaskIncrementTick
                0x0000000020008ebc      0x104 ../../../oslib/gcc/free_rtos/Release/free_rtos.a(tasks.o)
                0x0000000020008ebc                xTaskIncrementTick
 .text.xTaskResumeAll
                0x0000000020008fc0       0xd8 ../../../oslib/gcc/free_rtos/Release/free_rtos.a(tasks.o)
                0x0000000020008fc0                xTaskResumeAll
 .text.vTaskDelay
                0x0000000020009098       0x6c ../../../oslib/gcc/free_rtos/Release/free_rtos.a(tasks.o)
                0x0000000020009098                vTaskDelay
 .text.prvIdleTask
                0x0000000020009104       0x5c ../../../oslib/gcc/free_rtos/Release/free_rtos.a(tasks.o)
 .text.vTaskSwitchContext
                0x0000000020009160       0xa8 ../../../oslib/gcc/free_rtos/Release/free_rtos.a(tasks.o)
                0x0000000020009160                vTaskSwitchContext
 .text.vTaskPlaceOnEventList
                0x0000000020009208       0x70 ../../../oslib/gcc/free_rtos/Release/free_rtos.a(tasks.o)
                0x0000000020009208                vTaskPlaceOnEventList
 .text.vTaskPlaceOnEventListRestricted
                0x0000000020009278       0x58 ../../../oslib/gcc/free_rtos/Release/free_rtos.a(tasks.o)
                0x0000000020009278                vTaskPlaceOnEventListRestricted
 .text.xTaskRemoveFromEventList
                0x00000000200092d0       0x80 ../../../oslib/gcc/free_rtos/Release/free_rtos.a(tasks.o)
                0x00000000200092d0                xTaskRemoveFromEventList
 .text.vTaskSetTimeOutState
                0x0000000020009350       0x2c ../../../oslib/gcc/free_rtos/Release/free_rtos.a(tasks.o)
                0x0000000020009350                vTaskSetTimeOutState
 .text.xTaskCheckForTimeOut
                0x000000002000937c       0x68 ../../../oslib/gcc/free_rtos/Release/free_rtos.a(tasks.o)
                0x000000002000937c                xTaskCheckForTimeOut
 .text.vTaskMissedYield
                0x00000000200093e4        0xc ../../../oslib/gcc/free_rtos/Release/free_rtos.a(tasks.o)
                0x00000000200093e4                vTaskMissedYield
 .text.xTaskGetSchedulerState
                0x00000000200093f0       0x20 ../../../oslib/gcc/free_rtos/Release/free_rtos.a(tasks.o)
                0x00000000200093f0                xTaskGetSchedulerState
 .text.vTaskPriorityInherit
                0x0000000020009410       0x8c ../../../oslib/gcc/free_rtos/Release/free_rtos.a(tasks.o)
                0x0000000020009410                vTaskPriorityInherit
 .text.xTaskPriorityDisinherit
                0x000000002000949c       0x98 ../../../oslib/gcc/free_rtos/Release/free_rtos.a(tasks.o)
                0x000000002000949c                xTaskPriorityDisinherit
 .text.pvTaskIncrementMutexHeldCount
                0x0000000020009534       0x18 ../../../oslib/gcc/free_rtos/Release/free_rtos.a(tasks.o)
                0x0000000020009534                pvTaskIncrementMutexHeldCount
 .text.prvPortStartFirstTask
                0x000000002000954c       0x20 ../../../oslib/gcc/free_rtos/Release/free_rtos.a(port.o)
 .text.pxPortInitialiseStack
                0x000000002000956c       0x1c ../../../oslib/gcc/free_rtos/Release/free_rtos.a(port.o)
                0x000000002000956c                pxPortInitialiseStack
 .text.vPortSVCHandler
                0x0000000020009588       0x24 ../../../oslib/gcc/free_rtos/Release/free_rtos.a(port.o)
                0x0000000020009588                vPortSVCHandler
 .text.vPortYield
                0x00000000200095ac       0x18 ../../../oslib/gcc/free_rtos/Release/free_rtos.a(port.o)
                0x00000000200095ac                vPortYield
 .text.ulPortSetInterruptMask
                0x00000000200095c4       0x10 ../../../oslib/gcc/free_rtos/Release/free_rtos.a(port.o)
                0x00000000200095c4                ulPortSetInterruptMask
 .text.prvTaskExitError
                0x00000000200095d4       0x20 ../../../oslib/gcc/free_rtos/Release/free_rtos.a(port.o)
 .text.vPortEnterCritical
                0x00000000200095f4       0x40 ../../../oslib/gcc/free_rtos/Release/free_rtos.a(port.o)
                0x00000000200095f4                vPortEnterCritical
 .text.vPortClearInterruptMask
                0x0000000020009634        0x6 ../../../oslib/gcc/free_rtos/Release/free_rtos.a(port.o)
                0x0000000020009634                vPortClearInterruptMask
 *fill*         0x000000002000963a        0x2 
 .text.vPortExitCritical
                0x000000002000963c       0x2c ../../../oslib/gcc/free_rtos/Release/free_rtos.a(port.o)
                0x000000002000963c                vPortExitCritical
 .text.xPortPendSVHandler
                0x0000000020009668       0x44 ../../../oslib/gcc/free_rtos/Release/free_rtos.a(port.o)
                0x0000000020009668                xPortPendSVHandler
 .text.xPortSysTickHandler
                0x00000000200096ac       0x24 ../../../oslib/gcc/free_rtos/Release/free_rtos.a(port.o)
                0x00000000200096ac                xPortSysTickHandler
 .text.vPortSetupTimerInterrupt
                0x00000000200096d0       0x18 ../../../oslib/gcc/free_rtos/Release/free_rtos.a(port.o)
                0x00000000200096d0                vPortSetupTimerInterrupt
 .text.xPortStartScheduler
                0x00000000200096e8       0x98 ../../../oslib/gcc/free_rtos/Release/free_rtos.a(port.o)
                0x00000000200096e8                xPortStartScheduler
 .text.vPortValidateInterruptPriority
                0x0000000020009780       0x54 ../../../oslib/gcc/free_rtos/Release/free_rtos.a(port.o)
                0x0000000020009780                vPortValidateInterruptPriority
 .text.prvCheckForValidListAndQueue
                0x00000000200097d4       0x6c ../../../oslib/gcc/free_rtos/Release/free_rtos.a(timers.o)
 .text.prvInsertTimerInActiveList
                0x0000000020009840       0x3c ../../../oslib/gcc/free_rtos/Release/free_rtos.a(timers.o)
 .text.xTimerCreateTimerTask
                0x000000002000987c       0x50 ../../../oslib/gcc/free_rtos/Release/free_rtos.a(timers.o)
                0x000000002000987c                xTimerCreateTimerTask
 .text.xTimerGenericCommand
                0x00000000200098cc       0x44 ../../../oslib/gcc/free_rtos/Release/free_rtos.a(timers.o)
                0x00000000200098cc                xTimerGenericCommand
 .text.prvSwitchTimerLists
                0x0000000020009910       0x7c ../../../oslib/gcc/free_rtos/Release/free_rtos.a(timers.o)
 .text.prvTimerTask
                0x000000002000998c      0x190 ../../../oslib/gcc/free_rtos/Release/free_rtos.a(timers.o)
 .text.pvPortMalloc
                0x0000000020009b1c       0x1e ../../../oslib/gcc/free_rtos/Release/free_rtos.a(heap_3.o)
                0x0000000020009b1c                pvPortMalloc
 .text.vPortFree
                0x0000000020009b3a       0x1a ../../../oslib/gcc/free_rtos/Release/free_rtos.a(heap_3.o)
                0x0000000020009b3a                vPortFree
 .text.vListInitialise
                0x0000000020009b54       0x16 ../../../oslib/gcc/free_rtos/Release/free_rtos.a(list.o)
                0x0000000020009b54                vListInitialise
 .text.vListInitialiseItem
                0x0000000020009b6a        0x6 ../../../oslib/gcc/free_rtos/Release/free_rtos.a(list.o)
                0x0000000020009b6a                vListInitialiseItem
 .text.vListInsertEnd
                0x0000000020009b70       0x18 ../../../oslib/gcc/free_rtos/Release/free_rtos.a(list.o)
                0x0000000020009b70                vListInsertEnd
 .text.vListInsert
                0x0000000020009b88       0x30 ../../../oslib/gcc/free_rtos/Release/free_rtos.a(list.o)
                0x0000000020009b88                vListInsert
 .text.uxListRemove
                0x0000000020009bb8       0x20 ../../../oslib/gcc/free_rtos/Release/free_rtos.a(list.o)
                0x0000000020009bb8                uxListRemove
 .text.GPIOIntStatus
                0x0000000020009bd8        0xe ../../../driverlib/gcc/lib/Release/libdriver.a(gpio.o)
                0x0000000020009bd8                GPIOIntStatus
 *fill*         0x0000000020009be6        0x2 
 .text.IntEnable
                0x0000000020009be8       0x68 ../../../driverlib/gcc/lib/Release/libdriver.a(interrupt.o)
                0x0000000020009be8                IntEnable
 .text.IntDisable
                0x0000000020009c50       0x68 ../../../driverlib/gcc/lib/Release/libdriver.a(interrupt.o)
                0x0000000020009c50                IntDisable
 .text.I2SGBLEnable
                0x0000000020009cb8       0x12 ../../../driverlib/gcc/lib/Release/libdriver.a(i2s.o)
 .text.I2SEnable
                0x0000000020009cca       0x72 ../../../driverlib/gcc/lib/Release/libdriver.a(i2s.o)
                0x0000000020009cca                I2SEnable
 .text.I2SConfigSetExpClk
                0x0000000020009d3c       0x7e ../../../driverlib/gcc/lib/Release/libdriver.a(i2s.o)
                0x0000000020009d3c                I2SConfigSetExpClk
 *fill*         0x0000000020009dba        0x2 
 .text.I2SIntClear
                0x0000000020009dbc       0x28 ../../../driverlib/gcc/lib/Release/libdriver.a(i2s.o)
                0x0000000020009dbc                I2SIntClear
 .text.PRCMSysResetCauseGet
                0x0000000020009de4       0x2c ../../../driverlib/gcc/lib/Release/libdriver.a(prcm.o)
                0x0000000020009de4                PRCMSysResetCauseGet
 .text.PRCMPeripheralClkEnable
                0x0000000020009e10       0x2c ../../../driverlib/gcc/lib/Release/libdriver.a(prcm.o)
                0x0000000020009e10                PRCMPeripheralClkEnable
 .text.PRCMPeripheralClkDisable
                0x0000000020009e3c       0x1c ../../../driverlib/gcc/lib/Release/libdriver.a(prcm.o)
                0x0000000020009e3c                PRCMPeripheralClkDisable
 .text.PRCMPeripheralReset
                0x0000000020009e58       0x40 ../../../driverlib/gcc/lib/Release/libdriver.a(prcm.o)
                0x0000000020009e58                PRCMPeripheralReset
 .text.PRCMPeripheralStatusGet
                0x0000000020009e98       0x1c ../../../driverlib/gcc/lib/Release/libdriver.a(prcm.o)
                0x0000000020009e98                PRCMPeripheralStatusGet
 .text.PRCMCC3200MCUInit
                0x0000000020009eb4      0x150 ../../../driverlib/gcc/lib/Release/libdriver.a(prcm.o)
                0x0000000020009eb4                PRCMCC3200MCUInit
 .text.SPIConfigSetExpClk
                0x000000002000a004       0x5a ../../../driverlib/gcc/lib/Release/libdriver.a(spi.o)
                0x000000002000a004                SPIConfigSetExpClk
 .text.SPIFIFODisable
                0x000000002000a05e        0xe ../../../driverlib/gcc/lib/Release/libdriver.a(spi.o)
                0x000000002000a05e                SPIFIFODisable
 .text.SPIDmaDisable
                0x000000002000a06c        0x4 ../../../driverlib/gcc/lib/Release/libdriver.a(spi.o)
                0x000000002000a06c                SPIDmaDisable
 .text.TimerConfigure
                0x000000002000a070       0x28 ../../../driverlib/gcc/lib/Release/libdriver.a(timer.o)
                0x000000002000a070                TimerConfigure
 .text.UtilsDelay
                0x000000002000a098        0x8 ../../../driverlib/gcc/lib/Release/libdriver.a(utils.o)
                0x000000002000a098                UtilsDelay
 .text.malloc   0x000000002000a0a0       0x10 /usr/lib/gcc/arm-none-eabi/5.2.0/../../../../arm-none-eabi/lib/armv7e-m/libc_nano.a(lib_a-malloc.o)
                0x000000002000a0a0                malloc
 .text.free     0x000000002000a0b0       0x10 /usr/lib/gcc/arm-none-eabi/5.2.0/../../../../arm-none-eabi/lib/armv7e-m/libc_nano.a(lib_a-malloc.o)
                0x000000002000a0b0                free
 .text.memcmp   0x000000002000a0c0       0x1e /usr/lib/gcc/arm-none-eabi/5.2.0/../../../../arm-none-eabi/lib/armv7e-m/libc_nano.a(lib_a-memcmp.o)
                0x000000002000a0c0                memcmp
 .text.memcpy   0x000000002000a0de       0x16 /usr/lib/gcc/arm-none-eabi/5.2.0/../../../../arm-none-eabi/lib/armv7e-m/libc_nano.a(lib_a-memcpy.o)
                0x000000002000a0de                memcpy
 .text.memmove  0x000000002000a0f4       0x36 /usr/lib/gcc/arm-none-eabi/5.2.0/../../../../arm-none-eabi/lib/armv7e-m/libc_nano.a(lib_a-memmove.o)
                0x000000002000a0f4                memmove
 .text.memset   0x000000002000a12a       0x10 /usr/lib/gcc/arm-none-eabi/5.2.0/../../../../arm-none-eabi/lib/armv7e-m/libc_nano.a(lib_a-memset.o)
                0x000000002000a12a                memset
 *fill*         0x000000002000a13a        0x2 
 .text._free_r  0x000000002000a13c       0x8c /usr/lib/gcc/arm-none-eabi/5.2.0/../../../../arm-none-eabi/lib/armv7e-m/libc_nano.a(lib_a-nano-freer.o)
                0x000000002000a13c                _free_r
 .text._malloc_r
                0x000000002000a1c8       0xa8 /usr/lib/gcc/arm-none-eabi/5.2.0/../../../../arm-none-eabi/lib/armv7e-m/libc_nano.a(lib_a-nano-mallocr.o)
                0x000000002000a1c8                _malloc_r
 .text.realloc  0x000000002000a270       0x10 /usr/lib/gcc/arm-none-eabi/5.2.0/../../../../arm-none-eabi/lib/armv7e-m/libc_nano.a(lib_a-realloc.o)
                0x000000002000a270                realloc
 .text._sbrk_r  0x000000002000a280       0x20 /usr/lib/gcc/arm-none-eabi/5.2.0/../../../../arm-none-eabi/lib/armv7e-m/libc_nano.a(lib_a-sbrkr.o)
                0x000000002000a280                _sbrk_r
 .text._vsnprintf_r
                0x000000002000a2a0       0x56 /usr/lib/gcc/arm-none-eabi/5.2.0/../../../../arm-none-eabi/lib/armv7e-m/libc_nano.a(lib_a-vsnprintf.o)
                0x000000002000a2a0                _vsnprintf_r
                0x000000002000a2a0                _vsniprintf_r
 *fill*         0x000000002000a2f6        0x2 
 .text.vsnprintf
                0x000000002000a2f8       0x1c /usr/lib/gcc/arm-none-eabi/5.2.0/../../../../arm-none-eabi/lib/armv7e-m/libc_nano.a(lib_a-vsnprintf.o)
                0x000000002000a2f8                vsnprintf
                0x000000002000a2f8                vsniprintf
 .text._realloc_r
                0x000000002000a314       0x4c /usr/lib/gcc/arm-none-eabi/5.2.0/../../../../arm-none-eabi/lib/armv7e-m/libc_nano.a(lib_a-nano-reallocr.o)
                0x000000002000a314                _realloc_r
 .text.__ssputs_r
                0x000000002000a360       0xb2 /usr/lib/gcc/arm-none-eabi/5.2.0/../../../../arm-none-eabi/lib/armv7e-m/libc_nano.a(lib_a-nano-svfprintf.o)
                0x000000002000a360                __ssputs_r
 *fill*         0x000000002000a412        0x2 
 .text._svfprintf_r
                0x000000002000a414      0x1e8 /usr/lib/gcc/arm-none-eabi/5.2.0/../../../../arm-none-eabi/lib/armv7e-m/libc_nano.a(lib_a-nano-svfprintf.o)
                0x000000002000a414                _svfprintf_r
                0x000000002000a414                _svfiprintf_r
 .text._printf_common
                0x000000002000a5fc       0xec /usr/lib/gcc/arm-none-eabi/5.2.0/../../../../arm-none-eabi/lib/armv7e-m/libc_nano.a(lib_a-nano-vfprintf_i.o)
                0x000000002000a5fc                _printf_common
 .text._printf_i
                0x000000002000a6e8      0x24c /usr/lib/gcc/arm-none-eabi/5.2.0/../../../../arm-none-eabi/lib/armv7e-m/libc_nano.a(lib_a-nano-vfprintf_i.o)
                0x000000002000a6e8                _printf_i
 .text.memchr   0x000000002000a934       0x1e /usr/lib/gcc/arm-none-eabi/5.2.0/../../../../arm-none-eabi/lib/armv7e-m/libc_nano.a(lib_a-memchr.o)
                0x000000002000a934                memchr
 .text._malloc_usable_size_r
                0x000000002000a952       0x14 /usr/lib/gcc/arm-none-eabi/5.2.0/../../../../arm-none-eabi/lib/armv7e-m/libc_nano.a(lib_a-nano-msizer.o)
                0x000000002000a952                _malloc_usable_size_r
 *(.rodata*)
 .rodata.str1.1
                0x000000002000a966       0x68 obj/Multicast/Release/audiocodec.o
 .rodata.__FUNCTION__.6372
                0x000000002000a9ce        0xc obj/Multicast/Release/control.o
 .rodata.str1.1
                0x000000002000a9da       0xb0 obj/Multicast/Release/control.o
 .rodata.__FUNCTION__.6390
                0x000000002000aa8a       0x12 obj/Multicast/Release/control.o
 .rodata.str1.1
                0x000000002000aa9c       0x73 obj/Multicast/Release/main.o
                                         0xa0 (size before relaxing)
 .rodata.__FUNCTION__.6383
                0x000000002000ab0f        0x5 obj/Multicast/Release/main.o
 .rodata.__FUNCTION__.5577
                0x000000002000ab14       0x14 obj/Multicast/Release/microphone.o
 .rodata.str1.1
                0x000000002000ab28       0x2e obj/Multicast/Release/microphone.o
                                         0x5b (size before relaxing)
 .rodata.__FUNCTION__.6296
                0x000000002000ab56        0xe obj/Multicast/Release/network.o
 .rodata.__FUNCTION__.6301
                0x000000002000ab64       0x11 obj/Multicast/Release/network.o
 .rodata.str1.1
                0x000000002000ab75      0x23d obj/Multicast/Release/network.o
                                        0x283 (size before relaxing)
 .rodata.__FUNCTION__.6317
                0x000000002000adb2       0x10 obj/Multicast/Release/network.o
 .rodata.__FUNCTION__.6291
                0x000000002000adc2       0x17 obj/Multicast/Release/network.o
 .rodata.__FUNCTION__.5477
                0x000000002000add9       0x13 obj/Multicast/Release/smartconfig.o
 .rodata.str1.1
                0x0000000000000000       0x2d obj/Multicast/Release/smartconfig.o
 .rodata.str1.1
                0x000000002000adec       0x16 obj/Multicast/Release/speaker.o
 .rodata.str1.1
                0x000000002000ae02       0x24 obj/Multicast/Release/uart_if.o
                                         0x27 (size before relaxing)
 .rodata._SlStopCmdCtrl
                0x000000002000ae26        0x4 ../../../simplelink/gcc/lib/os/Release/libsimplelink.a(device.o)
 .rodata.StartResponseLUT
                0x000000002000ae2a        0x8 ../../../simplelink/gcc/lib/os/Release/libsimplelink.a(device.o)
 *fill*         0x000000002000ae32        0x2 
 .rodata.g_H2NSyncPattern
                0x000000002000ae34        0x8 ../../../simplelink/gcc/lib/os/Release/libsimplelink.a(driver.o)
 .rodata.g_H2NCnysPattern
                0x000000002000ae3c        0x8 ../../../simplelink/gcc/lib/os/Release/libsimplelink.a(driver.o)
 .rodata._SlActionLookupTable
                0x000000002000ae44       0x38 ../../../simplelink/gcc/lib/os/Release/libsimplelink.a(driver.o)
                0x000000002000ae44                _SlActionLookupTable
 .rodata.OpcodeTranslateTable
                0x000000002000ae7c       0x3c ../../../simplelink/gcc/lib/os/Release/libsimplelink.a(driver.o)
                0x000000002000ae7c                OpcodeTranslateTable
 .rodata.RxMsgClassLUT
                0x000000002000aeb8       0x20 ../../../simplelink/gcc/lib/os/Release/libsimplelink.a(driver.o)
 .rodata._SlNetAppSendTokenValueCmdCtrl
                0x000000002000aed8        0x4 ../../../simplelink/gcc/lib/os/Release/libsimplelink.a(netapp.o)
                0x000000002000aed8                _SlNetAppSendTokenValueCmdCtrl
 .rodata._SlRegisterServiceCtrl
                0x000000002000aedc        0x4 ../../../simplelink/gcc/lib/os/Release/libsimplelink.a(netapp.o)
 .rodata._SlSelectCmdCtrl
                0x000000002000aee0        0x4 ../../../simplelink/gcc/lib/os/Release/libsimplelink.a(socket.o)
 .rodata._SlSockSocketCmdCtrl
                0x000000002000aee4        0x4 ../../../simplelink/gcc/lib/os/Release/libsimplelink.a(socket.o)
 .rodata._SlPayloadByProtocolLUT
                0x000000002000aee8       0x10 ../../../simplelink/gcc/lib/os/Release/libsimplelink.a(socket.o)
 .rodata._SlRecvfomCmdCtrl
                0x000000002000aef8        0x4 ../../../simplelink/gcc/lib/os/Release/libsimplelink.a(socket.o)
 .rodata._SlSetSockOptCmdCtrl
                0x000000002000aefc        0x4 ../../../simplelink/gcc/lib/os/Release/libsimplelink.a(socket.o)
 .rodata._SlSmartConfigStartCmdCtrl
                0x000000002000af00        0x4 ../../../simplelink/gcc/lib/os/Release/libsimplelink.a(wlan.o)
 .rodata._SlProfileDelCmdCtrl
                0x000000002000af04        0x4 ../../../simplelink/gcc/lib/os/Release/libsimplelink.a(wlan.o)
 .rodata._SlWlanSetModeCmdCtrl
                0x000000002000af08        0x4 ../../../simplelink/gcc/lib/os/Release/libsimplelink.a(wlan.o)
 .rodata._SlPolicySetCmdCtrl
                0x000000002000af0c        0x4 ../../../simplelink/gcc/lib/os/Release/libsimplelink.a(wlan.o)
 .rodata.str1.1
                0x000000002000af10        0x9 ../../../simplelink/gcc/lib/os/Release/libsimplelink.a(cc_pal.o)
 .rodata.str1.1
                0x000000002000af19        0x8 ../../../oslib/gcc/free_rtos/Release/free_rtos.a(osi_freertos.o)
 .rodata.str1.1
                0x000000002000af21       0x2a ../../../oslib/gcc/free_rtos/Release/free_rtos.a(queue.o)
 .rodata.ucExpectedStackBytes.5776
                0x000000002000af4b       0x14 ../../../oslib/gcc/free_rtos/Release/free_rtos.a(tasks.o)
 .rodata.str1.1
                0x000000002000af5f       0x3e ../../../oslib/gcc/free_rtos/Release/free_rtos.a(tasks.o)
 .rodata.str1.1
                0x000000002000af9d       0x3e ../../../oslib/gcc/free_rtos/Release/free_rtos.a(port.o)
 .rodata.str1.1
                0x000000002000afdb       0x38 ../../../oslib/gcc/free_rtos/Release/free_rtos.a(timers.o)
 *fill*         0x000000002000b013        0x1 
 .rodata.g_pulEnRegs
                0x000000002000b014       0x18 ../../../driverlib/gcc/lib/Release/libdriver.a(interrupt.o)
 .rodata.g_pulDisRegs
                0x000000002000b02c       0x18 ../../../driverlib/gcc/lib/Release/libdriver.a(interrupt.o)
 .rodata.PRCM_PeriphRegsList
                0x000000002000b044       0xa8 ../../../driverlib/gcc/lib/Release/libdriver.a(prcm.o)
 .rodata.str1.1
                0x000000002000b0ec        0x2 /usr/lib/gcc/arm-none-eabi/5.2.0/../../../../arm-none-eabi/lib/armv7e-m/libc_nano.a(lib_a-impure.o)
 .rodata.str1.1
                0x000000002000b0ee       0x11 /usr/lib/gcc/arm-none-eabi/5.2.0/../../../../arm-none-eabi/lib/armv7e-m/libc_nano.a(lib_a-nano-svfprintf.o)
 .rodata.str1.1
                0x000000002000b0ff       0x22 /usr/lib/gcc/arm-none-eabi/5.2.0/../../../../arm-none-eabi/lib/armv7e-m/libc_nano.a(lib_a-nano-vfprintf_i.o)
 *(.ARM.extab* .gnu.linkonce.armextab.*)
                0x000000002000b128                . = ALIGN (0x8)
 *fill*         0x000000002000b121        0x7 
                0x000000002000b128                _etext = .

.glue_7         0x000000002000b128        0x0
 .glue_7        0x0000000000000000        0x0 linker stubs

.glue_7t        0x000000002000b128        0x0
 .glue_7t       0x0000000000000000        0x0 linker stubs

.vfp11_veneer   0x000000002000b128        0x0
 .vfp11_veneer  0x0000000000000000        0x0 linker stubs

.v4_bx          0x000000002000b128        0x0
 .v4_bx         0x0000000000000000        0x0 linker stubs

.iplt           0x000000002000b128        0x0
 .iplt          0x0000000000000000        0x0 obj/Multicast/Release/audiocodec.o

.rel.dyn        0x000000002000b128        0x0
 .rel.iplt      0x0000000000000000        0x0 obj/Multicast/Release/audiocodec.o

.ARM            0x000000002000b128        0x0
                0x000000002000b128                __exidx_start = .
 *(.ARM.exidx*)
                0x000000002000b128                __exidx_end = .
                0x000000002000b128                __init_data = .

.data           0x000000002000b128       0x70
                0x000000002000b128                _data = .
 *(.data*)
 .data.g_loopback
                0x000000002000b128        0x1 obj/Multicast/Release/main.o
                0x000000002000b128                g_loopback
 *fill*         0x000000002000b129        0x3 
 .data.xNextTaskUnblockTime
                0x000000002000b12c        0x4 ../../../oslib/gcc/free_rtos/Release/free_rtos.a(tasks.o)
 .data.uxCriticalNesting
                0x000000002000b130        0x4 ../../../oslib/gcc/free_rtos/Release/free_rtos.a(port.o)
 .data.impure_data
                0x000000002000b134       0x60 /usr/lib/gcc/arm-none-eabi/5.2.0/../../../../arm-none-eabi/lib/armv7e-m/libc_nano.a(lib_a-impure.o)
 .data._impure_ptr
                0x000000002000b194        0x4 /usr/lib/gcc/arm-none-eabi/5.2.0/../../../../arm-none-eabi/lib/armv7e-m/libc_nano.a(lib_a-impure.o)
                0x000000002000b194                _impure_ptr
                0x000000002000b198                . = ALIGN (0x8)
                0x000000002000b198                _edata = .

.igot.plt       0x000000002000b198        0x0
 .igot.plt      0x0000000000000000        0x0 obj/Multicast/Release/audiocodec.o

.bss            0x000000002000b400     0x60b4
                0x000000002000b400                _bss = .
 *(.bss*)
 .bss.vol.5018  0x000000002000b400        0x1 obj/Multicast/Release/audiocodec.o
 .bss.val       0x000000002000b401        0x2 obj/Multicast/Release/audiocodec.o
 .bss.I         0x000000002000b403        0x1 obj/Multicast/Release/audiocodec.o
 .bss.g_ucSpkrStartFlag
                0x000000002000b404        0x1 obj/Multicast/Release/control.o
                0x000000002000b404                g_ucSpkrStartFlag
 .bss.g_ucMicStartFlag
                0x000000002000b405        0x1 obj/Multicast/Release/control.o
                0x000000002000b405                g_ucMicStartFlag
 *fill*         0x000000002000b406        0x2 
 .bss.g_NetworkTask
                0x000000002000b408        0x4 obj/Multicast/Release/main.o
                0x000000002000b408                g_NetworkTask
 .bss.g_MicTask
                0x000000002000b40c        0x4 obj/Multicast/Release/main.o
                0x000000002000b40c                g_MicTask
 .bss.g_SpeakerTask
                0x000000002000b410        0x4 obj/Multicast/Release/main.o
                0x000000002000b410                g_SpeakerTask
 .bss.g_iSentCount
                0x000000002000b414        0x4 obj/Multicast/Release/microphone.o
                0x000000002000b414                g_iSentCount
 .bss.g_ulStatus
                0x000000002000b418        0x4 obj/Multicast/Release/network.o
                0x000000002000b418                g_ulStatus
 .bss.g_uiIpAddress
                0x000000002000b41c        0x4 obj/Multicast/Release/network.o
                0x000000002000b41c                g_uiIpAddress
 .bss.g_uiPlayWaterMark
                0x000000002000b420        0x4 obj/Multicast/Release/pcm_handler.o
                0x000000002000b420                g_uiPlayWaterMark
 .bss.g_iReceiveCount
                0x000000002000b424        0x4 obj/Multicast/Release/speaker.o
                0x000000002000b424                g_iReceiveCount
 .bss.g_iRetVal
                0x000000002000b428        0x4 obj/Multicast/Release/speaker.o
                0x000000002000b428                g_iRetVal
 .bss.__Errorlog
                0x000000002000b42c        0x4 obj/Multicast/Release/uart_if.o
 .bss.g_uiLED3Port
                0x000000002000b430        0x4 obj/Multicast/Release/gpio_if.o
                0x000000002000b430                g_uiLED3Port
 .bss.g_uiLED1Port
                0x000000002000b434        0x4 obj/Multicast/Release/gpio_if.o
                0x000000002000b434                g_uiLED1Port
 .bss.g_uiLED2Port
                0x000000002000b438        0x4 obj/Multicast/Release/gpio_if.o
                0x000000002000b438                g_uiLED2Port
 .bss.pui32Stack
                0x000000002000b43c     0x1000 obj/Multicast/Release/startup_gcc.o
 .bss.heap_end  0x000000002000c43c        0x4 obj/Multicast/Release/startup_gcc.o
 .bss.heap2_end
                0x000000002000c440        0x4 obj/Multicast/Release/startup_gcc.o
 .bss.g_StatMem
                0x000000002000c444      0x178 ../../../simplelink/gcc/lib/os/Release/libsimplelink.a(driver.o)
 .bss.g_SlDeviceStatus
                0x000000002000c5bc        0x2 ../../../simplelink/gcc/lib/os/Release/libsimplelink.a(driver.o)
                0x000000002000c5bc                g_SlDeviceStatus
 .bss.gFirstCmdMode
                0x000000002000c5be        0x1 ../../../simplelink/gcc/lib/os/Release/libsimplelink.a(driver.o)
 *fill*         0x000000002000c5bf        0x1 
 .bss.pPingCallBackFunc
                0x000000002000c5c0        0x4 ../../../simplelink/gcc/lib/os/Release/libsimplelink.a(driver.o)
                0x000000002000c5c0                pPingCallBackFunc
 .bss.g_pCB     0x000000002000c5c4        0x4 ../../../simplelink/gcc/lib/os/Release/libsimplelink.a(driver.o)
                0x000000002000c5c4                g_pCB
 .bss.g_SpiFd   0x000000002000c5c8        0x4 ../../../simplelink/gcc/lib/os/Release/libsimplelink.a(cc_pal.o)
                0x000000002000c5c8                g_SpiFd
 .bss.g_ucDMAEnabled
                0x000000002000c5cc        0x1 ../../../simplelink/gcc/lib/os/Release/libsimplelink.a(cc_pal.o)
                0x000000002000c5cc                g_ucDMAEnabled
 *fill*         0x000000002000c5cd        0x3 
 .bss.xSimpleLinkSpawnQueue
                0x000000002000c5d0        0x4 ../../../oslib/gcc/free_rtos/Release/free_rtos.a(osi_freertos.o)
                0x000000002000c5d0                xSimpleLinkSpawnQueue
 .bss.xSimpleLinkSpawnTaskHndl
                0x000000002000c5d4        0x4 ../../../oslib/gcc/free_rtos/Release/free_rtos.a(osi_freertos.o)
                0x000000002000c5d4                xSimpleLinkSpawnTaskHndl
 .bss.xHigherPriorityTaskWoken
                0x000000002000c5d8        0x4 ../../../oslib/gcc/free_rtos/Release/free_rtos.a(osi_freertos.o)
                0x000000002000c5d8                xHigherPriorityTaskWoken
 .bss.xPendingReadyList
                0x000000002000c5dc       0x14 ../../../oslib/gcc/free_rtos/Release/free_rtos.a(tasks.o)
 .bss.uxTopReadyPriority
                0x000000002000c5f0        0x4 ../../../oslib/gcc/free_rtos/Release/free_rtos.a(tasks.o)
 .bss.uxTasksDeleted
                0x000000002000c5f4        0x4 ../../../oslib/gcc/free_rtos/Release/free_rtos.a(tasks.o)
 .bss.xTickCount
                0x000000002000c5f8        0x4 ../../../oslib/gcc/free_rtos/Release/free_rtos.a(tasks.o)
 .bss.pxReadyTasksLists
                0x000000002000c5fc       0xc8 ../../../oslib/gcc/free_rtos/Release/free_rtos.a(tasks.o)
 .bss.pxOverflowDelayedTaskList
                0x000000002000c6c4        0x4 ../../../oslib/gcc/free_rtos/Release/free_rtos.a(tasks.o)
 .bss.xTasksWaitingTermination
                0x000000002000c6c8       0x14 ../../../oslib/gcc/free_rtos/Release/free_rtos.a(tasks.o)
 .bss.pxDelayedTaskList
                0x000000002000c6dc        0x4 ../../../oslib/gcc/free_rtos/Release/free_rtos.a(tasks.o)
 .bss.xSchedulerRunning
                0x000000002000c6e0        0x4 ../../../oslib/gcc/free_rtos/Release/free_rtos.a(tasks.o)
 .bss.pxCurrentTCB
                0x000000002000c6e4        0x4 ../../../oslib/gcc/free_rtos/Release/free_rtos.a(tasks.o)
                0x000000002000c6e4                pxCurrentTCB
 .bss.uxPendedTicks
                0x000000002000c6e8        0x4 ../../../oslib/gcc/free_rtos/Release/free_rtos.a(tasks.o)
 .bss.xSuspendedTaskList
                0x000000002000c6ec       0x14 ../../../oslib/gcc/free_rtos/Release/free_rtos.a(tasks.o)
 .bss.uxCurrentNumberOfTasks
                0x000000002000c700        0x4 ../../../oslib/gcc/free_rtos/Release/free_rtos.a(tasks.o)
 .bss.xDelayedTaskList1
                0x000000002000c704       0x14 ../../../oslib/gcc/free_rtos/Release/free_rtos.a(tasks.o)
 .bss.xDelayedTaskList2
                0x000000002000c718       0x14 ../../../oslib/gcc/free_rtos/Release/free_rtos.a(tasks.o)
 .bss.uxTaskNumber
                0x000000002000c72c        0x4 ../../../oslib/gcc/free_rtos/Release/free_rtos.a(tasks.o)
 .bss.xIdleTaskHandle
                0x000000002000c730        0x4 ../../../oslib/gcc/free_rtos/Release/free_rtos.a(tasks.o)
 .bss.xYieldPending
                0x000000002000c734        0x4 ../../../oslib/gcc/free_rtos/Release/free_rtos.a(tasks.o)
 .bss.uxSchedulerSuspended
                0x000000002000c738        0x4 ../../../oslib/gcc/free_rtos/Release/free_rtos.a(tasks.o)
 .bss.xNumOfOverflows
                0x000000002000c73c        0x4 ../../../oslib/gcc/free_rtos/Release/free_rtos.a(tasks.o)
 .bss.ucMaxSysCallPriority
                0x000000002000c740        0x1 ../../../oslib/gcc/free_rtos/Release/free_rtos.a(port.o)
 *fill*         0x000000002000c741        0x3 
 .bss.ulMaxPRIGROUPValue
                0x000000002000c744        0x4 ../../../oslib/gcc/free_rtos/Release/free_rtos.a(port.o)
 .bss.pxCurrentTimerList
                0x000000002000c748        0x4 ../../../oslib/gcc/free_rtos/Release/free_rtos.a(timers.o)
 .bss.xActiveTimerList1
                0x000000002000c74c       0x14 ../../../oslib/gcc/free_rtos/Release/free_rtos.a(timers.o)
 .bss.xActiveTimerList2
                0x000000002000c760       0x14 ../../../oslib/gcc/free_rtos/Release/free_rtos.a(timers.o)
 .bss.xLastTime.4980
                0x000000002000c774        0x4 ../../../oslib/gcc/free_rtos/Release/free_rtos.a(timers.o)
 .bss.xTimerQueue
                0x000000002000c778        0x4 ../../../oslib/gcc/free_rtos/Release/free_rtos.a(timers.o)
 .bss.pxOverflowTimerList
                0x000000002000c77c        0x4 ../../../oslib/gcc/free_rtos/Release/free_rtos.a(timers.o)
 .bss.xTimerTaskHandle
                0x000000002000c780        0x4 ../../../oslib/gcc/free_rtos/Release/free_rtos.a(timers.o)
 .bss.__malloc_sbrk_start
                0x000000002000c784        0x4 /usr/lib/gcc/arm-none-eabi/5.2.0/../../../../arm-none-eabi/lib/armv7e-m/libc_nano.a(lib_a-nano-mallocr.o)
                0x000000002000c784                __malloc_sbrk_start
 .bss.__malloc_free_list
                0x000000002000c788        0x4 /usr/lib/gcc/arm-none-eabi/5.2.0/../../../../arm-none-eabi/lib/armv7e-m/libc_nano.a(lib_a-nano-mallocr.o)
                0x000000002000c788                __malloc_free_list
 *(COMMON)
 COMMON         0x000000002000c78c       0x10 obj/Multicast/Release/control.o
                0x000000002000c78c                g_ControlMsgQueue
                0x000000002000c790                g_pAudioOutControlHdl
                0x000000002000c794                g_pAudioInControlHdl
                0x000000002000c798                g_AudioControlTask
 COMMON         0x000000002000c79c       0x34 obj/Multicast/Release/main.o
                0x000000002000c79c                pPlayBuffer
                0x000000002000c7a0                pRecordBuffer
                0x000000002000c7a4                g_UdpSock
 COMMON         0x000000002000c7d0       0x27 obj/Multicast/Release/network.o
                0x000000002000c7d0                g_ucConnectionBSSID
                0x000000002000c7d6                g_ucConnectionSSID
 *fill*         0x000000002000c7f7        0x1 
 COMMON         0x000000002000c7f8      0x208 obj/Multicast/Release/pcm_handler.o
                0x000000002000c7f8                g_pPlayBuffer
                0x000000002000c7fc                g_pRecordBuffer
                0x000000002000c800                gaucZeroBuffer
 COMMON         0x000000002000ca00     0x4000 obj/Multicast/Release/speaker.o
                0x000000002000ca00                speaker_data
 *fill*         0x0000000020010a00      0x200 
 COMMON         0x0000000020010c00      0x800 obj/Multicast/Release/udma_if.o
                0x0000000020010c00                gfpAppCallbackHndl
                0x0000000020010d00                iDone
                0x0000000020011000                gpCtlTbl
 COMMON         0x0000000020011400        0x3 obj/Multicast/Release/gpio_if.o
                0x0000000020011400                g_ucLED1Pin
                0x0000000020011401                g_ucLED2Pin
                0x0000000020011402                g_ucLED3Pin
 COMMON         0x0000000020011403        0x2 ../../../simplelink/gcc/lib/os/Release/libsimplelink.a(driver.o)
                0x0000000020011403                g_bDeviceRestartIsRequired
                0x0000000020011404                RxIrqCnt
 *fill*         0x0000000020011405        0x3 
 COMMON         0x0000000020011408       0x58 ../../../simplelink/gcc/lib/os/Release/libsimplelink.a(cc_pal.o)
                0x0000000020011408                g_cDummy
                0x000000002001140c                DMAMsgQ
                0x0000000020011410                g_ucDinDout
 COMMON         0x0000000020011460       0x50 ../../../oslib/gcc/free_rtos/Release/free_rtos.a(queue.o)
                0x0000000020011460                xQueueRegistry
 COMMON         0x00000000200114b0        0x4 /usr/lib/gcc/arm-none-eabi/5.2.0/../../../../arm-none-eabi/lib/armv7e-m/libc_nano.a(lib_a-reent.o)
                0x00000000200114b0                errno
                0x00000000200114b4                _ebss = .

.heap           0x00000000200114b4    0x2eb4c
                0x00000000200114b4                _heap = .
                0x000000002003fe68                . = (((((((. + 0x40000) - SIZEOF (.bss)) - SIZEOF (.data)) - SIZEOF (.ARM)) - SIZEOF (.text)) - SIZEOF (.bootloader)) - 0x400)
 *fill*         0x00000000200114b4    0x2e9b4 
                0x0000000020040000                . = ALIGN (0x400)
 *fill*         0x000000002003fe68      0x198 
                0x0000000020040000                _eheap = .
LOAD obj/Multicast/Release/audiocodec.o
LOAD obj/Multicast/Release/circ_buff.o
LOAD obj/Multicast/Release/control.o
LOAD obj/Multicast/Release/main.o
LOAD obj/Multicast/Release/microphone.o
LOAD obj/Multicast/Release/network.o
LOAD obj/Multicast/Release/pcm_handler.o
LOAD obj/Multicast/Release/pinmux.o
LOAD obj/Multicast/Release/smartconfig.o
LOAD obj/Multicast/Release/speaker.o
LOAD obj/Multicast/Release/uart_if.o
LOAD obj/Multicast/Release/i2c_if.o
LOAD obj/Multicast/Release/i2s_if.o
LOAD obj/Multicast/Release/udma_if.o
LOAD obj/Multicast/Release/gpio_if.o
LOAD obj/Multicast/Release/startup_gcc.o
LOAD ../../../simplelink/gcc/lib/os/Release/libsimplelink.a
LOAD ../../../oslib/gcc/free_rtos/Release/free_rtos.a
LOAD ../../../driverlib/gcc/lib/Release/libdriver.a
LOAD /usr/lib/gcc/arm-none-eabi/5.2.0/../../../../arm-none-eabi/lib/armv7e-m/libm.a
LOAD /usr/lib/gcc/arm-none-eabi/5.2.0/../../../../arm-none-eabi/lib/armv7e-m/libc_nano.a
LOAD /usr/lib/gcc/arm-none-eabi/5.2.0/armv7e-m/libgcc.a
LOAD /usr/lib/gcc/arm-none-eabi/5.2.0/../../../../arm-none-eabi/lib/armv7e-m/libnosys.a
OUTPUT(bin/Multicast/Release/wifi_audio_app_multicast.elf elf32-littlearm)

.debug_info     0x0000000000000000    0x2248d
 .debug_info    0x0000000000000000      0xbff obj/Multicast/Release/audiocodec.o
 .debug_info    0x0000000000000bff      0x5e0 obj/Multicast/Release/circ_buff.o
 .debug_info    0x00000000000011df      0xb4e obj/Multicast/Release/control.o
 .debug_info    0x0000000000001d2d      0x90a obj/Multicast/Release/main.o
 .debug_info    0x0000000000002637      0x48c obj/Multicast/Release/microphone.o
 .debug_info    0x0000000000002ac3     0x141c obj/Multicast/Release/network.o
 .debug_info    0x0000000000003edf      0x5ce obj/Multicast/Release/pcm_handler.o
 .debug_info    0x00000000000044ad      0x1dd obj/Multicast/Release/pinmux.o
 .debug_info    0x000000000000468a      0x24c obj/Multicast/Release/smartconfig.o
 .debug_info    0x00000000000048d6      0x4a0 obj/Multicast/Release/speaker.o
 .debug_info    0x0000000000004d76      0x544 obj/Multicast/Release/uart_if.o
 .debug_info    0x00000000000052ba      0x5d3 obj/Multicast/Release/i2c_if.o
 .debug_info    0x000000000000588d      0x2db obj/Multicast/Release/i2s_if.o
 .debug_info    0x0000000000005b68      0x602 obj/Multicast/Release/udma_if.o
 .debug_info    0x000000000000616a      0x5fe obj/Multicast/Release/gpio_if.o
 .debug_info    0x0000000000006768      0x221 obj/Multicast/Release/startup_gcc.o
 .debug_info    0x0000000000006989     0x13a1 ../../../simplelink/gcc/lib/os/Release/libsimplelink.a(device.o)
 .debug_info    0x0000000000007d2a     0x275c ../../../simplelink/gcc/lib/os/Release/libsimplelink.a(driver.o)
 .debug_info    0x000000000000a486     0x1ec1 ../../../simplelink/gcc/lib/os/Release/libsimplelink.a(netapp.o)
 .debug_info    0x000000000000c347     0x1f33 ../../../simplelink/gcc/lib/os/Release/libsimplelink.a(socket.o)
 .debug_info    0x000000000000e27a     0x1fdc ../../../simplelink/gcc/lib/os/Release/libsimplelink.a(wlan.o)
 .debug_info    0x0000000000010256     0x10de ../../../simplelink/gcc/lib/os/Release/libsimplelink.a(cc_pal.o)
 .debug_info    0x0000000000011334      0xccb ../../../oslib/gcc/free_rtos/Release/free_rtos.a(osi_freertos.o)
 .debug_info    0x0000000000011fff     0x1a31 ../../../oslib/gcc/free_rtos/Release/free_rtos.a(queue.o)
 .debug_info    0x0000000000013a30     0x29c5 ../../../oslib/gcc/free_rtos/Release/free_rtos.a(tasks.o)
 .debug_info    0x00000000000163f5      0x44d ../../../oslib/gcc/free_rtos/Release/free_rtos.a(port.o)
 .debug_info    0x0000000000016842     0x114e ../../../oslib/gcc/free_rtos/Release/free_rtos.a(timers.o)
 .debug_info    0x0000000000017990      0x186 ../../../oslib/gcc/free_rtos/Release/free_rtos.a(heap_3.o)
 .debug_info    0x0000000000017b16      0x29a ../../../oslib/gcc/free_rtos/Release/free_rtos.a(list.o)
 .debug_info    0x0000000000017db0      0x444 ../../../driverlib/gcc/lib/Release/libdriver.a(gpio.o)
 .debug_info    0x00000000000181f4      0x3ea ../../../driverlib/gcc/lib/Release/libdriver.a(interrupt.o)
 .debug_info    0x00000000000185de      0x715 ../../../driverlib/gcc/lib/Release/libdriver.a(i2s.o)
 .debug_info    0x0000000000018cf3     0x1648 ../../../driverlib/gcc/lib/Release/libdriver.a(prcm.o)
 .debug_info    0x000000000001a33b      0xb9e ../../../driverlib/gcc/lib/Release/libdriver.a(spi.o)
 .debug_info    0x000000000001aed9      0x67d ../../../driverlib/gcc/lib/Release/libdriver.a(timer.o)
 .debug_info    0x000000000001b556       0x50 ../../../driverlib/gcc/lib/Release/libdriver.a(utils.o)
 .debug_info    0x000000000001b5a6      0x7b2 /usr/lib/gcc/arm-none-eabi/5.2.0/../../../../arm-none-eabi/lib/armv7e-m/libc_nano.a(lib_a-malloc.o)
 .debug_info    0x000000000001bd58       0xf8 /usr/lib/gcc/arm-none-eabi/5.2.0/../../../../arm-none-eabi/lib/armv7e-m/libc_nano.a(lib_a-memcmp.o)
 .debug_info    0x000000000001be50      0x115 /usr/lib/gcc/arm-none-eabi/5.2.0/../../../../arm-none-eabi/lib/armv7e-m/libc_nano.a(lib_a-memcpy.o)
 .debug_info    0x000000000001bf65      0x109 /usr/lib/gcc/arm-none-eabi/5.2.0/../../../../arm-none-eabi/lib/armv7e-m/libc_nano.a(lib_a-memmove.o)
 .debug_info    0x000000000001c06e       0xda /usr/lib/gcc/arm-none-eabi/5.2.0/../../../../arm-none-eabi/lib/armv7e-m/libc_nano.a(lib_a-memset.o)
 .debug_info    0x000000000001c148      0x821 /usr/lib/gcc/arm-none-eabi/5.2.0/../../../../arm-none-eabi/lib/armv7e-m/libc_nano.a(lib_a-nano-freer.o)
 .debug_info    0x000000000001c969      0x8ec /usr/lib/gcc/arm-none-eabi/5.2.0/../../../../arm-none-eabi/lib/armv7e-m/libc_nano.a(lib_a-nano-mallocr.o)
 .debug_info    0x000000000001d255      0x786 /usr/lib/gcc/arm-none-eabi/5.2.0/../../../../arm-none-eabi/lib/armv7e-m/libc_nano.a(lib_a-realloc.o)
 .debug_info    0x000000000001d9db      0x7a1 /usr/lib/gcc/arm-none-eabi/5.2.0/../../../../arm-none-eabi/lib/armv7e-m/libc_nano.a(lib_a-sbrkr.o)
 .debug_info    0x000000000001e17c      0x892 /usr/lib/gcc/arm-none-eabi/5.2.0/../../../../arm-none-eabi/lib/armv7e-m/libc_nano.a(lib_a-vsnprintf.o)
 .debug_info    0x000000000001ea0e      0x7da /usr/lib/gcc/arm-none-eabi/5.2.0/../../../../arm-none-eabi/lib/armv7e-m/libc_nano.a(lib_a-impure.o)
 .debug_info    0x000000000001f1e8      0x878 /usr/lib/gcc/arm-none-eabi/5.2.0/../../../../arm-none-eabi/lib/armv7e-m/libc_nano.a(lib_a-nano-reallocr.o)
 .debug_info    0x000000000001fa60      0xd40 /usr/lib/gcc/arm-none-eabi/5.2.0/../../../../arm-none-eabi/lib/armv7e-m/libc_nano.a(lib_a-nano-svfprintf.o)
 .debug_info    0x00000000000207a0      0xb33 /usr/lib/gcc/arm-none-eabi/5.2.0/../../../../arm-none-eabi/lib/armv7e-m/libc_nano.a(lib_a-nano-vfprintf_i.o)
 .debug_info    0x00000000000212d3      0x8fb /usr/lib/gcc/arm-none-eabi/5.2.0/../../../../arm-none-eabi/lib/armv7e-m/libc_nano.a(lib_a-reent.o)
 .debug_info    0x0000000000021bce       0xff /usr/lib/gcc/arm-none-eabi/5.2.0/../../../../arm-none-eabi/lib/armv7e-m/libc_nano.a(lib_a-memchr.o)
 .debug_info    0x0000000000021ccd      0x7c0 /usr/lib/gcc/arm-none-eabi/5.2.0/../../../../arm-none-eabi/lib/armv7e-m/libc_nano.a(lib_a-nano-msizer.o)

.debug_abbrev   0x0000000000000000     0x60f0
 .debug_abbrev  0x0000000000000000      0x1f5 obj/Multicast/Release/audiocodec.o
 .debug_abbrev  0x00000000000001f5      0x174 obj/Multicast/Release/circ_buff.o
 .debug_abbrev  0x0000000000000369      0x282 obj/Multicast/Release/control.o
 .debug_abbrev  0x00000000000005eb      0x208 obj/Multicast/Release/main.o
 .debug_abbrev  0x00000000000007f3      0x1cd obj/Multicast/Release/microphone.o
 .debug_abbrev  0x00000000000009c0      0x3ab obj/Multicast/Release/network.o
 .debug_abbrev  0x0000000000000d6b      0x144 obj/Multicast/Release/pcm_handler.o
 .debug_abbrev  0x0000000000000eaf       0x7a obj/Multicast/Release/pinmux.o
 .debug_abbrev  0x0000000000000f29       0xd9 obj/Multicast/Release/smartconfig.o
 .debug_abbrev  0x0000000000001002      0x18d obj/Multicast/Release/speaker.o
 .debug_abbrev  0x000000000000118f      0x1d0 obj/Multicast/Release/uart_if.o
 .debug_abbrev  0x000000000000135f      0x1cb obj/Multicast/Release/i2c_if.o
 .debug_abbrev  0x000000000000152a      0x133 obj/Multicast/Release/i2s_if.o
 .debug_abbrev  0x000000000000165d      0x1d2 obj/Multicast/Release/udma_if.o
 .debug_abbrev  0x000000000000182f      0x23d obj/Multicast/Release/gpio_if.o
 .debug_abbrev  0x0000000000001a6c      0x149 obj/Multicast/Release/startup_gcc.o
 .debug_abbrev  0x0000000000001bb5      0x327 ../../../simplelink/gcc/lib/os/Release/libsimplelink.a(device.o)
 .debug_abbrev  0x0000000000001edc      0x3c2 ../../../simplelink/gcc/lib/os/Release/libsimplelink.a(driver.o)
 .debug_abbrev  0x000000000000229e      0x353 ../../../simplelink/gcc/lib/os/Release/libsimplelink.a(netapp.o)
 .debug_abbrev  0x00000000000025f1      0x3ae ../../../simplelink/gcc/lib/os/Release/libsimplelink.a(socket.o)
 .debug_abbrev  0x000000000000299f      0x2b2 ../../../simplelink/gcc/lib/os/Release/libsimplelink.a(wlan.o)
 .debug_abbrev  0x0000000000002c51      0x316 ../../../simplelink/gcc/lib/os/Release/libsimplelink.a(cc_pal.o)
 .debug_abbrev  0x0000000000002f67      0x292 ../../../oslib/gcc/free_rtos/Release/free_rtos.a(osi_freertos.o)
 .debug_abbrev  0x00000000000031f9      0x283 ../../../oslib/gcc/free_rtos/Release/free_rtos.a(queue.o)
 .debug_abbrev  0x000000000000347c      0x377 ../../../oslib/gcc/free_rtos/Release/free_rtos.a(tasks.o)
 .debug_abbrev  0x00000000000037f3      0x21a ../../../oslib/gcc/free_rtos/Release/free_rtos.a(port.o)
 .debug_abbrev  0x0000000000003a0d      0x2bb ../../../oslib/gcc/free_rtos/Release/free_rtos.a(timers.o)
 .debug_abbrev  0x0000000000003cc8      0x111 ../../../oslib/gcc/free_rtos/Release/free_rtos.a(heap_3.o)
 .debug_abbrev  0x0000000000003dd9       0xdc ../../../oslib/gcc/free_rtos/Release/free_rtos.a(list.o)
 .debug_abbrev  0x0000000000003eb5      0x163 ../../../driverlib/gcc/lib/Release/libdriver.a(gpio.o)
 .debug_abbrev  0x0000000000004018      0x178 ../../../driverlib/gcc/lib/Release/libdriver.a(interrupt.o)
 .debug_abbrev  0x0000000000004190      0x136 ../../../driverlib/gcc/lib/Release/libdriver.a(i2s.o)
 .debug_abbrev  0x00000000000042c6      0x31a ../../../driverlib/gcc/lib/Release/libdriver.a(prcm.o)
 .debug_abbrev  0x00000000000045e0      0x1f4 ../../../driverlib/gcc/lib/Release/libdriver.a(spi.o)
 .debug_abbrev  0x00000000000047d4      0x100 ../../../driverlib/gcc/lib/Release/libdriver.a(timer.o)
 .debug_abbrev  0x00000000000048d4       0x48 ../../../driverlib/gcc/lib/Release/libdriver.a(utils.o)
 .debug_abbrev  0x000000000000491c      0x18a /usr/lib/gcc/arm-none-eabi/5.2.0/../../../../arm-none-eabi/lib/armv7e-m/libc_nano.a(lib_a-malloc.o)
 .debug_abbrev  0x0000000000004aa6       0x7f /usr/lib/gcc/arm-none-eabi/5.2.0/../../../../arm-none-eabi/lib/armv7e-m/libc_nano.a(lib_a-memcmp.o)
 .debug_abbrev  0x0000000000004b25       0xab /usr/lib/gcc/arm-none-eabi/5.2.0/../../../../arm-none-eabi/lib/armv7e-m/libc_nano.a(lib_a-memcpy.o)
 .debug_abbrev  0x0000000000004bd0       0x9c /usr/lib/gcc/arm-none-eabi/5.2.0/../../../../arm-none-eabi/lib/armv7e-m/libc_nano.a(lib_a-memmove.o)
 .debug_abbrev  0x0000000000004c6c       0x8e /usr/lib/gcc/arm-none-eabi/5.2.0/../../../../arm-none-eabi/lib/armv7e-m/libc_nano.a(lib_a-memset.o)
 .debug_abbrev  0x0000000000004cfa      0x1b6 /usr/lib/gcc/arm-none-eabi/5.2.0/../../../../arm-none-eabi/lib/armv7e-m/libc_nano.a(lib_a-nano-freer.o)
 .debug_abbrev  0x0000000000004eb0      0x24e /usr/lib/gcc/arm-none-eabi/5.2.0/../../../../arm-none-eabi/lib/armv7e-m/libc_nano.a(lib_a-nano-mallocr.o)
 .debug_abbrev  0x00000000000050fe      0x17f /usr/lib/gcc/arm-none-eabi/5.2.0/../../../../arm-none-eabi/lib/armv7e-m/libc_nano.a(lib_a-realloc.o)
 .debug_abbrev  0x000000000000527d      0x1a0 /usr/lib/gcc/arm-none-eabi/5.2.0/../../../../arm-none-eabi/lib/armv7e-m/libc_nano.a(lib_a-sbrkr.o)
 .debug_abbrev  0x000000000000541d      0x1bd /usr/lib/gcc/arm-none-eabi/5.2.0/../../../../arm-none-eabi/lib/armv7e-m/libc_nano.a(lib_a-vsnprintf.o)
 .debug_abbrev  0x00000000000055da      0x136 /usr/lib/gcc/arm-none-eabi/5.2.0/../../../../arm-none-eabi/lib/armv7e-m/libc_nano.a(lib_a-impure.o)
 .debug_abbrev  0x0000000000005710      0x1af /usr/lib/gcc/arm-none-eabi/5.2.0/../../../../arm-none-eabi/lib/armv7e-m/libc_nano.a(lib_a-nano-reallocr.o)
 .debug_abbrev  0x00000000000058bf      0x23f /usr/lib/gcc/arm-none-eabi/5.2.0/../../../../arm-none-eabi/lib/armv7e-m/libc_nano.a(lib_a-nano-svfprintf.o)
 .debug_abbrev  0x0000000000005afe      0x1f4 /usr/lib/gcc/arm-none-eabi/5.2.0/../../../../arm-none-eabi/lib/armv7e-m/libc_nano.a(lib_a-nano-vfprintf_i.o)
 .debug_abbrev  0x0000000000005cf2      0x1f2 /usr/lib/gcc/arm-none-eabi/5.2.0/../../../../arm-none-eabi/lib/armv7e-m/libc_nano.a(lib_a-reent.o)
 .debug_abbrev  0x0000000000005ee4       0xab /usr/lib/gcc/arm-none-eabi/5.2.0/../../../../arm-none-eabi/lib/armv7e-m/libc_nano.a(lib_a-memchr.o)
 .debug_abbrev  0x0000000000005f8f      0x161 /usr/lib/gcc/arm-none-eabi/5.2.0/../../../../arm-none-eabi/lib/armv7e-m/libc_nano.a(lib_a-nano-msizer.o)

.debug_loc      0x0000000000000000    0x10054
 .debug_loc     0x0000000000000000      0x561 obj/Multicast/Release/audiocodec.o
 .debug_loc     0x0000000000000561      0x41e obj/Multicast/Release/circ_buff.o
 .debug_loc     0x000000000000097f      0x445 obj/Multicast/Release/control.o
 .debug_loc     0x0000000000000dc4      0x107 obj/Multicast/Release/main.o
 .debug_loc     0x0000000000000ecb       0xa1 obj/Multicast/Release/microphone.o
 .debug_loc     0x0000000000000f6c      0x38d obj/Multicast/Release/network.o
 .debug_loc     0x00000000000012f9       0x8c obj/Multicast/Release/pcm_handler.o
 .debug_loc     0x0000000000001385       0xa3 obj/Multicast/Release/smartconfig.o
 .debug_loc     0x0000000000001428       0x5a obj/Multicast/Release/speaker.o
 .debug_loc     0x0000000000001482      0x2be obj/Multicast/Release/uart_if.o
 .debug_loc     0x0000000000001740      0x46b obj/Multicast/Release/i2c_if.o
 .debug_loc     0x0000000000001bab      0x199 obj/Multicast/Release/i2s_if.o
 .debug_loc     0x0000000000001d44      0x357 obj/Multicast/Release/udma_if.o
 .debug_loc     0x000000000000209b      0x3cd obj/Multicast/Release/gpio_if.o
 .debug_loc     0x0000000000002468       0x65 obj/Multicast/Release/startup_gcc.o
 .debug_loc     0x00000000000024cd      0x79f ../../../simplelink/gcc/lib/os/Release/libsimplelink.a(device.o)
 .debug_loc     0x0000000000002c6c     0x1689 ../../../simplelink/gcc/lib/os/Release/libsimplelink.a(driver.o)
 .debug_loc     0x00000000000042f5     0x117e ../../../simplelink/gcc/lib/os/Release/libsimplelink.a(netapp.o)
 .debug_loc     0x0000000000005473      0xfab ../../../simplelink/gcc/lib/os/Release/libsimplelink.a(socket.o)
 .debug_loc     0x000000000000641e      0xf55 ../../../simplelink/gcc/lib/os/Release/libsimplelink.a(wlan.o)
 .debug_loc     0x0000000000007373      0x8e9 ../../../simplelink/gcc/lib/os/Release/libsimplelink.a(cc_pal.o)
 .debug_loc     0x0000000000007c5c      0x841 ../../../oslib/gcc/free_rtos/Release/free_rtos.a(osi_freertos.o)
 .debug_loc     0x000000000000849d     0x134e ../../../oslib/gcc/free_rtos/Release/free_rtos.a(queue.o)
 .debug_loc     0x00000000000097eb     0x1b04 ../../../oslib/gcc/free_rtos/Release/free_rtos.a(tasks.o)
 .debug_loc     0x000000000000b2ef       0x99 ../../../oslib/gcc/free_rtos/Release/free_rtos.a(port.o)
 .debug_loc     0x000000000000b388      0x913 ../../../oslib/gcc/free_rtos/Release/free_rtos.a(timers.o)
 .debug_loc     0x000000000000bc9b       0x81 ../../../oslib/gcc/free_rtos/Release/free_rtos.a(heap_3.o)
 .debug_loc     0x000000000000bd1c       0x94 ../../../oslib/gcc/free_rtos/Release/free_rtos.a(list.o)
 .debug_loc     0x000000000000bdb0      0x31c ../../../driverlib/gcc/lib/Release/libdriver.a(gpio.o)
 .debug_loc     0x000000000000c0cc      0x165 ../../../driverlib/gcc/lib/Release/libdriver.a(interrupt.o)
 .debug_loc     0x000000000000c231      0x6a4 ../../../driverlib/gcc/lib/Release/libdriver.a(i2s.o)
 .debug_loc     0x000000000000c8d5      0xfa1 ../../../driverlib/gcc/lib/Release/libdriver.a(prcm.o)
 .debug_loc     0x000000000000d876      0xbbe ../../../driverlib/gcc/lib/Release/libdriver.a(spi.o)
 .debug_loc     0x000000000000e434      0x465 ../../../driverlib/gcc/lib/Release/libdriver.a(timer.o)
 .debug_loc     0x000000000000e899       0x58 /usr/lib/gcc/arm-none-eabi/5.2.0/../../../../arm-none-eabi/lib/armv7e-m/libc_nano.a(lib_a-malloc.o)
 .debug_loc     0x000000000000e8f1      0x12e /usr/lib/gcc/arm-none-eabi/5.2.0/../../../../arm-none-eabi/lib/armv7e-m/libc_nano.a(lib_a-memcmp.o)
 .debug_loc     0x000000000000ea1f       0x87 /usr/lib/gcc/arm-none-eabi/5.2.0/../../../../arm-none-eabi/lib/armv7e-m/libc_nano.a(lib_a-memcpy.o)
 .debug_loc     0x000000000000eaa6       0xde /usr/lib/gcc/arm-none-eabi/5.2.0/../../../../arm-none-eabi/lib/armv7e-m/libc_nano.a(lib_a-memmove.o)
 .debug_loc     0x000000000000eb84       0x57 /usr/lib/gcc/arm-none-eabi/5.2.0/../../../../arm-none-eabi/lib/armv7e-m/libc_nano.a(lib_a-memset.o)
 .debug_loc     0x000000000000ebdb      0x172 /usr/lib/gcc/arm-none-eabi/5.2.0/../../../../arm-none-eabi/lib/armv7e-m/libc_nano.a(lib_a-nano-freer.o)
 .debug_loc     0x000000000000ed4d      0x311 /usr/lib/gcc/arm-none-eabi/5.2.0/../../../../arm-none-eabi/lib/armv7e-m/libc_nano.a(lib_a-nano-mallocr.o)
 .debug_loc     0x000000000000f05e       0x58 /usr/lib/gcc/arm-none-eabi/5.2.0/../../../../arm-none-eabi/lib/armv7e-m/libc_nano.a(lib_a-realloc.o)
 .debug_loc     0x000000000000f0b6       0x4d /usr/lib/gcc/arm-none-eabi/5.2.0/../../../../arm-none-eabi/lib/armv7e-m/libc_nano.a(lib_a-sbrkr.o)
 .debug_loc     0x000000000000f103      0x163 /usr/lib/gcc/arm-none-eabi/5.2.0/../../../../arm-none-eabi/lib/armv7e-m/libc_nano.a(lib_a-vsnprintf.o)
 .debug_loc     0x000000000000f266      0x11b /usr/lib/gcc/arm-none-eabi/5.2.0/../../../../arm-none-eabi/lib/armv7e-m/libc_nano.a(lib_a-nano-reallocr.o)
 .debug_loc     0x000000000000f381      0x54e /usr/lib/gcc/arm-none-eabi/5.2.0/../../../../arm-none-eabi/lib/armv7e-m/libc_nano.a(lib_a-nano-svfprintf.o)
 .debug_loc     0x000000000000f8cf      0x52c /usr/lib/gcc/arm-none-eabi/5.2.0/../../../../arm-none-eabi/lib/armv7e-m/libc_nano.a(lib_a-nano-vfprintf_i.o)
 .debug_loc     0x000000000000fdfb       0xfa /usr/lib/gcc/arm-none-eabi/5.2.0/../../../../arm-none-eabi/lib/armv7e-m/libc_nano.a(lib_a-reent.o)
 .debug_loc     0x000000000000fef5       0xaa /usr/lib/gcc/arm-none-eabi/5.2.0/../../../../arm-none-eabi/lib/armv7e-m/libc_nano.a(lib_a-memchr.o)
 .debug_loc     0x000000000000ff9f       0xb5 /usr/lib/gcc/arm-none-eabi/5.2.0/../../../../arm-none-eabi/lib/armv7e-m/libc_nano.a(lib_a-nano-msizer.o)

.debug_aranges  0x0000000000000000     0x15f8
 .debug_aranges
                0x0000000000000000       0x68 obj/Multicast/Release/audiocodec.o
 .debug_aranges
                0x0000000000000068       0x90 obj/Multicast/Release/circ_buff.o
 .debug_aranges
                0x00000000000000f8       0x68 obj/Multicast/Release/control.o
 .debug_aranges
                0x0000000000000160       0x48 obj/Multicast/Release/main.o
 .debug_aranges
                0x00000000000001a8       0x28 obj/Multicast/Release/microphone.o
 .debug_aranges
                0x00000000000001d0       0x68 obj/Multicast/Release/network.o
 .debug_aranges
                0x0000000000000238       0x30 obj/Multicast/Release/pcm_handler.o
 .debug_aranges
                0x0000000000000268       0x20 obj/Multicast/Release/pinmux.o
 .debug_aranges
                0x0000000000000288       0x28 obj/Multicast/Release/smartconfig.o
 .debug_aranges
                0x00000000000002b0       0x20 obj/Multicast/Release/speaker.o
 .debug_aranges
                0x00000000000002d0       0x50 obj/Multicast/Release/uart_if.o
 .debug_aranges
                0x0000000000000320       0x48 obj/Multicast/Release/i2c_if.o
 .debug_aranges
                0x0000000000000368       0x48 obj/Multicast/Release/i2s_if.o
 .debug_aranges
                0x00000000000003b0       0x68 obj/Multicast/Release/udma_if.o
 .debug_aranges