Archive member included to satisfy reference by file (symbol)

../../../netapps/mqtt/gcc/lib/client_server/Debug/libmqtt.a(sl_mqtt_client.o)
                              obj/Debug/main.o (sl_ExtLib_MqttClientCtxCreate)
../../../netapps/mqtt/gcc/lib/client_server/Debug/libmqtt.a(sl_mqtt_server.o)
                              obj/Debug/main.o (sl_ExtLib_MqttServerSend)
../../../netapps/mqtt/gcc/lib/client_server/Debug/libmqtt.a(cc32xx_sl_net.o)
                              ../../../netapps/mqtt/gcc/lib/client_server/Debug/libmqtt.a(sl_mqtt_client.o) (comm_open)
../../../netapps/mqtt/gcc/lib/client_server/Debug/libmqtt.a(cc32xx_platform.o)
                              ../../../netapps/mqtt/gcc/lib/client_server/Debug/libmqtt.a(cc32xx_sl_net.o) (platform_timer_init)
../../../netapps/mqtt/gcc/lib/client_server/Debug/libmqtt.a(mqtt_client.o)
                              ../../../netapps/mqtt/gcc/lib/client_server/Debug/libmqtt.a(cc32xx_sl_net.o) (debug_printf)
../../../netapps/mqtt/gcc/lib/client_server/Debug/libmqtt.a(mqtt_common.o)
                              ../../../netapps/mqtt/gcc/lib/client_server/Debug/libmqtt.a(mqtt_client.o) (mqp_free)
../../../netapps/mqtt/gcc/lib/client_server/Debug/libmqtt.a(server_core.o)
                              ../../../netapps/mqtt/gcc/lib/client_server/Debug/libmqtt.a(sl_mqtt_server.o) (mqtt_server_init)
../../../netapps/mqtt/gcc/lib/client_server/Debug/libmqtt.a(server_pkts.o)
                              ../../../netapps/mqtt/gcc/lib/client_server/Debug/libmqtt.a(sl_mqtt_server.o) (mqtt_server_pause_locked)
../../../netapps/mqtt/gcc/lib/client_server/Debug/libmqtt.a(server_plug.o)
                              ../../../netapps/mqtt/gcc/lib/client_server/Debug/libmqtt.a(server_core.o) (plugin_connect)
../../../netapps/mqtt/gcc/lib/client_server/Debug/libmqtt.a(server_util.o)
                              ../../../netapps/mqtt/gcc/lib/client_server/Debug/libmqtt.a(server_core.o) (mqp_new_id_server)
../../../netapps/mqtt/gcc/lib/client_server/Debug/libmqtt.a(client_mgmt.o)
                              ../../../netapps/mqtt/gcc/lib/client_server/Debug/libmqtt.a(server_core.o) (cl_sub_count_add)
../../../simplelink/gcc/lib/os/Debug/libsimplelink.a(device.o)
                              obj/Debug/network_if.o (sl_Start)
../../../simplelink/gcc/lib/os/Debug/libsimplelink.a(driver.o)
                              ../../../simplelink/gcc/lib/os/Debug/libsimplelink.a(device.o) (g_SlDeviceStatus)
../../../simplelink/gcc/lib/os/Debug/libsimplelink.a(netapp.o)
                              obj/Debug/network_if.o (sl_NetAppMDNSUnRegisterService)
../../../simplelink/gcc/lib/os/Debug/libsimplelink.a(netcfg.o)
                              obj/Debug/network_if.o (sl_NetCfgSet)
../../../simplelink/gcc/lib/os/Debug/libsimplelink.a(socket.o)
                              ../../../netapps/mqtt/gcc/lib/client_server/Debug/libmqtt.a(cc32xx_sl_net.o) (sl_Socket)
../../../simplelink/gcc/lib/os/Debug/libsimplelink.a(wlan.o)
                              obj/Debug/network_if.o (sl_WlanConnect)
../../../simplelink/gcc/lib/os/Debug/libsimplelink.a(cc_pal.o)
                              ../../../simplelink/gcc/lib/os/Debug/libsimplelink.a(device.o) (spi_Open)
../../../oslib/gcc/free_rtos/Debug/free_rtos.a(osi_freertos.o)
                              obj/Debug/gpio_if.o (osi_InterruptRegister)
../../../oslib/gcc/free_rtos/Debug/free_rtos.a(queue.o)
                              ../../../oslib/gcc/free_rtos/Debug/free_rtos.a(osi_freertos.o) (xQueueGenericCreate)
../../../oslib/gcc/free_rtos/Debug/free_rtos.a(tasks.o)
                              ../../../oslib/gcc/free_rtos/Debug/free_rtos.a(osi_freertos.o) (xTaskGenericCreate)
../../../oslib/gcc/free_rtos/Debug/free_rtos.a(port.o)
                              ../../../oslib/gcc/free_rtos/Debug/free_rtos.a(tasks.o) (pxPortInitialiseStack)
../../../oslib/gcc/free_rtos/Debug/free_rtos.a(timers.o)
                              ../../../oslib/gcc/free_rtos/Debug/free_rtos.a(tasks.o) (xTimerCreateTimerTask)
../../../oslib/gcc/free_rtos/Debug/free_rtos.a(heap_3.o)
                              ../../../oslib/gcc/free_rtos/Debug/free_rtos.a(osi_freertos.o) (pvPortMalloc)
../../../oslib/gcc/free_rtos/Debug/free_rtos.a(list.o)
                              ../../../oslib/gcc/free_rtos/Debug/free_rtos.a(queue.o) (vListInitialise)
../../../driverlib/gcc/lib/Debug/libdriver.a(gpio.o)
                              obj/Debug/pinmux.o (GPIODirModeSet)
../../../driverlib/gcc/lib/Debug/libdriver.a(interrupt.o)
                              obj/Debug/main.o (IntMasterEnable)
../../../driverlib/gcc/lib/Debug/libdriver.a(pin.o)
                              obj/Debug/pinmux.o (PinTypeUART)
../../../driverlib/gcc/lib/Debug/libdriver.a(prcm.o)
                              obj/Debug/pinmux.o (PRCMPeripheralClkEnable)
../../../driverlib/gcc/lib/Debug/libdriver.a(spi.o)
[...]
Memory Configuration

Name             Origin             Length             Attributes
SRAM             0x0000000020000000 0x0000000000040000 xrw
*default*        0x0000000000000000 0xffffffffffffffff

Linker script and memory map

                0x0000000000004000                BOOTLOADER_SIZE = 0x4000

.bootloader     0x0000000020000000     0x4000
                0x0000000020000000                _heap2 = .
                0x0000000020004000                . = (. + BOOTLOADER_SIZE)
 *fill*         0x0000000020000000     0x4000 
                0x0000000020004000                . = ALIGN (0x8)
                0x0000000020004000                _eheap2 = .

.text           0x0000000020004000    0x17f60
                0x0000000020004000                _text = .
 *(.intvecs)
 .intvecs       0x0000000020004000      0x400 obj/Debug/startup_gcc.o
                0x0000000020004000                g_pfnVectors
 *(.text*)
 .text.pushButtonInterruptHandler2
                0x0000000020004400       0x28 obj/Debug/main.o
                0x0000000020004400                pushButtonInterruptHandler2
 .text.pushButtonInterruptHandler3
                0x0000000020004428       0x28 obj/Debug/main.o
                0x0000000020004428                pushButtonInterruptHandler3
 .text.TimerPeriodicIntHandler
                0x0000000020004450       0x50 obj/Debug/main.o
                0x0000000020004450                TimerPeriodicIntHandler
 .text.LedTimerConfigNStart
                0x00000000200044a0       0x38 obj/Debug/main.o
                0x00000000200044a0                LedTimerConfigNStart
 .text.LedTimerDeinitStop
                0x00000000200044d8       0x1c obj/Debug/main.o
                0x00000000200044d8                LedTimerDeinitStop
 .text.BoardInit
                0x00000000200044f4       0x24 obj/Debug/main.o
                0x00000000200044f4                BoardInit
 .text.DisplayBanner
                0x0000000020004518       0x3c obj/Debug/main.o
 .text.MqttClientServer
                0x0000000020004554      0x408 obj/Debug/main.o
                0x0000000020004554                MqttClientServer
 .text.main     0x000000002000495c       0xa4 obj/Debug/main.o
                0x000000002000495c                main
 .text.PinMuxConfig
                0x0000000020004a00       0x9c obj/Debug/pinmux.o
                0x0000000020004a00                PinMuxConfig
 .text.connect_cb
                0x0000000020004a9c       0x50 obj/Debug/server_client_cbs.o
                0x0000000020004a9c                connect_cb
 .text.recv_cb  0x0000000020004aec      0x154 obj/Debug/server_client_cbs.o
                0x0000000020004aec                recv_cb
 .text.disconnect_cb
                0x0000000020004c40       0x3c obj/Debug/server_client_cbs.o
                0x0000000020004c40                disconnect_cb
 .text.recv_client_cb
                0x0000000020004c7c      0x154 obj/Debug/server_client_cbs.o
                0x0000000020004c7c                recv_client_cb
 .text.event_client_cb
                0x0000000020004dd0       0xa0 obj/Debug/server_client_cbs.o
                0x0000000020004dd0                event_client_cb
 .text.disconnectbridge_cb
                0x0000000020004e70       0x1c obj/Debug/server_client_cbs.o
                0x0000000020004e70                disconnectbridge_cb
 .text.InitTerm
                0x0000000020004e8c       0x2c obj/Debug/uart_if.o
                0x0000000020004e8c                InitTerm
 .text.Message  0x0000000020004eb8       0x34 obj/Debug/uart_if.o
                0x0000000020004eb8                Message
 .text.GetCmd   0x0000000020004eec       0xc4 obj/Debug/uart_if.o
                0x0000000020004eec                GetCmd
 .text.TrimSpace
                0x0000000020004fb0       0x90 obj/Debug/uart_if.o
                0x0000000020004fb0                TrimSpace
 .text.Report   0x0000000020005040       0x98 obj/Debug/uart_if.o
                0x0000000020005040                Report
 .text.vAssertCalled
                0x00000000200050d8        0xc obj/Debug/network_if.o
                0x00000000200050d8                vAssertCalled
 .text.vApplicationIdleHook
                0x00000000200050e4        0xc obj/Debug/network_if.o
                0x00000000200050e4                vApplicationIdleHook
 .text.vApplicationMallocFailedHook
                0x00000000200050f0        0x8 obj/Debug/network_if.o
                0x00000000200050f0                vApplicationMallocFailedHook
 .text.vApplicationStackOverflowHook
                0x00000000200050f8        0xc obj/Debug/network_if.o
                0x00000000200050f8                vApplicationStackOverflowHook
 .text.SimpleLinkWlanEventHandler
                0x0000000020005104      0x210 obj/Debug/network_if.o
                0x0000000020005104                SimpleLinkWlanEventHandler
 .text.SimpleLinkNetAppEventHandler
                0x0000000020005314       0xa8 obj/Debug/network_if.o
                0x0000000020005314                SimpleLinkNetAppEventHandler
 .text.SimpleLinkGeneralEventHandler
                0x00000000200053bc       0x30 obj/Debug/network_if.o
                0x00000000200053bc                SimpleLinkGeneralEventHandler
 .text.SimpleLinkSockEventHandler
                0x00000000200053ec       0xcc obj/Debug/network_if.o
                0x00000000200053ec                SimpleLinkSockEventHandler
 .text.SimpleLinkHttpServerCallback
                0x00000000200054b8       0x14 obj/Debug/network_if.o
                0x00000000200054b8                SimpleLinkHttpServerCallback
 .text.InitializeAppVariables
                0x00000000200054cc       0x44 obj/Debug/network_if.o
                0x00000000200054cc                InitializeAppVariables
 .text.ConfigureSimpleLinkToDefaultState
                0x0000000020005510      0x364 obj/Debug/network_if.o
                0x0000000020005510                ConfigureSimpleLinkToDefaultState
 .text.Network_IF_InitDriver
                0x0000000020005874      0x1b4 obj/Debug/network_if.o
                0x0000000020005874                Network_IF_InitDriver
 .text.Network_IF_ConnectAP
                0x0000000020005a28      0x27c obj/Debug/network_if.o
                0x0000000020005a28                Network_IF_ConnectAP
 .text.Network_IF_DisconnectFromAP
                0x0000000020005ca4       0x50 obj/Debug/network_if.o
                0x0000000020005ca4                Network_IF_DisconnectFromAP
 .text.Network_IF_IpConfigGet
                0x0000000020005cf4       0x80 obj/Debug/network_if.o
                0x0000000020005cf4                Network_IF_IpConfigGet
 .text.Network_IF_ResetMCUStateMachine
                0x0000000020005d74       0x18 obj/Debug/network_if.o
                0x0000000020005d74                Network_IF_ResetMCUStateMachine
 .text.GPIO_IF_LedConfigure
                0x0000000020005d8c       0x68 obj/Debug/gpio_if.o
                0x0000000020005d8c                GPIO_IF_LedConfigure
 .text.GPIO_IF_LedOn
                0x0000000020005df4       0xd4 obj/Debug/gpio_if.o
                0x0000000020005df4                GPIO_IF_LedOn
 .text.GPIO_IF_LedOff
                0x0000000020005ec8       0xd4 obj/Debug/gpio_if.o
                0x0000000020005ec8                GPIO_IF_LedOff
 .text.GPIO_IF_GetPortNPin
                0x0000000020005f9c       0x48 obj/Debug/gpio_if.o
                0x0000000020005f9c                GPIO_IF_GetPortNPin
 .text.GPIO_IF_Set
                0x0000000020005fe4       0x3c obj/Debug/gpio_if.o
                0x0000000020005fe4                GPIO_IF_Set
 .text.GetPeripheralIntNum
                0x0000000020006020       0xa4 obj/Debug/timer_if.o
 .text.Timer_IF_Init
                0x00000000200060c4       0x38 obj/Debug/timer_if.o
                0x00000000200060c4                Timer_IF_Init
 .text.Timer_IF_IntSetup
                0x00000000200060fc       0x8c obj/Debug/timer_if.o
                0x00000000200060fc                Timer_IF_IntSetup
 .text.Timer_IF_Start
                0x0000000020006188       0x34 obj/Debug/timer_if.o
                0x0000000020006188                Timer_IF_Start
 .text.Timer_IF_Stop
                0x00000000200061bc       0x1c obj/Debug/timer_if.o
                0x00000000200061bc                Timer_IF_Stop
 .text.Timer_IF_DeInit
                0x00000000200061d8       0x24 obj/Debug/timer_if.o
                0x00000000200061d8                Timer_IF_DeInit
 .text.GPIOs3IntHandler
                0x00000000200061fc       0x38 obj/Debug/button_if.o
                0x00000000200061fc                GPIOs3IntHandler
 .text.GPIOs2IntHandler
                0x0000000020006234       0x38 obj/Debug/button_if.o
                0x0000000020006234                GPIOs2IntHandler
 .text.Button_IF_Init
                0x000000002000626c       0x8c obj/Debug/button_if.o
                0x000000002000626c                Button_IF_Init
 .text.Button_IF_EnableInterrupt
                0x00000000200062f8       0x68 obj/Debug/button_if.o
                0x00000000200062f8                Button_IF_EnableInterrupt
 .text.Button_IF_DisableInterrupt
                0x0000000020006360       0x5c obj/Debug/button_if.o
                0x0000000020006360                Button_IF_DisableInterrupt
 .text.ResetISR
                0x00000000200063bc       0x78 obj/Debug/startup_gcc.o
                0x00000000200063bc                ResetISR
 .text.NmiSR    0x0000000020006434        0x8 obj/Debug/startup_gcc.o
 .text.FaultISR
                0x000000002000643c        0x8 obj/Debug/startup_gcc.o
 .text.BusFaultHandler
                0x0000000020006444        0x8 obj/Debug/startup_gcc.o
 .text.IntDefaultHandler
                0x000000002000644c        0x8 obj/Debug/startup_gcc.o
 .text._sbrk    0x0000000020006454       0x70 obj/Debug/startup_gcc.o
                0x0000000020006454                _sbrk
 .text._sl_ExtLib_ServerAckLockedWait
                0x00000000200064c4       0x64 ../../../netapps/mqtt/gcc/lib/client_server/Debug/libmqtt.a(sl_mqtt_client.o)
                0x00000000200064c4                _sl_ExtLib_ServerAckLockedWait
 .text._sl_ExtLib_AwaitedAckSet
                0x0000000020006528       0x34 ../../../netapps/mqtt/gcc/lib/client_server/Debug/libmqtt.a(sl_mqtt_client.o)
                0x0000000020006528                _sl_ExtLib_AwaitedAckSet
 .text._sl_ExtLib_AwaitedAckLockedSet
                0x000000002000655c       0x38 ../../../netapps/mqtt/gcc/lib/client_server/Debug/libmqtt.a(sl_mqtt_client.o)
                0x000000002000655c                _sl_ExtLib_AwaitedAckLockedSet
 .text.process_notify_ack_cb
                0x0000000020006594      0x10c ../../../netapps/mqtt/gcc/lib/client_server/Debug/libmqtt.a(sl_mqtt_client.o)
 .text.process_publish_rx_cb
                0x00000000200066a0       0xc8 ../../../netapps/mqtt/gcc/lib/client_server/Debug/libmqtt.a(sl_mqtt_client.o)
 .text.process_disconn_cb
                0x0000000020006768       0x50 ../../../netapps/mqtt/gcc/lib/client_server/Debug/libmqtt.a(sl_mqtt_client.o)
 .text.VMqttRecvTask
                0x00000000200067b8       0x64 ../../../netapps/mqtt/gcc/lib/client_server/Debug/libmqtt.a(sl_mqtt_client.o)
                0x00000000200067b8                VMqttRecvTask
 .text.get_available_clictx_mem
                0x000000002000681c       0x88 ../../../netapps/mqtt/gcc/lib/client_server/Debug/libmqtt.a(sl_mqtt_client.o)
 .text.sl_ExtLib_MqttClientCtxCreate
                0x00000000200068a4      0x138 ../../../netapps/mqtt/gcc/lib/client_server/Debug/libmqtt.a(sl_mqtt_client.o)
                0x00000000200068a4                sl_ExtLib_MqttClientCtxCreate
 .text.sl_ExtLib_MqttClientCtxDelete
                0x00000000200069dc       0x48 ../../../netapps/mqtt/gcc/lib/client_server/Debug/libmqtt.a(sl_mqtt_client.o)
                0x00000000200069dc                sl_ExtLib_MqttClientCtxDelete
 .text.mutex_lockup
                0x0000000020006a24       0x1c ../../../netapps/mqtt/gcc/lib/client_server/Debug/libmqtt.a(sl_mqtt_client.o)
                0x0000000020006a24                mutex_lockup
 .text.mutex_unlock
                0x0000000020006a40       0x18 ../../../netapps/mqtt/gcc/lib/client_server/Debug/libmqtt.a(sl_mqtt_client.o)
                0x0000000020006a40                mutex_unlock
 .text.sl_ExtLib_MqttClientInit
                0x0000000020006a58       0xf4 ../../../netapps/mqtt/gcc/lib/client_server/Debug/libmqtt.a(sl_mqtt_client.o)
                0x0000000020006a58                sl_ExtLib_MqttClientInit
 .text.sl_ExtLib_MqttClientExit
                0x0000000020006b4c       0x84 ../../../netapps/mqtt/gcc/lib/client_server/Debug/libmqtt.a(sl_mqtt_client.o)
                0x0000000020006b4c                sl_ExtLib_MqttClientExit
 .text.sl_ExtLib_MqttClientSet
                0x0000000020006bd0       0x68 ../../../netapps/mqtt/gcc/lib/client_server/Debug/libmqtt.a(sl_mqtt_client.o)
                0x0000000020006bd0                sl_ExtLib_MqttClientSet
 .text.sl_ExtLib_MqttClientConnect
                0x0000000020006c38      0x1fc ../../../netapps/mqtt/gcc/lib/client_server/Debug/libmqtt.a(sl_mqtt_client.o)
                0x0000000020006c38                sl_ExtLib_MqttClientConnect
 .text.sl_ExtLib_MqttClientDisconnect
                0x0000000020006e34       0x58 ../../../netapps/mqtt/gcc/lib/client_server/Debug/libmqtt.a(sl_mqtt_client.o)
                0x0000000020006e34                sl_ExtLib_MqttClientDisconnect
 .text.sl_ExtLib_MqttClientSub
                0x0000000020006e8c      0x11c ../../../netapps/mqtt/gcc/lib/client_server/Debug/libmqtt.a(sl_mqtt_client.o)
                0x0000000020006e8c                sl_ExtLib_MqttClientSub
 .text.sl_ExtLib_MqttClientUnsub
                0x0000000020006fa8       0xe0 ../../../netapps/mqtt/gcc/lib/client_server/Debug/libmqtt.a(sl_mqtt_client.o)
                0x0000000020006fa8                sl_ExtLib_MqttClientUnsub
 .text.sl_ExtLib_MqttClientSend
                0x0000000020007088       0xf4 ../../../netapps/mqtt/gcc/lib/client_server/Debug/libmqtt.a(sl_mqtt_client.o)
                0x0000000020007088                sl_ExtLib_MqttClientSend
 .text.mutex_lock
                0x000000002000717c       0x1c ../../../netapps/mqtt/gcc/lib/client_server/Debug/libmqtt.a(sl_mqtt_server.o)
 .text.mutex_unlock
                0x0000000020007198       0x18 ../../../netapps/mqtt/gcc/lib/client_server/Debug/libmqtt.a(sl_mqtt_server.o)
 .text.sl_server_connect_cb
                0x00000000200071b0       0x8c ../../../netapps/mqtt/gcc/lib/client_server/Debug/libmqtt.a(sl_mqtt_server.o)
                0x00000000200071b0                sl_server_connect_cb
 .text.sl_server_publish_cb
                0x000000002000723c       0x54 ../../../netapps/mqtt/gcc/lib/client_server/Debug/libmqtt.a(sl_mqtt_server.o)
                0x000000002000723c                sl_server_publish_cb
 .text.sl_server_disconn_cb
                0x0000000020007290       0x24 ../../../netapps/mqtt/gcc/lib/client_server/Debug/libmqtt.a(sl_mqtt_server.o)
                0x0000000020007290                sl_server_disconn_cb
 .text.sl_ExtLib_MqttServerSend
                0x00000000200072b4       0x48 ../../../netapps/mqtt/gcc/lib/client_server/Debug/libmqtt.a(sl_mqtt_server.o)
                0x00000000200072b4                sl_ExtLib_MqttServerSend
 .text.sl_ExtLib_MqttTopicEnroll
                0x00000000200072fc       0x40 ../../../netapps/mqtt/gcc/lib/client_server/Debug/libmqtt.a(sl_mqtt_server.o)
                0x00000000200072fc                sl_ExtLib_MqttTopicEnroll
 .text.sl_ExtLib_MqttServerInit
                0x000000002000733c      0x148 ../../../netapps/mqtt/gcc/lib/client_server/Debug/libmqtt.a(sl_mqtt_server.o)
                0x000000002000733c                sl_ExtLib_MqttServerInit
 .text._sl_MqttServerStateSet
                0x0000000020007484       0x28 ../../../netapps/mqtt/gcc/lib/client_server/Debug/libmqtt.a(sl_mqtt_server.o)
 .text._sl_MqttServerStateGet
                0x00000000200074ac       0x28 ../../../netapps/mqtt/gcc/lib/client_server/Debug/libmqtt.a(sl_mqtt_server.o)
 .text.VMqttServerRunTask
                0x00000000200074d4       0x88 ../../../netapps/mqtt/gcc/lib/client_server/Debug/libmqtt.a(sl_mqtt_server.o)
 .text.sl_ExtLib_MqttServerActivate
                0x000000002000755c       0x6c ../../../netapps/mqtt/gcc/lib/client_server/Debug/libmqtt.a(sl_mqtt_server.o)
                0x000000002000755c                sl_ExtLib_MqttServerActivate
 .text.buf_printf
                0x00000000200075c8       0x9c ../../../netapps/mqtt/gcc/lib/client_server/Debug/libmqtt.a(cc32xx_sl_net.o)
 .text.create_socket
                0x0000000020007664      0x224 ../../../netapps/mqtt/gcc/lib/client_server/Debug/libmqtt.a(cc32xx_sl_net.o)
 .text.svr_addr_NB_order_IPV4
                0x0000000020007888       0xdc ../../../netapps/mqtt/gcc/lib/client_server/Debug/libmqtt.a(cc32xx_sl_net.o)
 .text.comm_open
                0x0000000020007964      0x1c0 ../../../netapps/mqtt/gcc/lib/client_server/Debug/libmqtt.a(cc32xx_sl_net.o)
                0x0000000020007964                comm_open
 .text.tcp_send
                0x0000000020007b24       0x58 ../../../netapps/mqtt/gcc/lib/client_server/Debug/libmqtt.a(cc32xx_sl_net.o)
                0x0000000020007b24                tcp_send
 .text.tcp_recv
                0x0000000020007b7c       0xe4 ../../../netapps/mqtt/gcc/lib/client_server/Debug/libmqtt.a(cc32xx_sl_net.o)
                0x0000000020007b7c                tcp_recv
 .text.comm_close
                0x0000000020007c60       0x2c ../../../netapps/mqtt/gcc/lib/client_server/Debug/libmqtt.a(cc32xx_sl_net.o)
                0x0000000020007c60                comm_close
 .text.rtc_secs
                0x0000000020007c8c       0x10 ../../../netapps/mqtt/gcc/lib/client_server/Debug/libmqtt.a(cc32xx_sl_net.o)
                0x0000000020007c8c                rtc_secs
 .text.tcp_listen
                0x0000000020007c9c       0xbc ../../../netapps/mqtt/gcc/lib/client_server/Debug/libmqtt.a(cc32xx_sl_net.o)
                0x0000000020007c9c                tcp_listen
 .text.tcp_select
                0x0000000020007d58      0x154 ../../../netapps/mqtt/gcc/lib/client_server/Debug/libmqtt.a(cc32xx_sl_net.o)
                0x0000000020007d58                tcp_select
 .text.tcp_accept
                0x0000000020007eac       0x98 ../../../netapps/mqtt/gcc/lib/client_server/Debug/libmqtt.a(cc32xx_sl_net.o)
                0x0000000020007eac                tcp_accept
 .text.send_dest
                0x0000000020007f44       0xb4 ../../../netapps/mqtt/gcc/lib/client_server/Debug/libmqtt.a(cc32xx_sl_net.o)
                0x0000000020007f44                send_dest
 .text.recv_from
                0x0000000020007ff8       0xc4 ../../../netapps/mqtt/gcc/lib/client_server/Debug/libmqtt.a(cc32xx_sl_net.o)
                0x0000000020007ff8                recv_from
 .text.platform_timer_init
                0x00000000200080bc        0xc ../../../netapps/mqtt/gcc/lib/client_server/Debug/libmqtt.a(cc32xx_platform.o)
                0x00000000200080bc                platform_timer_init
 .text.platform_get_time_in_secs
                0x00000000200080c8       0x24 ../../../netapps/mqtt/gcc/lib/client_server/Debug/libmqtt.a(cc32xx_platform.o)
                0x00000000200080c8                platform_get_time_in_secs
 .text.buf_wr_nbytes
                0x00000000200080ec       0x38 ../../../netapps/mqtt/gcc/lib/client_server/Debug/libmqtt.a(mqtt_client.o)
 .text.buf_wr_nbo_2B
                0x0000000020008124       0x30 ../../../netapps/mqtt/gcc/lib/client_server/Debug/libmqtt.a(mqtt_client.o)
 .text.qos2_pub_cq_count
                0x0000000020008154       0x1c ../../../netapps/mqtt/gcc/lib/client_server/Debug/libmqtt.a(mqtt_client.o)
 .text.mqp_client_send_alloc
                0x0000000020008170       0x20 ../../../netapps/mqtt/gcc/lib/client_server/Debug/libmqtt.a(mqtt_client.o)
 .text.mqp_client_recv_alloc
                0x0000000020008190       0x20 ../../../netapps/mqtt/gcc/lib/client_server/Debug/libmqtt.a(mqtt_client.o)
 .text.assign_new_msg_id
                0x00000000200081b0       0x20 ../../../netapps/mqtt/gcc/lib/client_server/Debug/libmqtt.a(mqtt_client.o)
 .text.tx_part_setup
                0x00000000200081d0       0x4c ../../../netapps/mqtt/gcc/lib/client_server/Debug/libmqtt.a(mqtt_client.o)
 .text._tx_part_reset
                0x000000002000821c       0x2c ../../../netapps/mqtt/gcc/lib/client_server/Debug/libmqtt.a(mqtt_client.o)
 .text.tx_part_reset
                0x0000000020008248       0x28 ../../../netapps/mqtt/gcc/lib/client_server/Debug/libmqtt.a(mqtt_client.o)
 .text.tx_part_buf_p
                0x0000000020008270       0x38 ../../../netapps/mqtt/gcc/lib/client_server/Debug/libmqtt.a(mqtt_client.o)
 .text.cl_ctx_freeup
                0x00000000200082a8       0x24 ../../../netapps/mqtt/gcc/lib/client_server/Debug/libmqtt.a(mqtt_client.o)
 .text.client_reset
                0x00000000200082cc       0xb4 ../../../netapps/mqtt/gcc/lib/client_server/Debug/libmqtt.a(mqtt_client.o)
 .text.client_desc_init
                0x0000000020008380       0x68 ../../../netapps/mqtt/gcc/lib/client_server/Debug/libmqtt.a(mqtt_client.o)
 .text.mqp_free_locked
                0x00000000200083e8       0x4c ../../../netapps/mqtt/gcc/lib/client_server/Debug/libmqtt.a(mqtt_client.o)
 .text.mqp_do_not_report_cor
                0x0000000020008434       0x28 ../../../netapps/mqtt/gcc/lib/client_server/Debug/libmqtt.a(mqtt_client.o)
 .text.loopb_trigger
                0x000000002000845c       0x5c ../../../netapps/mqtt/gcc/lib/client_server/Debug/libmqtt.a(mqtt_client.o)
 .text.session_311fix
                0x00000000200084b8       0x44 ../../../netapps/mqtt/gcc/lib/client_server/Debug/libmqtt.a(mqtt_client.o)
 .text.session_delete
                0x00000000200084fc       0x54 ../../../netapps/mqtt/gcc/lib/client_server/Debug/libmqtt.a(mqtt_client.o)
 .text.do_net_close
                0x0000000020008550       0xac ../../../netapps/mqtt/gcc/lib/client_server/Debug/libmqtt.a(mqtt_client.o)
 .text.do_net_close_rx
                0x00000000200085fc       0x74 ../../../netapps/mqtt/gcc/lib/client_server/Debug/libmqtt.a(mqtt_client.o)
 .text.do_net_close_tx
                0x0000000020008670       0x68 ../../../netapps/mqtt/gcc/lib/client_server/Debug/libmqtt.a(mqtt_client.o)
 .text.qos2_pub_rx_logup
                0x00000000200086d8       0x24 ../../../netapps/mqtt/gcc/lib/client_server/Debug/libmqtt.a(mqtt_client.o)
 .text.ack2_msg_id_logup
                0x00000000200086fc       0x24 ../../../netapps/mqtt/gcc/lib/client_server/Debug/libmqtt.a(mqtt_client.o)
 .text.qos2_pub_rx_unlog
                0x0000000020008720       0x24 ../../../netapps/mqtt/gcc/lib/client_server/Debug/libmqtt.a(mqtt_client.o)
 .text.ack2_msg_id_unlog
                0x0000000020008744       0x58 ../../../netapps/mqtt/gcc/lib/client_server/Debug/libmqtt.a(mqtt_client.o)
 .text.qos2_pub_rx_is_done
                0x000000002000879c       0x24 ../../../netapps/mqtt/gcc/lib/client_server/Debug/libmqtt.a(mqtt_client.o)
 .text.awaits_pkts
                0x00000000200087c0       0x48 ../../../netapps/mqtt/gcc/lib/client_server/Debug/libmqtt.a(mqtt_client.o)
 .text.len_err_free_mqp
                0x0000000020008808       0x1c ../../../netapps/mqtt/gcc/lib/client_server/Debug/libmqtt.a(mqtt_client.o)
 .text.is_valid_utf8_string
                0x0000000020008824       0x28 ../../../netapps/mqtt/gcc/lib/client_server/Debug/libmqtt.a(mqtt_client.o)
 .text.is_connected
                0x000000002000884c       0x38 ../../../netapps/mqtt/gcc/lib/client_server/Debug/libmqtt.a(mqtt_client.o)
 .text.used_ctxs_TO_sort
                0x0000000020008884       0x24 ../../../netapps/mqtt/gcc/lib/client_server/Debug/libmqtt.a(mqtt_client.o)
 .text.net_send
                0x00000000200088a8       0x3c ../../../netapps/mqtt/gcc/lib/client_server/Debug/libmqtt.a(mqtt_client.o)
 .text.cl_ctx_part_send
                0x00000000200088e4      0x110 ../../../netapps/mqtt/gcc/lib/client_server/Debug/libmqtt.a(mqtt_client.o)
 .text.cl_ctx_seg1_send
                0x00000000200089f4       0x64 ../../../netapps/mqtt/gcc/lib/client_server/Debug/libmqtt.a(mqtt_client.o)
 .text.wr_connect_pl
                0x0000000020008a58       0xe4 ../../../netapps/mqtt/gcc/lib/client_server/Debug/libmqtt.a(mqtt_client.o)
 .text.get_connect_vh_len
                0x0000000020008b3c       0x24 ../../../netapps/mqtt/gcc/lib/client_server/Debug/libmqtt.a(mqtt_client.o)
 .text.wr_connect_vh
                0x0000000020008b60       0x80 ../../../netapps/mqtt/gcc/lib/client_server/Debug/libmqtt.a(mqtt_client.o)
 .text.net_connect
                0x0000000020008be0       0x74 ../../../netapps/mqtt/gcc/lib/client_server/Debug/libmqtt.a(mqtt_client.o)
 .text.cl_ctx_conn_state_try_locked
                0x0000000020008c54      0x10c ../../../netapps/mqtt/gcc/lib/client_server/Debug/libmqtt.a(mqtt_client.o)
 .text.connect_msg_send
                0x0000000020008d60      0x138 ../../../netapps/mqtt/gcc/lib/client_server/Debug/libmqtt.a(mqtt_client.o)
 .text.mqtt_connect_msg_send
                0x0000000020008e98       0x34 ../../../netapps/mqtt/gcc/lib/client_server/Debug/libmqtt.a(mqtt_client.o)
                0x0000000020008e98                mqtt_connect_msg_send
 .text._msg_dispatch
                0x0000000020008ecc       0xfc ../../../netapps/mqtt/gcc/lib/client_server/Debug/libmqtt.a(mqtt_client.o)
 .text.mqtt_client_pub_msg_send
                0x0000000020008fc8       0xb4 ../../../netapps/mqtt/gcc/lib/client_server/Debug/libmqtt.a(mqtt_client.o)
                0x0000000020008fc8                mqtt_client_pub_msg_send
 .text.tail_incorp_msg_id
                0x000000002000907c       0x60 ../../../netapps/mqtt/gcc/lib/client_server/Debug/libmqtt.a(mqtt_client.o)
 .text.buf_utf8_wr_try
                0x00000000200090dc       0x80 ../../../netapps/mqtt/gcc/lib/client_server/Debug/libmqtt.a(mqtt_client.o)
 .text.utf8_array_send
                0x000000002000915c      0x168 ../../../netapps/mqtt/gcc/lib/client_server/Debug/libmqtt.a(mqtt_client.o)
 .text.mqtt_sub_msg_send
                0x00000000200092c4       0x24 ../../../netapps/mqtt/gcc/lib/client_server/Debug/libmqtt.a(mqtt_client.o)
                0x00000000200092c4                mqtt_sub_msg_send
 .text.mqtt_unsub_msg_send
                0x00000000200092e8       0x24 ../../../netapps/mqtt/gcc/lib/client_server/Debug/libmqtt.a(mqtt_client.o)
                0x00000000200092e8                mqtt_unsub_msg_send
 .text.vh_msg_send
                0x000000002000930c       0x80 ../../../netapps/mqtt/gcc/lib/client_server/Debug/libmqtt.a(mqtt_client.o)
 .text.pingreq_send
                0x000000002000938c       0x48 ../../../netapps/mqtt/gcc/lib/client_server/Debug/libmqtt.a(mqtt_client.o)
 .text.mqtt_disconn_send
                0x00000000200093d4       0x74 ../../../netapps/mqtt/gcc/lib/client_server/Debug/libmqtt.a(mqtt_client.o)
                0x00000000200093d4                mqtt_disconn_send
 .text.ack1_wl_mqp_dispatch
                0x0000000020009448       0xa0 ../../../netapps/mqtt/gcc/lib/client_server/Debug/libmqtt.a(mqtt_client.o)
 .text.ack2_msg_id_dispatch
                0x00000000200094e8       0x6c ../../../netapps/mqtt/gcc/lib/client_server/Debug/libmqtt.a(mqtt_client.o)
 .text.session_resume
                0x0000000020009554       0x48 ../../../netapps/mqtt/gcc/lib/client_server/Debug/libmqtt.a(mqtt_client.o)
 .text.ack1_wl_rmfree
                0x000000002000959c       0x48 ../../../netapps/mqtt/gcc/lib/client_server/Debug/libmqtt.a(mqtt_client.o)
 .text._proc_pub_rec_rx
                0x00000000200095e4       0x58 ../../../netapps/mqtt/gcc/lib/client_server/Debug/libmqtt.a(mqtt_client.o)
 .text._proc_pub_rel_rx
                0x000000002000963c       0x40 ../../../netapps/mqtt/gcc/lib/client_server/Debug/libmqtt.a(mqtt_client.o)
 .text._proc_ack_msg_rx
                0x000000002000967c       0x90 ../../../netapps/mqtt/gcc/lib/client_server/Debug/libmqtt.a(mqtt_client.o)
 .text.proc_ack_msg_rx
                0x000000002000970c       0xb4 ../../../netapps/mqtt/gcc/lib/client_server/Debug/libmqtt.a(mqtt_client.o)
 .text.proc_pub_msg_rx
                0x00000000200097c0      0x108 ../../../netapps/mqtt/gcc/lib/client_server/Debug/libmqtt.a(mqtt_client.o)
 .text.proc_connack_rx
                0x00000000200098c8       0xc8 ../../../netapps/mqtt/gcc/lib/client_server/Debug/libmqtt.a(mqtt_client.o)
 .text.proc_pingrsp_rx
                0x0000000020009990       0x80 ../../../netapps/mqtt/gcc/lib/client_server/Debug/libmqtt.a(mqtt_client.o)
 .text.conn_sent_state_rx
                0x0000000020009a10       0x30 ../../../netapps/mqtt/gcc/lib/client_server/Debug/libmqtt.a(mqtt_client.o)
 .text.connected_state_rx
                0x0000000020009a40       0x84 ../../../netapps/mqtt/gcc/lib/client_server/Debug/libmqtt.a(mqtt_client.o)
 .text.process_recv
                0x0000000020009ac4       0xac ../../../netapps/mqtt/gcc/lib/client_server/Debug/libmqtt.a(mqtt_client.o)
 .text.net_recv
                0x0000000020009b70       0x7c ../../../netapps/mqtt/gcc/lib/client_server/Debug/libmqtt.a(mqtt_client.o)
 .text.conn2used_ctxs
                0x0000000020009bec       0x3c ../../../netapps/mqtt/gcc/lib/client_server/Debug/libmqtt.a(mqtt_client.o)
 .text.single_ctx_ka_sequence
                0x0000000020009c28       0xa0 ../../../netapps/mqtt/gcc/lib/client_server/Debug/libmqtt.a(mqtt_client.o)
 .text.single_ctx_adj_wait_secs_get
                0x0000000020009cc8       0x50 ../../../netapps/mqtt/gcc/lib/client_server/Debug/libmqtt.a(mqtt_client.o)
 .text.single_ctx_rx_prep
                0x0000000020009d18       0x70 ../../../netapps/mqtt/gcc/lib/client_server/Debug/libmqtt.a(mqtt_client.o)
 .text.single_ctx_rx_prep_locked
                0x0000000020009d88       0x54 ../../../netapps/mqtt/gcc/lib/client_server/Debug/libmqtt.a(mqtt_client.o)
 .text.proc_ctx_data_recv
                0x0000000020009ddc       0xb8 ../../../netapps/mqtt/gcc/lib/client_server/Debug/libmqtt.a(mqtt_client.o)
 .text.mqp_setup_proc_ctx_data_recv
                0x0000000020009e94       0xa4 ../../../netapps/mqtt/gcc/lib/client_server/Debug/libmqtt.a(mqtt_client.o)
 .text.cl_ctx_recv
                0x0000000020009f38       0x70 ../../../netapps/mqtt/gcc/lib/client_server/Debug/libmqtt.a(mqtt_client.o)
 .text.mqtt_client_ctx_run
                0x0000000020009fa8       0x34 ../../../netapps/mqtt/gcc/lib/client_server/Debug/libmqtt.a(mqtt_client.o)
                0x0000000020009fa8                mqtt_client_ctx_run
 .text.group_ctxs_ka_sequence
                0x0000000020009fdc       0x54 ../../../netapps/mqtt/gcc/lib/client_server/Debug/libmqtt.a(mqtt_client.o)
 .text.group_ctxs_adj_wait_secs_get
                0x000000002000a030       0x30 ../../../netapps/mqtt/gcc/lib/client_server/Debug/libmqtt.a(mqtt_client.o)
 .text.recv_hvec_load
                0x000000002000a060       0x58 ../../../netapps/mqtt/gcc/lib/client_server/Debug/libmqtt.a(mqtt_client.o)
 .text.group_ctxs_rx_prep
                0x000000002000a0b8       0xa0 ../../../netapps/mqtt/gcc/lib/client_server/Debug/libmqtt.a(mqtt_client.o)
 .text.proc_loopback_recv
                0x000000002000a158       0x48 ../../../netapps/mqtt/gcc/lib/client_server/Debug/libmqtt.a(mqtt_client.o)
 .text.net_cl_ctx_find
                0x000000002000a1a0       0x38 ../../../netapps/mqtt/gcc/lib/client_server/Debug/libmqtt.a(mqtt_client.o)
 .text.proc_net_data_recv
                0x000000002000a1d8       0x3c ../../../netapps/mqtt/gcc/lib/client_server/Debug/libmqtt.a(mqtt_client.o)
 .text.cl_recv  0x000000002000a214       0x9c ../../../netapps/mqtt/gcc/lib/client_server/Debug/libmqtt.a(mqtt_client.o)
 .text.grp_net_setup_create
                0x000000002000a2b0       0x64 ../../../netapps/mqtt/gcc/lib/client_server/Debug/libmqtt.a(mqtt_client.o)
 .text.mqtt_client_run
                0x000000002000a314       0x6c ../../../netapps/mqtt/gcc/lib/client_server/Debug/libmqtt.a(mqtt_client.o)
                0x000000002000a314                mqtt_client_run
 .text.mqp_alloc_atomic
                0x000000002000a380       0x60 ../../../netapps/mqtt/gcc/lib/client_server/Debug/libmqtt.a(mqtt_client.o)
 .text.mqp_client_alloc
                0x000000002000a3e0       0x6c ../../../netapps/mqtt/gcc/lib/client_server/Debug/libmqtt.a(mqtt_client.o)
                0x000000002000a3e0                mqp_client_alloc
 .text.free_mqp
                0x000000002000a44c       0x24 ../../../netapps/mqtt/gcc/lib/client_server/Debug/libmqtt.a(mqtt_client.o)
 .text.mqtt_client_buffers_register
                0x000000002000a470       0x94 ../../../netapps/mqtt/gcc/lib/client_server/Debug/libmqtt.a(mqtt_client.o)
                0x000000002000a470                mqtt_client_buffers_register
 .text.mqtt_client_ctx_will_register
                0x000000002000a504       0x94 ../../../netapps/mqtt/gcc/lib/client_server/Debug/libmqtt.a(mqtt_client.o)
                0x000000002000a504                mqtt_client_ctx_will_register
 .text.mqtt_client_ctx_info_register
                0x000000002000a598       0x88 ../../../netapps/mqtt/gcc/lib/client_server/Debug/libmqtt.a(mqtt_client.o)
                0x000000002000a598                mqtt_client_ctx_info_register
 .text.mqtt_client_net_svc_register
                0x000000002000a620       0x6c ../../../netapps/mqtt/gcc/lib/client_server/Debug/libmqtt.a(mqtt_client.o)
                0x000000002000a620                mqtt_client_net_svc_register
 .text.cl_ctx_setup
                0x000000002000a68c       0x8c ../../../netapps/mqtt/gcc/lib/client_server/Debug/libmqtt.a(mqtt_client.o)
 .text.mqtt_client_ctx_create
                0x000000002000a718       0xd8 ../../../netapps/mqtt/gcc/lib/client_server/Debug/libmqtt.a(mqtt_client.o)
                0x000000002000a718                mqtt_client_ctx_create
 .text.mqtt_client_ctx_delete
                0x000000002000a7f0       0x7c ../../../netapps/mqtt/gcc/lib/client_server/Debug/libmqtt.a(mqtt_client.o)
                0x000000002000a7f0                mqtt_client_ctx_delete
 .text.mqtt_client_lib_init
                0x000000002000a86c      0x130 ../../../netapps/mqtt/gcc/lib/client_server/Debug/libmqtt.a(mqtt_client.o)
                0x000000002000a86c                mqtt_client_lib_init
 .text.mqtt_client_lib_exit
                0x000000002000a99c       0x50 ../../../netapps/mqtt/gcc/lib/client_server/Debug/libmqtt.a(mqtt_client.o)
                0x000000002000a99c                mqtt_client_lib_exit
 .text.buf_wr_nbytes
                0x000000002000a9ec       0x38 ../../../netapps/mqtt/gcc/lib/client_server/Debug/libmqtt.a(mqtt_common.o)
 .text.buf_set  0x000000002000aa24       0x34 ../../../netapps/mqtt/gcc/lib/client_server/Debug/libmqtt.a(mqtt_common.o)
 .text.buf_wr_nbo_2B
                0x000000002000aa58       0x30 ../../../netapps/mqtt/gcc/lib/client_server/Debug/libmqtt.a(mqtt_common.o)
 .text.buf_rd_nbo_2B
                0x000000002000aa88       0x30 ../../../netapps/mqtt/gcc/lib/client_server/Debug/libmqtt.a(mqtt_common.o)
 .text.free_mqp
                0x000000002000aab8       0x38 ../../../netapps/mqtt/gcc/lib/client_server/Debug/libmqtt.a(mqtt_common.o)
 .text.mqp_free
                0x000000002000aaf0       0x18 ../../../netapps/mqtt/gcc/lib/client_server/Debug/libmqtt.a(mqtt_common.o)
                0x000000002000aaf0                mqp_free
 .text.reset_mqp
                0x000000002000ab08       0x3c ../../../netapps/mqtt/gcc/lib/client_server/Debug/libmqtt.a(mqtt_common.o)
 .text.mqp_reset
                0x000000002000ab44       0x18 ../../../netapps/mqtt/gcc/lib/client_server/Debug/libmqtt.a(mqtt_common.o)
                0x000000002000ab44                mqp_reset
 .text.mqp_init
                0x000000002000ab5c       0x2c ../../../netapps/mqtt/gcc/lib/client_server/Debug/libmqtt.a(mqtt_common.o)
                0x000000002000ab5c                mqp_init
 .text.buf_wr_utf8
                0x000000002000ab88       0x48 ../../../netapps/mqtt/gcc/lib/client_server/Debug/libmqtt.a(mqtt_common.o)
 .text.mqp_buf_wr_utf8
                0x000000002000abd0       0x1c ../../../netapps/mqtt/gcc/lib/client_server/Debug/libmqtt.a(mqtt_common.o)
                0x000000002000abd0                mqp_buf_wr_utf8
 .text.buf_tail_wr_remlen
                0x000000002000abec       0x7c ../../../netapps/mqtt/gcc/lib/client_server/Debug/libmqtt.a(mqtt_common.o)
 .text.mqp_buf_tail_wr_remlen
                0x000000002000ac68       0x1c ../../../netapps/mqtt/gcc/lib/client_server/Debug/libmqtt.a(mqtt_common.o)
                0x000000002000ac68                mqp_buf_tail_wr_remlen
 .text.buf_rd_remlen
                0x000000002000ac84       0x7c ../../../netapps/mqtt/gcc/lib/client_server/Debug/libmqtt.a(mqtt_common.o)
 .text.mqp_buf_rd_remlen
                0x000000002000ad00       0x1c ../../../netapps/mqtt/gcc/lib/client_server/Debug/libmqtt.a(mqtt_common.o)
                0x000000002000ad00                mqp_buf_rd_remlen
 .text.mqp_pub_append_topic
                0x000000002000ad1c       0xc4 ../../../netapps/mqtt/gcc/lib/client_server/Debug/libmqtt.a(mqtt_common.o)
                0x000000002000ad1c                mqp_pub_append_topic
 .text.mqp_pub_append_data
                0x000000002000ade0       0x9c ../../../netapps/mqtt/gcc/lib/client_server/Debug/libmqtt.a(mqtt_common.o)
                0x000000002000ade0                mqp_pub_append_data
 .text.proc_vh_msg_id_rx
                0x000000002000ae7c       0x5c ../../../netapps/mqtt/gcc/lib/client_server/Debug/libmqtt.a(mqtt_common.o)
 .text.mqp_proc_msg_id_ack_rx
                0x000000002000aed8       0x40 ../../../netapps/mqtt/gcc/lib/client_server/Debug/libmqtt.a(mqtt_common.o)
                0x000000002000aed8                mqp_proc_msg_id_ack_rx
 .text.mqp_proc_pub_rx
                0x000000002000af18       0xbc ../../../netapps/mqtt/gcc/lib/client_server/Debug/libmqtt.a(mqtt_common.o)
                0x000000002000af18                mqp_proc_pub_rx
 .text.mqp_ack_wlist_append
                0x000000002000afd4       0x40 ../../../netapps/mqtt/gcc/lib/client_server/Debug/libmqtt.a(mqtt_common.o)
                0x000000002000afd4                mqp_ack_wlist_append
 .text.mqp_ack_wlist_remove
                0x000000002000b014       0x7c ../../../netapps/mqtt/gcc/lib/client_server/Debug/libmqtt.a(mqtt_common.o)
                0x000000002000b014                mqp_ack_wlist_remove
 .text.mqp_ack_wlist_purge
                0x000000002000b090       0x3c ../../../netapps/mqtt/gcc/lib/client_server/Debug/libmqtt.a(mqtt_common.o)
                0x000000002000b090                mqp_ack_wlist_purge
 .text.secure_conn_struct_init
                0x000000002000b0cc       0x38 ../../../netapps/mqtt/gcc/lib/client_server/Debug/libmqtt.a(mqtt_common.o)
                0x000000002000b0cc                secure_conn_struct_init
 .text.mqp_prep_fh
                0x000000002000b104       0x90 ../../../netapps/mqtt/gcc/lib/client_server/Debug/libmqtt.a(mqtt_common.o)
                0x000000002000b104                mqp_prep_fh
 .text.mqp_recv
                0x000000002000b194      0x184 ../../../netapps/mqtt/gcc/lib/client_server/Debug/libmqtt.a(mqtt_common.o)
                0x000000002000b194                mqp_recv
 .text.qos2_pub_cq_reset
                0x000000002000b318       0x30 ../../../netapps/mqtt/gcc/lib/client_server/Debug/libmqtt.a(mqtt_common.o)
                0x000000002000b318                qos2_pub_cq_reset
 .text.qos2_pub_cq_logup
                0x000000002000b348       0x54 ../../../netapps/mqtt/gcc/lib/client_server/Debug/libmqtt.a(mqtt_common.o)
                0x000000002000b348                qos2_pub_cq_logup
 .text.qos2_pub_cq_unlog
                0x000000002000b39c       0x58 ../../../netapps/mqtt/gcc/lib/client_server/Debug/libmqtt.a(mqtt_common.o)
                0x000000002000b39c                qos2_pub_cq_unlog
 .text.qos2_pub_cq_check
                0x000000002000b3f4       0x60 ../../../netapps/mqtt/gcc/lib/client_server/Debug/libmqtt.a(mqtt_common.o)
                0x000000002000b3f4                qos2_pub_cq_check
 .text.cl_ctx_reset
                0x000000002000b454       0x38 ../../../netapps/mqtt/gcc/lib/client_server/Debug/libmqtt.a(mqtt_common.o)
                0x000000002000b454                cl_ctx_reset
 .text.cl_ctx_timeout_insert
                0x000000002000b48c       0x7c ../../../netapps/mqtt/gcc/lib/client_server/Debug/libmqtt.a(mqtt_common.o)
                0x000000002000b48c                cl_ctx_timeout_insert
 .text.cl_ctx_remove
                0x000000002000b508       0x60 ../../../netapps/mqtt/gcc/lib/client_server/Debug/libmqtt.a(mqtt_common.o)
                0x000000002000b508                cl_ctx_remove
 .text.cl_ctx_timeout_update
                0x000000002000b568       0x48 ../../../netapps/mqtt/gcc/lib/client_server/Debug/libmqtt.a(mqtt_common.o)
                0x000000002000b568                cl_ctx_timeout_update
 .text.buf_wr_nbytes
                0x000000002000b5b0       0x38 ../../../netapps/mqtt/gcc/lib/client_server/Debug/libmqtt.a(server_core.o)
 .text.stack_add
                0x000000002000b5e8       0x68 ../../../netapps/mqtt/gcc/lib/client_server/Debug/libmqtt.a(server_core.o)
 .text.stack_pop
                0x000000002000b650       0x40 ../../../netapps/mqtt/gcc/lib/client_server/Debug/libmqtt.a(server_core.o)
 .text.is_node_retain
                0x000000002000b690       0x28 ../../../netapps/mqtt/gcc/lib/client_server/Debug/libmqtt.a(server_core.o)
 .text.node_retain_set
                0x000000002000b6b8       0x44 ../../../netapps/mqtt/gcc/lib/client_server/Debug/libmqtt.a(server_core.o)
 .text.node_qid_set
                0x000000002000b6fc       0x3c ../../../netapps/mqtt/gcc/lib/client_server/Debug/libmqtt.a(server_core.o)
 .text.node_qid_get
                0x000000002000b738       0x20 ../../../netapps/mqtt/gcc/lib/client_server/Debug/libmqtt.a(server_core.o)
 .text.is_node_willed
                0x000000002000b758       0x20 ../../../netapps/mqtt/gcc/lib/client_server/Debug/libmqtt.a(server_core.o)
 .text.enrolls_plugin
                0x000000002000b778       0x24 ../../../netapps/mqtt/gcc/lib/client_server/Debug/libmqtt.a(server_core.o)
 .text.node_reset
                0x000000002000b79c       0x68 ../../../netapps/mqtt/gcc/lib/client_server/Debug/libmqtt.a(server_core.o)
 .text.topic_node_init
                0x000000002000b804       0x50 ../../../netapps/mqtt/gcc/lib/client_server/Debug/libmqtt.a(server_core.o)
 .text.alloc_topic_node
                0x000000002000b854       0x30 ../../../netapps/mqtt/gcc/lib/client_server/Debug/libmqtt.a(server_core.o)
 .text.free_node
                0x000000002000b884       0x28 ../../../netapps/mqtt/gcc/lib/client_server/Debug/libmqtt.a(server_core.o)
 .text.is_end_of_subtop
                0x000000002000b8ac       0x50 ../../../netapps/mqtt/gcc/lib/client_server/Debug/libmqtt.a(server_core.o)
 .text.subtop_read
                0x000000002000b8fc       0xa4 ../../../netapps/mqtt/gcc/lib/client_server/Debug/libmqtt.a(server_core.o)
 .text.alloc_node_subtop
                0x000000002000b9a0       0x54 ../../../netapps/mqtt/gcc/lib/client_server/Debug/libmqtt.a(server_core.o)
 .text.is_first_subtop
                0x000000002000b9f4       0x44 ../../../netapps/mqtt/gcc/lib/client_server/Debug/libmqtt.a(server_core.o)
                0x000000002000b9f4                is_first_subtop
 .text.subtop_nhbr_node_find
                0x000000002000ba38       0x3c ../../../netapps/mqtt/gcc/lib/client_server/Debug/libmqtt.a(server_core.o)
                0x000000002000ba38                subtop_nhbr_node_find
 .text.nhbr_node_find
                0x000000002000ba74       0x28 ../../../netapps/mqtt/gcc/lib/client_server/Debug/libmqtt.a(server_core.o)
                0x000000002000ba74                nhbr_node_find
 .text.lowest_node_find
                0x000000002000ba9c       0x70 ../../../netapps/mqtt/gcc/lib/client_server/Debug/libmqtt.a(server_core.o)
 .text.leaf_node_find
                0x000000002000bb0c       0x30 ../../../netapps/mqtt/gcc/lib/client_server/Debug/libmqtt.a(server_core.o)
                0x000000002000bb0c                leaf_node_find
 .text.hier_nodes_create
                0x000000002000bb3c       0xc0 ../../../netapps/mqtt/gcc/lib/client_server/Debug/libmqtt.a(server_core.o)
 .text.install_nhbr_node
                0x000000002000bbfc       0x5c ../../../netapps/mqtt/gcc/lib/client_server/Debug/libmqtt.a(server_core.o)
 .text.set_up_hier_nodes
                0x000000002000bc58       0x4c ../../../netapps/mqtt/gcc/lib/client_server/Debug/libmqtt.a(server_core.o)
 .text.install_topic_root_node
                0x000000002000bca4       0x1c ../../../netapps/mqtt/gcc/lib/client_server/Debug/libmqtt.a(server_core.o)
 .text.topic_node_create
                0x000000002000bcc0       0x9c ../../../netapps/mqtt/gcc/lib/client_server/Debug/libmqtt.a(server_core.o)
                0x000000002000bcc0                topic_node_create
 .text.can_delete_node
                0x000000002000bd5c       0x54 ../../../netapps/mqtt/gcc/lib/client_server/Debug/libmqtt.a(server_core.o)
 .text.node_delete
                0x000000002000bdb0       0xa4 ../../../netapps/mqtt/gcc/lib/client_server/Debug/libmqtt.a(server_core.o)
 .text.topbuf_add
                0x000000002000be54       0x7c ../../../netapps/mqtt/gcc/lib/client_server/Debug/libmqtt.a(server_core.o)
 .text.topbuf_cpy
                0x000000002000bed0       0x78 ../../../netapps/mqtt/gcc/lib/client_server/Debug/libmqtt.a(server_core.o)
 .text.has_a_wildcard
                0x000000002000bf48       0x40 ../../../netapps/mqtt/gcc/lib/client_server/Debug/libmqtt.a(server_core.o)
 .text.is_node_SUB_subtop
                0x000000002000bf88       0x7c ../../../netapps/mqtt/gcc/lib/client_server/Debug/libmqtt.a(server_core.o)
 .text.pub_hier_search
                0x000000002000c004       0xb4 ../../../netapps/mqtt/gcc/lib/client_server/Debug/libmqtt.a(server_core.o)
 .text.is_node_PUB_subtop
                0x000000002000c0b8       0x74 ../../../netapps/mqtt/gcc/lib/client_server/Debug/libmqtt.a(server_core.o)
 .text.SUB_leaf_search
                0x000000002000c12c       0xc0 ../../../netapps/mqtt/gcc/lib/client_server/Debug/libmqtt.a(server_core.o)
 .text.try_node_delete
                0x000000002000c1ec       0x5c ../../../netapps/mqtt/gcc/lib/client_server/Debug/libmqtt.a(server_core.o)
 .text.pub_msg_send
                0x000000002000c248       0xa0 ../../../netapps/mqtt/gcc/lib/client_server/Debug/libmqtt.a(server_core.o)
 .text.SUB_node_create
                0x000000002000c2e8       0xb4 ../../../netapps/mqtt/gcc/lib/client_server/Debug/libmqtt.a(server_core.o)
 .text.proc_pub_leaf
                0x000000002000c39c       0x80 ../../../netapps/mqtt/gcc/lib/client_server/Debug/libmqtt.a(server_core.o)
 .text.proc_pub_hier_no_top
                0x000000002000c41c       0xa8 ../../../netapps/mqtt/gcc/lib/client_server/Debug/libmqtt.a(server_core.o)
 .text.proc_pub_tree_no_top
                0x000000002000c4c4       0x7c ../../../netapps/mqtt/gcc/lib/client_server/Debug/libmqtt.a(server_core.o)
 .text.proc_pub_hier_SUBtop
                0x000000002000c540       0x50 ../../../netapps/mqtt/gcc/lib/client_server/Debug/libmqtt.a(server_core.o)
 .text.proc_pub_tree_SUBtop
                0x000000002000c590       0x84 ../../../netapps/mqtt/gcc/lib/client_server/Debug/libmqtt.a(server_core.o)
 .text.proc_sub_ml_wc_hier
                0x000000002000c614      0x124 ../../../netapps/mqtt/gcc/lib/client_server/Debug/libmqtt.a(server_core.o)
 .text.proc_sub_ml_wc_tree
                0x000000002000c738       0xa0 ../../../netapps/mqtt/gcc/lib/client_server/Debug/libmqtt.a(server_core.o)
 .text.ml_wc_nodes_create
                0x000000002000c7d8       0x80 ../../../netapps/mqtt/gcc/lib/client_server/Debug/libmqtt.a(server_core.o)
 .text.proc_sub_ml_wildcard
                0x000000002000c858      0x118 ../../../netapps/mqtt/gcc/lib/client_server/Debug/libmqtt.a(server_core.o)
 .text.proc_sub_sl_or_no_wc
                0x000000002000c970       0x68 ../../../netapps/mqtt/gcc/lib/client_server/Debug/libmqtt.a(server_core.o)
 .text.proc_forward_slash
                0x000000002000c9d8       0x88 ../../../netapps/mqtt/gcc/lib/client_server/Debug/libmqtt.a(server_core.o)
 .text.is_valid_char_order
                0x000000002000ca60       0x50 ../../../netapps/mqtt/gcc/lib/client_server/Debug/libmqtt.a(server_core.o)
 .text.is_valid_SUB_top
                0x000000002000cab0       0x84 ../../../netapps/mqtt/gcc/lib/client_server/Debug/libmqtt.a(server_core.o)
 .text.proc_sub_msg_rx
                0x000000002000cb34      0x104 ../../../netapps/mqtt/gcc/lib/client_server/Debug/libmqtt.a(server_core.o)
 .text.proc_sub_msg_rx_locked
                0x000000002000cc38       0x2c ../../../netapps/mqtt/gcc/lib/client_server/Debug/libmqtt.a(server_core.o)
 .text.leaf_un_sub
                0x000000002000cc64       0x6c ../../../netapps/mqtt/gcc/lib/client_server/Debug/libmqtt.a(server_core.o)
 .text.proc_un_sub_msg
                0x000000002000ccd0       0xcc ../../../netapps/mqtt/gcc/lib/client_server/Debug/libmqtt.a(server_core.o)
 .text.proc_un_sub_msg_locked
                0x000000002000cd9c       0x24 ../../../netapps/mqtt/gcc/lib/client_server/Debug/libmqtt.a(server_core.o)
 .text.leaf_msg_send
                0x000000002000cdc0       0xb8 ../../../netapps/mqtt/gcc/lib/client_server/Debug/libmqtt.a(server_core.o)
 .text.node_data_set
                0x000000002000ce78       0x38 ../../../netapps/mqtt/gcc/lib/client_server/Debug/libmqtt.a(server_core.o)
 .text.node_data_update
                0x000000002000ceb0       0x98 ../../../netapps/mqtt/gcc/lib/client_server/Debug/libmqtt.a(server_core.o)
 .text.is_wildcard_char
                0x000000002000cf48       0x2c ../../../netapps/mqtt/gcc/lib/client_server/Debug/libmqtt.a(server_core.o)
 .text.pub_topic_read
                0x000000002000cf74       0x84 ../../../netapps/mqtt/gcc/lib/client_server/Debug/libmqtt.a(server_core.o)
 .text.proc_sub_tree_topPUB
                0x000000002000cff8       0x88 ../../../netapps/mqtt/gcc/lib/client_server/Debug/libmqtt.a(server_core.o)
 .text._proc_pub_msg_rx
                0x000000002000d080      0x14c ../../../netapps/mqtt/gcc/lib/client_server/Debug/libmqtt.a(server_core.o)
 .text.proc_pub_msg_rx_locked
                0x000000002000d1cc       0x38 ../../../netapps/mqtt/gcc/lib/client_server/Debug/libmqtt.a(server_core.o)
 .text.utf8_str_rd
                0x000000002000d204       0x50 ../../../netapps/mqtt/gcc/lib/client_server/Debug/libmqtt.a(server_core.o)
 .text.proc_connect_rx
                0x000000002000d254      0x188 ../../../netapps/mqtt/gcc/lib/client_server/Debug/libmqtt.a(server_core.o)
 .text.proc_connect_rx_locked
                0x000000002000d3dc       0x28 ../../../netapps/mqtt/gcc/lib/client_server/Debug/libmqtt.a(server_core.o)
 .text.session_hier_delete
                0x000000002000d404       0xa0 ../../../netapps/mqtt/gcc/lib/client_server/Debug/libmqtt.a(server_core.o)
 .text.session_tree_delete
                0x000000002000d4a4       0x54 ../../../netapps/mqtt/gcc/lib/client_server/Debug/libmqtt.a(server_core.o)
                0x000000002000d4a4                session_tree_delete
 .text.proc_client_will
                0x000000002000d4f8       0xc4 ../../../netapps/mqtt/gcc/lib/client_server/Debug/libmqtt.a(server_core.o)
 .text.on_cl_net_close
                0x000000002000d5bc       0x8c ../../../netapps/mqtt/gcc/lib/client_server/Debug/libmqtt.a(server_core.o)
 .text.on_cl_net_close_locked
                0x000000002000d648       0x20 ../../../netapps/mqtt/gcc/lib/client_server/Debug/libmqtt.a(server_core.o)
 .text.on_connack_send
                0x000000002000d668       0x2c ../../../netapps/mqtt/gcc/lib/client_server/Debug/libmqtt.a(server_core.o)
 .text.on_connack_send_locked
                0x000000002000d694       0x20 ../../../netapps/mqtt/gcc/lib/client_server/Debug/libmqtt.a(server_core.o)
 .text.proc_notify_ack_locked
                0x000000002000d6b4       0x28 ../../../netapps/mqtt/gcc/lib/client_server/Debug/libmqtt.a(server_core.o)
 .text.proc_topic_enroll
                0x000000002000d6dc       0xd4 ../../../netapps/mqtt/gcc/lib/client_server/Debug/libmqtt.a(server_core.o)
 .text.proc_topic_enroll_locked
                0x000000002000d7b0       0x34 ../../../netapps/mqtt/gcc/lib/client_server/Debug/libmqtt.a(server_core.o)
 .text.proc_topic_cancel
                0x000000002000d7e4       0x98 ../../../netapps/mqtt/gcc/lib/client_server/Debug/libmqtt.a(server_core.o)
 .text.proc_topic_cancel_locked
                0x000000002000d87c       0x30 ../../../netapps/mqtt/gcc/lib/client_server/Debug/libmqtt.a(server_core.o)
 .text.proc_app_pub_send_locked
                0x000000002000d8ac       0x4c ../../../netapps/mqtt/gcc/lib/client_server/Debug/libmqtt.a(server_core.o)
 .text.mqtt_server_init
                0x000000002000d8f8       0x94 ../../../netapps/mqtt/gcc/lib/client_server/Debug/libmqtt.a(server_core.o)
                0x000000002000d8f8                mqtt_server_init
 .text.buf_wr_nbo_2B
                0x000000002000d98c       0x30 ../../../netapps/mqtt/gcc/lib/client_server/Debug/libmqtt.a(server_pkts.o)
 .text.buf_rd_nbo_2B
                0x000000002000d9bc       0x30 ../../../netapps/mqtt/gcc/lib/client_server/Debug/libmqtt.a(server_pkts.o)
 .text.mqp_buffer_attach
                0x000000002000d9ec       0x34 ../../../netapps/mqtt/gcc/lib/client_server/Debug/libmqtt.a(server_pkts.o)
 .text.mqp_buf_rd_utf8
                0x000000002000da20       0x78 ../../../netapps/mqtt/gcc/lib/client_server/Debug/libmqtt.a(server_pkts.o)
 .text.cl_ctx_init
                0x000000002000da98       0x50 ../../../netapps/mqtt/gcc/lib/client_server/Debug/libmqtt.a(server_pkts.o)
 .text.cl_ctx_free
                0x000000002000dae8       0x28 ../../../netapps/mqtt/gcc/lib/client_server/Debug/libmqtt.a(server_pkts.o)
 .text.cl_ctx_alloc
                0x000000002000db10       0x30 ../../../netapps/mqtt/gcc/lib/client_server/Debug/libmqtt.a(server_pkts.o)
 .text.had_rcvd_conn_msg
                0x000000002000db40       0x24 ../../../netapps/mqtt/gcc/lib/client_server/Debug/libmqtt.a(server_pkts.o)
 .text.set_rcvd_conn_msg
                0x000000002000db64       0x20 ../../../netapps/mqtt/gcc/lib/client_server/Debug/libmqtt.a(server_pkts.o)
 .text.used_ctxs_insert
                0x000000002000db84       0x1c ../../../netapps/mqtt/gcc/lib/client_server/Debug/libmqtt.a(server_pkts.o)
 .text.used_ctxs_remove
                0x000000002000dba0       0x1c ../../../netapps/mqtt/gcc/lib/client_server/Debug/libmqtt.a(server_pkts.o)
 .text.loopb_trigger
                0x000000002000dbbc       0xb8 ../../../netapps/mqtt/gcc/lib/client_server/Debug/libmqtt.a(server_pkts.o)
 .text.do_net_close_rx
                0x000000002000dc74       0x78 ../../../netapps/mqtt/gcc/lib/client_server/Debug/libmqtt.a(server_pkts.o)
 .text.do_net_close_tx
                0x000000002000dcec       0x40 ../../../netapps/mqtt/gcc/lib/client_server/Debug/libmqtt.a(server_pkts.o)
 .text.cl_ctx_send
                0x000000002000dd2c       0x88 ../../../netapps/mqtt/gcc/lib/client_server/Debug/libmqtt.a(server_pkts.o)
 .text.vh_msg_send
                0x000000002000ddb4       0x94 ../../../netapps/mqtt/gcc/lib/client_server/Debug/libmqtt.a(server_pkts.o)
 .text._mqtt_vh_msg_send
                0x000000002000de48       0x48 ../../../netapps/mqtt/gcc/lib/client_server/Debug/libmqtt.a(server_pkts.o)
 .text.mqtt_vh_msg_send
                0x000000002000de90       0x38 ../../../netapps/mqtt/gcc/lib/client_server/Debug/libmqtt.a(server_pkts.o)
                0x000000002000de90                mqtt_vh_msg_send
 .text._mqtt_server_pub_dispatch
                0x000000002000dec8       0x6c ../../../netapps/mqtt/gcc/lib/client_server/Debug/libmqtt.a(server_pkts.o)
 .text.mqtt_server_pub_dispatch
                0x000000002000df34       0x24 ../../../netapps/mqtt/gcc/lib/client_server/Debug/libmqtt.a(server_pkts.o)
                0x000000002000df34                mqtt_server_pub_dispatch
 .text.sub_ack_send
                0x000000002000df58       0x84 ../../../netapps/mqtt/gcc/lib/client_server/Debug/libmqtt.a(server_pkts.o)
 .text.unsub_ack_send
                0x000000002000dfdc       0x28 ../../../netapps/mqtt/gcc/lib/client_server/Debug/libmqtt.a(server_pkts.o)
 .text.mqp_proc_vh_msg_id_rx
                0x000000002000e004       0x5c ../../../netapps/mqtt/gcc/lib/client_server/Debug/libmqtt.a(server_pkts.o)
 .text.buf_rd_utf8_qos
                0x000000002000e060       0x64 ../../../netapps/mqtt/gcc/lib/client_server/Debug/libmqtt.a(server_pkts.o)
 .text._proc_sub_msg_rx
                0x000000002000e0c4       0xb8 ../../../netapps/mqtt/gcc/lib/client_server/Debug/libmqtt.a(server_pkts.o)
 .text.proc_sub_msg_rx
                0x000000002000e17c       0x8c ../../../netapps/mqtt/gcc/lib/client_server/Debug/libmqtt.a(server_pkts.o)
 .text._proc_unsub_msg_rx
                0x000000002000e208       0xb8 ../../../netapps/mqtt/gcc/lib/client_server/Debug/libmqtt.a(server_pkts.o)
 .text.proc_unsub_msg_rx
                0x000000002000e2c0       0x74 ../../../netapps/mqtt/gcc/lib/client_server/Debug/libmqtt.a(server_pkts.o)
 .text.proc_pingreq_rx
                0x000000002000e334       0x24 ../../../netapps/mqtt/gcc/lib/client_server/Debug/libmqtt.a(server_pkts.o)
 .text.proc_disconn_rx
                0x000000002000e358       0x1c ../../../netapps/mqtt/gcc/lib/client_server/Debug/libmqtt.a(server_pkts.o)
 .text.proc_pub_msg_rx
                0x000000002000e374      0x128 ../../../netapps/mqtt/gcc/lib/client_server/Debug/libmqtt.a(server_pkts.o)
 .text.proc_ack_msg_rx
                0x000000002000e49c       0x50 ../../../netapps/mqtt/gcc/lib/client_server/Debug/libmqtt.a(server_pkts.o)
 .text.rx_timeout_update
                0x000000002000e4ec       0x48 ../../../netapps/mqtt/gcc/lib/client_server/Debug/libmqtt.a(server_pkts.o)
 .text.proc_protocol_info
                0x000000002000e534       0xa4 ../../../netapps/mqtt/gcc/lib/client_server/Debug/libmqtt.a(server_pkts.o)
 .text.proc_connect_vh_rx
                0x000000002000e5d8       0xf4 ../../../netapps/mqtt/gcc/lib/client_server/Debug/libmqtt.a(server_pkts.o)
 .text.proc_connect_pl_rx
                0x000000002000e6cc      0x128 ../../../netapps/mqtt/gcc/lib/client_server/Debug/libmqtt.a(server_pkts.o)
                0x000000002000e6cc                proc_connect_pl_rx
 .text.proc_connect_rx
                0x000000002000e7f4      0x17c ../../../netapps/mqtt/gcc/lib/client_server/Debug/libmqtt.a(server_pkts.o)
 .text.recv_hvec_load
                0x000000002000e970       0x4c ../../../netapps/mqtt/gcc/lib/client_server/Debug/libmqtt.a(server_pkts.o)
 .text.process_recv
                0x000000002000e9bc      0x148 ../../../netapps/mqtt/gcc/lib/client_server/Debug/libmqtt.a(server_pkts.o)
 .text.ka_sequence
                0x000000002000eb04       0xc4 ../../../netapps/mqtt/gcc/lib/client_server/Debug/libmqtt.a(server_pkts.o)
 .text.accept_ctx
                0x000000002000ebc8       0xa8 ../../../netapps/mqtt/gcc/lib/client_server/Debug/libmqtt.a(server_pkts.o)
 .text.net_cl_ctx_find
                0x000000002000ec70       0x50 ../../../netapps/mqtt/gcc/lib/client_server/Debug/libmqtt.a(server_pkts.o)
 .text.net_recv
                0x000000002000ecc0       0x40 ../../../netapps/mqtt/gcc/lib/client_server/Debug/libmqtt.a(server_pkts.o)
 .text.proc_loopback_recv
                0x000000002000ed00       0x68 ../../../netapps/mqtt/gcc/lib/client_server/Debug/libmqtt.a(server_pkts.o)
 .text.proc_net_data_recv
                0x000000002000ed68       0x60 ../../../netapps/mqtt/gcc/lib/client_server/Debug/libmqtt.a(server_pkts.o)
 .text.proc_recv_hnds_locked
                0x000000002000edc8       0xd0 ../../../netapps/mqtt/gcc/lib/client_server/Debug/libmqtt.a(server_pkts.o)
 .text.net_hnds_mon_loop
                0x000000002000ee98       0xf0 ../../../netapps/mqtt/gcc/lib/client_server/Debug/libmqtt.a(server_pkts.o)
 .text.mqtt_server_run
                0x000000002000ef88      0x118 ../../../netapps/mqtt/gcc/lib/client_server/Debug/libmqtt.a(server_pkts.o)
                0x000000002000ef88                mqtt_server_run
 .text.mqtt_server_register_net_svc
                0x000000002000f0a0       0x5c ../../../netapps/mqtt/gcc/lib/client_server/Debug/libmqtt.a(server_pkts.o)
                0x000000002000f0a0                mqtt_server_register_net_svc
 .text.mqtt_server_lib_init
                0x000000002000f0fc       0xf0 ../../../netapps/mqtt/gcc/lib/client_server/Debug/libmqtt.a(server_pkts.o)
                0x000000002000f0fc                mqtt_server_lib_init
 .text.is_inuse
                0x000000002000f1ec       0x20 ../../../netapps/mqtt/gcc/lib/client_server/Debug/libmqtt.a(server_plug.o)
 .text.inuse_set
                0x000000002000f20c       0x1c ../../../netapps/mqtt/gcc/lib/client_server/Debug/libmqtt.a(server_plug.o)
 .text.plugin_find
                0x000000002000f228       0x28 ../../../netapps/mqtt/gcc/lib/client_server/Debug/libmqtt.a(server_plug.o)
 .text.plugin_reset
                0x000000002000f250       0x18 ../../../netapps/mqtt/gcc/lib/client_server/Debug/libmqtt.a(server_plug.o)
 .text.plugin_alloc
                0x000000002000f268       0xa0 ../../../netapps/mqtt/gcc/lib/client_server/Debug/libmqtt.a(server_plug.o)
 .text.plugin_connect
                0x000000002000f308       0x44 ../../../netapps/mqtt/gcc/lib/client_server/Debug/libmqtt.a(server_plug.o)
                0x000000002000f308                plugin_connect
 .text.plugin_publish
                0x000000002000f34c       0xb0 ../../../netapps/mqtt/gcc/lib/client_server/Debug/libmqtt.a(server_plug.o)
                0x000000002000f34c                plugin_publish
 .text.plugin_disconn
                0x000000002000f3fc       0x30 ../../../netapps/mqtt/gcc/lib/client_server/Debug/libmqtt.a(server_plug.o)
                0x000000002000f3fc                plugin_disconn
 .text.mqtt_server_topic_enroll
                0x000000002000f42c       0x38 ../../../netapps/mqtt/gcc/lib/client_server/Debug/libmqtt.a(server_plug.o)
                0x000000002000f42c                mqtt_server_topic_enroll
 .text.mqtt_server_app_pub_send
                0x000000002000f464       0x34 ../../../netapps/mqtt/gcc/lib/client_server/Debug/libmqtt.a(server_plug.o)
                0x000000002000f464                mqtt_server_app_pub_send
 .text.server_app_register
                0x000000002000f498       0x58 ../../../netapps/mqtt/gcc/lib/client_server/Debug/libmqtt.a(server_plug.o)
 .text.mqtt_server_app_register
                0x000000002000f4f0       0x60 ../../../netapps/mqtt/gcc/lib/client_server/Debug/libmqtt.a(server_plug.o)
                0x000000002000f4f0                mqtt_server_app_register
 .text.plugin_init
                0x000000002000f550       0xc4 ../../../netapps/mqtt/gcc/lib/client_server/Debug/libmqtt.a(server_plug.o)
                0x000000002000f550                plugin_init
 .text.buf_wr_nbytes
                0x000000002000f614       0x38 ../../../netapps/mqtt/gcc/lib/client_server/Debug/libmqtt.a(server_util.o)
 .text.assign_new_msg_id
                0x000000002000f64c       0x20 ../../../netapps/mqtt/gcc/lib/client_server/Debug/libmqtt.a(server_util.o)
 .text.mqp_new_id_server
                0x000000002000f66c       0x10 ../../../netapps/mqtt/gcc/lib/client_server/Debug/libmqtt.a(server_util.o)
                0x000000002000f66c                mqp_new_id_server
 .text.my_pkt_free
                0x000000002000f67c       0x18 ../../../netapps/mqtt/gcc/lib/client_server/Debug/libmqtt.a(server_util.o)
 .text.server_mqp_alloc
                0x000000002000f694       0xa4 ../../../netapps/mqtt/gcc/lib/client_server/Debug/libmqtt.a(server_util.o)
 .text.mqp_server_alloc
                0x000000002000f738       0x24 ../../../netapps/mqtt/gcc/lib/client_server/Debug/libmqtt.a(server_util.o)
                0x000000002000f738                mqp_server_alloc
 .text.mqp_server_copy
                0x000000002000f75c       0x54 ../../../netapps/mqtt/gcc/lib/client_server/Debug/libmqtt.a(server_util.o)
                0x000000002000f75c                mqp_server_copy
 .text.util_mutex_lockin
                0x000000002000f7b0       0x28 ../../../netapps/mqtt/gcc/lib/client_server/Debug/libmqtt.a(server_util.o)
                0x000000002000f7b0                util_mutex_lockin
 .text.util_mutex_unlock
                0x000000002000f7d8       0x28 ../../../netapps/mqtt/gcc/lib/client_server/Debug/libmqtt.a(server_util.o)
                0x000000002000f7d8                util_mutex_unlock
 .text.util_params_set
                0x000000002000f800       0x40 ../../../netapps/mqtt/gcc/lib/client_server/Debug/libmqtt.a(server_util.o)
                0x000000002000f800                util_params_set
 .text.is_connected
                0x000000002000f840       0x24 ../../../netapps/mqtt/gcc/lib/client_server/Debug/libmqtt.a(client_mgmt.o)
 .text.has_clean_session
                0x000000002000f864       0x24 ../../../netapps/mqtt/gcc/lib/client_server/Debug/libmqtt.a(client_mgmt.o)
 .text.is_assigned
                0x000000002000f888       0x24 ../../../netapps/mqtt/gcc/lib/client_server/Debug/libmqtt.a(client_mgmt.o)
 .text.set_connect_state
                0x000000002000f8ac       0x38 ../../../netapps/mqtt/gcc/lib/client_server/Debug/libmqtt.a(client_mgmt.o)
 .text.set_clean_session
                0x000000002000f8e4       0x38 ../../../netapps/mqtt/gcc/lib/client_server/Debug/libmqtt.a(client_mgmt.o)
 .text.set_assigned
                0x000000002000f91c       0x38 ../../../netapps/mqtt/gcc/lib/client_server/Debug/libmqtt.a(client_mgmt.o)
 .text.cl_usr_reset
                0x000000002000f954       0x48 ../../../netapps/mqtt/gcc/lib/client_server/Debug/libmqtt.a(client_mgmt.o)
 .text.cl_usr_init
                0x000000002000f99c       0x40 ../../../netapps/mqtt/gcc/lib/client_server/Debug/libmqtt.a(client_mgmt.o)
 .text.cl_usr_free
                0x000000002000f9dc       0x24 ../../../netapps/mqtt/gcc/lib/client_server/Debug/libmqtt.a(client_mgmt.o)
 .text.cl_sub_count_add
                0x000000002000fa00       0x50 ../../../netapps/mqtt/gcc/lib/client_server/Debug/libmqtt.a(client_mgmt.o)
                0x000000002000fa00                cl_sub_count_add
 .text.cl_sub_count_del
                0x000000002000fa50       0x50 ../../../netapps/mqtt/gcc/lib/client_server/Debug/libmqtt.a(client_mgmt.o)
                0x000000002000fa50                cl_sub_count_del
 .text.qos2_pub_rx_logup
                0x000000002000faa0       0x24 ../../../netapps/mqtt/gcc/lib/client_server/Debug/libmqtt.a(client_mgmt.o)
 .text.ack2_msg_id_logup
                0x000000002000fac4       0x24 ../../../netapps/mqtt/gcc/lib/client_server/Debug/libmqtt.a(client_mgmt.o)
 .text.qos2_pub_rx_unlog
                0x000000002000fae8       0x24 ../../../netapps/mqtt/gcc/lib/client_server/Debug/libmqtt.a(client_mgmt.o)
 .text.ack2_msg_id_unlog
                0x000000002000fb0c       0x24 ../../../netapps/mqtt/gcc/lib/client_server/Debug/libmqtt.a(client_mgmt.o)
 .text.qos2_pub_rx_is_done
                0x000000002000fb30       0x24 ../../../netapps/mqtt/gcc/lib/client_server/Debug/libmqtt.a(client_mgmt.o)
 .text.cl_mgmt_qos2_pub_rx_update
                0x000000002000fb54       0x58 ../../../netapps/mqtt/gcc/lib/client_server/Debug/libmqtt.a(client_mgmt.o)
                0x000000002000fb54                cl_mgmt_qos2_pub_rx_update
 .text.ack2_msg_id_dispatch
                0x000000002000fbac       0x70 ../../../netapps/mqtt/gcc/lib/client_server/Debug/libmqtt.a(client_mgmt.o)
 .text.ack2_msg_id_purge
                0x000000002000fc1c       0x24 ../../../netapps/mqtt/gcc/lib/client_server/Debug/libmqtt.a(client_mgmt.o)
 .text.wl_qos2_mqp_count
                0x000000002000fc40       0x60 ../../../netapps/mqtt/gcc/lib/client_server/Debug/libmqtt.a(client_mgmt.o)
 .text.can_mqp_sched
                0x000000002000fca0       0x74 ../../../netapps/mqtt/gcc/lib/client_server/Debug/libmqtt.a(client_mgmt.o)
 .text._pub_dispatch
                0x000000002000fd14       0x28 ../../../netapps/mqtt/gcc/lib/client_server/Debug/libmqtt.a(client_mgmt.o)
 .text.ack1_wl_mqp_dispatch
                0x000000002000fd3c       0x4c ../../../netapps/mqtt/gcc/lib/client_server/Debug/libmqtt.a(client_mgmt.o)
 .text._cl_bmap_get
                0x000000002000fd88       0x34 ../../../netapps/mqtt/gcc/lib/client_server/Debug/libmqtt.a(client_mgmt.o)
 .text.cl_bmap_get
                0x000000002000fdbc       0x24 ../../../netapps/mqtt/gcc/lib/client_server/Debug/libmqtt.a(client_mgmt.o)
                0x000000002000fdbc                cl_bmap_get
 .text.cl_app_hndl_get
                0x000000002000fde0       0x30 ../../../netapps/mqtt/gcc/lib/client_server/Debug/libmqtt.a(client_mgmt.o)
                0x000000002000fde0                cl_app_hndl_get
 .text.cl_will_hndl_get
                0x000000002000fe10       0x30 ../../../netapps/mqtt/gcc/lib/client_server/Debug/libmqtt.a(client_mgmt.o)
                0x000000002000fe10                cl_will_hndl_get
 .text.pub_dispatch
                0x000000002000fe40      0x178 ../../../netapps/mqtt/gcc/lib/client_server/Debug/libmqtt.a(client_mgmt.o)
 .text.cl_pub_dispatch
                0x000000002000ffb8       0x1c ../../../netapps/mqtt/gcc/lib/client_server/Debug/libmqtt.a(client_mgmt.o)
                0x000000002000ffb8                cl_pub_dispatch
 .text.wl_remove
                0x000000002000ffd4       0x50 ../../../netapps/mqtt/gcc/lib/client_server/Debug/libmqtt.a(client_mgmt.o)
 .text.sess_wl_mqp_dispatch
                0x0000000020010024       0xa8 ../../../netapps/mqtt/gcc/lib/client_server/Debug/libmqtt.a(client_mgmt.o)
 .text.wl_mqp_unmap_find
                0x00000000200100cc       0x64 ../../../netapps/mqtt/gcc/lib/client_server/Debug/libmqtt.a(client_mgmt.o)
 .text.wl_rmfree_try
                0x0000000020010130       0x34 ../../../netapps/mqtt/gcc/lib/client_server/Debug/libmqtt.a(client_mgmt.o)
 .text.ack1_unmap_rmfree_try
                0x0000000020010164       0x5c ../../../netapps/mqtt/gcc/lib/client_server/Debug/libmqtt.a(client_mgmt.o)
 .text.wl_purge
                0x00000000200101c0       0x68 ../../../netapps/mqtt/gcc/lib/client_server/Debug/libmqtt.a(client_mgmt.o)
 .text.ack1_wl_mqp_purge
                0x0000000020010228       0x20 ../../../netapps/mqtt/gcc/lib/client_server/Debug/libmqtt.a(client_mgmt.o)
 .text.sess_wl_mqp_purge
                0x0000000020010248       0x20 ../../../netapps/mqtt/gcc/lib/client_server/Debug/libmqtt.a(client_mgmt.o)
 .text.session_resume
                0x0000000020010268       0x24 ../../../netapps/mqtt/gcc/lib/client_server/Debug/libmqtt.a(client_mgmt.o)
 .text.session_delete
                0x000000002001028c       0x24 ../../../netapps/mqtt/gcc/lib/client_server/Debug/libmqtt.a(client_mgmt.o)
 .text.has_session_data
                0x00000000200102b0       0x80 ../../../netapps/mqtt/gcc/lib/client_server/Debug/libmqtt.a(client_mgmt.o)
 .text.cl_can_session_delete
                0x0000000020010330       0x44 ../../../netapps/mqtt/gcc/lib/client_server/Debug/libmqtt.a(client_mgmt.o)
                0x0000000020010330                cl_can_session_delete
 .text.cl_on_net_close
                0x0000000020010374       0x70 ../../../netapps/mqtt/gcc/lib/client_server/Debug/libmqtt.a(client_mgmt.o)
                0x0000000020010374                cl_on_net_close
 .text.proc_pub_rel_rx
                0x00000000200103e4       0x44 ../../../netapps/mqtt/gcc/lib/client_server/Debug/libmqtt.a(client_mgmt.o)
 .text.proc_pub_rec_rx
                0x0000000020010428       0x70 ../../../netapps/mqtt/gcc/lib/client_server/Debug/libmqtt.a(client_mgmt.o)
 .text.cl_notify_ack
                0x0000000020010498       0x8c ../../../netapps/mqtt/gcc/lib/client_server/Debug/libmqtt.a(client_mgmt.o)
                0x0000000020010498                cl_notify_ack
 .text.assign_cl_index_as_id
                0x0000000020010524       0x74 ../../../netapps/mqtt/gcc/lib/client_server/Debug/libmqtt.a(client_mgmt.o)
 .text.assign_cl_usr
                0x0000000020010598      0x13c ../../../netapps/mqtt/gcc/lib/client_server/Debug/libmqtt.a(client_mgmt.o)
 .text.cl_connect_rx
                0x00000000200106d4       0x90 ../../../netapps/mqtt/gcc/lib/client_server/Debug/libmqtt.a(client_mgmt.o)
                0x00000000200106d4                cl_connect_rx
 .text.cl_on_connack_send
                0x0000000020010764       0xa8 ../../../netapps/mqtt/gcc/lib/client_server/Debug/libmqtt.a(client_mgmt.o)
                0x0000000020010764                cl_on_connack_send
 .text.cl_mgmt_init
                0x000000002001080c       0x10 ../../../netapps/mqtt/gcc/lib/client_server/Debug/libmqtt.a(client_mgmt.o)
                0x000000002001080c                cl_mgmt_init
 .text._sl_GetStartResponseConvert
                0x000000002001081c       0x24 ../../../simplelink/gcc/lib/os/Debug/libsimplelink.a(device.o)
 .text.sl_Start
                0x0000000020010840      0x10c ../../../simplelink/gcc/lib/os/Debug/libsimplelink.a(device.o)
                0x0000000020010840                sl_Start
 .text._sl_HandleAsync_InitComplete
                0x000000002001094c       0xb8 ../../../simplelink/gcc/lib/os/Debug/libsimplelink.a(device.o)
                0x000000002001094c                _sl_HandleAsync_InitComplete
 .text._sl_HandleAsync_Stop
                0x0000000020010a04       0x68 ../../../simplelink/gcc/lib/os/Debug/libsimplelink.a(device.o)
                0x0000000020010a04                _sl_HandleAsync_Stop
 .text.sl_Stop  0x0000000020010a6c       0xec ../../../simplelink/gcc/lib/os/Debug/libsimplelink.a(device.o)
                0x0000000020010a6c                sl_Stop
 .text.sl_DevGet
                0x0000000020010b58       0xe0 ../../../simplelink/gcc/lib/os/Debug/libsimplelink.a(device.o)
                0x0000000020010b58                sl_DevGet
 .text._SlDrvDeviceEventHandler
                0x0000000020010c38       0xa8 ../../../simplelink/gcc/lib/os/Debug/libsimplelink.a(device.o)
                0x0000000020010c38                _SlDrvDeviceEventHandler
 .text._SlDrvProtectAsyncRespSetting
                0x0000000020010ce0       0x54 ../../../simplelink/gcc/lib/os/Debug/libsimplelink.a(driver.o)
                0x0000000020010ce0                _SlDrvProtectAsyncRespSetting
 .text._SlDrvDriverCBInit
                0x0000000020010d34      0x1a8 ../../../simplelink/gcc/lib/os/Debug/libsimplelink.a(driver.o)
                0x0000000020010d34                _SlDrvDriverCBInit
 .text._SlDrvDriverCBDeinit
                0x0000000020010edc      0x134 ../../../simplelink/gcc/lib/os/Debug/libsimplelink.a(driver.o)
                0x0000000020010edc                _SlDrvDriverCBDeinit
 .text._SlDrvRxIrqHandler
                0x0000000020011010       0x64 ../../../simplelink/gcc/lib/os/Debug/libsimplelink.a(driver.o)
                0x0000000020011010                _SlDrvRxIrqHandler
 .text._SlDrvCmdOp
                0x0000000020011074       0xc4 ../../../simplelink/gcc/lib/os/Debug/libsimplelink.a(driver.o)
                0x0000000020011074                _SlDrvCmdOp
 .text._SlDrvDataReadOp
                0x0000000020011138      0x208 ../../../simplelink/gcc/lib/os/Debug/libsimplelink.a(driver.o)
                0x0000000020011138                _SlDrvDataReadOp
 .text._SlDrvDataWriteOp
                0x0000000020011340      0x168 ../../../simplelink/gcc/lib/os/Debug/libsimplelink.a(driver.o)
                0x0000000020011340                _SlDrvDataWriteOp
 .text._SlDrvMsgWrite
                0x00000000200114a8      0x1d4 ../../../simplelink/gcc/lib/os/Debug/libsimplelink.a(driver.o)
 .text._SlDrvMsgRead
                0x000000002001167c      0x5cc ../../../simplelink/gcc/lib/os/Debug/libsimplelink.a(driver.o)
 .text._SlAsyncEventGenericHandler
                0x0000000020011c48       0xd8 ../../../simplelink/gcc/lib/os/Debug/libsimplelink.a(driver.o)
 .text._SlDrvMsgReadCmdCtx
                0x0000000020011d20      0x158 ../../../simplelink/gcc/lib/os/Debug/libsimplelink.a(driver.o)
 .text._SlDrvMsgReadSpawnCtx
                0x0000000020011e78       0xf4 ../../../simplelink/gcc/lib/os/Debug/libsimplelink.a(driver.o)
                0x0000000020011e78                _SlDrvMsgReadSpawnCtx
 .text._SlDrvClassifyRxMsg
                0x0000000020011f6c       0xd0 ../../../simplelink/gcc/lib/os/Debug/libsimplelink.a(driver.o)
 .text._SlDrvRxHdrRead
                0x000000002001203c      0x2ac ../../../simplelink/gcc/lib/os/Debug/libsimplelink.a(driver.o)
 .text._SlDrvBasicCmd
                0x00000000200122e8       0x50 ../../../simplelink/gcc/lib/os/Debug/libsimplelink.a(driver.o)
                0x00000000200122e8                _SlDrvBasicCmd
 .text._SlDrvCmdSend
                0x0000000020012338       0x74 ../../../simplelink/gcc/lib/os/Debug/libsimplelink.a(driver.o)
                0x0000000020012338                _SlDrvCmdSend
 .text._SlDrvWaitForPoolObj
                0x00000000200123ac      0x1a4 ../../../simplelink/gcc/lib/os/Debug/libsimplelink.a(driver.o)
                0x00000000200123ac                _SlDrvWaitForPoolObj
 .text._SlDrvReleasePoolObj
                0x0000000020012550      0x200 ../../../simplelink/gcc/lib/os/Debug/libsimplelink.a(driver.o)
                0x0000000020012550                _SlDrvReleasePoolObj
 .text._SlRemoveFromList
                0x0000000020012750       0xd0 ../../../simplelink/gcc/lib/os/Debug/libsimplelink.a(driver.o)
 .text._SlFindAndSetActiveObj
                0x0000000020012820      0x16c ../../../simplelink/gcc/lib/os/Debug/libsimplelink.a(driver.o)
 .text._SlDrvDispatchHttpServerEvents
                0x000000002001298c       0x1c ../../../simplelink/gcc/lib/os/Debug/libsimplelink.a(driver.o)
                0x000000002001298c                _SlDrvDispatchHttpServerEvents
 .text._SlDrvSyncObjSignal
                0x00000000200129a8       0x2c ../../../simplelink/gcc/lib/os/Debug/libsimplelink.a(driver.o)
                0x00000000200129a8                _SlDrvSyncObjSignal
 .text._SlDrvObjLockWaitForever
                0x00000000200129d4       0x30 ../../../simplelink/gcc/lib/os/Debug/libsimplelink.a(driver.o)
                0x00000000200129d4                _SlDrvObjLockWaitForever
 .text._SlDrvProtectionObjLockWaitForever
                0x0000000020012a04       0x38 ../../../simplelink/gcc/lib/os/Debug/libsimplelink.a(driver.o)
                0x0000000020012a04                _SlDrvProtectionObjLockWaitForever
 .text._SlDrvObjUnLock
                0x0000000020012a3c       0x2c ../../../simplelink/gcc/lib/os/Debug/libsimplelink.a(driver.o)
                0x0000000020012a3c                _SlDrvObjUnLock
 .text._SlDrvProtectionObjUnLock
                0x0000000020012a68       0x34 ../../../simplelink/gcc/lib/os/Debug/libsimplelink.a(driver.o)
                0x0000000020012a68                _SlDrvProtectionObjUnLock
 .text._SlDrvObjGlobalLockWaitForever
                0x0000000020012a9c       0x38 ../../../simplelink/gcc/lib/os/Debug/libsimplelink.a(driver.o)
 .text._SlDrvGlobalObjUnLock
                0x0000000020012ad4       0x34 ../../../simplelink/gcc/lib/os/Debug/libsimplelink.a(driver.o)
                0x0000000020012ad4                _SlDrvGlobalObjUnLock
 .text._SlDrvMemZero
                0x0000000020012b08       0x20 ../../../simplelink/gcc/lib/os/Debug/libsimplelink.a(driver.o)
                0x0000000020012b08                _SlDrvMemZero
 .text._SlDrvResetCmdExt
                0x0000000020012b28       0x18 ../../../simplelink/gcc/lib/os/Debug/libsimplelink.a(driver.o)
                0x0000000020012b28                _SlDrvResetCmdExt
 .text._SlDrvSyncObjWaitForever
                0x0000000020012b40       0x34 ../../../simplelink/gcc/lib/os/Debug/libsimplelink.a(driver.o)
                0x0000000020012b40                _SlDrvSyncObjWaitForever
 .text._SlDrvSyncObjWaitTimeout
                0x0000000020012b74       0x50 ../../../simplelink/gcc/lib/os/Debug/libsimplelink.a(driver.o)
                0x0000000020012b74                _SlDrvSyncObjWaitTimeout
 .text._SlDriverHandleError
                0x0000000020012bc4       0x98 ../../../simplelink/gcc/lib/os/Debug/libsimplelink.a(driver.o)
                0x0000000020012bc4                _SlDriverHandleError
 .text._SlDrvStartMeasureTimeout
                0x0000000020012c5c       0x30 ../../../simplelink/gcc/lib/os/Debug/libsimplelink.a(driver.o)
                0x0000000020012c5c                _SlDrvStartMeasureTimeout
 .text._SlDrvIsTimeoutExpired
                0x0000000020012c8c       0xa8 ../../../simplelink/gcc/lib/os/Debug/libsimplelink.a(driver.o)
                0x0000000020012c8c                _SlDrvIsTimeoutExpired
 .text.sl_NetAppMDNSRegisterUnregisterService
                0x0000000020012d34      0x140 ../../../simplelink/gcc/lib/os/Debug/libsimplelink.a(netapp.o)
                0x0000000020012d34                sl_NetAppMDNSRegisterUnregisterService
 .text.sl_NetAppMDNSUnRegisterService
                0x0000000020012e74       0x68 ../../../simplelink/gcc/lib/os/Debug/libsimplelink.a(netapp.o)
                0x0000000020012e74                sl_NetAppMDNSUnRegisterService
 .text._sl_HandleAsync_DnsGetHostByService
                0x0000000020012edc       0xd4 ../../../simplelink/gcc/lib/os/Debug/libsimplelink.a(netapp.o)
                0x0000000020012edc                _sl_HandleAsync_DnsGetHostByService
 .text.sl_NetAppDnsGetHostByName
                0x0000000020012fb0      0x16c ../../../simplelink/gcc/lib/os/Debug/libsimplelink.a(netapp.o)
                0x0000000020012fb0                sl_NetAppDnsGetHostByName
 .text._sl_HandleAsync_DnsGetHostByName
                0x000000002001311c       0xb8 ../../../simplelink/gcc/lib/os/Debug/libsimplelink.a(netapp.o)
                0x000000002001311c                _sl_HandleAsync_DnsGetHostByName
 .text.CopyPingResultsToReport
                0x00000000200131d4       0x44 ../../../simplelink/gcc/lib/os/Debug/libsimplelink.a(netapp.o)
 .text._sl_HandleAsync_PingResponse
                0x0000000020013218       0xb4 ../../../simplelink/gcc/lib/os/Debug/libsimplelink.a(netapp.o)
                0x0000000020013218                _sl_HandleAsync_PingResponse
 .text._sl_NetAppSendTokenValue
                0x00000000200132cc       0x7c ../../../simplelink/gcc/lib/os/Debug/libsimplelink.a(netapp.o)
                0x00000000200132cc                _sl_NetAppSendTokenValue
 .text._SlDrvNetAppEventHandler
                0x0000000020013348      0x134 ../../../simplelink/gcc/lib/os/Debug/libsimplelink.a(netapp.o)
                0x0000000020013348                _SlDrvNetAppEventHandler
 .text.sl_NetCfgSet
                0x000000002001347c       0xa0 ../../../simplelink/gcc/lib/os/Debug/libsimplelink.a(netcfg.o)
                0x000000002001347c                sl_NetCfgSet
 .text.sl_NetCfgGet
                0x000000002001351c       0xe8 ../../../simplelink/gcc/lib/os/Debug/libsimplelink.a(netcfg.o)
                0x000000002001351c                sl_NetCfgGet
 .text._sl_BuildAddress
                0x0000000020013604       0x58 ../../../simplelink/gcc/lib/os/Debug/libsimplelink.a(socket.o)
 .text._sl_TruncatePayloadByProtocol
                0x000000002001365c       0x40 ../../../simplelink/gcc/lib/os/Debug/libsimplelink.a(socket.o)
 .text.sl_Socket
                0x000000002001369c       0x8c ../../../simplelink/gcc/lib/os/Debug/libsimplelink.a(socket.o)
                0x000000002001369c                sl_Socket
 .text.sl_Close
                0x0000000020013728       0x68 ../../../simplelink/gcc/lib/os/Debug/libsimplelink.a(socket.o)
                0x0000000020013728                sl_Close
 .text.sl_Bind  0x0000000020013790       0xb4 ../../../simplelink/gcc/lib/os/Debug/libsimplelink.a(socket.o)
                0x0000000020013790                sl_Bind
 .text.sl_SendTo
                0x0000000020013844      0x148 ../../../simplelink/gcc/lib/os/Debug/libsimplelink.a(socket.o)
                0x0000000020013844                sl_SendTo
 .text.sl_RecvFrom
                0x000000002001398c      0x140 ../../../simplelink/gcc/lib/os/Debug/libsimplelink.a(socket.o)
                0x000000002001398c                sl_RecvFrom
 .text.sl_Connect
                0x0000000020013acc      0x194 ../../../simplelink/gcc/lib/os/Debug/libsimplelink.a(socket.o)
                0x0000000020013acc                sl_Connect
 .text._sl_HandleAsync_Connect
                0x0000000020013c60       0x9c ../../../simplelink/gcc/lib/os/Debug/libsimplelink.a(socket.o)
                0x0000000020013c60                _sl_HandleAsync_Connect
 .text.sl_Send  0x0000000020013cfc      0x134 ../../../simplelink/gcc/lib/os/Debug/libsimplelink.a(socket.o)
                0x0000000020013cfc                sl_Send
 .text.sl_Listen
                0x0000000020013e30       0x74 ../../../simplelink/gcc/lib/os/Debug/libsimplelink.a(socket.o)
                0x0000000020013e30                sl_Listen
 .text.sl_Accept
                0x0000000020013ea4      0x1c8 ../../../simplelink/gcc/lib/os/Debug/libsimplelink.a(socket.o)
                0x0000000020013ea4                sl_Accept
 .text.sl_Htonl
                0x000000002001406c       0x4c ../../../simplelink/gcc/lib/os/Debug/libsimplelink.a(socket.o)
                0x000000002001406c                sl_Htonl
 .text.sl_Htons
                0x00000000200140b8       0x40 ../../../simplelink/gcc/lib/os/Debug/libsimplelink.a(socket.o)
                0x00000000200140b8                sl_Htons
 .text._sl_HandleAsync_Accept
                0x00000000200140f8       0x80 ../../../simplelink/gcc/lib/os/Debug/libsimplelink.a(socket.o)
                0x00000000200140f8                _sl_HandleAsync_Accept
 .text._sl_HandleAsync_Select
                0x0000000020014178       0x6c ../../../simplelink/gcc/lib/os/Debug/libsimplelink.a(socket.o)
                0x0000000020014178                _sl_HandleAsync_Select
 .text.sl_Recv  0x00000000200141e4       0xa8 ../../../simplelink/gcc/lib/os/Debug/libsimplelink.a(socket.o)
                0x00000000200141e4                sl_Recv
 .text.sl_SetSockOpt
                0x000000002001428c       0xa0 ../../../simplelink/gcc/lib/os/Debug/libsimplelink.a(socket.o)
                0x000000002001428c                sl_SetSockOpt
 .text.sl_Select
                0x000000002001432c      0x180 ../../../simplelink/gcc/lib/os/Debug/libsimplelink.a(socket.o)
                0x000000002001432c                sl_Select
 .text.SL_FD_SET
                0x00000000200144ac       0x2c ../../../simplelink/gcc/lib/os/Debug/libsimplelink.a(socket.o)
                0x00000000200144ac                SL_FD_SET
 .text.SL_FD_ISSET
                0x00000000200144d8       0x34 ../../../simplelink/gcc/lib/os/Debug/libsimplelink.a(socket.o)
                0x00000000200144d8                SL_FD_ISSET
 .text.SL_FD_ZERO
                0x000000002001450c       0x18 ../../../simplelink/gcc/lib/os/Debug/libsimplelink.a(socket.o)
                0x000000002001450c                SL_FD_ZERO
 .text.sl_WlanConnect
                0x0000000020014524      0x2cc ../../../simplelink/gcc/lib/os/Debug/libsimplelink.a(wlan.o)
                0x0000000020014524                sl_WlanConnect
 .text.sl_WlanDisconnect
                0x00000000200147f0       0x40 ../../../simplelink/gcc/lib/os/Debug/libsimplelink.a(wlan.o)
                0x00000000200147f0                sl_WlanDisconnect
 .text.sl_WlanPolicySet
                0x0000000020014830       0x90 ../../../simplelink/gcc/lib/os/Debug/libsimplelink.a(wlan.o)
                0x0000000020014830                sl_WlanPolicySet
 .text.sl_WlanProfileDel
                0x00000000200148c0       0x68 ../../../simplelink/gcc/lib/os/Debug/libsimplelink.a(wlan.o)
                0x00000000200148c0                sl_WlanProfileDel
 .text.sl_WlanRxFilterSet
                0x0000000020014928       0x88 ../../../simplelink/gcc/lib/os/Debug/libsimplelink.a(wlan.o)
                0x0000000020014928                sl_WlanRxFilterSet
 .text.sl_WlanSetMode
                0x00000000200149b0       0x68 ../../../simplelink/gcc/lib/os/Debug/libsimplelink.a(wlan.o)
                0x00000000200149b0                sl_WlanSetMode
 .text.sl_WlanSet
                0x0000000020014a18       0x98 ../../../simplelink/gcc/lib/os/Debug/libsimplelink.a(wlan.o)
                0x0000000020014a18                sl_WlanSet
 .text.spi_Read_CPU
                0x0000000020014ab0       0x88 ../../../simplelink/gcc/lib/os/Debug/libsimplelink.a(cc_pal.o)
 .text.spi_Write_CPU
                0x0000000020014b38       0x84 ../../../simplelink/gcc/lib/os/Debug/libsimplelink.a(cc_pal.o)
 .text.DmaSpiSwIntHandler
                0x0000000020014bbc       0x30 ../../../simplelink/gcc/lib/os/Debug/libsimplelink.a(cc_pal.o)
                0x0000000020014bbc                DmaSpiSwIntHandler
 .text.SetupDMAReceive
                0x0000000020014bec       0x94 ../../../simplelink/gcc/lib/os/Debug/libsimplelink.a(cc_pal.o)
 .text.SetupDMASend
                0x0000000020014c80       0x94 ../../../simplelink/gcc/lib/os/Debug/libsimplelink.a(cc_pal.o)
 .text.spi_Open
                0x0000000020014d14      0x154 ../../../simplelink/gcc/lib/os/Debug/libsimplelink.a(cc_pal.o)
                0x0000000020014d14                spi_Open
 .text.spi_Close
                0x0000000020014e68       0x84 ../../../simplelink/gcc/lib/os/Debug/libsimplelink.a(cc_pal.o)
                0x0000000020014e68                spi_Close
 .text.spi_Read
                0x0000000020014eec       0xec ../../../simplelink/gcc/lib/os/Debug/libsimplelink.a(cc_pal.o)
                0x0000000020014eec                spi_Read
 .text.spi_Write
                0x0000000020014fd8       0x9c ../../../simplelink/gcc/lib/os/Debug/libsimplelink.a(cc_pal.o)
                0x0000000020014fd8                spi_Write
 .text.NwpRegisterInterruptHandler
                0x0000000020015074       0x34 ../../../simplelink/gcc/lib/os/Debug/libsimplelink.a(cc_pal.o)
                0x0000000020015074                NwpRegisterInterruptHandler
 .text.NwpMaskInterrupt
                0x00000000200150a8       0x18 ../../../simplelink/gcc/lib/os/Debug/libsimplelink.a(cc_pal.o)
                0x00000000200150a8                NwpMaskInterrupt
 .text.NwpUnMaskInterrupt
                0x00000000200150c0       0x18 ../../../simplelink/gcc/lib/os/Debug/libsimplelink.a(cc_pal.o)
                0x00000000200150c0                NwpUnMaskInterrupt
 .text.NwpPowerOnPreamble
                0x00000000200150d8       0x8c ../../../simplelink/gcc/lib/os/Debug/libsimplelink.a(cc_pal.o)
                0x00000000200150d8                NwpPowerOnPreamble
 .text.NwpPowerOn
                0x0000000020015164       0x3c ../../../simplelink/gcc/lib/os/Debug/libsimplelink.a(cc_pal.o)
                0x0000000020015164                NwpPowerOn
 .text.NwpPowerOff
                0x00000000200151a0       0x40 ../../../simplelink/gcc/lib/os/Debug/libsimplelink.a(cc_pal.o)
                0x00000000200151a0                NwpPowerOff
 .text.NwpPrePowerOffTimout0
                0x00000000200151e0       0x24 ../../../simplelink/gcc/lib/os/Debug/libsimplelink.a(cc_pal.o)
                0x00000000200151e0                NwpPrePowerOffTimout0
 .text.cc_UDMAChannelSelect
                0x0000000020015204       0x28 ../../../simplelink/gcc/lib/os/Debug/libsimplelink.a(cc_pal.o)
 .text.cc_SetupTransfer
                0x000000002001522c       0x4c ../../../simplelink/gcc/lib/os/Debug/libsimplelink.a(cc_pal.o)
 .text.simplelink_timerA2_start
                0x0000000020015278       0x40 ../../../simplelink/gcc/lib/os/Debug/libsimplelink.a(cc_pal.o)
                0x0000000020015278                simplelink_timerA2_start
 .text.TimerGetCurrentTimestamp
                0x00000000200152b8       0x28 ../../../simplelink/gcc/lib/os/Debug/libsimplelink.a(cc_pal.o)
                0x00000000200152b8                TimerGetCurrentTimestamp
 .text.osi_InterruptRegister
                0x00000000200152e0       0x38 ../../../oslib/gcc/free_rtos/Debug/free_rtos.a(osi_freertos.o)
                0x00000000200152e0                osi_InterruptRegister
 .text.osi_InterruptDeRegister
                0x0000000020015318       0x20 ../../../oslib/gcc/free_rtos/Debug/free_rtos.a(osi_freertos.o)
                0x0000000020015318                osi_InterruptDeRegister
 .text.osi_SyncObjCreate
                0x0000000020015338       0x40 ../../../oslib/gcc/free_rtos/Debug/free_rtos.a(osi_freertos.o)
                0x0000000020015338                osi_SyncObjCreate
 .text.osi_SyncObjDelete
                0x0000000020015378       0x28 ../../../oslib/gcc/free_rtos/Debug/free_rtos.a(osi_freertos.o)
                0x0000000020015378                osi_SyncObjDelete
 .text.osi_SyncObjSignal
                0x00000000200153a0       0x38 ../../../oslib/gcc/free_rtos/Debug/free_rtos.a(osi_freertos.o)
                0x00000000200153a0                osi_SyncObjSignal
 .text.osi_SyncObjSignalFromISR
                0x00000000200153d8       0x4c ../../../oslib/gcc/free_rtos/Debug/free_rtos.a(osi_freertos.o)
                0x00000000200153d8                osi_SyncObjSignalFromISR
 .text.osi_SyncObjWait
                0x0000000020015424       0x38 ../../../oslib/gcc/free_rtos/Debug/free_rtos.a(osi_freertos.o)
                0x0000000020015424                osi_SyncObjWait
 .text.osi_LockObjCreate
                0x000000002001545c       0x34 ../../../oslib/gcc/free_rtos/Debug/free_rtos.a(osi_freertos.o)
                0x000000002001545c                osi_LockObjCreate
 .text.osi_TaskCreate
                0x0000000020015490       0x48 ../../../oslib/gcc/free_rtos/Debug/free_rtos.a(osi_freertos.o)
                0x0000000020015490                osi_TaskCreate
 .text.osi_TaskDelete
                0x00000000200154d8       0x1c ../../../oslib/gcc/free_rtos/Debug/free_rtos.a(osi_freertos.o)
                0x00000000200154d8                osi_TaskDelete
 .text.osi_LockObjDelete
                0x00000000200154f4       0x20 ../../../oslib/gcc/free_rtos/Debug/free_rtos.a(osi_freertos.o)