Archive member included to satisfy reference by file (symbol)

../../../../simplelink_extlib/ota/gcc/lib/Release/ota.a(OtaApp.o)
                              obj/Release/main.o (sl_extLib_OtaInit)
../../../../simplelink_extlib/ota/gcc/lib/Release/ota.a(OtaClient.o)
                              ../../../../simplelink_extlib/ota/gcc/lib/Release/ota.a(OtaApp.o) (OtaClient_Init)
../../../../simplelink_extlib/ota/gcc/lib/Release/ota.a(OtaHttp.o)
                              ../../../../simplelink_extlib/ota/gcc/lib/Release/ota.a(OtaClient.o) (http_send_buf)
../../../../simplelink_extlib/ota/gcc/lib/Release/ota.a(CdnClient.o)
                              ../../../../simplelink_extlib/ota/gcc/lib/Release/ota.a(OtaApp.o) (CdnClient_Init)
../../../../simplelink_extlib/ota/gcc/lib/Release/ota.a(LogClient.o)
                              ../../../../simplelink_extlib/ota/gcc/lib/Release/ota.a(OtaApp.o) (LogClient_Init)
../../../../simplelink_extlib/flc/gcc/lib/Release/flc.a(flc.o)
                              ../../../../simplelink_extlib/ota/gcc/lib/Release/ota.a(OtaApp.o) (sl_extlib_FlcCommit)
../../../../simplelink/gcc/lib/nonos/Release/libsimplelink.a(device.o)
                              obj/Release/net.o (sl_Start)
../../../../simplelink/gcc/lib/nonos/Release/libsimplelink.a(driver.o)
                              ../../../../simplelink/gcc/lib/nonos/Release/libsimplelink.a(device.o) (g_bDeviceRestartIsRequired)
../../../../simplelink/gcc/lib/nonos/Release/libsimplelink.a(netapp.o)
                              obj/Release/net.o (sl_NetAppMDNSUnRegisterService)
../../../../simplelink/gcc/lib/nonos/Release/libsimplelink.a(netcfg.o)
                              obj/Release/net.o (sl_NetCfgSet)
../../../../simplelink/gcc/lib/nonos/Release/libsimplelink.a(nonos.o)
                              ../../../../simplelink/gcc/lib/nonos/Release/libsimplelink.a(driver.o) (_SlNonOsSemSet)
../../../../simplelink/gcc/lib/nonos/Release/libsimplelink.a(fs.o)
                              ../../../../simplelink_extlib/ota/gcc/lib/Release/ota.a(OtaApp.o) (_sl_GetCreateFsMode)
../../../../simplelink/gcc/lib/nonos/Release/libsimplelink.a(socket.o)
                              obj/Release/main.o (sl_Socket)
../../../../simplelink/gcc/lib/nonos/Release/libsimplelink.a(wlan.o)
                              obj/Release/net.o (sl_WlanConnect)
../../../../simplelink/gcc/lib/nonos/Release/libsimplelink.a(cc_pal.o)
                              ../../../../simplelink/gcc/lib/nonos/Release/libsimplelink.a(device.o) (spi_Open)
../../../../driverlib/gcc/lib/Release/libdriver.a(gpio.o)
                              obj/Release/pinmux.o (GPIODirModeSet)
../../../../driverlib/gcc/lib/Release/libdriver.a(interrupt.o)
                              ../../../../driverlib/gcc/lib/Release/libdriver.a(gpio.o) (IntRegister)
../../../../driverlib/gcc/lib/Release/libdriver.a(pin.o)
                              obj/Release/pinmux.o (PinTypeGPIO)
../../../../driverlib/gcc/lib/Release/libdriver.a(prcm.o)
                              obj/Release/pinmux.o (PRCMPeripheralClkEnable)
../../../../driverlib/gcc/lib/Release/libdriver.a(spi.o)
                              ../../../../simplelink/gcc/lib/nonos/Release/libsimplelink.a(cc_pal.o) (SPIConfigSetExpClk)
../../../../driverlib/gcc/lib/Release/libdriver.a(systick.o)
                              obj/Release/task.o (SysTickEnable)
../../../../driverlib/gcc/lib/Release/libdriver.a(timer.o)
                              ../../../../simplelink/gcc/lib/nonos/Release/libsimplelink.a(cc_pal.o) (TimerConfigure)
../../../../driverlib/gcc/lib/Release/libdriver.a(utils.o)
                              ../../../../simplelink/gcc/lib/nonos/Release/libsimplelink.a(cc_pal.o) (UtilsDelay)
../../../../driverlib/gcc/lib/Release/libdriver.a(cpu.o)
                              ../../../../driverlib/gcc/lib/Release/libdriver.a(interrupt.o) (CPUcpsid)
../../../../driverlib/gcc/lib/Release/libdriver.a(flash.o)
                              ../../../../driverlib/gcc/lib/Release/libdriver.a(prcm.o) (FlashDisable)
/usr/lib/gcc/arm-none-eabi/5.2.0/../../../../arm-none-eabi/lib/armv7e-m/libc_nano.a(lib_a-atol.o)
                              ../../../../simplelink_extlib/ota/gcc/lib/Release/ota.a(OtaHttp.o) (atol)
/usr/lib/gcc/arm-none-eabi/5.2.0/../../../../arm-none-eabi/lib/armv7e-m/libc_nano.a(lib_a-malloc.o)
                              obj/Release/uart_if.o (malloc)
/usr/lib/gcc/arm-none-eabi/5.2.0/../../../../arm-none-eabi/lib/armv7e-m/libc_nano.a(lib_a-memcpy.o)
                              obj/Release/net.o (memcpy)
/usr/lib/gcc/arm-none-eabi/5.2.0/../../../../arm-none-eabi/lib/armv7e-m/libc_nano.a(lib_a-memmove.o)
                              obj/Release/uart_if.o (memmove)
/usr/lib/gcc/arm-none-eabi/5.2.0/../../../../arm-none-eabi/lib/armv7e-m/libc_nano.a(lib_a-memset.o)
                              obj/Release/main.o (memset)
[...]
Memory Configuration

Name             Origin             Length             Attributes
SRAM             0x0000000020000000 0x0000000000040000 xrw
*default*        0x0000000000000000 0xffffffffffffffff

Linker script and memory map

                0x0000000000004000                BOOTLOADER_SIZE = 0x4000

.bootloader     0x0000000020000000     0x4000
                0x0000000020000000                _heap2 = .
                0x0000000020004000                . = (. + BOOTLOADER_SIZE)
 *fill*         0x0000000020000000     0x4000 
                0x0000000020004000                . = ALIGN (0x8)
                0x0000000020004000                _eheap2 = .

.text           0x0000000020004000     0x7160
                0x0000000020004000                _text = .
 *(.intvecs)
 .intvecs       0x0000000020004000      0x400 obj/Release/startup_gcc.o
                0x0000000020004000                g_pfnVectors
 *(.text*)
 .text.TimeToString
                0x0000000020004400      0x104 obj/Release/main.o
 .text.OnPressSW3Handler
                0x0000000020004504        0xc obj/Release/main.o
 .text.OnPressSW2Handler
                0x0000000020004510        0xc obj/Release/main.o
 .text.NonOSMainLoopTask
                0x000000002000451c        0xa obj/Release/main.o
                0x000000002000451c                NonOSMainLoopTask
 *fill*         0x0000000020004526        0x2 
 .text.FactoryResetTask
                0x0000000020004528       0xa8 obj/Release/main.o
 .text.DisplayTask
                0x00000000200045d0      0x180 obj/Release/main.o
                0x00000000200045d0                DisplayTask
 .text.GetSNTPTime
                0x0000000020004750       0xc8 obj/Release/main.o
                0x0000000020004750                GetSNTPTime
 .text.DisplayRefresh
                0x0000000020004818        0xc obj/Release/main.o
                0x0000000020004818                DisplayRefresh
 .text.GetNTPTimeTask
                0x0000000020004824      0x214 obj/Release/main.o
                0x0000000020004824                GetNTPTimeTask
 .text.OTAServerInfoSet
                0x0000000020004a38       0xa8 obj/Release/main.o
                0x0000000020004a38                OTAServerInfoSet
 .text.OTAUpdateTask
                0x0000000020004ae0      0x114 obj/Release/main.o
                0x0000000020004ae0                OTAUpdateTask
 .text.startup.main
                0x0000000020004bf4      0x108 obj/Release/main.o
                0x0000000020004bf4                main
 .text.PinMuxConfig
                0x0000000020004cfc       0x60 obj/Release/pinmux.o
                0x0000000020004cfc                PinMuxConfig
 .text.SimpleLinkWlanEventHandler
                0x0000000020004d5c       0x5c obj/Release/net.o
                0x0000000020004d5c                SimpleLinkWlanEventHandler
 .text.SimpleLinkNetAppEventHandler
                0x0000000020004db8       0x2c obj/Release/net.o
                0x0000000020004db8                SimpleLinkNetAppEventHandler
 .text.SimpleLinkHttpServerCallback
                0x0000000020004de4        0x2 obj/Release/net.o
                0x0000000020004de4                SimpleLinkHttpServerCallback
 .text.SimpleLinkGeneralEventHandler
                0x0000000020004de6        0x2 obj/Release/net.o
                0x0000000020004de6                SimpleLinkGeneralEventHandler
 .text.SimpleLinkSockEventHandler
                0x0000000020004de8        0x2 obj/Release/net.o
                0x0000000020004de8                SimpleLinkSockEventHandler
 *fill*         0x0000000020004dea        0x2 
 .text.NetStartDefaultState
                0x0000000020004dec      0x13c obj/Release/net.o
                0x0000000020004dec                NetStartDefaultState
 .text.NetStop  0x0000000020004f28       0x40 obj/Release/net.o
                0x0000000020004f28                NetStop
 .text.NetWlanConnect
                0x0000000020004f68       0x38 obj/Release/net.o
                0x0000000020004f68                NetWlanConnect
 .text.NetGetHostIP
                0x0000000020004fa0       0x18 obj/Release/net.o
                0x0000000020004fa0                NetGetHostIP
 .text.NetMACAddressGet
                0x0000000020004fb8       0x1a obj/Release/net.o
                0x0000000020004fb8                NetMACAddressGet
 .text.NetFwInfoGet
                0x0000000020004fd2       0x22 obj/Release/net.o
                0x0000000020004fd2                NetFwInfoGet
 .text.NetIsConnectedToAP
                0x0000000020004ff4       0x10 obj/Release/net.o
                0x0000000020004ff4                NetIsConnectedToAP
 .text.SysTickIntHandler
                0x0000000020005004       0x1c obj/Release/task.o
 .text.TaskCreate
                0x0000000020005020       0x44 obj/Release/task.o
                0x0000000020005020                TaskCreate
 .text.TaskSyncObjCreate
                0x0000000020005064       0x10 obj/Release/task.o
                0x0000000020005064                TaskSyncObjCreate
 .text.TaskSyncObjWait
                0x0000000020005074       0x1c obj/Release/task.o
                0x0000000020005074                TaskSyncObjWait
 .text.TaskSyncObjSignal
                0x0000000020005090        0xe obj/Release/task.o
                0x0000000020005090                TaskSyncObjSignal
 *fill*         0x000000002000509e        0x2 
 .text.TaskSleep
                0x00000000200050a0        0xc obj/Release/task.o
                0x00000000200050a0                TaskSleep
 .text.TaskMainLoopStart
                0x00000000200050ac       0x4c obj/Release/task.o
                0x00000000200050ac                TaskMainLoopStart
 .text.InitTerm
                0x00000000200050f8       0x34 obj/Release/uart_if.o
                0x00000000200050f8                InitTerm
 .text.Message  0x000000002000512c       0x20 obj/Release/uart_if.o
                0x000000002000512c                Message
 .text.Report   0x000000002000514c       0x68 obj/Release/uart_if.o
                0x000000002000514c                Report
 .text.Button_IF_Init
                0x00000000200051b4       0xa8 obj/Release/button_if.o
                0x00000000200051b4                Button_IF_Init
 .text.Button_IF_EnableInterrupt
                0x000000002000525c       0x70 obj/Release/button_if.o
                0x000000002000525c                Button_IF_EnableInterrupt
 .text.Button_IF_DisableInterrupt
                0x00000000200052cc       0x58 obj/Release/button_if.o
                0x00000000200052cc                Button_IF_DisableInterrupt
 .text.GPIOs3IntHandler
                0x0000000020005324       0x28 obj/Release/button_if.o
                0x0000000020005324                GPIOs3IntHandler
 .text.GPIOs2IntHandler
                0x000000002000534c       0x28 obj/Release/button_if.o
                0x000000002000534c                GPIOs2IntHandler
 .text.DmaSwIntHandler
                0x0000000020005374       0x20 obj/Release/udma_if.o
                0x0000000020005374                DmaSwIntHandler
 .text.DmaErrorIntHandler
                0x0000000020005394       0x16 obj/Release/udma_if.o
                0x0000000020005394                DmaErrorIntHandler
 *fill*         0x00000000200053aa        0x2 
 .text.UDMAInit
                0x00000000200053ac       0x7c obj/Release/udma_if.o
                0x00000000200053ac                UDMAInit
 .text.NmiSR    0x0000000020005428        0x2 obj/Release/startup_gcc.o
 .text.FaultISR
                0x000000002000542a        0x2 obj/Release/startup_gcc.o
 .text.BusFaultHandler
                0x000000002000542c        0x2 obj/Release/startup_gcc.o
 .text.IntDefaultHandler
                0x000000002000542e        0x2 obj/Release/startup_gcc.o
 .text.ResetISR
                0x0000000020005430       0x5c obj/Release/startup_gcc.o
                0x0000000020005430                ResetISR
 .text._sbrk    0x000000002000548c       0x3c obj/Release/startup_gcc.o
                0x000000002000548c                _sbrk
 .text.sl_extLib_OtaInit
                0x00000000200054c8       0x78 ../../../../simplelink_extlib/ota/gcc/lib/Release/ota.a(OtaApp.o)
                0x00000000200054c8                sl_extLib_OtaInit
 .text.sl_extLib_OtaGet
                0x0000000020005540       0x26 ../../../../simplelink_extlib/ota/gcc/lib/Release/ota.a(OtaApp.o)
                0x0000000020005540                sl_extLib_OtaGet
 .text._OtaCleanToIdle
                0x0000000020005566       0x1e ../../../../simplelink_extlib/ota/gcc/lib/Release/ota.a(OtaApp.o)
                0x0000000020005566                _OtaCleanToIdle
 .text.sl_extLib_OtaSet
                0x0000000020005584       0x74 ../../../../simplelink_extlib/ota/gcc/lib/Release/ota.a(OtaApp.o)
                0x0000000020005584                sl_extLib_OtaSet
 .text._WriteStatFile
                0x00000000200055f8       0x50 ../../../../simplelink_extlib/ota/gcc/lib/Release/ota.a(OtaApp.o)
                0x00000000200055f8                _WriteStatFile
 .text._ReadStatFile
                0x0000000020005648       0x48 ../../../../simplelink_extlib/ota/gcc/lib/Release/ota.a(OtaApp.o)
                0x0000000020005648                _ReadStatFile
 .text.sl_extLib_OtaRun
                0x0000000020005690      0x1f4 ../../../../simplelink_extlib/ota/gcc/lib/Release/ota.a(OtaApp.o)
                0x0000000020005690                sl_extLib_OtaRun
 .text.OtaClient_Init
                0x0000000020005884       0x34 ../../../../simplelink_extlib/ota/gcc/lib/Release/ota.a(OtaClient.o)
                0x0000000020005884                OtaClient_Init
 .text.OtaClient_ConnectServer
                0x00000000200058b8       0x38 ../../../../simplelink_extlib/ota/gcc/lib/Release/ota.a(OtaClient.o)
                0x00000000200058b8                OtaClient_ConnectServer
 .text.HttpClient_SendReq
                0x00000000200058f0       0x98 ../../../../simplelink_extlib/ota/gcc/lib/Release/ota.a(OtaClient.o)
                0x00000000200058f0                HttpClient_SendReq
 .text.CdnDropboxV2_SendReqDir
                0x0000000020005988       0x5c ../../../../simplelink_extlib/ota/gcc/lib/Release/ota.a(OtaClient.o)
                0x0000000020005988                CdnDropboxV2_SendReqDir
 .text.CdnDropboxV2_SendReqFileUrl
                0x00000000200059e4       0x5c ../../../../simplelink_extlib/ota/gcc/lib/Release/ota.a(OtaClient.o)
                0x00000000200059e4                CdnDropboxV2_SendReqFileUrl
 .text.OtaClient_UpdateCheck
                0x0000000020005a40       0x86 ../../../../simplelink_extlib/ota/gcc/lib/Release/ota.a(OtaClient.o)
                0x0000000020005a40                OtaClient_UpdateCheck
 .text.OtaClient_GetNextUpdate
                0x0000000020005ac6       0x28 ../../../../simplelink_extlib/ota/gcc/lib/Release/ota.a(OtaClient.o)
                0x0000000020005ac6                OtaClient_GetNextUpdate
 *fill*         0x0000000020005aee        0x2 
 .text.OtaClient_ResourceNameConvert
                0x0000000020005af0      0x1a8 ../../../../simplelink_extlib/ota/gcc/lib/Release/ota.a(OtaClient.o)
                0x0000000020005af0                OtaClient_ResourceNameConvert
 .text.OtaClient_ResourceMetadata
                0x0000000020005c98       0xb6 ../../../../simplelink_extlib/ota/gcc/lib/Release/ota.a(OtaClient.o)
                0x0000000020005c98                OtaClient_ResourceMetadata
 .text.OtaClient_CloseServer
                0x0000000020005d4e       0x18 ../../../../simplelink_extlib/ota/gcc/lib/Release/ota.a(OtaClient.o)
                0x0000000020005d4e                OtaClient_CloseServer
 *fill*         0x0000000020005d66        0x2 
 .text.http_send_buf
                0x0000000020005d68        0x8 ../../../../simplelink_extlib/ota/gcc/lib/Release/ota.a(OtaHttp.o)
                0x0000000020005d68                http_send_buf
 .text.http_recv_buf
                0x0000000020005d70        0x8 ../../../../simplelink_extlib/ota/gcc/lib/Release/ota.a(OtaHttp.o)
                0x0000000020005d70                http_recv_buf
 .text.http_build_request
                0x0000000020005d78       0x7c ../../../../simplelink_extlib/ota/gcc/lib/Release/ota.a(OtaHttp.o)
                0x0000000020005d78                http_build_request
 .text.http_extract_domain_by_url
                0x0000000020005df4       0x4c ../../../../simplelink_extlib/ota/gcc/lib/Release/ota.a(OtaHttp.o)
                0x0000000020005df4                http_extract_domain_by_url
 .text.sl_Recv_eagain
                0x0000000020005e40       0x2a ../../../../simplelink_extlib/ota/gcc/lib/Release/ota.a(OtaHttp.o)
                0x0000000020005e40                sl_Recv_eagain
 *fill*         0x0000000020005e6a        0x2 
 .text.http_skip_headers
                0x0000000020005e6c       0xc8 ../../../../simplelink_extlib/ota/gcc/lib/Release/ota.a(OtaHttp.o)
                0x0000000020005e6c                http_skip_headers
 .text.json_parse_dropbox_media_url
                0x0000000020005f34       0x44 ../../../../simplelink_extlib/ota/gcc/lib/Release/ota.a(OtaHttp.o)
                0x0000000020005f34                json_parse_dropbox_media_url
 .text.json_parse_dropbox_metadata
                0x0000000020005f78      0x158 ../../../../simplelink_extlib/ota/gcc/lib/Release/ota.a(OtaHttp.o)
                0x0000000020005f78                json_parse_dropbox_metadata
 .text.http_connect_server
                0x00000000200060d0       0xd4 ../../../../simplelink_extlib/ota/gcc/lib/Release/ota.a(OtaHttp.o)
                0x00000000200060d0                http_connect_server
 .text.CdnClient_Init
                0x00000000200061a4       0x28 ../../../../simplelink_extlib/ota/gcc/lib/Release/ota.a(CdnClient.o)
                0x00000000200061a4                CdnClient_Init
 .text._ReadFileHeaders
                0x00000000200061cc       0x54 ../../../../simplelink_extlib/ota/gcc/lib/Release/ota.a(CdnClient.o)
                0x00000000200061cc                _ReadFileHeaders
 .text._RecvFileChunk
                0x0000000020006220        0xe ../../../../simplelink_extlib/ota/gcc/lib/Release/ota.a(CdnClient.o)
                0x0000000020006220                _RecvFileChunk
 .text._readSignature
                0x000000002000622e       0x56 ../../../../simplelink_extlib/ota/gcc/lib/Release/ota.a(CdnClient.o)
                0x000000002000622e                _readSignature
 .text._OpenStorageFile
                0x0000000020006284       0x54 ../../../../simplelink_extlib/ota/gcc/lib/Release/ota.a(CdnClient.o)
                0x0000000020006284                _OpenStorageFile
 .text.CdnClient_CloseServer
                0x00000000200062d8       0x1e ../../../../simplelink_extlib/ota/gcc/lib/Release/ota.a(CdnClient.o)
                0x00000000200062d8                CdnClient_CloseServer
 *fill*         0x00000000200062f6        0x2 
 .text.CdnClient_ConnectByUrl
                0x00000000200062f8       0xac ../../../../simplelink_extlib/ota/gcc/lib/Release/ota.a(CdnClient.o)
                0x00000000200062f8                CdnClient_ConnectByUrl
 .text.CdnClient_Run
                0x00000000200063a4      0x130 ../../../../simplelink_extlib/ota/gcc/lib/Release/ota.a(CdnClient.o)
                0x00000000200063a4                CdnClient_Run
 .text.CdnClient_SetFileInfo
                0x00000000200064d4        0x8 ../../../../simplelink_extlib/ota/gcc/lib/Release/ota.a(CdnClient.o)
                0x00000000200064d4                CdnClient_SetFileInfo
 .text.LogClient_Init
                0x00000000200064dc       0x14 ../../../../simplelink_extlib/ota/gcc/lib/Release/ota.a(LogClient.o)
                0x00000000200064dc                LogClient_Init
 .text.LogClient_ConnectServer
                0x00000000200064f0       0x38 ../../../../simplelink_extlib/ota/gcc/lib/Release/ota.a(LogClient.o)
                0x00000000200064f0                LogClient_ConnectServer
 .text.LogClient_Print
                0x0000000020006528      0x164 ../../../../simplelink_extlib/ota/gcc/lib/Release/ota.a(LogClient.o)
                0x0000000020006528                LogClient_Print
 .text.LogClient_Close
                0x000000002000668c       0x18 ../../../../simplelink_extlib/ota/gcc/lib/Release/ota.a(LogClient.o)
                0x000000002000668c                LogClient_Close
 .text.LogClient_ConnectAndPrint
                0x00000000200066a4       0x5c ../../../../simplelink_extlib/ota/gcc/lib/Release/ota.a(LogClient.o)
                0x00000000200066a4                LogClient_ConnectAndPrint
 .text._ReadBootInfo.constprop.0
                0x0000000020006700       0x48 ../../../../simplelink_extlib/flc/gcc/lib/Release/flc.a(flc.o)
 .text._WriteBootInfo.constprop.1
                0x0000000020006748       0x4c ../../../../simplelink_extlib/flc/gcc/lib/Release/flc.a(flc.o)
 .text.sl_extlib_FlcCommit
                0x0000000020006794       0x3c ../../../../simplelink_extlib/flc/gcc/lib/Release/flc.a(flc.o)
                0x0000000020006794                sl_extlib_FlcCommit
 .text.sl_extlib_FlcTest
                0x00000000200067d0       0x30 ../../../../simplelink_extlib/flc/gcc/lib/Release/flc.a(flc.o)
                0x00000000200067d0                sl_extlib_FlcTest
 .text.sl_extlib_FlcIsPendingCommit
                0x0000000020006800       0x1c ../../../../simplelink_extlib/flc/gcc/lib/Release/flc.a(flc.o)
                0x0000000020006800                sl_extlib_FlcIsPendingCommit
 .text.sl_extlib_FlcOpenFile
                0x000000002000681c       0x50 ../../../../simplelink_extlib/flc/gcc/lib/Release/flc.a(flc.o)
                0x000000002000681c                sl_extlib_FlcOpenFile
 .text.sl_extlib_FlcWriteFile
                0x000000002000686c        0x4 ../../../../simplelink_extlib/flc/gcc/lib/Release/flc.a(flc.o)
                0x000000002000686c                sl_extlib_FlcWriteFile
 .text.sl_extlib_FlcReadFile
                0x0000000020006870        0x4 ../../../../simplelink_extlib/flc/gcc/lib/Release/flc.a(flc.o)
                0x0000000020006870                sl_extlib_FlcReadFile
 .text.sl_extlib_FlcCloseFile
                0x0000000020006874        0xe ../../../../simplelink_extlib/flc/gcc/lib/Release/flc.a(flc.o)
                0x0000000020006874                sl_extlib_FlcCloseFile
 .text.sl_extlib_FlcAbortFile
                0x0000000020006882       0x18 ../../../../simplelink_extlib/flc/gcc/lib/Release/flc.a(flc.o)
                0x0000000020006882                sl_extlib_FlcAbortFile
 *fill*         0x000000002000689a        0x2 
 .text.sl_Start
                0x000000002000689c       0xcc ../../../../simplelink/gcc/lib/nonos/Release/libsimplelink.a(device.o)
                0x000000002000689c                sl_Start
 .text._sl_HandleAsync_InitComplete
                0x0000000020006968       0x6c ../../../../simplelink/gcc/lib/nonos/Release/libsimplelink.a(device.o)
                0x0000000020006968                _sl_HandleAsync_InitComplete
 .text._sl_HandleAsync_Stop
                0x00000000200069d4       0x38 ../../../../simplelink/gcc/lib/nonos/Release/libsimplelink.a(device.o)
                0x00000000200069d4                _sl_HandleAsync_Stop
 .text.sl_Stop  0x0000000020006a0c       0xa0 ../../../../simplelink/gcc/lib/nonos/Release/libsimplelink.a(device.o)
                0x0000000020006a0c                sl_Stop
 .text.sl_DevGet
                0x0000000020006aac       0x8c ../../../../simplelink/gcc/lib/nonos/Release/libsimplelink.a(device.o)
                0x0000000020006aac                sl_DevGet
 .text._SlDrvDeviceEventHandler
                0x0000000020006b38       0x66 ../../../../simplelink/gcc/lib/nonos/Release/libsimplelink.a(device.o)
                0x0000000020006b38                _SlDrvDeviceEventHandler
 *fill*         0x0000000020006b9e        0x2 
 .text._SlAsyncEventGenericHandler
                0x0000000020006ba0       0x54 ../../../../simplelink/gcc/lib/nonos/Release/libsimplelink.a(driver.o)
 .text._SlRemoveFromList
                0x0000000020006bf4       0x44 ../../../../simplelink/gcc/lib/nonos/Release/libsimplelink.a(driver.o)
 .text._SlFindAndSetActiveObj
                0x0000000020006c38       0x94 ../../../../simplelink/gcc/lib/nonos/Release/libsimplelink.a(driver.o)
 .text._SlDrvObjGlobalLockWaitForever
                0x0000000020006ccc       0x30 ../../../../simplelink/gcc/lib/nonos/Release/libsimplelink.a(driver.o)
 .text._SlDrvMsgWrite
                0x0000000020006cfc      0x108 ../../../../simplelink/gcc/lib/nonos/Release/libsimplelink.a(driver.o)
 .text._SlDrvDriverCBDeinit
                0x0000000020006e04       0xac ../../../../simplelink/gcc/lib/nonos/Release/libsimplelink.a(driver.o)
                0x0000000020006e04                _SlDrvDriverCBDeinit
 .text._SlDrvRxIrqHandler
                0x0000000020006eb0       0x44 ../../../../simplelink/gcc/lib/nonos/Release/libsimplelink.a(driver.o)
                0x0000000020006eb0                _SlDrvRxIrqHandler
 .text._SlDrvCmdSend
                0x0000000020006ef4       0x74 ../../../../simplelink/gcc/lib/nonos/Release/libsimplelink.a(driver.o)
                0x0000000020006ef4                _SlDrvCmdSend
 .text._SlDrvDispatchHttpServerEvents
                0x0000000020006f68        0x4 ../../../../simplelink/gcc/lib/nonos/Release/libsimplelink.a(driver.o)
                0x0000000020006f68                _SlDrvDispatchHttpServerEvents
 .text._SlDrvSyncObjSignal
                0x0000000020006f6c        0xa ../../../../simplelink/gcc/lib/nonos/Release/libsimplelink.a(driver.o)
                0x0000000020006f6c                _SlDrvSyncObjSignal
 .text._SlDrvObjLockWaitForever
                0x0000000020006f76       0x10 ../../../../simplelink/gcc/lib/nonos/Release/libsimplelink.a(driver.o)
                0x0000000020006f76                _SlDrvObjLockWaitForever
 *fill*         0x0000000020006f86        0x2 
 .text._SlDrvProtectionObjLockWaitForever
                0x0000000020006f88       0x1c ../../../../simplelink/gcc/lib/nonos/Release/libsimplelink.a(driver.o)
                0x0000000020006f88                _SlDrvProtectionObjLockWaitForever
 .text._SlDrvObjUnLock
                0x0000000020006fa4        0xa ../../../../simplelink/gcc/lib/nonos/Release/libsimplelink.a(driver.o)
                0x0000000020006fa4                _SlDrvObjUnLock
 *fill*         0x0000000020006fae        0x2 
 .text._SlDrvProtectionObjUnLock
                0x0000000020006fb0       0x14 ../../../../simplelink/gcc/lib/nonos/Release/libsimplelink.a(driver.o)
                0x0000000020006fb0                _SlDrvProtectionObjUnLock
 .text._SlDrvReleasePoolObj
                0x0000000020006fc4       0xc0 ../../../../simplelink/gcc/lib/nonos/Release/libsimplelink.a(driver.o)
                0x0000000020006fc4                _SlDrvReleasePoolObj
 .text._SlDrvGlobalObjUnLock
                0x0000000020007084       0x14 ../../../../simplelink/gcc/lib/nonos/Release/libsimplelink.a(driver.o)
                0x0000000020007084                _SlDrvGlobalObjUnLock
 .text._SlDrvMemZero
                0x0000000020007098        0x8 ../../../../simplelink/gcc/lib/nonos/Release/libsimplelink.a(driver.o)
                0x0000000020007098                _SlDrvMemZero
 .text._SlDrvDriverCBInit
                0x00000000200070a0       0xfc ../../../../simplelink/gcc/lib/nonos/Release/libsimplelink.a(driver.o)
                0x00000000200070a0                _SlDrvDriverCBInit
 .text._SlDrvResetCmdExt
                0x000000002000719c        0x6 ../../../../simplelink/gcc/lib/nonos/Release/libsimplelink.a(driver.o)
                0x000000002000719c                _SlDrvResetCmdExt
 *fill*         0x00000000200071a2        0x2 
 .text._SlDrvSyncObjWaitForever
                0x00000000200071a4       0x24 ../../../../simplelink/gcc/lib/nonos/Release/libsimplelink.a(driver.o)
                0x00000000200071a4                _SlDrvSyncObjWaitForever
 .text._SlDrvDataWriteOp
                0x00000000200071c8       0xe4 ../../../../simplelink/gcc/lib/nonos/Release/libsimplelink.a(driver.o)
                0x00000000200071c8                _SlDrvDataWriteOp
 .text._SlDrvWaitForPoolObj
                0x00000000200072ac       0xc8 ../../../../simplelink/gcc/lib/nonos/Release/libsimplelink.a(driver.o)
                0x00000000200072ac                _SlDrvWaitForPoolObj
 .text._SlDrvProtectAsyncRespSetting
                0x0000000020007374       0x30 ../../../../simplelink/gcc/lib/nonos/Release/libsimplelink.a(driver.o)
                0x0000000020007374                _SlDrvProtectAsyncRespSetting
 .text._SlDriverHandleError
                0x00000000200073a4       0x68 ../../../../simplelink/gcc/lib/nonos/Release/libsimplelink.a(driver.o)
                0x00000000200073a4                _SlDriverHandleError
 .text._SlDrvSyncObjWaitTimeout
                0x000000002000740c       0x38 ../../../../simplelink/gcc/lib/nonos/Release/libsimplelink.a(driver.o)
                0x000000002000740c                _SlDrvSyncObjWaitTimeout
 .text._SlDrvDataReadOp
                0x0000000020007444      0x12c ../../../../simplelink/gcc/lib/nonos/Release/libsimplelink.a(driver.o)
                0x0000000020007444                _SlDrvDataReadOp
 .text._SlDrvStartMeasureTimeout
                0x0000000020007570       0x14 ../../../../simplelink/gcc/lib/nonos/Release/libsimplelink.a(driver.o)
                0x0000000020007570                _SlDrvStartMeasureTimeout
 .text._SlDrvIsTimeoutExpired
                0x0000000020007584       0x48 ../../../../simplelink/gcc/lib/nonos/Release/libsimplelink.a(driver.o)
                0x0000000020007584                _SlDrvIsTimeoutExpired
 .text._SlDrvMsgRead
                0x00000000200075cc      0x520 ../../../../simplelink/gcc/lib/nonos/Release/libsimplelink.a(driver.o)
 .text._SlDrvCmdOp
                0x0000000020007aec      0x160 ../../../../simplelink/gcc/lib/nonos/Release/libsimplelink.a(driver.o)
                0x0000000020007aec                _SlDrvCmdOp
 .text._SlDrvBasicCmd
                0x0000000020007c4c       0x32 ../../../../simplelink/gcc/lib/nonos/Release/libsimplelink.a(driver.o)
                0x0000000020007c4c                _SlDrvBasicCmd
 *fill*         0x0000000020007c7e        0x2 
 .text._SlDrvMsgReadSpawnCtx
                0x0000000020007c80       0x78 ../../../../simplelink/gcc/lib/nonos/Release/libsimplelink.a(driver.o)
                0x0000000020007c80                _SlDrvMsgReadSpawnCtx
 .text.sl_NetAppMDNSRegisterUnregisterService
                0x0000000020007cf8       0x98 ../../../../simplelink/gcc/lib/nonos/Release/libsimplelink.a(netapp.o)
                0x0000000020007cf8                sl_NetAppMDNSRegisterUnregisterService
 .text.sl_NetAppMDNSUnRegisterService
                0x0000000020007d90       0x38 ../../../../simplelink/gcc/lib/nonos/Release/libsimplelink.a(netapp.o)
                0x0000000020007d90                sl_NetAppMDNSUnRegisterService
 .text._sl_HandleAsync_DnsGetHostByService
                0x0000000020007dc8       0x5c ../../../../simplelink/gcc/lib/nonos/Release/libsimplelink.a(netapp.o)
                0x0000000020007dc8                _sl_HandleAsync_DnsGetHostByService
 .text.sl_NetAppDnsGetHostByName
                0x0000000020007e24       0xcc ../../../../simplelink/gcc/lib/nonos/Release/libsimplelink.a(netapp.o)
                0x0000000020007e24                sl_NetAppDnsGetHostByName
 .text._sl_HandleAsync_DnsGetHostByName
                0x0000000020007ef0       0x5c ../../../../simplelink/gcc/lib/nonos/Release/libsimplelink.a(netapp.o)
                0x0000000020007ef0                _sl_HandleAsync_DnsGetHostByName
 .text._sl_HandleAsync_PingResponse
                0x0000000020007f4c       0x7c ../../../../simplelink/gcc/lib/nonos/Release/libsimplelink.a(netapp.o)
                0x0000000020007f4c                _sl_HandleAsync_PingResponse
 .text._sl_NetAppSendTokenValue
                0x0000000020007fc8       0x50 ../../../../simplelink/gcc/lib/nonos/Release/libsimplelink.a(netapp.o)
                0x0000000020007fc8                _sl_NetAppSendTokenValue
 .text._SlDrvNetAppEventHandler
                0x0000000020008018       0xdc ../../../../simplelink/gcc/lib/nonos/Release/libsimplelink.a(netapp.o)
                0x0000000020008018                _SlDrvNetAppEventHandler
 .text.sl_NetCfgSet
                0x00000000200080f4       0x64 ../../../../simplelink/gcc/lib/nonos/Release/libsimplelink.a(netcfg.o)
                0x00000000200080f4                sl_NetCfgSet
 .text.sl_NetCfgGet
                0x0000000020008158       0x94 ../../../../simplelink/gcc/lib/nonos/Release/libsimplelink.a(netcfg.o)
                0x0000000020008158                sl_NetCfgGet
 .text._SlNonOsSemSet
                0x00000000200081ec        0x6 ../../../../simplelink/gcc/lib/nonos/Release/libsimplelink.a(nonos.o)
                0x00000000200081ec                _SlNonOsSemSet
 *fill*         0x00000000200081f2        0x2 
 .text._SlNonOsSpawn
                0x00000000200081f4       0x28 ../../../../simplelink/gcc/lib/nonos/Release/libsimplelink.a(nonos.o)
                0x00000000200081f4                _SlNonOsSpawn
 .text._SlNonOsMainLoopTask
                0x000000002000821c       0x34 ../../../../simplelink/gcc/lib/nonos/Release/libsimplelink.a(nonos.o)
                0x000000002000821c                _SlNonOsMainLoopTask
 .text._SlNonOsSemGet
                0x0000000020008250       0x70 ../../../../simplelink/gcc/lib/nonos/Release/libsimplelink.a(nonos.o)
                0x0000000020008250                _SlNonOsSemGet
 .text._sl_Strlen
                0x00000000200082c0       0x18 ../../../../simplelink/gcc/lib/nonos/Release/libsimplelink.a(fs.o)
 .text._sl_GetCreateFsMode
                0x00000000200082d8       0x58 ../../../../simplelink/gcc/lib/nonos/Release/libsimplelink.a(fs.o)
                0x00000000200082d8                _sl_GetCreateFsMode
 .text.sl_FsOpen
                0x0000000020008330       0x78 ../../../../simplelink/gcc/lib/nonos/Release/libsimplelink.a(fs.o)
                0x0000000020008330                sl_FsOpen
 .text.sl_FsClose
                0x00000000200083a8       0x80 ../../../../simplelink/gcc/lib/nonos/Release/libsimplelink.a(fs.o)
                0x00000000200083a8                sl_FsClose
 .text.sl_FsRead
                0x0000000020008428       0xa0 ../../../../simplelink/gcc/lib/nonos/Release/libsimplelink.a(fs.o)
                0x0000000020008428                sl_FsRead
 .text.sl_FsWrite
                0x00000000200084c8       0xa0 ../../../../simplelink/gcc/lib/nonos/Release/libsimplelink.a(fs.o)
                0x00000000200084c8                sl_FsWrite
 .text.sl_FsDel
                0x0000000020008568       0x5c ../../../../simplelink/gcc/lib/nonos/Release/libsimplelink.a(fs.o)
                0x0000000020008568                sl_FsDel
 .text._sl_BuildAddress
                0x00000000200085c4       0x28 ../../../../simplelink/gcc/lib/nonos/Release/libsimplelink.a(socket.o)
 .text.sl_Socket
                0x00000000200085ec       0x50 ../../../../simplelink/gcc/lib/nonos/Release/libsimplelink.a(socket.o)
                0x00000000200085ec                sl_Socket
 .text.sl_Close
                0x000000002000863c       0x40 ../../../../simplelink/gcc/lib/nonos/Release/libsimplelink.a(socket.o)
                0x000000002000863c                sl_Close
 .text.sl_SendTo
                0x000000002000867c       0xe8 ../../../../simplelink/gcc/lib/nonos/Release/libsimplelink.a(socket.o)
                0x000000002000867c                sl_SendTo
 .text.sl_Connect
                0x0000000020008764       0xf8 ../../../../simplelink/gcc/lib/nonos/Release/libsimplelink.a(socket.o)
                0x0000000020008764                sl_Connect
 .text._sl_HandleAsync_Connect
                0x000000002000885c       0x54 ../../../../simplelink/gcc/lib/nonos/Release/libsimplelink.a(socket.o)
                0x000000002000885c                _sl_HandleAsync_Connect
 .text.sl_Send  0x00000000200088b0       0xd8 ../../../../simplelink/gcc/lib/nonos/Release/libsimplelink.a(socket.o)
                0x00000000200088b0                sl_Send
 .text.sl_Htonl
                0x0000000020008988       0x22 ../../../../simplelink/gcc/lib/nonos/Release/libsimplelink.a(socket.o)
                0x0000000020008988                sl_Htonl
 .text.sl_Htons
                0x00000000200089aa       0x14 ../../../../simplelink/gcc/lib/nonos/Release/libsimplelink.a(socket.o)
                0x00000000200089aa                sl_Htons
 *fill*         0x00000000200089be        0x2 
 .text._sl_HandleAsync_Accept
                0x00000000200089c0       0x54 ../../../../simplelink/gcc/lib/nonos/Release/libsimplelink.a(socket.o)
                0x00000000200089c0                _sl_HandleAsync_Accept
 .text._sl_HandleAsync_Select
                0x0000000020008a14       0x40 ../../../../simplelink/gcc/lib/nonos/Release/libsimplelink.a(socket.o)
                0x0000000020008a14                _sl_HandleAsync_Select
 .text.sl_Recv  0x0000000020008a54       0x64 ../../../../simplelink/gcc/lib/nonos/Release/libsimplelink.a(socket.o)
                0x0000000020008a54                sl_Recv
 .text.sl_SetSockOpt
                0x0000000020008ab8       0x6c ../../../../simplelink/gcc/lib/nonos/Release/libsimplelink.a(socket.o)
                0x0000000020008ab8                sl_SetSockOpt
 .text.sl_WlanConnect
                0x0000000020008b24      0x1c0 ../../../../simplelink/gcc/lib/nonos/Release/libsimplelink.a(wlan.o)
                0x0000000020008b24                sl_WlanConnect
 .text.sl_WlanDisconnect
                0x0000000020008ce4       0x28 ../../../../simplelink/gcc/lib/nonos/Release/libsimplelink.a(wlan.o)
                0x0000000020008ce4                sl_WlanDisconnect
 .text.sl_WlanPolicySet
                0x0000000020008d0c       0x5c ../../../../simplelink/gcc/lib/nonos/Release/libsimplelink.a(wlan.o)
                0x0000000020008d0c                sl_WlanPolicySet
 .text.sl_WlanProfileDel
                0x0000000020008d68       0x40 ../../../../simplelink/gcc/lib/nonos/Release/libsimplelink.a(wlan.o)
                0x0000000020008d68                sl_WlanProfileDel
 .text.sl_WlanRxFilterSet
                0x0000000020008da8       0x58 ../../../../simplelink/gcc/lib/nonos/Release/libsimplelink.a(wlan.o)
                0x0000000020008da8                sl_WlanRxFilterSet
 .text.sl_WlanSetMode
                0x0000000020008e00       0x40 ../../../../simplelink/gcc/lib/nonos/Release/libsimplelink.a(wlan.o)
                0x0000000020008e00                sl_WlanSetMode
 .text.sl_WlanSet
                0x0000000020008e40       0x64 ../../../../simplelink/gcc/lib/nonos/Release/libsimplelink.a(wlan.o)
                0x0000000020008e40                sl_WlanSet
 .text.DmaSpiSwIntHandler
                0x0000000020008ea4       0x2c ../../../../simplelink/gcc/lib/nonos/Release/libsimplelink.a(cc_pal.o)
                0x0000000020008ea4                DmaSpiSwIntHandler
 .text.cc_UDMAChannelSelect.part.0
                0x0000000020008ed0       0x1c ../../../../simplelink/gcc/lib/nonos/Release/libsimplelink.a(cc_pal.o)
 .text.cc_SetupTransfer.constprop.1
                0x0000000020008eec       0x48 ../../../../simplelink/gcc/lib/nonos/Release/libsimplelink.a(cc_pal.o)
 .text.SetupDMAReceive
                0x0000000020008f34       0x5c ../../../../simplelink/gcc/lib/nonos/Release/libsimplelink.a(cc_pal.o)
 .text.spi_Open
                0x0000000020008f90      0x144 ../../../../simplelink/gcc/lib/nonos/Release/libsimplelink.a(cc_pal.o)
                0x0000000020008f90                spi_Open
 .text.spi_Close
                0x00000000200090d4       0x84 ../../../../simplelink/gcc/lib/nonos/Release/libsimplelink.a(cc_pal.o)
                0x00000000200090d4                spi_Close
 .text.spi_Read
                0x0000000020009158      0x114 ../../../../simplelink/gcc/lib/nonos/Release/libsimplelink.a(cc_pal.o)
                0x0000000020009158                spi_Read
 .text.spi_Write
                0x000000002000926c       0xec ../../../../simplelink/gcc/lib/nonos/Release/libsimplelink.a(cc_pal.o)
                0x000000002000926c                spi_Write
 .text.NwpRegisterInterruptHandler
                0x0000000020009358       0x46 ../../../../simplelink/gcc/lib/nonos/Release/libsimplelink.a(cc_pal.o)
                0x0000000020009358                NwpRegisterInterruptHandler
 *fill*         0x000000002000939e        0x2 
 .text.NwpMaskInterrupt
                0x00000000200093a0        0xc ../../../../simplelink/gcc/lib/nonos/Release/libsimplelink.a(cc_pal.o)
                0x00000000200093a0                NwpMaskInterrupt
 .text.NwpUnMaskInterrupt
                0x00000000200093ac        0xc ../../../../simplelink/gcc/lib/nonos/Release/libsimplelink.a(cc_pal.o)
                0x00000000200093ac                NwpUnMaskInterrupt
 .text.NwpPowerOn
                0x00000000200093b8       0x38 ../../../../simplelink/gcc/lib/nonos/Release/libsimplelink.a(cc_pal.o)
                0x00000000200093b8                NwpPowerOn
 .text.NwpPowerOff
                0x00000000200093f0       0x3c ../../../../simplelink/gcc/lib/nonos/Release/libsimplelink.a(cc_pal.o)
                0x00000000200093f0                NwpPowerOff
 .text.NwpPowerOnPreamble
                0x000000002000942c       0x60 ../../../../simplelink/gcc/lib/nonos/Release/libsimplelink.a(cc_pal.o)
                0x000000002000942c                NwpPowerOnPreamble
 .text.NwpPrePowerOffTimout0
                0x000000002000948c       0x20 ../../../../simplelink/gcc/lib/nonos/Release/libsimplelink.a(cc_pal.o)
                0x000000002000948c                NwpPrePowerOffTimout0
 .text.simplelink_timerA2_start
                0x00000000200094ac       0x4c ../../../../simplelink/gcc/lib/nonos/Release/libsimplelink.a(cc_pal.o)
                0x00000000200094ac                simplelink_timerA2_start
 .text.TimerGetCurrentTimestamp
                0x00000000200094f8       0x24 ../../../../simplelink/gcc/lib/nonos/Release/libsimplelink.a(cc_pal.o)
                0x00000000200094f8                TimerGetCurrentTimestamp
 .text.GPIODirModeSet
                0x000000002000951c       0x18 ../../../../driverlib/gcc/lib/Release/libdriver.a(gpio.o)
                0x000000002000951c                GPIODirModeSet
 .text.GPIOIntStatus
                0x0000000020009534        0xe ../../../../driverlib/gcc/lib/Release/libdriver.a(gpio.o)
                0x0000000020009534                GPIOIntStatus
 *fill*         0x0000000020009542        0x2 
 .text.IntRegister
                0x0000000020009544       0x10 ../../../../driverlib/gcc/lib/Release/libdriver.a(interrupt.o)
                0x0000000020009544                IntRegister
 .text.IntEnable
                0x0000000020009554       0x68 ../../../../driverlib/gcc/lib/Release/libdriver.a(interrupt.o)
                0x0000000020009554                IntEnable
 .text.IntDisable
                0x00000000200095bc       0x68 ../../../../driverlib/gcc/lib/Release/libdriver.a(interrupt.o)
                0x00000000200095bc                IntDisable
 .text.PinModeSet
                0x0000000020009624       0x28 ../../../../driverlib/gcc/lib/Release/libdriver.a(pin.o)
                0x0000000020009624                PinModeSet
 .text.PinConfigSet
                0x000000002000964c       0x5c ../../../../driverlib/gcc/lib/Release/libdriver.a(pin.o)
                0x000000002000964c                PinConfigSet
 .text.PinTypeGPIO
                0x00000000200096a8       0x1c ../../../../driverlib/gcc/lib/Release/libdriver.a(pin.o)
                0x00000000200096a8                PinTypeGPIO
 .text.PinTypeSDHost
                0x00000000200096c4       0x16 ../../../../driverlib/gcc/lib/Release/libdriver.a(pin.o)
                0x00000000200096c4                PinTypeSDHost
 .text.PinTypeUART
                0x00000000200096da        0x4 ../../../../driverlib/gcc/lib/Release/libdriver.a(pin.o)
                0x00000000200096da                PinTypeUART
 *fill*         0x00000000200096de        0x2 
 .text.PRCMSysResetCauseGet
                0x00000000200096e0       0x2c ../../../../driverlib/gcc/lib/Release/libdriver.a(prcm.o)
                0x00000000200096e0                PRCMSysResetCauseGet
 .text.PRCMPeripheralClkEnable
                0x000000002000970c       0x2c ../../../../driverlib/gcc/lib/Release/libdriver.a(prcm.o)
                0x000000002000970c                PRCMPeripheralClkEnable
 .text.PRCMPeripheralClkDisable
                0x0000000020009738       0x1c ../../../../driverlib/gcc/lib/Release/libdriver.a(prcm.o)
                0x0000000020009738                PRCMPeripheralClkDisable
 .text.PRCMPeripheralReset
                0x0000000020009754       0x40 ../../../../driverlib/gcc/lib/Release/libdriver.a(prcm.o)
                0x0000000020009754                PRCMPeripheralReset
 .text.PRCMPeripheralStatusGet
                0x0000000020009794       0x1c ../../../../driverlib/gcc/lib/Release/libdriver.a(prcm.o)
                0x0000000020009794                PRCMPeripheralStatusGet
 .text.PRCMHibernateWakeupSourceEnable
                0x00000000200097b0       0x48 ../../../../driverlib/gcc/lib/Release/libdriver.a(prcm.o)
                0x00000000200097b0                PRCMHibernateWakeupSourceEnable
 .text.PRCMHibernateIntervalSet
                0x00000000200097f8       0x70 ../../../../driverlib/gcc/lib/Release/libdriver.a(prcm.o)
                0x00000000200097f8                PRCMHibernateIntervalSet
 .text.PRCMHibernateEnter
                0x0000000020009868       0x18 ../../../../driverlib/gcc/lib/Release/libdriver.a(prcm.o)
                0x0000000020009868                PRCMHibernateEnter
 .text.PRCMCC3200MCUInit
                0x0000000020009880      0x150 ../../../../driverlib/gcc/lib/Release/libdriver.a(prcm.o)
                0x0000000020009880                PRCMCC3200MCUInit
 .text.SPIConfigSetExpClk
                0x00000000200099d0       0x5a ../../../../driverlib/gcc/lib/Release/libdriver.a(spi.o)
                0x00000000200099d0                SPIConfigSetExpClk
 .text.SPIFIFODisable
                0x0000000020009a2a        0xe ../../../../driverlib/gcc/lib/Release/libdriver.a(spi.o)
                0x0000000020009a2a                SPIFIFODisable
 .text.SPIDmaDisable
                0x0000000020009a38        0x4 ../../../../driverlib/gcc/lib/Release/libdriver.a(spi.o)
                0x0000000020009a38                SPIDmaDisable
 .text.SysTickEnable
                0x0000000020009a3c       0x10 ../../../../driverlib/gcc/lib/Release/libdriver.a(systick.o)
                0x0000000020009a3c                SysTickEnable
 .text.SysTickIntRegister
                0x0000000020009a4c       0x1c ../../../../driverlib/gcc/lib/Release/libdriver.a(systick.o)
                0x0000000020009a4c                SysTickIntRegister
 .text.SysTickPeriodSet
                0x0000000020009a68        0xc ../../../../driverlib/gcc/lib/Release/libdriver.a(systick.o)
                0x0000000020009a68                SysTickPeriodSet
 .text.TimerConfigure
                0x0000000020009a74       0x28 ../../../../driverlib/gcc/lib/Release/libdriver.a(timer.o)
                0x0000000020009a74                TimerConfigure
 .text.UtilsDelay
                0x0000000020009a9c        0x8 ../../../../driverlib/gcc/lib/Release/libdriver.a(utils.o)
                0x0000000020009a9c                UtilsDelay
 .text.atol     0x0000000020009aa4        0x8 /usr/lib/gcc/arm-none-eabi/5.2.0/../../../../arm-none-eabi/lib/armv7e-m/libc_nano.a(lib_a-atol.o)
                0x0000000020009aa4                atol
 .text.malloc   0x0000000020009aac       0x10 /usr/lib/gcc/arm-none-eabi/5.2.0/../../../../arm-none-eabi/lib/armv7e-m/libc_nano.a(lib_a-malloc.o)
                0x0000000020009aac                malloc
 .text.free     0x0000000020009abc       0x10 /usr/lib/gcc/arm-none-eabi/5.2.0/../../../../arm-none-eabi/lib/armv7e-m/libc_nano.a(lib_a-malloc.o)
                0x0000000020009abc                free
 .text.memcpy   0x0000000020009acc       0x16 /usr/lib/gcc/arm-none-eabi/5.2.0/../../../../arm-none-eabi/lib/armv7e-m/libc_nano.a(lib_a-memcpy.o)
                0x0000000020009acc                memcpy
 .text.memmove  0x0000000020009ae2       0x36 /usr/lib/gcc/arm-none-eabi/5.2.0/../../../../arm-none-eabi/lib/armv7e-m/libc_nano.a(lib_a-memmove.o)
                0x0000000020009ae2                memmove
 .text.memset   0x0000000020009b18       0x10 /usr/lib/gcc/arm-none-eabi/5.2.0/../../../../arm-none-eabi/lib/armv7e-m/libc_nano.a(lib_a-memset.o)
                0x0000000020009b18                memset
 .text._free_r  0x0000000020009b28       0x8c /usr/lib/gcc/arm-none-eabi/5.2.0/../../../../arm-none-eabi/lib/armv7e-m/libc_nano.a(lib_a-nano-freer.o)
                0x0000000020009b28                _free_r
 .text._malloc_r
                0x0000000020009bb4       0xa8 /usr/lib/gcc/arm-none-eabi/5.2.0/../../../../arm-none-eabi/lib/armv7e-m/libc_nano.a(lib_a-nano-mallocr.o)
                0x0000000020009bb4                _malloc_r
 .text.realloc  0x0000000020009c5c       0x10 /usr/lib/gcc/arm-none-eabi/5.2.0/../../../../arm-none-eabi/lib/armv7e-m/libc_nano.a(lib_a-realloc.o)
                0x0000000020009c5c                realloc
 .text._sbrk_r  0x0000000020009c6c       0x20 /usr/lib/gcc/arm-none-eabi/5.2.0/../../../../arm-none-eabi/lib/armv7e-m/libc_nano.a(lib_a-sbrkr.o)
                0x0000000020009c6c                _sbrk_r
 .text.snprintf
                0x0000000020009c8c       0x64 /usr/lib/gcc/arm-none-eabi/5.2.0/../../../../arm-none-eabi/lib/armv7e-m/libc_nano.a(lib_a-snprintf.o)
                0x0000000020009c8c                snprintf
                0x0000000020009c8c                sniprintf
 .text.sprintf  0x0000000020009cf0       0x48 /usr/lib/gcc/arm-none-eabi/5.2.0/../../../../arm-none-eabi/lib/armv7e-m/libc_nano.a(lib_a-sprintf.o)
                0x0000000020009cf0                sprintf
                0x0000000020009cf0                siprintf
 .text.strcat   0x0000000020009d38       0x1e /usr/lib/gcc/arm-none-eabi/5.2.0/../../../../arm-none-eabi/lib/armv7e-m/libc_nano.a(lib_a-strcat.o)
                0x0000000020009d38                strcat
 .text.strchr   0x0000000020009d56       0x1c /usr/lib/gcc/arm-none-eabi/5.2.0/../../../../arm-none-eabi/lib/armv7e-m/libc_nano.a(lib_a-strchr.o)
                0x0000000020009d56                strchr
 .text          0x0000000020009d72       0x14 /usr/lib/gcc/arm-none-eabi/5.2.0/../../../../arm-none-eabi/lib/armv7e-m/libc_nano.a(lib_a-strcmp.o)
                0x0000000020009d72                strcmp
 .text.strcpy   0x0000000020009d86       0x10 /usr/lib/gcc/arm-none-eabi/5.2.0/../../../../arm-none-eabi/lib/armv7e-m/libc_nano.a(lib_a-strcpy.o)
                0x0000000020009d86                strcpy
 .text.strlen   0x0000000020009d96       0x10 /usr/lib/gcc/arm-none-eabi/5.2.0/../../../../arm-none-eabi/lib/armv7e-m/libc_nano.a(lib_a-strlen.o)
                0x0000000020009d96                strlen
 .text.strncmp  0x0000000020009da6       0x2a /usr/lib/gcc/arm-none-eabi/5.2.0/../../../../arm-none-eabi/lib/armv7e-m/libc_nano.a(lib_a-strncmp.o)
                0x0000000020009da6                strncmp
 .text.strncpy  0x0000000020009dd0       0x26 /usr/lib/gcc/arm-none-eabi/5.2.0/../../../../arm-none-eabi/lib/armv7e-m/libc_nano.a(lib_a-strncpy.o)
                0x0000000020009dd0                strncpy
 .text.strstr   0x0000000020009df6       0x34 /usr/lib/gcc/arm-none-eabi/5.2.0/../../../../arm-none-eabi/lib/armv7e-m/libc_nano.a(lib_a-strstr.o)
                0x0000000020009df6                strstr
 *fill*         0x0000000020009e2a        0x2 
 .text._strtol_r
                0x0000000020009e2c      0x10c /usr/lib/gcc/arm-none-eabi/5.2.0/../../../../arm-none-eabi/lib/armv7e-m/libc_nano.a(lib_a-strtol.o)
                0x0000000020009e2c                _strtol_r
 .text.strtol   0x0000000020009f38       0x14 /usr/lib/gcc/arm-none-eabi/5.2.0/../../../../arm-none-eabi/lib/armv7e-m/libc_nano.a(lib_a-strtol.o)
                0x0000000020009f38                strtol
 .text._vsnprintf_r
                0x0000000020009f4c       0x56 /usr/lib/gcc/arm-none-eabi/5.2.0/../../../../arm-none-eabi/lib/armv7e-m/libc_nano.a(lib_a-vsnprintf.o)
                0x0000000020009f4c                _vsnprintf_r
                0x0000000020009f4c                _vsniprintf_r
 *fill*         0x0000000020009fa2        0x2 
 .text.vsnprintf
                0x0000000020009fa4       0x1c /usr/lib/gcc/arm-none-eabi/5.2.0/../../../../arm-none-eabi/lib/armv7e-m/libc_nano.a(lib_a-vsnprintf.o)
                0x0000000020009fa4                vsnprintf
                0x0000000020009fa4                vsniprintf
 .text._realloc_r
                0x0000000020009fc0       0x4c /usr/lib/gcc/arm-none-eabi/5.2.0/../../../../arm-none-eabi/lib/armv7e-m/libc_nano.a(lib_a-nano-reallocr.o)
                0x0000000020009fc0                _realloc_r
 .text.__ssputs_r
                0x000000002000a00c       0xb2 /usr/lib/gcc/arm-none-eabi/5.2.0/../../../../arm-none-eabi/lib/armv7e-m/libc_nano.a(lib_a-nano-svfprintf.o)
                0x000000002000a00c                __ssputs_r
 *fill*         0x000000002000a0be        0x2 
 .text._svfprintf_r
                0x000000002000a0c0      0x1e8 /usr/lib/gcc/arm-none-eabi/5.2.0/../../../../arm-none-eabi/lib/armv7e-m/libc_nano.a(lib_a-nano-svfprintf.o)
                0x000000002000a0c0                _svfprintf_r
                0x000000002000a0c0                _svfiprintf_r
 .text._printf_common
                0x000000002000a2a8       0xec /usr/lib/gcc/arm-none-eabi/5.2.0/../../../../arm-none-eabi/lib/armv7e-m/libc_nano.a(lib_a-nano-vfprintf_i.o)
                0x000000002000a2a8                _printf_common
 .text._printf_i
                0x000000002000a394      0x24c /usr/lib/gcc/arm-none-eabi/5.2.0/../../../../arm-none-eabi/lib/armv7e-m/libc_nano.a(lib_a-nano-vfprintf_i.o)
                0x000000002000a394                _printf_i
 .text.memchr   0x000000002000a5e0       0x1e /usr/lib/gcc/arm-none-eabi/5.2.0/../../../../arm-none-eabi/lib/armv7e-m/libc_nano.a(lib_a-memchr.o)
                0x000000002000a5e0                memchr
 .text._malloc_usable_size_r
                0x000000002000a5fe       0x14 /usr/lib/gcc/arm-none-eabi/5.2.0/../../../../arm-none-eabi/lib/armv7e-m/libc_nano.a(lib_a-nano-msizer.o)
                0x000000002000a5fe                _malloc_usable_size_r
 *(.rodata*)
 .rodata.g_acDaysOfWeek2013
                0x000000002000a612       0x15 obj/Release/main.o
                0x000000002000a612                g_acDaysOfWeek2013
 .rodata.str1.1
                0x000000002000a627      0x349 obj/Release/main.o
                                        0x367 (size before relaxing)
 .rodata.g_acNumOfDaysPerMonth
                0x000000002000a970        0xc obj/Release/main.o
                0x000000002000a970                g_acNumOfDaysPerMonth
 .rodata.g_acSNTPserver
                0x000000002000a97c       0xf0 obj/Release/main.o
                0x000000002000a97c                g_acSNTPserver
 .rodata.g_acMonthOfYear
                0x000000002000aa6c       0x24 obj/Release/main.o
                0x000000002000aa6c                g_acMonthOfYear
 .rodata.str1.1
                0x000000002000aa90       0x24 obj/Release/uart_if.o
                                         0x27 (size before relaxing)
 .rodata.str1.1
                0x000000002000aab4       0x1d ../../../../simplelink_extlib/ota/gcc/lib/Release/ota.a(OtaApp.o)
 .rodata        0x000000002000aad1        0x4 ../../../../simplelink_extlib/ota/gcc/lib/Release/ota.a(OtaClient.o)
 .rodata.str1.1
                0x000000002000aad5       0xe8 ../../../../simplelink_extlib/ota/gcc/lib/Release/ota.a(OtaClient.o)
                                        0x103 (size before relaxing)
 .rodata.str1.1
                0x000000002000abbd       0x39 ../../../../simplelink_extlib/ota/gcc/lib/Release/ota.a(OtaHttp.o)
                                         0x56 (size before relaxing)
 .rodata.str1.1
                0x000000002000abf6        0x5 ../../../../simplelink_extlib/ota/gcc/lib/Release/ota.a(CdnClient.o)
 .rodata.str1.1
                0x000000002000abfb      0x11e ../../../../simplelink_extlib/ota/gcc/lib/Release/ota.a(LogClient.o)
                                        0x126 (size before relaxing)
 .rodata.str1.1
                0x000000002000ad19        0xd ../../../../simplelink_extlib/flc/gcc/lib/Release/flc.a(flc.o)
                                         0x22 (size before relaxing)
 .rodata._SlDeviceGetCmdCtrl
                0x000000002000ad26        0x4 ../../../../simplelink/gcc/lib/nonos/Release/libsimplelink.a(device.o)
 .rodata._SlStopCmdCtrl
                0x000000002000ad2a        0x4 ../../../../simplelink/gcc/lib/nonos/Release/libsimplelink.a(device.o)
 .rodata.StartResponseLUT
                0x000000002000ad2e        0x8 ../../../../simplelink/gcc/lib/nonos/Release/libsimplelink.a(device.o)
 *fill*         0x000000002000ad36        0x2 
 .rodata.g_H2NSyncPattern
                0x000000002000ad38        0x8 ../../../../simplelink/gcc/lib/nonos/Release/libsimplelink.a(driver.o)
 .rodata.g_H2NCnysPattern
                0x000000002000ad40        0x8 ../../../../simplelink/gcc/lib/nonos/Release/libsimplelink.a(driver.o)
 .rodata._SlActionLookupTable
                0x000000002000ad48       0x38 ../../../../simplelink/gcc/lib/nonos/Release/libsimplelink.a(driver.o)
                0x000000002000ad48                _SlActionLookupTable
 .rodata.OpcodeTranslateTable
                0x000000002000ad80       0x3c ../../../../simplelink/gcc/lib/nonos/Release/libsimplelink.a(driver.o)
                0x000000002000ad80                OpcodeTranslateTable
 .rodata.RxMsgClassLUT
                0x000000002000adbc       0x20 ../../../../simplelink/gcc/lib/nonos/Release/libsimplelink.a(driver.o)
 .rodata._SlGetHostByNameCtrl
                0x000000002000addc        0x4 ../../../../simplelink/gcc/lib/nonos/Release/libsimplelink.a(netapp.o)
 .rodata._SlNetAppSendTokenValueCmdCtrl
                0x000000002000ade0        0x4 ../../../../simplelink/gcc/lib/nonos/Release/libsimplelink.a(netapp.o)
                0x000000002000ade0                _SlNetAppSendTokenValueCmdCtrl
 .rodata._SlRegisterServiceCtrl
                0x000000002000ade4        0x4 ../../../../simplelink/gcc/lib/nonos/Release/libsimplelink.a(netapp.o)
 .rodata._SlNetCfgGetCmdCtrl
                0x000000002000ade8        0x4 ../../../../simplelink/gcc/lib/nonos/Release/libsimplelink.a(netcfg.o)
 .rodata._SlNetCfgSetCmdCtrl
                0x000000002000adec        0x4 ../../../../simplelink/gcc/lib/nonos/Release/libsimplelink.a(netcfg.o)
 .rodata        0x000000002000adf0       0x14 ../../../../simplelink/gcc/lib/nonos/Release/libsimplelink.a(fs.o)
 .rodata._SlFsDeleteCmdCtrl
                0x000000002000ae04        0x4 ../../../../simplelink/gcc/lib/nonos/Release/libsimplelink.a(fs.o)
 .rodata._SlFsReadCmdCtrl
                0x000000002000ae08        0x4 ../../../../simplelink/gcc/lib/nonos/Release/libsimplelink.a(fs.o)
 .rodata._SlFsWriteCmdCtrl
                0x000000002000ae0c        0x4 ../../../../simplelink/gcc/lib/nonos/Release/libsimplelink.a(fs.o)
 .rodata._SlFsCloseCmdCtrl
                0x000000002000ae10        0x4 ../../../../simplelink/gcc/lib/nonos/Release/libsimplelink.a(fs.o)
 .rodata._SlFsOpenCmdCtrl
                0x000000002000ae14        0x4 ../../../../simplelink/gcc/lib/nonos/Release/libsimplelink.a(fs.o)
 .rodata._SlSendCmdCtrl
                0x000000002000ae18        0x4 ../../../../simplelink/gcc/lib/nonos/Release/libsimplelink.a(socket.o)
 .rodata._SlSockSocketCmdCtrl
                0x000000002000ae1c        0x4 ../../../../simplelink/gcc/lib/nonos/Release/libsimplelink.a(socket.o)
 .rodata._SlPayloadByProtocolLUT
                0x000000002000ae20       0x10 ../../../../simplelink/gcc/lib/nonos/Release/libsimplelink.a(socket.o)
 .rodata._SlSockCloseCmdCtrl
                0x000000002000ae30        0x4 ../../../../simplelink/gcc/lib/nonos/Release/libsimplelink.a(socket.o)
 .rodata._SlRecvCmdCtrl
                0x000000002000ae34        0x4 ../../../../simplelink/gcc/lib/nonos/Release/libsimplelink.a(socket.o)
 .rodata._SlSetSockOptCmdCtrl
                0x000000002000ae38        0x4 ../../../../simplelink/gcc/lib/nonos/Release/libsimplelink.a(socket.o)
 .rodata._SlWlanCfgSetCmdCtrl
                0x000000002000ae3c        0x4 ../../../../simplelink/gcc/lib/nonos/Release/libsimplelink.a(wlan.o)
 .rodata._SlProfileDelCmdCtrl
                0x000000002000ae40        0x4 ../../../../simplelink/gcc/lib/nonos/Release/libsimplelink.a(wlan.o)
 .rodata._SlWlanSetModeCmdCtrl
                0x000000002000ae44        0x4 ../../../../simplelink/gcc/lib/nonos/Release/libsimplelink.a(wlan.o)
 .rodata._SlRxFilterSetCmdCtrl
                0x000000002000ae48        0x4 ../../../../simplelink/gcc/lib/nonos/Release/libsimplelink.a(wlan.o)
 .rodata._SlPolicySetCmdCtrl
                0x000000002000ae4c        0x4 ../../../../simplelink/gcc/lib/nonos/Release/libsimplelink.a(wlan.o)
 .rodata.g_pulEnRegs
                0x000000002000ae50       0x18 ../../../../driverlib/gcc/lib/Release/libdriver.a(interrupt.o)
 .rodata.g_pulDisRegs
                0x000000002000ae68       0x18 ../../../../driverlib/gcc/lib/Release/libdriver.a(interrupt.o)
 .rodata.g_ulPinToPadMap
                0x000000002000ae80      0x100 ../../../../driverlib/gcc/lib/Release/libdriver.a(pin.o)
 .rodata.PRCM_PeriphRegsList
                0x000000002000af80       0xa8 ../../../../driverlib/gcc/lib/Release/libdriver.a(prcm.o)
 .rodata._ctype_
                0x000000002000b028      0x101 /usr/lib/gcc/arm-none-eabi/5.2.0/../../../../arm-none-eabi/lib/armv7e-m/libc_nano.a(lib_a-ctype_.o)
                0x000000002000b028                _ctype_
 .rodata.str1.1
                0x000000002000b129        0x2 /usr/lib/gcc/arm-none-eabi/5.2.0/../../../../arm-none-eabi/lib/armv7e-m/libc_nano.a(lib_a-impure.o)
 .rodata.str1.1
                0x000000002000b12b       0x11 /usr/lib/gcc/arm-none-eabi/5.2.0/../../../../arm-none-eabi/lib/armv7e-m/libc_nano.a(lib_a-nano-svfprintf.o)
 .rodata.str1.1
                0x000000002000b13c       0x22 /usr/lib/gcc/arm-none-eabi/5.2.0/../../../../arm-none-eabi/lib/armv7e-m/libc_nano.a(lib_a-nano-vfprintf_i.o)
 *(.ARM.extab* .gnu.linkonce.armextab.*)
                0x000000002000b160                . = ALIGN (0x8)
 *fill*         0x000000002000b15e        0x2 
                0x000000002000b160                _etext = .

.glue_7         0x000000002000b160        0x0
 .glue_7        0x0000000000000000        0x0 linker stubs

.glue_7t        0x000000002000b160        0x0
 .glue_7t       0x0000000000000000        0x0 linker stubs

.vfp11_veneer   0x000000002000b160        0x0
 .vfp11_veneer  0x0000000000000000        0x0 linker stubs

.v4_bx          0x000000002000b160        0x0
 .v4_bx         0x0000000000000000        0x0 linker stubs

.iplt           0x000000002000b160        0x0
 .iplt          0x0000000000000000        0x0 obj/Release/main.o

.rel.dyn        0x000000002000b160        0x0
 .rel.iplt      0x0000000000000000        0x0 obj/Release/main.o

.ARM            0x000000002000b160        0x0
                0x000000002000b160                __exidx_start = .
 *(.ARM.exidx*)
                0x000000002000b160                __exidx_end = .
                0x000000002000b160                __init_data = .

.data           0x000000002000b160       0x68
                0x000000002000b160                _data = .
 *(.data*)
 .data.__ctype_ptr__
                0x000000002000b160        0x4 /usr/lib/gcc/arm-none-eabi/5.2.0/../../../../arm-none-eabi/lib/armv7e-m/libc_nano.a(lib_a-ctype_.o)
                0x000000002000b160                __ctype_ptr__
 .data.impure_data
                0x000000002000b164       0x60 /usr/lib/gcc/arm-none-eabi/5.2.0/../../../../arm-none-eabi/lib/armv7e-m/libc_nano.a(lib_a-impure.o)
 .data._impure_ptr
                0x000000002000b1c4        0x4 /usr/lib/gcc/arm-none-eabi/5.2.0/../../../../arm-none-eabi/lib/armv7e-m/libc_nano.a(lib_a-impure.o)
                0x000000002000b1c4                _impure_ptr
                0x000000002000b1c8                . = ALIGN (0x8)
                0x000000002000b1c8                _edata = .

.igot.plt       0x000000002000b1c8        0x0
 .igot.plt      0x0000000000000000        0x0 obj/Release/main.o

.bss            0x000000002000b400     0x31cc
                0x000000002000b400                _bss = .
 *(.bss*)
 .bss.pvOtaApp  0x000000002000b400        0x4 obj/Release/main.o
 .bss.cTaskOwnState.6845
                0x000000002000b404        0x1 obj/Release/main.o
 *fill*         0x000000002000b405        0x3 
 .bss.g_otaOptServerInfo
                0x000000002000b408      0x240 obj/Release/main.o
 .bss.g_ulSysState
                0x000000002000b648        0x4 obj/Release/main.o
 .bss.g_DispRefreshSyncObj
                0x000000002000b64c        0x4 obj/Release/main.o
 .bss.ucTaskOwnState.6905
                0x000000002000b650        0x1 obj/Release/main.o
 *fill*         0x000000002000b651        0x3 
 .bss.g_FactResetSyncObj
                0x000000002000b654        0x4 obj/Release/main.o
 .bss.g_OTAStatSyncObj
                0x000000002000b658        0x4 obj/Release/main.o
 .bss.sGetTime.6846
                0x000000002000b65c        0xc obj/Release/main.o
 .bss.sDisplayInfo
                0x000000002000b668       0xdc obj/Release/main.o
 .bss.cTaskOwnState.6892
                0x000000002000b744        0x1 obj/Release/main.o
 *fill*         0x000000002000b745        0x3 
 .bss.g_NetStatSyncObj
                0x000000002000b748        0x4 obj/Release/main.o
 .bss.g_TaskList
                0x000000002000b74c       0x50 obj/Release/task.o
 .bss.g_psCurrentTask
                0x000000002000b79c        0x4 obj/Release/task.o
 .bss.ulNxtTask.4409
                0x000000002000b7a0        0x4 obj/Release/task.o
 .bss.__Errorlog
                0x000000002000b7a4        0x4 obj/Release/uart_if.o
 .bss.pui32Stack
                0x000000002000b7a8     0x1000 obj/Release/startup_gcc.o
 .bss.heap_end  0x000000002000c7a8        0x4 obj/Release/startup_gcc.o
 .bss.heap2_end
                0x000000002000c7ac        0x4 obj/Release/startup_gcc.o
 .bss.g_ConsecutiveNetAccessNetErrors
                0x000000002000c7b0        0x4 ../../../../simplelink_extlib/ota/gcc/lib/Release/ota.a(OtaHttp.o)
                0x000000002000c7b0                g_ConsecutiveNetAccessNetErrors
 .bss.send_buf  0x000000002000c7b4      0x200 ../../../../simplelink_extlib/ota/gcc/lib/Release/ota.a(OtaHttp.o)
 .bss.recv_buf  0x000000002000c9b4      0x5a0 ../../../../simplelink_extlib/ota/gcc/lib/Release/ota.a(OtaHttp.o)
 .bss.sBootInfo
                0x000000002000cf54        0x8 ../../../../simplelink_extlib/flc/gcc/lib/Release/flc.a(flc.o)
 .bss.g_StatMem
                0x000000002000cf5c      0x168 ../../../../simplelink/gcc/lib/nonos/Release/libsimplelink.a(driver.o)
 .bss.g_SlDeviceStatus
                0x000000002000d0c4        0x2 ../../../../simplelink/gcc/lib/nonos/Release/libsimplelink.a(driver.o)
                0x000000002000d0c4                g_SlDeviceStatus
 .bss.gFirstCmdMode
                0x000000002000d0c6        0x1 ../../../../simplelink/gcc/lib/nonos/Release/libsimplelink.a(driver.o)
 *fill*         0x000000002000d0c7        0x1 
 .bss.pPingCallBackFunc
                0x000000002000d0c8        0x4 ../../../../simplelink/gcc/lib/nonos/Release/libsimplelink.a(driver.o)
                0x000000002000d0c8                pPingCallBackFunc
 .bss.g_pCB     0x000000002000d0cc        0x4 ../../../../simplelink/gcc/lib/nonos/Release/libsimplelink.a(driver.o)
                0x000000002000d0cc                g_pCB
 .bss.g__SlNonOsCB
                0x000000002000d0d0       0x3c ../../../../simplelink/gcc/lib/nonos/Release/libsimplelink.a(nonos.o)
                0x000000002000d0d0                g__SlNonOsCB
 .bss.g_SpiFd   0x000000002000d10c        0x4 ../../../../simplelink/gcc/lib/nonos/Release/libsimplelink.a(cc_pal.o)
                0x000000002000d10c                g_SpiFd
 .bss.g_ucDMAEnabled
                0x000000002000d110        0x1 ../../../../simplelink/gcc/lib/nonos/Release/libsimplelink.a(cc_pal.o)
                0x000000002000d110                g_ucDMAEnabled
 *fill*         0x000000002000d111        0x3 
 .bss.__malloc_sbrk_start
                0x000000002000d114        0x4 /usr/lib/gcc/arm-none-eabi/5.2.0/../../../../arm-none-eabi/lib/armv7e-m/libc_nano.a(lib_a-nano-mallocr.o)
                0x000000002000d114                __malloc_sbrk_start
 .bss.__malloc_free_list
                0x000000002000d118        0x4 /usr/lib/gcc/arm-none-eabi/5.2.0/../../../../arm-none-eabi/lib/armv7e-m/libc_nano.a(lib_a-nano-mallocr.o)
                0x000000002000d118                __malloc_free_list
 *(COMMON)
 COMMON         0x000000002000d11c       0x35 obj/Release/net.o
                0x000000002000d11c                g_ulIpAddr
                0x000000002000d120                g_ucSimplelinkstarted
                0x000000002000d121                g_ucConnectionBSSID
                0x000000002000d128                g_ulGatewayIP
                0x000000002000d12c                g_ulStatus
                0x000000002000d130                g_ucConnectionSSID
 *fill*         0x000000002000d151        0x3 
 COMMON         0x000000002000d154        0x8 obj/Release/button_if.o
                0x000000002000d154                g_S3InterruptHdl
                0x000000002000d158                g_S2InterruptHdl
 *fill*         0x000000002000d15c      0x2a4 
 COMMON         0x000000002000d400      0x800 obj/Release/udma_if.o
                0x000000002000d400                gfpAppCallbackHndl
                0x000000002000d500                iDone
                0x000000002000d800                gpCtlTbl
 COMMON         0x000000002000dc00       0xac ../../../../simplelink_extlib/ota/gcc/lib/Release/ota.a(OtaApp.o)
                0x000000002000dc00                g_OtaApp_statistics
                0x000000002000dc4c                g_FlcSflashCb
                0x000000002000dc60                g_OtaApp
 COMMON         0x000000002000dcac      0x848 ../../../../simplelink_extlib/ota/gcc/lib/Release/ota.a(OtaClient.o)
                0x000000002000dcac                g_OtaCheckUpdateResponse
                0x000000002000e0f8                g_OtaFileMetadata
                0x000000002000e4d0                g_OtaClient
 COMMON         0x000000002000e4f4       0x74 ../../../../simplelink_extlib/ota/gcc/lib/Release/ota.a(CdnClient.o)
                0x000000002000e4f4                g_CdnClient
 COMMON         0x000000002000e568        0x8 ../../../../simplelink_extlib/ota/gcc/lib/Release/ota.a(LogClient.o)
                0x000000002000e568                g_LogClient
 COMMON         0x000000002000e570        0x2 ../../../../simplelink/gcc/lib/nonos/Release/libsimplelink.a(driver.o)
                0x000000002000e570                g_bDeviceRestartIsRequired
                0x000000002000e571                RxIrqCnt
 *fill*         0x000000002000e572        0x2 
 COMMON         0x000000002000e574       0x54 ../../../../simplelink/gcc/lib/nonos/Release/libsimplelink.a(cc_pal.o)
                0x000000002000e574                g_cDummy
                0x000000002000e578                g_ucDinDout
 COMMON         0x000000002000e5c8        0x4 /usr/lib/gcc/arm-none-eabi/5.2.0/../../../../arm-none-eabi/lib/armv7e-m/libc_nano.a(lib_a-reent.o)
                0x000000002000e5c8                errno
                0x000000002000e5cc                _ebss = .

.heap           0x000000002000e5cc    0x31a34
                0x000000002000e5cc                _heap = .
                0x000000002003fe38                . = (((((((. + 0x40000) - SIZEOF (.bss)) - SIZEOF (.data)) - SIZEOF (.ARM)) - SIZEOF (.text)) - SIZEOF (.bootloader)) - 0x400)
 *fill*         0x000000002000e5cc    0x3186c 
                0x0000000020040000                . = ALIGN (0x400)
 *fill*         0x000000002003fe38      0x1c8 
                0x0000000020040000                _eheap = .
LOAD obj/Release/main.o
LOAD obj/Release/pinmux.o
LOAD obj/Release/net.o
LOAD obj/Release/task.o
LOAD obj/Release/uart_if.o
LOAD obj/Release/button_if.o
LOAD obj/Release/udma_if.o
LOAD obj/Release/startup_gcc.o
LOAD ../../../../simplelink_extlib/ota/gcc/lib/Release/ota.a
LOAD ../../../../simplelink_extlib/flc/gcc/lib/Release/flc.a
LOAD ../../../../simplelink/gcc/lib/nonos/Release/libsimplelink.a
LOAD ../../../../driverlib/gcc/lib/Release/libdriver.a
LOAD /usr/lib/gcc/arm-none-eabi/5.2.0/../../../../arm-none-eabi/lib/armv7e-m/libc_nano.a
LOAD /usr/lib/gcc/arm-none-eabi/5.2.0/../../../../arm-none-eabi/lib/armv7e-m/libm.a
LOAD /usr/lib/gcc/arm-none-eabi/5.2.0/armv7e-m/libgcc.a
LOAD /usr/lib/gcc/arm-none-eabi/5.2.0/../../../../arm-none-eabi/lib/armv7e-m/libnosys.a
OUTPUT(bin/Release/ota_update_nonos.elf elf32-littlearm)

.debug_info     0x0000000000000000    0x210cb
 .debug_info    0x0000000000000000     0x1833 obj/Release/main.o
 .debug_info    0x0000000000001833      0x16a obj/Release/pinmux.o
 .debug_info    0x000000000000199d      0xfab obj/Release/net.o
 .debug_info    0x0000000000002948      0x2fc obj/Release/task.o
 .debug_info    0x0000000000002c44      0x512 obj/Release/uart_if.o
 .debug_info    0x0000000000003156      0x48f obj/Release/button_if.o
 .debug_info    0x00000000000035e5      0x60f obj/Release/udma_if.o
 .debug_info    0x0000000000003bf4      0x221 obj/Release/startup_gcc.o
 .debug_info    0x0000000000003e15      0xe41 ../../../../simplelink_extlib/ota/gcc/lib/Release/ota.a(OtaApp.o)
 .debug_info    0x0000000000004c56      0xefd ../../../../simplelink_extlib/ota/gcc/lib/Release/ota.a(OtaClient.o)
 .debug_info    0x0000000000005b53     0x109a ../../../../simplelink_extlib/ota/gcc/lib/Release/ota.a(OtaHttp.o)
 .debug_info    0x0000000000006bed      0xaff ../../../../simplelink_extlib/ota/gcc/lib/Release/ota.a(CdnClient.o)
 .debug_info    0x00000000000076ec      0x816 ../../../../simplelink_extlib/ota/gcc/lib/Release/ota.a(LogClient.o)
 .debug_info    0x0000000000007f02      0x6ea ../../../../simplelink_extlib/flc/gcc/lib/Release/flc.a(flc.o)
 .debug_info    0x00000000000085ec     0x1366 ../../../../simplelink/gcc/lib/nonos/Release/libsimplelink.a(device.o)
 .debug_info    0x0000000000009952     0x2810 ../../../../simplelink/gcc/lib/nonos/Release/libsimplelink.a(driver.o)
 .debug_info    0x000000000000c162     0x1e63 ../../../../simplelink/gcc/lib/nonos/Release/libsimplelink.a(netapp.o)
 .debug_info    0x000000000000dfc5      0x42d ../../../../simplelink/gcc/lib/nonos/Release/libsimplelink.a(netcfg.o)
 .debug_info    0x000000000000e3f2      0x6e1 ../../../../simplelink/gcc/lib/nonos/Release/libsimplelink.a(nonos.o)
 .debug_info    0x000000000000ead3      0xac3 ../../../../simplelink/gcc/lib/nonos/Release/libsimplelink.a(fs.o)
 .debug_info    0x000000000000f596     0x1ecd ../../../../simplelink/gcc/lib/nonos/Release/libsimplelink.a(socket.o)
 .debug_info    0x0000000000011463     0x1f99 ../../../../simplelink/gcc/lib/nonos/Release/libsimplelink.a(wlan.o)
 .debug_info    0x00000000000133fc      0xfd7 ../../../../simplelink/gcc/lib/nonos/Release/libsimplelink.a(cc_pal.o)
 .debug_info    0x00000000000143d3      0x444 ../../../../driverlib/gcc/lib/Release/libdriver.a(gpio.o)
 .debug_info    0x0000000000014817      0x3ea ../../../../driverlib/gcc/lib/Release/libdriver.a(interrupt.o)
 .debug_info    0x0000000000014c01      0x421 ../../../../driverlib/gcc/lib/Release/libdriver.a(pin.o)
 .debug_info    0x0000000000015022     0x1648 ../../../../driverlib/gcc/lib/Release/libdriver.a(prcm.o)
 .debug_info    0x000000000001666a      0xb9e ../../../../driverlib/gcc/lib/Release/libdriver.a(spi.o)
 .debug_info    0x0000000000017208      0x145 ../../../../driverlib/gcc/lib/Release/libdriver.a(systick.o)
 .debug_info    0x000000000001734d      0x67d ../../../../driverlib/gcc/lib/Release/libdriver.a(timer.o)
 .debug_info    0x00000000000179ca       0x50 ../../../../driverlib/gcc/lib/Release/libdriver.a(utils.o)
 .debug_info    0x0000000000017a1a      0x7c5 /usr/lib/gcc/arm-none-eabi/5.2.0/../../../../arm-none-eabi/lib/armv7e-m/libc_nano.a(lib_a-atol.o)
 .debug_info    0x00000000000181df      0x7b2 /usr/lib/gcc/arm-none-eabi/5.2.0/../../../../arm-none-eabi/lib/armv7e-m/libc_nano.a(lib_a-malloc.o)
 .debug_info    0x0000000000018991      0x115 /usr/lib/gcc/arm-none-eabi/5.2.0/../../../../arm-none-eabi/lib/armv7e-m/libc_nano.a(lib_a-memcpy.o)
 .debug_info    0x0000000000018aa6      0x109 /usr/lib/gcc/arm-none-eabi/5.2.0/../../../../arm-none-eabi/lib/armv7e-m/libc_nano.a(lib_a-memmove.o)
 .debug_info    0x0000000000018baf       0xda /usr/lib/gcc/arm-none-eabi/5.2.0/../../../../arm-none-eabi/lib/armv7e-m/libc_nano.a(lib_a-memset.o)
 .debug_info    0x0000000000018c89      0x821 /usr/lib/gcc/arm-none-eabi/5.2.0/../../../../arm-none-eabi/lib/armv7e-m/libc_nano.a(lib_a-nano-freer.o)
 .debug_info    0x00000000000194aa      0x8ec /usr/lib/gcc/arm-none-eabi/5.2.0/../../../../arm-none-eabi/lib/armv7e-m/libc_nano.a(lib_a-nano-mallocr.o)
 .debug_info    0x0000000000019d96      0x786 /usr/lib/gcc/arm-none-eabi/5.2.0/../../../../arm-none-eabi/lib/armv7e-m/libc_nano.a(lib_a-realloc.o)
 .debug_info    0x000000000001a51c      0x7a1 /usr/lib/gcc/arm-none-eabi/5.2.0/../../../../arm-none-eabi/lib/armv7e-m/libc_nano.a(lib_a-sbrkr.o)
 .debug_info    0x000000000001acbd      0x8bd /usr/lib/gcc/arm-none-eabi/5.2.0/../../../../arm-none-eabi/lib/armv7e-m/libc_nano.a(lib_a-snprintf.o)
 .debug_info    0x000000000001b57a      0x88c /usr/lib/gcc/arm-none-eabi/5.2.0/../../../../arm-none-eabi/lib/armv7e-m/libc_nano.a(lib_a-sprintf.o)
 .debug_info    0x000000000001be06       0xdd /usr/lib/gcc/arm-none-eabi/5.2.0/../../../../arm-none-eabi/lib/armv7e-m/libc_nano.a(lib_a-strcat.o)
 .debug_info    0x000000000001bee3       0xea /usr/lib/gcc/arm-none-eabi/5.2.0/../../../../arm-none-eabi/lib/armv7e-m/libc_nano.a(lib_a-strchr.o)
 .debug_info    0x000000000001bfcd       0xc4 /usr/lib/gcc/arm-none-eabi/5.2.0/../../../../arm-none-eabi/lib/armv7e-m/libc_nano.a(lib_a-strcmp.o)
 .debug_info    0x000000000001c091       0xc4 /usr/lib/gcc/arm-none-eabi/5.2.0/../../../../arm-none-eabi/lib/armv7e-m/libc_nano.a(lib_a-strcpy.o)
 .debug_info    0x000000000001c155       0xd4 /usr/lib/gcc/arm-none-eabi/5.2.0/../../../../arm-none-eabi/lib/armv7e-m/libc_nano.a(lib_a-strlen.o)
 .debug_info    0x000000000001c229       0xd6 /usr/lib/gcc/arm-none-eabi/5.2.0/../../../../arm-none-eabi/lib/armv7e-m/libc_nano.a(lib_a-strncmp.o)
 .debug_info    0x000000000001c2ff      0x10a /usr/lib/gcc/arm-none-eabi/5.2.0/../../../../arm-none-eabi/lib/armv7e-m/libc_nano.a(lib_a-strncpy.o)
 .debug_info    0x000000000001c409       0xde /usr/lib/gcc/arm-none-eabi/5.2.0/../../../../arm-none-eabi/lib/armv7e-m/libc_nano.a(lib_a-strstr.o)
 .debug_info    0x000000000001c4e7      0x864 /usr/lib/gcc/arm-none-eabi/5.2.0/../../../../arm-none-eabi/lib/armv7e-m/libc_nano.a(lib_a-strtol.o)
 .debug_info    0x000000000001cd4b      0x892 /usr/lib/gcc/arm-none-eabi/5.2.0/../../../../arm-none-eabi/lib/armv7e-m/libc_nano.a(lib_a-vsnprintf.o)
 .debug_info    0x000000000001d5dd       0x6f /usr/lib/gcc/arm-none-eabi/5.2.0/../../../../arm-none-eabi/lib/armv7e-m/libc_nano.a(lib_a-ctype_.o)
 .debug_info    0x000000000001d64c      0x7da /usr/lib/gcc/arm-none-eabi/5.2.0/../../../../arm-none-eabi/lib/armv7e-m/libc_nano.a(lib_a-impure.o)
 .debug_info    0x000000000001de26      0x878 /usr/lib/gcc/arm-none-eabi/5.2.0/../../../../arm-none-eabi/lib/armv7e-m/libc_nano.a(lib_a-nano-reallocr.o)
 .debug_info    0x000000000001e69e      0xd40 /usr/lib/gcc/arm-none-eabi/5.2.0/../../../../arm-none-eabi/lib/armv7e-m/libc_nano.a(lib_a-nano-svfprintf.o)
 .debug_info    0x000000000001f3de      0xb33 /usr/lib/gcc/arm-none-eabi/5.2.0/../../../../arm-none-eabi/lib/armv7e-m/libc_nano.a(lib_a-nano-vfprintf_i.o)
 .debug_info    0x000000000001ff11      0x8fb /usr/lib/gcc/arm-none-eabi/5.2.0/../../../../arm-none-eabi/lib/armv7e-m/libc_nano.a(lib_a-reent.o)
 .debug_info    0x000000000002080c       0xff /usr/lib/gcc/arm-none-eabi/5.2.0/../../../../arm-none-eabi/lib/armv7e-m/libc_nano.a(lib_a-memchr.o)
 .debug_info    0x000000000002090b      0x7c0 /usr/lib/gcc/arm-none-eabi/5.2.0/../../../../arm-none-eabi/lib/armv7e-m/libc_nano.a(lib_a-nano-msizer.o)

.debug_abbrev   0x0000000000000000     0x6110
 .debug_abbrev  0x0000000000000000      0x37a obj/Release/main.o
 .debug_abbrev  0x000000000000037a       0x71 obj/Release/pinmux.o
 .debug_abbrev  0x00000000000003eb      0x314 obj/Release/net.o
 .debug_abbrev  0x00000000000006ff      0x179 obj/Release/task.o
 .debug_abbrev  0x0000000000000878      0x1d0 obj/Release/uart_if.o
 .debug_abbrev  0x0000000000000a48      0x17d obj/Release/button_if.o
 .debug_abbrev  0x0000000000000bc5      0x1d2 obj/Release/udma_if.o
 .debug_abbrev  0x0000000000000d97      0x149 obj/Release/startup_gcc.o
 .debug_abbrev  0x0000000000000ee0      0x211 ../../../../simplelink_extlib/ota/gcc/lib/Release/ota.a(OtaApp.o)
 .debug_abbrev  0x00000000000010f1      0x206 ../../../../simplelink_extlib/ota/gcc/lib/Release/ota.a(OtaClient.o)
 .debug_abbrev  0x00000000000012f7      0x227 ../../../../simplelink_extlib/ota/gcc/lib/Release/ota.a(OtaHttp.o)
 .debug_abbrev  0x000000000000151e      0x25d ../../../../simplelink_extlib/ota/gcc/lib/Release/ota.a(CdnClient.o)
 .debug_abbrev  0x000000000000177b      0x165 ../../../../simplelink_extlib/ota/gcc/lib/Release/ota.a(LogClient.o)
 .debug_abbrev  0x00000000000018e0      0x1fb ../../../../simplelink_extlib/flc/gcc/lib/Release/flc.a(flc.o)
 .debug_abbrev  0x0000000000001adb      0x327 ../../../../simplelink/gcc/lib/nonos/Release/libsimplelink.a(device.o)
 .debug_abbrev  0x0000000000001e02      0x3ca ../../../../simplelink/gcc/lib/nonos/Release/libsimplelink.a(driver.o)
 .debug_abbrev  0x00000000000021cc      0x34a ../../../../simplelink/gcc/lib/nonos/Release/libsimplelink.a(netapp.o)
 .debug_abbrev  0x0000000000002516      0x17b ../../../../simplelink/gcc/lib/nonos/Release/libsimplelink.a(netcfg.o)
 .debug_abbrev  0x0000000000002691      0x1f1 ../../../../simplelink/gcc/lib/nonos/Release/libsimplelink.a(nonos.o)
 .debug_abbrev  0x0000000000002882      0x262 ../../../../simplelink/gcc/lib/nonos/Release/libsimplelink.a(fs.o)
 .debug_abbrev  0x0000000000002ae4      0x3a5 ../../../../simplelink/gcc/lib/nonos/Release/libsimplelink.a(socket.o)
 .debug_abbrev  0x0000000000002e89      0x291 ../../../../simplelink/gcc/lib/nonos/Release/libsimplelink.a(wlan.o)
 .debug_abbrev  0x000000000000311a      0x2eb ../../../../simplelink/gcc/lib/nonos/Release/libsimplelink.a(cc_pal.o)
 .debug_abbrev  0x0000000000003405      0x163 ../../../../driverlib/gcc/lib/Release/libdriver.a(gpio.o)
 .debug_abbrev  0x0000000000003568      0x178 ../../../../driverlib/gcc/lib/Release/libdriver.a(interrupt.o)
 .debug_abbrev  0x00000000000036e0      0x11f ../../../../driverlib/gcc/lib/Release/libdriver.a(pin.o)
 .debug_abbrev  0x00000000000037ff      0x31a ../../../../driverlib/gcc/lib/Release/libdriver.a(prcm.o)
 .debug_abbrev  0x0000000000003b19      0x1f4 ../../../../driverlib/gcc/lib/Release/libdriver.a(spi.o)
 .debug_abbrev  0x0000000000003d0d       0xda ../../../../driverlib/gcc/lib/Release/libdriver.a(systick.o)
 .debug_abbrev  0x0000000000003de7      0x100 ../../../../driverlib/gcc/lib/Release/libdriver.a(timer.o)
 .debug_abbrev  0x0000000000003ee7       0x48 ../../../../driverlib/gcc/lib/Release/libdriver.a(utils.o)
 .debug_abbrev  0x0000000000003f2f      0x15f /usr/lib/gcc/arm-none-eabi/5.2.0/../../../../arm-none-eabi/lib/armv7e-m/libc_nano.a(lib_a-atol.o)
 .debug_abbrev  0x000000000000408e      0x18a /usr/lib/gcc/arm-none-eabi/5.2.0/../../../../arm-none-eabi/lib/armv7e-m/libc_nano.a(lib_a-malloc.o)
 .debug_abbrev  0x0000000000004218       0xab /usr/lib/gcc/arm-none-eabi/5.2.0/../../../../arm-none-eabi/lib/armv7e-m/libc_nano.a(lib_a-memcpy.o)
 .debug_abbrev  0x00000000000042c3       0x9c /usr/lib/gcc/arm-none-eabi/5.2.0/../../../../arm-none-eabi/lib/armv7e-m/libc_nano.a(lib_a-memmove.o)
 .debug_abbrev  0x000000000000435f       0x8e /usr/lib/gcc/arm-none-eabi/5.2.0/../../../../arm-none-eabi/lib/armv7e-m/libc_nano.a(lib_a-memset.o)
 .debug_abbrev  0x00000000000043ed      0x1b6 /usr/lib/gcc/arm-none-eabi/5.2.0/../../../../arm-none-eabi/lib/armv7e-m/libc_nano.a(lib_a-nano-freer.o)
 .debug_abbrev  0x00000000000045a3      0x24e /usr/lib/gcc/arm-none-eabi/5.2.0/../../../../arm-none-eabi/lib/armv7e-m/libc_nano.a(lib_a-nano-mallocr.o)
 .debug_abbrev  0x00000000000047f1      0x17f /usr/lib/gcc/arm-none-eabi/5.2.0/../../../../arm-none-eabi/lib/armv7e-m/libc_nano.a(lib_a-realloc.o)
 .debug_abbrev  0x0000000000004970      0x1a0 /usr/lib/gcc/arm-none-eabi/5.2.0/../../../../arm-none-eabi/lib/armv7e-m/libc_nano.a(lib_a-sbrkr.o)
 .debug_abbrev  0x0000000000004b10      0x1c2 /usr/lib/gcc/arm-none-eabi/5.2.0/../../../../arm-none-eabi/lib/armv7e-m/libc_nano.a(lib_a-snprintf.o)
 .debug_abbrev  0x0000000000004cd2      0x1c0 /usr/lib/gcc/arm-none-eabi/5.2.0/../../../../arm-none-eabi/lib/armv7e-m/libc_nano.a(lib_a-sprintf.o)
 .debug_abbrev  0x0000000000004e92       0x7b /usr/lib/gcc/arm-none-eabi/5.2.0/../../../../arm-none-eabi/lib/armv7e-m/libc_nano.a(lib_a-strcat.o)
 .debug_abbrev  0x0000000000004f0d       0x83 /usr/lib/gcc/arm-none-eabi/5.2.0/../../../../arm-none-eabi/lib/armv7e-m/libc_nano.a(lib_a-strchr.o)
 .debug_abbrev  0x0000000000004f90       0x14 /usr/lib/gcc/arm-none-eabi/5.2.0/../../../../arm-none-eabi/lib/armv7e-m/libc_nano.a(lib_a-strcmp.o)
 .debug_abbrev  0x0000000000004fa4       0x72 /usr/lib/gcc/arm-none-eabi/5.2.0/../../../../arm-none-eabi/lib/armv7e-m/libc_nano.a(lib_a-strcpy.o)
 .debug_abbrev  0x0000000000005016       0x8c /usr/lib/gcc/arm-none-eabi/5.2.0/../../../../arm-none-eabi/lib/armv7e-m/libc_nano.a(lib_a-strlen.o)
 .debug_abbrev  0x00000000000050a2       0x70 /usr/lib/gcc/arm-none-eabi/5.2.0/../../../../arm-none-eabi/lib/armv7e-m/libc_nano.a(lib_a-strncmp.o)
 .debug_abbrev  0x0000000000005112       0x97 /usr/lib/gcc/arm-none-eabi/5.2.0/../../../../arm-none-eabi/lib/armv7e-m/libc_nano.a(lib_a-strncpy.o)
 .debug_abbrev  0x00000000000051a9       0x93 /usr/lib/gcc/arm-none-eabi/5.2.0/../../../../arm-none-eabi/lib/armv7e-m/libc_nano.a(lib_a-strstr.o)
 .debug_abbrev  0x000000000000523c      0x1b3 /usr/lib/gcc/arm-none-eabi/5.2.0/../../../../arm-none-eabi/lib/armv7e-m/libc_nano.a(lib_a-strtol.o)
 .debug_abbrev  0x00000000000053ef      0x1bd /usr/lib/gcc/arm-none-eabi/5.2.0/../../../../arm-none-eabi/lib/armv7e-m/libc_nano.a(lib_a-vsnprintf.o)
 .debug_abbrev  0x00000000000055ac       0x4e /usr/lib/gcc/arm-none-eabi/5.2.0/../../../../arm-none-eabi/lib/armv7e-m/libc_nano.a(lib_a-ctype_.o)
 .debug_abbrev  0x00000000000055fa      0x136 /usr/lib/gcc/arm-none-eabi/5.2.0/../../../../arm-none-eabi/lib/armv7e-m/libc_nano.a(lib_a-impure.o)
 .debug_abbrev  0x0000000000005730      0x1af /usr/lib/gcc/arm-none-eabi/5.2.0/../../../../arm-none-eabi/lib/armv7e-m/libc_nano.a(lib_a-nano-reallocr.o)
 .debug_abbrev  0x00000000000058df      0x23f /usr/lib/gcc/arm-none-eabi/5.2.0/../../../../arm-none-eabi/lib/armv7e-m/libc_nano.a(lib_a-nano-svfprintf.o)
 .debug_abbrev  0x0000000000005b1e      0x1f4 /usr/lib/gcc/arm-none-eabi/5.2.0/../../../../arm-none-eabi/lib/armv7e-m/libc_nano.a(lib_a-nano-vfprintf_i.o)
 .debug_abbrev  0x0000000000005d12      0x1f2 /usr/lib/gcc/arm-none-eabi/5.2.0/../../../../arm-none-eabi/lib/armv7e-m/libc_nano.a(lib_a-reent.o)
 .debug_abbrev  0x0000000000005f04       0xab /usr/lib/gcc/arm-none-eabi/5.2.0/../../../../arm-none-eabi/lib/armv7e-m/libc_nano.a(lib_a-memchr.o)
 .debug_abbrev  0x0000000000005faf      0x161 /usr/lib/gcc/arm-none-eabi/5.2.0/../../../../arm-none-eabi/lib/armv7e-m/libc_nano.a(lib_a-nano-msizer.o)

.debug_loc      0x0000000000000000     0xe4bc
 .debug_loc     0x0000000000000000      0x68d obj/Release/main.o
 .debug_loc     0x000000000000068d      0x2ca obj/Release/net.o
 .debug_loc     0x0000000000000957      0x146 obj/Release/task.o
 .debug_loc     0x0000000000000a9d      0x2be obj/Release/uart_if.o
 .debug_loc     0x0000000000000d5b      0x11b obj/Release/button_if.o
 .debug_loc     0x0000000000000e76      0x357 obj/Release/udma_if.o
 .debug_loc     0x00000000000011cd       0x65 obj/Release/startup_gcc.o
 .debug_loc     0x0000000000001232      0x70f ../../../../simplelink_extlib/ota/gcc/lib/Release/ota.a(OtaApp.o)
 .debug_loc     0x0000000000001941      0x774 ../../../../simplelink_extlib/ota/gcc/lib/Release/ota.a(OtaClient.o)
 .debug_loc     0x00000000000020b5      0xb7b ../../../../simplelink_extlib/ota/gcc/lib/Release/ota.a(OtaHttp.o)
 .debug_loc     0x0000000000002c30      0x6c0 ../../../../simplelink_extlib/ota/gcc/lib/Release/ota.a(CdnClient.o)
 .debug_loc     0x00000000000032f0      0x335 ../../../../simplelink_extlib/ota/gcc/lib/Release/ota.a(LogClient.o)
 .debug_loc     0x0000000000003625      0x3fb ../../../../simplelink_extlib/flc/gcc/lib/Release/flc.a(flc.o)
 .debug_loc     0x0000000000003a20      0x79f ../../../../simplelink/gcc/lib/nonos/Release/libsimplelink.a(device.o)
 .debug_loc     0x00000000000041bf     0x16b1 ../../../../simplelink/gcc/lib/nonos/Release/libsimplelink.a(driver.o)
 .debug_loc     0x0000000000005870     0x119e ../../../../simplelink/gcc/lib/nonos/Release/libsimplelink.a(netapp.o)
 .debug_loc     0x0000000000006a0e      0x203 ../../../../simplelink/gcc/lib/nonos/Release/libsimplelink.a(netcfg.o)
 .debug_loc     0x0000000000006c11      0x1aa ../../../../simplelink/gcc/lib/nonos/Release/libsimplelink.a(nonos.o)
 .debug_loc     0x0000000000006dbb      0x6df ../../../../simplelink/gcc/lib/nonos/Release/libsimplelink.a(fs.o)
 .debug_loc     0x000000000000749a      0xfab ../../../../simplelink/gcc/lib/nonos/Release/libsimplelink.a(socket.o)
 .debug_loc     0x0000000000008445      0xf55 ../../../../simplelink/gcc/lib/nonos/Release/libsimplelink.a(wlan.o)
 .debug_loc     0x000000000000939a      0x8e9 ../../../../simplelink/gcc/lib/nonos/Release/libsimplelink.a(cc_pal.o)
 .debug_loc     0x0000000000009c83      0x31c ../../../../driverlib/gcc/lib/Release/libdriver.a(gpio.o)
 .debug_loc     0x0000000000009f9f      0x165 ../../../../driverlib/gcc/lib/Release/libdriver.a(interrupt.o)
 .debug_loc     0x000000000000a104      0x514 ../../../../driverlib/gcc/lib/Release/libdriver.a(pin.o)
 .debug_loc     0x000000000000a618      0xfa1 ../../../../driverlib/gcc/lib/Release/libdriver.a(prcm.o)
 .debug_loc     0x000000000000b5b9      0xbbe ../../../../driverlib/gcc/lib/Release/libdriver.a(spi.o)
 .debug_loc     0x000000000000c177       0x4c ../../../../driverlib/gcc/lib/Release/libdriver.a(systick.o)
 .debug_loc     0x000000000000c1c3      0x465 ../../../../driverlib/gcc/lib/Release/libdriver.a(timer.o)
 .debug_loc     0x000000000000c628       0x63 /usr/lib/gcc/arm-none-eabi/5.2.0/../../../../arm-none-eabi/lib/armv7e-m/libc_nano.a(lib_a-atol.o)
 .debug_loc     0x000000000000c68b       0x58 /usr/lib/gcc/arm-none-eabi/5.2.0/../../../../arm-none-eabi/lib/armv7e-m/libc_nano.a(lib_a-malloc.o)
 .debug_loc     0x000000000000c6e3       0x87 /usr/lib/gcc/arm-none-eabi/5.2.0/../../../../arm-none-eabi/lib/armv7e-m/libc_nano.a(lib_a-memcpy.o)
 .debug_loc     0x000000000000c76a       0xde /usr/lib/gcc/arm-none-eabi/5.2.0/../../../../arm-none-eabi/lib/armv7e-m/libc_nano.a(lib_a-memmove.o)
 .debug_loc     0x000000000000c848       0x57 /usr/lib/gcc/arm-none-eabi/5.2.0/../../../../arm-none-eabi/lib/armv7e-m/libc_nano.a(lib_a-memset.o)
 .debug_loc     0x000000000000c89f      0x172 /usr/lib/gcc/arm-none-eabi/5.2.0/../../../../arm-none-eabi/lib/armv7e-m/libc_nano.a(lib_a-nano-freer.o)
 .debug_loc     0x000000000000ca11      0x311 /usr/lib/gcc/arm-none-eabi/5.2.0/../../../../arm-none-eabi/lib/armv7e-m/libc_nano.a(lib_a-nano-mallocr.o)
 .debug_loc     0x000000000000cd22       0x58 /usr/lib/gcc/arm-none-eabi/5.2.0/../../../../arm-none-eabi/lib/armv7e-m/libc_nano.a(lib_a-realloc.o)
 .debug_loc     0x000000000000cd7a       0x4d /usr/lib/gcc/arm-none-eabi/5.2.0/../../../../arm-none-eabi/lib/armv7e-m/libc_nano.a(lib_a-sbrkr.o)
 .debug_loc     0x000000000000cdc7      0x146 /usr/lib/gcc/arm-none-eabi/5.2.0/../../../../arm-none-eabi/lib/armv7e-m/libc_nano.a(lib_a-snprintf.o)
 .debug_loc     0x000000000000cf0d       0x95 /usr/lib/gcc/arm-none-eabi/5.2.0/../../../../arm-none-eabi/lib/armv7e-m/libc_nano.a(lib_a-sprintf.o)
 .debug_loc     0x000000000000cfa2       0x54 /usr/lib/gcc/arm-none-eabi/5.2.0/../../../../arm-none-eabi/lib/armv7e-m/libc_nano.a(lib_a-strcat.o)
 .debug_loc     0x000000000000cff6       0x6b /usr/lib/gcc/arm-none-eabi/5.2.0/../../../../arm-none-eabi/lib/armv7e-m/libc_nano.a(lib_a-strchr.o)
 .debug_loc     0x000000000000d061       0x21 /usr/lib/gcc/arm-none-eabi/5.2.0/../../../../arm-none-eabi/lib/armv7e-m/libc_nano.a(lib_a-strcpy.o)
 .debug_loc     0x000000000000d082       0x21 /usr/lib/gcc/arm-none-eabi/5.2.0/../../../../arm-none-eabi/lib/armv7e-m/libc_nano.a(lib_a-strlen.o)
 .debug_loc     0x000000000000d0a3       0x80 /usr/lib/gcc/arm-none-eabi/5.2.0/../../../../arm-none-eabi/lib/armv7e-m/libc_nano.a(lib_a-strncmp.o)
 .debug_loc     0x000000000000d123       0xdb /usr/lib/gcc/arm-none-eabi/5.2.0/../../../../arm-none-eabi/lib/armv7e-m/libc_nano.a(lib_a-strncpy.o)
 .debug_loc     0x000000000000d1fe       0x42 /usr/lib/gcc/arm-none-eabi/5.2.0/../../../../arm-none-eabi/lib/armv7e-m/libc_nano.a(lib_a-strstr.o)
 .debug_loc     0x000000000000d240      0x32b /usr/lib/gcc/arm-none-eabi/5.2.0/../../../../arm-none-eabi/lib/armv7e-m/libc_nano.a(lib_a-strtol.o)
 .debug_loc     0x000000000000d56b      0x163 /usr/lib/gcc/arm-none-eabi/5.2.0/../../../../arm-none-eabi/lib/armv7e-m/libc_nano.a(lib_a-vsnprintf.o)
 .debug_loc     0x000000000000d6ce      0x11b /usr/lib/gcc/arm-none-eabi/5.2.0/../../../../arm-none-eabi/lib/armv7e-m/libc_nano.a(lib_a-nano-reallocr.o)
 .debug_loc     0x000000000000d7e9      0x54e /usr/lib/gcc/arm-none-eabi/5.2.0/../../../../arm-none-eabi/lib/armv7e-m/libc_nano.a(lib_a-nano-svfprintf.o)
 .debug_loc     0x000000000000dd37      0x52c /usr/lib/gcc/arm-none-eabi/5.2.0/../../../../arm-none-eabi/lib/armv7e-m/libc_nano.a(lib_a-nano-vfprintf_i.o)
 .debug_loc     0x000000000000e263       0xfa /usr/lib/gcc/arm-none-eabi/5.2.0/../../../../arm-none-eabi/lib/armv7e-m/libc_nano.a(lib_a-reent.o)
 .debug_loc     0x000000000000e35d       0xaa /usr/lib/gcc/arm-none-eabi/5.2.0/../../../../arm-none-eabi/lib/armv7e-m/libc_nano.a(lib_a-memchr.o)
 .debug_loc     0x000000000000e407       0xb5 /usr/lib/gcc/arm-none-eabi/5.2.0/../../../../arm-none-eabi/lib/armv7e-m/libc_nano.a(lib_a-nano-msizer.o)

.debug_aranges  0x0000000000000000     0x1310
 .debug_aranges
                0x0000000000000000       0x78 obj/Release/main.o
 .debug_aranges
                0x0000000000000078       0x20 obj/Release/pinmux.o
 .debug_aranges
                0x0000000000000098       0x70 obj/Release/net.o
 .debug_aranges
                0x0000000000000108       0x50 obj/Release/task.o
 .debug_aranges
                0x0000000000000158       0x50 obj/Release/uart_if.o
 .debug_aranges
                0x00000000000001a8       0x40 obj/Release/button_if.o
 .debug_aranges
                0x00000000000001e8       0x68 obj/Release/udma_if.o
 .debug_aranges
                0x0000000000000250       0x48 obj/Release/startup_gcc.o
 .debug_aranges
                0x0000000000000298       0x58 ../../../../simplelink_extlib/ota/gcc/lib/Release/ota.a(OtaApp.o)
 .debug_aranges
                0x00000000000002f0       0x68 ../../../../simplelink_extlib/ota/gcc/lib/Release/ota.a(OtaClient.o)
 .debug_aranges
                0x0000000000000358       0x70 ../../../../simplelink_extlib/ota/gcc/lib/Release/ota.a(OtaHttp.o)
 .debug_aranges
                0x00000000000003c8       0x60 ../../../../simplelink_extlib/ota/gcc/lib/Release/ota.a(CdnClient.o)
 .debug_aranges
                0x0000000000000428       0x40 ../../../../simplelink_extlib/ota/gcc/lib/Release/ota.a(LogClient.o)
 .debug_aranges
                0x0000000000000468       0x68 ../../../../simplelink_extlib/flc/gcc/lib/Release/flc.a(flc.o)
 .debug_aranges
                0x00000000000004d0       0x70 ../../../../simplelink/gcc/lib/nonos/Release/libsimplelink.a(device.o)
 .debug_aranges
                0x0000000000000540      0x118 ../../../../simplelink/gcc/lib/nonos/Release/libsimplelink.a(driver.o)
 .debug_aranges
                0x0000000000000658       0xa0 ../../../../simplelink/gcc/lib/nonos/Release/libsimplelink.a(netapp.o)
 .debug_aranges
                0x00000000000006f8       0x28 ../../../../simplelink/gcc/lib/nonos/Release/libsimplelink.a(netcfg.o)
 .debug_aranges
                0x0000000000000720       0x38 ../../../../simplelink/gcc/lib/nonos/Release/libsimplelink.a(nonos.o)
 .debug_aranges
                0x0000000000000758       0x58 ../../../../simplelink/gcc/lib/nonos/Release/libsimplelink.a(fs.o)
 .debug_aranges
                0x00000000000007b0       0xd8 ../../../../simplelink/gcc/lib/nonos/Release/libsimplelink.a(socket.o)
 .debug_aranges
                0x0000000000000888       0xb0 ../../../../simplelink/gcc/lib/nonos/Release/libsimplelink.a(wlan.o)
 .debug_aranges
                0x0000000000000938       0xa8 ../../../../simplelink/gcc/lib/nonos/Release/libsimplelink.a(cc_pal.o)
 .debug_aranges
                0x00000000000009e0       0x90 ../../../../driverlib/gcc/lib/Release/libdriver.a(gpio.o)
 .debug_aranges
                0x0000000000000a70       0x98 ../../../../driverlib/gcc/lib/Release/libdriver.a(interrupt.o)
 .debug_aranges
                0x0000000000000b08       0x70 ../../../../driverlib/gcc/lib/Release/libdriver.a(pin.o)
 .debug_aranges
                0x0000000000000b78      0x190 ../../../../driverlib/gcc/lib/Release/libdriver.a(prcm.o)
 .debug_aranges
                0x0000000000000d08       0xd0 ../../../../driverlib/gcc/lib/Release/libdriver.a(spi.o)
 .debug_aranges
                0x0000000000000dd8       0x60 ../../../../driverlib/gcc/lib/Release/libdriver.a(systick.o)
 .debug_aranges
                0x0000000000000e38       0xd8 ../../../../driverlib/gcc/lib/Release/libdriver.a(timer.o)
 .debug_aranges
                0x0000000000000f10       0x20 ../../../../driverlib/gcc/lib/Release/libdriver.a(utils.o)
 .debug_aranges