Archive member included to satisfy reference by file (symbol)

../../../driverlib/gcc/lib/Debug/libdriver.a(gpio.o)
                              obj/Debug/pinmux.o (GPIODirModeSet)
../../../driverlib/gcc/lib/Debug/libdriver.a(interrupt.o)
                              obj/Debug/main.o (IntMasterEnable)
../../../driverlib/gcc/lib/Debug/libdriver.a(pin.o)
                              obj/Debug/pinmux.o (PinTypeGPIO)
../../../driverlib/gcc/lib/Debug/libdriver.a(prcm.o)
                              obj/Debug/pinmux.o (PRCMPeripheralClkEnable)
../../../driverlib/gcc/lib/Debug/libdriver.a(timer.o)
                              obj/Debug/timer_if.o (TimerEnable)
../../../driverlib/gcc/lib/Debug/libdriver.a(uart.o)
                              obj/Debug/uart_if.o (UARTConfigSetExpClk)
../../../driverlib/gcc/lib/Debug/libdriver.a(utils.o)
                              ../../../driverlib/gcc/lib/Debug/libdriver.a(prcm.o) (UtilsDelay)
../../../driverlib/gcc/lib/Debug/libdriver.a(cpu.o)
                              ../../../driverlib/gcc/lib/Debug/libdriver.a(interrupt.o) (CPUcpsid)
../../../driverlib/gcc/lib/Debug/libdriver.a(flash.o)
                              ../../../driverlib/gcc/lib/Debug/libdriver.a(prcm.o) (FlashDisable)
/usr/lib/gcc/arm-none-eabi/5.2.0/../../../../arm-none-eabi/lib/armv7e-m/libc_nano.a(lib_a-malloc.o)
                              obj/Debug/uart_if.o (malloc)
/usr/lib/gcc/arm-none-eabi/5.2.0/../../../../arm-none-eabi/lib/armv7e-m/libc_nano.a(lib_a-memmove.o)
                              obj/Debug/uart_if.o (memmove)
/usr/lib/gcc/arm-none-eabi/5.2.0/../../../../arm-none-eabi/lib/armv7e-m/libc_nano.a(lib_a-nano-freer.o)
                              /usr/lib/gcc/arm-none-eabi/5.2.0/../../../../arm-none-eabi/lib/armv7e-m/libc_nano.a(lib_a-malloc.o) (_free_r)
/usr/lib/gcc/arm-none-eabi/5.2.0/../../../../arm-none-eabi/lib/armv7e-m/libc_nano.a(lib_a-nano-mallocr.o)
                              /usr/lib/gcc/arm-none-eabi/5.2.0/../../../../arm-none-eabi/lib/armv7e-m/libc_nano.a(lib_a-malloc.o) (_malloc_r)
/usr/lib/gcc/arm-none-eabi/5.2.0/../../../../arm-none-eabi/lib/armv7e-m/libc_nano.a(lib_a-realloc.o)
                              obj/Debug/uart_if.o (realloc)
/usr/lib/gcc/arm-none-eabi/5.2.0/../../../../arm-none-eabi/lib/armv7e-m/libc_nano.a(lib_a-sbrkr.o)
                              /usr/lib/gcc/arm-none-eabi/5.2.0/../../../../arm-none-eabi/lib/armv7e-m/libc_nano.a(lib_a-nano-mallocr.o) (_sbrk_r)
/usr/lib/gcc/arm-none-eabi/5.2.0/../../../../arm-none-eabi/lib/armv7e-m/libc_nano.a(lib_a-strlen.o)
                              obj/Debug/uart_if.o (strlen)
/usr/lib/gcc/arm-none-eabi/5.2.0/../../../../arm-none-eabi/lib/armv7e-m/libc_nano.a(lib_a-vsnprintf.o)
                              obj/Debug/uart_if.o (vsnprintf)
/usr/lib/gcc/arm-none-eabi/5.2.0/../../../../arm-none-eabi/lib/armv7e-m/libc_nano.a(lib_a-impure.o)
                              /usr/lib/gcc/arm-none-eabi/5.2.0/../../../../arm-none-eabi/lib/armv7e-m/libc_nano.a(lib_a-malloc.o) (_impure_ptr)
/usr/lib/gcc/arm-none-eabi/5.2.0/../../../../arm-none-eabi/lib/armv7e-m/libc_nano.a(lib_a-nano-reallocr.o)
                              /usr/lib/gcc/arm-none-eabi/5.2.0/../../../../arm-none-eabi/lib/armv7e-m/libc_nano.a(lib_a-realloc.o) (_realloc_r)
/usr/lib/gcc/arm-none-eabi/5.2.0/../../../../arm-none-eabi/lib/armv7e-m/libc_nano.a(lib_a-nano-svfprintf.o)
                              /usr/lib/gcc/arm-none-eabi/5.2.0/../../../../arm-none-eabi/lib/armv7e-m/libc_nano.a(lib_a-vsnprintf.o) (_svfprintf_r)
/usr/lib/gcc/arm-none-eabi/5.2.0/../../../../arm-none-eabi/lib/armv7e-m/libc_nano.a(lib_a-nano-vfprintf_i.o)
                              /usr/lib/gcc/arm-none-eabi/5.2.0/../../../../arm-none-eabi/lib/armv7e-m/libc_nano.a(lib_a-nano-svfprintf.o) (_printf_i)
/usr/lib/gcc/arm-none-eabi/5.2.0/../../../../arm-none-eabi/lib/armv7e-m/libc_nano.a(lib_a-reent.o)
                              /usr/lib/gcc/arm-none-eabi/5.2.0/../../../../arm-none-eabi/lib/armv7e-m/libc_nano.a(lib_a-sbrkr.o) (errno)
/usr/lib/gcc/arm-none-eabi/5.2.0/../../../../arm-none-eabi/lib/armv7e-m/libc_nano.a(lib_a-memchr.o)
                              /usr/lib/gcc/arm-none-eabi/5.2.0/../../../../arm-none-eabi/lib/armv7e-m/libc_nano.a(lib_a-nano-svfprintf.o) (memchr)
/usr/lib/gcc/arm-none-eabi/5.2.0/../../../../arm-none-eabi/lib/armv7e-m/libc_nano.a(lib_a-memcpy.o)
                              /usr/lib/gcc/arm-none-eabi/5.2.0/../../../../arm-none-eabi/lib/armv7e-m/libc_nano.a(lib_a-nano-reallocr.o) (memcpy)
/usr/lib/gcc/arm-none-eabi/5.2.0/../../../../arm-none-eabi/lib/armv7e-m/libc_nano.a(lib_a-nano-msizer.o)
                              /usr/lib/gcc/arm-none-eabi/5.2.0/../../../../arm-none-eabi/lib/armv7e-m/libc_nano.a(lib_a-nano-reallocr.o) (_malloc_usable_size_r)
/usr/lib/gcc/arm-none-eabi/5.2.0/armv7e-m/libgcc.a(_aeabi_uldivmod.o)
                              ../../../driverlib/gcc/lib/Debug/libdriver.a(prcm.o) (__aeabi_uldivmod)
/usr/lib/gcc/arm-none-eabi/5.2.0/armv7e-m/libgcc.a(_udivmoddi4.o)
                              /usr/lib/gcc/arm-none-eabi/5.2.0/armv7e-m/libgcc.a(_aeabi_uldivmod.o) (__udivmoddi4)
/usr/lib/gcc/arm-none-eabi/5.2.0/armv7e-m/libgcc.a(_dvmd_tls.o)
                              /usr/lib/gcc/arm-none-eabi/5.2.0/armv7e-m/libgcc.a(_aeabi_uldivmod.o) (__aeabi_ldiv0)

Allocating common symbols
Common symbol       size              file

g_ulTimerInts       0x4               obj/Debug/main.o
errno               0x4               /usr/lib/gcc/arm-none-eabi/5.2.0/../../../../arm-none-eabi/lib/armv7e-m/libc_nano.a(lib_a-reent.o)
g_ucLED1Pin         0x1               obj/Debug/gpio_if.o
g_ucLED2Pin         0x1               obj/Debug/gpio_if.o
g_ucLED3Pin         0x1               obj/Debug/gpio_if.o

Discarded input sections

 .text          0x0000000000000000        0x0 obj/Debug/main.o
 .data          0x0000000000000000        0x0 obj/Debug/main.o
 .bss           0x0000000000000000        0x0 obj/Debug/main.o
 .bss.g_ulSysTickValue
                0x0000000000000000        0x4 obj/Debug/main.o
 .bss.g_ulIntClearVector
                0x0000000000000000        0x4 obj/Debug/main.o
 .text          0x0000000000000000        0x0 obj/Debug/pinmux.o
 .data          0x0000000000000000        0x0 obj/Debug/pinmux.o
 .bss           0x0000000000000000        0x0 obj/Debug/pinmux.o
 .text          0x0000000000000000        0x0 obj/Debug/uart_if.o
 .data          0x0000000000000000        0x0 obj/Debug/uart_if.o
 .bss           0x0000000000000000        0x0 obj/Debug/uart_if.o
 .bss.__Errorlog
                0x0000000000000000        0x4 obj/Debug/uart_if.o
 .data.ilen     0x0000000000000000        0x4 obj/Debug/uart_if.o
 .text.InitTerm
                0x0000000000000000       0x2c obj/Debug/uart_if.o
 .text.Message  0x0000000000000000       0x34 obj/Debug/uart_if.o
 .rodata        0x0000000000000000       0x2c obj/Debug/uart_if.o
 .text.ClearTerm
                0x0000000000000000       0x14 obj/Debug/uart_if.o
 .text.Error    0x0000000000000000       0x4c obj/Debug/uart_if.o
 .text.GetCmd   0x0000000000000000       0xb8 obj/Debug/uart_if.o
 .text.TrimSpace
                0x0000000000000000       0x90 obj/Debug/uart_if.o
 .text.Report   0x0000000000000000       0x98 obj/Debug/uart_if.o
 .debug_info    0x0000000000000000      0x2ac obj/Debug/uart_if.o
 .debug_abbrev  0x0000000000000000      0x147 obj/Debug/uart_if.o
 .debug_aranges
                0x0000000000000000       0x50 obj/Debug/uart_if.o
 .debug_ranges  0x0000000000000000       0x40 obj/Debug/uart_if.o
 .debug_line    0x0000000000000000      0x17b obj/Debug/uart_if.o
 .debug_str     0x0000000000000000      0x234 obj/Debug/uart_if.o
 .comment       0x0000000000000000       0x22 obj/Debug/uart_if.o
 .ARM.attributes
                0x0000000000000000       0x33 obj/Debug/uart_if.o
 .debug_frame   0x0000000000000000      0x12c obj/Debug/uart_if.o
 .text          0x0000000000000000        0x0 obj/Debug/timer_if.o
 .data          0x0000000000000000        0x0 obj/Debug/timer_if.o
 .bss           0x0000000000000000        0x0 obj/Debug/timer_if.o
 .text.Timer_IF_Stop
                0x0000000000000000       0x1c obj/Debug/timer_if.o
 .text.Timer_IF_DeInit
                0x0000000000000000       0x24 obj/Debug/timer_if.o
 .text.Timer_IF_ReLoad
                0x0000000000000000       0x2c obj/Debug/timer_if.o
 .text.Timer_IF_GetCount
                0x0000000000000000       0x20 obj/Debug/timer_if.o
 .text          0x0000000000000000        0x0 obj/Debug/gpio_if.o
 .data          0x0000000000000000        0x0 obj/Debug/gpio_if.o
 .bss           0x0000000000000000        0x0 obj/Debug/gpio_if.o
 .text.GetPeripheralIntNum
                0x0000000000000000       0x54 obj/Debug/gpio_if.o
 .text.GPIO_IF_ConfigureNIntEnable
                0x0000000000000000       0x50 obj/Debug/gpio_if.o
 .text          0x0000000000000000        0x0 obj/Debug/startup_gcc.o
 .data          0x0000000000000000        0x0 obj/Debug/startup_gcc.o
 .bss           0x0000000000000000        0x0 obj/Debug/startup_gcc.o
 .text._sbrk    0x0000000000000000       0x70 obj/Debug/startup_gcc.o
 .text          0x0000000000000000        0x0 ../../../driverlib/gcc/lib/Debug/libdriver.a(gpio.o)
 .data          0x0000000000000000        0x0 ../../../driverlib/gcc/lib/Debug/libdriver.a(gpio.o)
 .bss           0x0000000000000000        0x0 ../../../driverlib/gcc/lib/Debug/libdriver.a(gpio.o)
 .text.GPIOGetIntNumber
                0x0000000000000000       0x64 ../../../driverlib/gcc/lib/Debug/libdriver.a(gpio.o)
 .text.GPIODirModeGet
                0x0000000000000000       0x3c ../../../driverlib/gcc/lib/Debug/libdriver.a(gpio.o)
 .text.GPIOIntTypeSet
                0x0000000000000000       0xa8 ../../../driverlib/gcc/lib/Debug/libdriver.a(gpio.o)
 .text.GPIOIntTypeGet
                0x0000000000000000       0x78 ../../../driverlib/gcc/lib/Debug/libdriver.a(gpio.o)
 .text.GPIOIntEnable
                0x0000000000000000       0x2c ../../../driverlib/gcc/lib/Debug/libdriver.a(gpio.o)
 .text.GPIOIntDisable
                0x0000000000000000       0x2c ../../../driverlib/gcc/lib/Debug/libdriver.a(gpio.o)
 .text.GPIOIntStatus
                0x0000000000000000       0x30 ../../../driverlib/gcc/lib/Debug/libdriver.a(gpio.o)
 .text.GPIOIntClear
                0x0000000000000000       0x20 ../../../driverlib/gcc/lib/Debug/libdriver.a(gpio.o)
 .text.GPIOIntRegister
                0x0000000000000000       0x2c ../../../driverlib/gcc/lib/Debug/libdriver.a(gpio.o)
 .text.GPIOIntUnregister
                0x0000000000000000       0x28 ../../../driverlib/gcc/lib/Debug/libdriver.a(gpio.o)
 .text.GPIODMATriggerEnable
                0x0000000000000000       0x78 ../../../driverlib/gcc/lib/Debug/libdriver.a(gpio.o)
 .text.GPIODMATriggerDisable
                0x0000000000000000       0x78 ../../../driverlib/gcc/lib/Debug/libdriver.a(gpio.o)
 .text          0x0000000000000000        0x0 ../../../driverlib/gcc/lib/Debug/libdriver.a(interrupt.o)
 .data          0x0000000000000000        0x0 ../../../driverlib/gcc/lib/Debug/libdriver.a(interrupt.o)
 .bss           0x0000000000000000        0x0 ../../../driverlib/gcc/lib/Debug/libdriver.a(interrupt.o)
 .rodata.g_pulPriority
                0x0000000000000000       0x20 ../../../driverlib/gcc/lib/Debug/libdriver.a(interrupt.o)
 .rodata.g_pulDisRegs
                0x0000000000000000       0x18 ../../../driverlib/gcc/lib/Debug/libdriver.a(interrupt.o)
 .rodata.g_pulPendRegs
                0x0000000000000000       0x18 ../../../driverlib/gcc/lib/Debug/libdriver.a(interrupt.o)
 .rodata.g_pulUnpendRegs
                0x0000000000000000       0x18 ../../../driverlib/gcc/lib/Debug/libdriver.a(interrupt.o)
 .text.IntDefaultHandler
                0x0000000000000000        0x8 ../../../driverlib/gcc/lib/Debug/libdriver.a(interrupt.o)
 .text.IntMasterDisable
                0x0000000000000000       0x10 ../../../driverlib/gcc/lib/Debug/libdriver.a(interrupt.o)
 .text.IntUnregister
                0x0000000000000000       0x2c ../../../driverlib/gcc/lib/Debug/libdriver.a(interrupt.o)
 .text.IntPriorityGroupingSet
                0x0000000000000000       0x30 ../../../driverlib/gcc/lib/Debug/libdriver.a(interrupt.o)
 .text.IntPriorityGroupingGet
                0x0000000000000000       0x48 ../../../driverlib/gcc/lib/Debug/libdriver.a(interrupt.o)
 .text.IntPriorityGet
                0x0000000000000000       0x30 ../../../driverlib/gcc/lib/Debug/libdriver.a(interrupt.o)
 .text.IntDisable
                0x0000000000000000       0xbc ../../../driverlib/gcc/lib/Debug/libdriver.a(interrupt.o)
 .text.IntPendSet
                0x0000000000000000       0x9c ../../../driverlib/gcc/lib/Debug/libdriver.a(interrupt.o)
 .text.IntPendClear
                0x0000000000000000       0x68 ../../../driverlib/gcc/lib/Debug/libdriver.a(interrupt.o)
 .text.IntPriorityMaskSet
                0x0000000000000000       0x18 ../../../driverlib/gcc/lib/Debug/libdriver.a(interrupt.o)
 .text.IntPriorityMaskGet
                0x0000000000000000       0x10 ../../../driverlib/gcc/lib/Debug/libdriver.a(interrupt.o)
 .text          0x0000000000000000        0x0 ../../../driverlib/gcc/lib/Debug/libdriver.a(pin.o)
 .data          0x0000000000000000        0x0 ../../../driverlib/gcc/lib/Debug/libdriver.a(pin.o)
 .bss           0x0000000000000000        0x0 ../../../driverlib/gcc/lib/Debug/libdriver.a(pin.o)
 .text.PinModeGet
                0x0000000000000000       0x3c ../../../driverlib/gcc/lib/Debug/libdriver.a(pin.o)
 .text.PinDirModeSet
                0x0000000000000000       0x44 ../../../driverlib/gcc/lib/Debug/libdriver.a(pin.o)
 .text.PinDirModeGet
                0x0000000000000000       0x3c ../../../driverlib/gcc/lib/Debug/libdriver.a(pin.o)
 .text.PinConfigGet
                0x0000000000000000       0x50 ../../../driverlib/gcc/lib/Debug/libdriver.a(pin.o)
 .text.PinTypeUART
                0x0000000000000000       0x24 ../../../driverlib/gcc/lib/Debug/libdriver.a(pin.o)
 .text.PinTypeI2C
                0x0000000000000000       0x28 ../../../driverlib/gcc/lib/Debug/libdriver.a(pin.o)
 .text.PinTypeSPI
                0x0000000000000000       0x24 ../../../driverlib/gcc/lib/Debug/libdriver.a(pin.o)
 .text.PinTypeI2S
                0x0000000000000000       0x24 ../../../driverlib/gcc/lib/Debug/libdriver.a(pin.o)
 .text.PinTypeTimer
                0x0000000000000000       0x24 ../../../driverlib/gcc/lib/Debug/libdriver.a(pin.o)
 .text.PinTypeCamera
                0x0000000000000000       0x24 ../../../driverlib/gcc/lib/Debug/libdriver.a(pin.o)
 .text.PinTypeADC
                0x0000000000000000       0x20 ../../../driverlib/gcc/lib/Debug/libdriver.a(pin.o)
 .text.PinTypeSDHost
                0x0000000000000000       0x24 ../../../driverlib/gcc/lib/Debug/libdriver.a(pin.o)
 .text          0x0000000000000000        0x0 ../../../driverlib/gcc/lib/Debug/libdriver.a(prcm.o)
 .data          0x0000000000000000        0x0 ../../../driverlib/gcc/lib/Debug/libdriver.a(prcm.o)
 .bss           0x0000000000000000        0x0 ../../../driverlib/gcc/lib/Debug/libdriver.a(prcm.o)
 .text.RTCUseSet
                0x0000000000000000       0x30 ../../../driverlib/gcc/lib/Debug/libdriver.a(prcm.o)
 .text.IsRTCUsed
                0x0000000000000000       0x28 ../../../driverlib/gcc/lib/Debug/libdriver.a(prcm.o)
 .text.RTCU16MSecRegRead
                0x0000000000000000       0x28 ../../../driverlib/gcc/lib/Debug/libdriver.a(prcm.o)
 .text.RTCU16MSecRegWrite
                0x0000000000000000       0x3c ../../../driverlib/gcc/lib/Debug/libdriver.a(prcm.o)
 .text.RTCU32SecRegRead
                0x0000000000000000       0x14 ../../../driverlib/gcc/lib/Debug/libdriver.a(prcm.o)
 .text.RTCU32SecRegWrite
                0x0000000000000000       0x1c ../../../driverlib/gcc/lib/Debug/libdriver.a(prcm.o)
 .text.PRCMMCUReset
                0x0000000000000000       0x28 ../../../driverlib/gcc/lib/Debug/libdriver.a(prcm.o)
 .text.PRCMPeripheralClockGet
                0x0000000000000000       0xa8 ../../../driverlib/gcc/lib/Debug/libdriver.a(prcm.o)
 .text.PRCMPeripheralStatusGet
                0x0000000000000000       0x40 ../../../driverlib/gcc/lib/Debug/libdriver.a(prcm.o)
 .text.PRCMI2SClockFreqSet
                0x0000000000000000       0x54 ../../../driverlib/gcc/lib/Debug/libdriver.a(prcm.o)
 .text.PRCMLPDSRestoreInfoSet
                0x0000000000000000       0x28 ../../../driverlib/gcc/lib/Debug/libdriver.a(prcm.o)
 .text.PRCMLPDSEnter
                0x0000000000000000       0x50 ../../../driverlib/gcc/lib/Debug/libdriver.a(prcm.o)
 .text.PRCMLPDSEnterKeepDebugIf
                0x0000000000000000       0x40 ../../../driverlib/gcc/lib/Debug/libdriver.a(prcm.o)
 .text.PRCMLPDSWakeupSourceEnable
                0x0000000000000000       0x30 ../../../driverlib/gcc/lib/Debug/libdriver.a(prcm.o)
 .text.PRCMLPDSWakeupSourceDisable
                0x0000000000000000       0x24 ../../../driverlib/gcc/lib/Debug/libdriver.a(prcm.o)
 .text.PRCMLPDSWakeupCauseGet
                0x0000000000000000       0x14 ../../../driverlib/gcc/lib/Debug/libdriver.a(prcm.o)
 .text.PRCMLPDSIntervalSet
                0x0000000000000000       0x34 ../../../driverlib/gcc/lib/Debug/libdriver.a(prcm.o)
 .text.PRCMLPDSWakeUpGPIOSelect
                0x0000000000000000       0x2c ../../../driverlib/gcc/lib/Debug/libdriver.a(prcm.o)
 .text.PRCMSleepEnter
                0x0000000000000000        0xc ../../../driverlib/gcc/lib/Debug/libdriver.a(prcm.o)
 .text.PRCMSRAMRetentionEnable
                0x0000000000000000       0x2c ../../../driverlib/gcc/lib/Debug/libdriver.a(prcm.o)
 .text.PRCMSRAMRetentionDisable
                0x0000000000000000       0x34 ../../../driverlib/gcc/lib/Debug/libdriver.a(prcm.o)
 .text.PRCMHibernateWakeupSourceEnable
                0x0000000000000000       0x50 ../../../driverlib/gcc/lib/Debug/libdriver.a(prcm.o)
 .text.PRCMHibernateWakeupSourceDisable
                0x0000000000000000       0x54 ../../../driverlib/gcc/lib/Debug/libdriver.a(prcm.o)
 .text.PRCMHibernateWakeupCauseGet
                0x0000000000000000       0x1c ../../../driverlib/gcc/lib/Debug/libdriver.a(prcm.o)
 .text.PRCMHibernateIntervalSet
                0x0000000000000000       0x9c ../../../driverlib/gcc/lib/Debug/libdriver.a(prcm.o)
 .text.PRCMHibernateWakeUpGPIOSelect
                0x0000000000000000       0x70 ../../../driverlib/gcc/lib/Debug/libdriver.a(prcm.o)
 .text.PRCMHibernateEnter
                0x0000000000000000       0x14 ../../../driverlib/gcc/lib/Debug/libdriver.a(prcm.o)
 .text.PRCMSlowClkCtrGet
                0x0000000000000000       0x64 ../../../driverlib/gcc/lib/Debug/libdriver.a(prcm.o)
 .text.PRCMSlowClkCtrFastGet
                0x0000000000000000       0x50 ../../../driverlib/gcc/lib/Debug/libdriver.a(prcm.o)
 .text.PRCMSlowClkCtrMatchSet
                0x0000000000000000       0x38 ../../../driverlib/gcc/lib/Debug/libdriver.a(prcm.o)
 .text.PRCMSlowClkCtrMatchGet
                0x0000000000000000       0x58 ../../../driverlib/gcc/lib/Debug/libdriver.a(prcm.o)
 .text.PRCMOCRRegisterWrite
                0x0000000000000000       0x28 ../../../driverlib/gcc/lib/Debug/libdriver.a(prcm.o)
 .text.PRCMOCRRegisterRead
                0x0000000000000000       0x28 ../../../driverlib/gcc/lib/Debug/libdriver.a(prcm.o)
 .text.PRCMIntRegister
                0x0000000000000000       0x20 ../../../driverlib/gcc/lib/Debug/libdriver.a(prcm.o)
 .text.PRCMIntUnregister
                0x0000000000000000       0x14 ../../../driverlib/gcc/lib/Debug/libdriver.a(prcm.o)
 .text.PRCMIntEnable
                0x0000000000000000       0x48 ../../../driverlib/gcc/lib/Debug/libdriver.a(prcm.o)
 .text.PRCMIntDisable
                0x0000000000000000       0x48 ../../../driverlib/gcc/lib/Debug/libdriver.a(prcm.o)
 .text.PRCMIntStatus
                0x0000000000000000       0x14 ../../../driverlib/gcc/lib/Debug/libdriver.a(prcm.o)
 .text.PRCMRTCInUseSet
                0x0000000000000000        0xc ../../../driverlib/gcc/lib/Debug/libdriver.a(prcm.o)
 .text.PRCMRTCInUseGet
                0x0000000000000000       0x18 ../../../driverlib/gcc/lib/Debug/libdriver.a(prcm.o)
 .text.PRCMRTCSet
                0x0000000000000000       0xa8 ../../../driverlib/gcc/lib/Debug/libdriver.a(prcm.o)
 .text.PRCMRTCGet
                0x0000000000000000       0xb0 ../../../driverlib/gcc/lib/Debug/libdriver.a(prcm.o)
 .text.PRCMRTCMatchSet
                0x0000000000000000       0xd8 ../../../driverlib/gcc/lib/Debug/libdriver.a(prcm.o)
 .text.PRCMRTCMatchGet
                0x0000000000000000       0xb0 ../../../driverlib/gcc/lib/Debug/libdriver.a(prcm.o)
 .text.PRCMCameraFreqSet
                0x0000000000000000       0x50 ../../../driverlib/gcc/lib/Debug/libdriver.a(prcm.o)
 .text          0x0000000000000000        0x0 ../../../driverlib/gcc/lib/Debug/libdriver.a(timer.o)
 .data          0x0000000000000000        0x0 ../../../driverlib/gcc/lib/Debug/libdriver.a(timer.o)
 .bss           0x0000000000000000        0x0 ../../../driverlib/gcc/lib/Debug/libdriver.a(timer.o)
 .text.TimerDisable
                0x0000000000000000       0x30 ../../../driverlib/gcc/lib/Debug/libdriver.a(timer.o)
 .text.TimerControlLevel
                0x0000000000000000       0x48 ../../../driverlib/gcc/lib/Debug/libdriver.a(timer.o)
 .text.TimerControlEvent
                0x0000000000000000       0x40 ../../../driverlib/gcc/lib/Debug/libdriver.a(timer.o)
 .text.TimerControlStall
                0x0000000000000000       0x48 ../../../driverlib/gcc/lib/Debug/libdriver.a(timer.o)
 .text.TimerPrescaleGet
                0x0000000000000000       0x28 ../../../driverlib/gcc/lib/Debug/libdriver.a(timer.o)
 .text.TimerPrescaleMatchSet
                0x0000000000000000       0x3c ../../../driverlib/gcc/lib/Debug/libdriver.a(timer.o)
 .text.TimerPrescaleMatchGet
                0x0000000000000000       0x28 ../../../driverlib/gcc/lib/Debug/libdriver.a(timer.o)
 .text.TimerLoadGet
                0x0000000000000000       0x28 ../../../driverlib/gcc/lib/Debug/libdriver.a(timer.o)
 .text.TimerValueGet
                0x0000000000000000       0x28 ../../../driverlib/gcc/lib/Debug/libdriver.a(timer.o)
 .text.TimerValueSet
                0x0000000000000000       0x34 ../../../driverlib/gcc/lib/Debug/libdriver.a(timer.o)
 .text.TimerMatchSet
                0x0000000000000000       0x3c ../../../driverlib/gcc/lib/Debug/libdriver.a(timer.o)
 .text.TimerMatchGet
                0x0000000000000000       0x28 ../../../driverlib/gcc/lib/Debug/libdriver.a(timer.o)
 .text.TimerIntUnregister
                0x0000000000000000       0x78 ../../../driverlib/gcc/lib/Debug/libdriver.a(timer.o)
 .text.TimerIntDisable
                0x0000000000000000       0x28 ../../../driverlib/gcc/lib/Debug/libdriver.a(timer.o)
 .text.TimerDMAEventSet
                0x0000000000000000       0x20 ../../../driverlib/gcc/lib/Debug/libdriver.a(timer.o)
 .text.TimerDMAEventGet
                0x0000000000000000       0x18 ../../../driverlib/gcc/lib/Debug/libdriver.a(timer.o)
 .text          0x0000000000000000        0x0 ../../../driverlib/gcc/lib/Debug/libdriver.a(uart.o)
 .data          0x0000000000000000        0x0 ../../../driverlib/gcc/lib/Debug/libdriver.a(uart.o)
 .bss           0x0000000000000000        0x0 ../../../driverlib/gcc/lib/Debug/libdriver.a(uart.o)
 .rodata.g_ppulUARTIntMap
                0x0000000000000000       0x10 ../../../driverlib/gcc/lib/Debug/libdriver.a(uart.o)
 .text.UARTIntNumberGet
                0x0000000000000000       0x48 ../../../driverlib/gcc/lib/Debug/libdriver.a(uart.o)
 .text.UARTParityModeSet
                0x0000000000000000       0x2c ../../../driverlib/gcc/lib/Debug/libdriver.a(uart.o)
 .text.UARTParityModeGet
                0x0000000000000000       0x1c ../../../driverlib/gcc/lib/Debug/libdriver.a(uart.o)
 .text.UARTFIFOLevelSet
                0x0000000000000000       0x24 ../../../driverlib/gcc/lib/Debug/libdriver.a(uart.o)
 .text.UARTFIFOLevelGet
                0x0000000000000000       0x34 ../../../driverlib/gcc/lib/Debug/libdriver.a(uart.o)
 .text.UARTConfigSetExpClk
                0x0000000000000000       0x98 ../../../driverlib/gcc/lib/Debug/libdriver.a(uart.o)
 .text.UARTConfigGetExpClk
                0x0000000000000000       0x64 ../../../driverlib/gcc/lib/Debug/libdriver.a(uart.o)
 .text.UARTEnable
                0x0000000000000000       0x3c ../../../driverlib/gcc/lib/Debug/libdriver.a(uart.o)
 .text.UARTDisable
                0x0000000000000000       0x4c ../../../driverlib/gcc/lib/Debug/libdriver.a(uart.o)
 .text.UARTFIFOEnable
                0x0000000000000000       0x24 ../../../driverlib/gcc/lib/Debug/libdriver.a(uart.o)
 .text.UARTFIFODisable
                0x0000000000000000       0x24 ../../../driverlib/gcc/lib/Debug/libdriver.a(uart.o)
 .text.UARTModemControlSet
                0x0000000000000000       0x34 ../../../driverlib/gcc/lib/Debug/libdriver.a(uart.o)
 .text.UARTModemControlClear
                0x0000000000000000       0x34 ../../../driverlib/gcc/lib/Debug/libdriver.a(uart.o)
 .text.UARTModemControlGet
                0x0000000000000000       0x1c ../../../driverlib/gcc/lib/Debug/libdriver.a(uart.o)
 .text.UARTModemStatusGet
                0x0000000000000000       0x1c ../../../driverlib/gcc/lib/Debug/libdriver.a(uart.o)
 .text.UARTFlowControlSet
                0x0000000000000000       0x2c ../../../driverlib/gcc/lib/Debug/libdriver.a(uart.o)
 .text.UARTFlowControlGet
                0x0000000000000000       0x1c ../../../driverlib/gcc/lib/Debug/libdriver.a(uart.o)
 .text.UARTTxIntModeSet
                0x0000000000000000       0x2c ../../../driverlib/gcc/lib/Debug/libdriver.a(uart.o)
 .text.UARTTxIntModeGet
                0x0000000000000000       0x1c ../../../driverlib/gcc/lib/Debug/libdriver.a(uart.o)
 .text.UARTCharsAvail
                0x0000000000000000       0x28 ../../../driverlib/gcc/lib/Debug/libdriver.a(uart.o)
 .text.UARTSpaceAvail
                0x0000000000000000       0x28 ../../../driverlib/gcc/lib/Debug/libdriver.a(uart.o)
 .text.UARTCharGetNonBlocking
                0x0000000000000000       0x2c ../../../driverlib/gcc/lib/Debug/libdriver.a(uart.o)
 .text.UARTCharGet
                0x0000000000000000       0x28 ../../../driverlib/gcc/lib/Debug/libdriver.a(uart.o)
 .text.UARTCharPutNonBlocking
                0x0000000000000000       0x30 ../../../driverlib/gcc/lib/Debug/libdriver.a(uart.o)
 .text.UARTCharPut
                0x0000000000000000       0x2c ../../../driverlib/gcc/lib/Debug/libdriver.a(uart.o)
 .text.UARTBreakCtl
                0x0000000000000000       0x3c ../../../driverlib/gcc/lib/Debug/libdriver.a(uart.o)
 .text.UARTBusy
                0x0000000000000000       0x28 ../../../driverlib/gcc/lib/Debug/libdriver.a(uart.o)
 .text.UARTIntRegister
                0x0000000000000000       0x2c ../../../driverlib/gcc/lib/Debug/libdriver.a(uart.o)
 .text.UARTIntUnregister
                0x0000000000000000       0x28 ../../../driverlib/gcc/lib/Debug/libdriver.a(uart.o)
 .text.UARTIntEnable
                0x0000000000000000       0x28 ../../../driverlib/gcc/lib/Debug/libdriver.a(uart.o)
 .text.UARTIntDisable
                0x0000000000000000       0x28 ../../../driverlib/gcc/lib/Debug/libdriver.a(uart.o)
 .text.UARTIntStatus
                0x0000000000000000       0x2c ../../../driverlib/gcc/lib/Debug/libdriver.a(uart.o)
 .text.UARTIntClear
                0x0000000000000000       0x20 ../../../driverlib/gcc/lib/Debug/libdriver.a(uart.o)
 .text.UARTDMAEnable
                0x0000000000000000       0x28 ../../../driverlib/gcc/lib/Debug/libdriver.a(uart.o)
 .text.UARTDMADisable
                0x0000000000000000       0x28 ../../../driverlib/gcc/lib/Debug/libdriver.a(uart.o)
 .text.UARTRxErrorGet
                0x0000000000000000       0x1c ../../../driverlib/gcc/lib/Debug/libdriver.a(uart.o)
 .text.UARTRxErrorClear
                0x0000000000000000       0x1c ../../../driverlib/gcc/lib/Debug/libdriver.a(uart.o)
 .debug_info    0x0000000000000000      0x82e ../../../driverlib/gcc/lib/Debug/libdriver.a(uart.o)
 .debug_abbrev  0x0000000000000000      0x131 ../../../driverlib/gcc/lib/Debug/libdriver.a(uart.o)
 .debug_aranges
                0x0000000000000000      0x140 ../../../driverlib/gcc/lib/Debug/libdriver.a(uart.o)
 .debug_ranges  0x0000000000000000      0x130 ../../../driverlib/gcc/lib/Debug/libdriver.a(uart.o)
 .debug_line    0x0000000000000000      0x37e ../../../driverlib/gcc/lib/Debug/libdriver.a(uart.o)
 .debug_str     0x0000000000000000      0x423 ../../../driverlib/gcc/lib/Debug/libdriver.a(uart.o)
 .comment       0x0000000000000000       0x22 ../../../driverlib/gcc/lib/Debug/libdriver.a(uart.o)
 .ARM.attributes
                0x0000000000000000       0x33 ../../../driverlib/gcc/lib/Debug/libdriver.a(uart.o)
 .debug_frame   0x0000000000000000      0x5cc ../../../driverlib/gcc/lib/Debug/libdriver.a(uart.o)
 .text          0x0000000000000000        0x0 ../../../driverlib/gcc/lib/Debug/libdriver.a(utils.o)
 .data          0x0000000000000000        0x0 ../../../driverlib/gcc/lib/Debug/libdriver.a(utils.o)
 .bss           0x0000000000000000        0x0 ../../../driverlib/gcc/lib/Debug/libdriver.a(utils.o)
 .text          0x0000000000000000        0x0 ../../../driverlib/gcc/lib/Debug/libdriver.a(cpu.o)
 .data          0x0000000000000000        0x0 ../../../driverlib/gcc/lib/Debug/libdriver.a(cpu.o)
 .bss           0x0000000000000000        0x0 ../../../driverlib/gcc/lib/Debug/libdriver.a(cpu.o)
 .text.CPUcpsid
                0x0000000000000000       0x18 ../../../driverlib/gcc/lib/Debug/libdriver.a(cpu.o)
 .text.CPUprimask
                0x0000000000000000        0xc ../../../driverlib/gcc/lib/Debug/libdriver.a(cpu.o)
 .text.CPUwfi   0x0000000000000000       0x10 ../../../driverlib/gcc/lib/Debug/libdriver.a(cpu.o)
 .text.CPUbasepriSet
                0x0000000000000000       0x10 ../../../driverlib/gcc/lib/Debug/libdriver.a(cpu.o)
 .text.CPUbasepriGet
                0x0000000000000000        0xc ../../../driverlib/gcc/lib/Debug/libdriver.a(cpu.o)
 .text          0x0000000000000000        0x0 ../../../driverlib/gcc/lib/Debug/libdriver.a(flash.o)
 .data          0x0000000000000000        0x0 ../../../driverlib/gcc/lib/Debug/libdriver.a(flash.o)
 .bss           0x0000000000000000        0x0 ../../../driverlib/gcc/lib/Debug/libdriver.a(flash.o)
 .rodata.g_pulFMPPERegs
                0x0000000000000000       0x40 ../../../driverlib/gcc/lib/Debug/libdriver.a(flash.o)
 .rodata.g_pulFMPRERegs
                0x0000000000000000       0x40 ../../../driverlib/gcc/lib/Debug/libdriver.a(flash.o)
 .text.FlashDisable
                0x0000000000000000       0x50 ../../../driverlib/gcc/lib/Debug/libdriver.a(flash.o)
 .text.FlashErase
                0x0000000000000000       0x60 ../../../driverlib/gcc/lib/Debug/libdriver.a(flash.o)
 .text.FlashEraseNonBlocking
                0x0000000000000000       0x38 ../../../driverlib/gcc/lib/Debug/libdriver.a(flash.o)
 .text.FlashMassErase
                0x0000000000000000       0x50 ../../../driverlib/gcc/lib/Debug/libdriver.a(flash.o)
 .text.FlashMassEraseNonBlocking
                0x0000000000000000       0x28 ../../../driverlib/gcc/lib/Debug/libdriver.a(flash.o)
 .text.FlashProgram
                0x0000000000000000       0xb4 ../../../driverlib/gcc/lib/Debug/libdriver.a(flash.o)
 .text.FlashProgramNonBlocking
                0x0000000000000000       0xa4 ../../../driverlib/gcc/lib/Debug/libdriver.a(flash.o)
 .text.FlashProtectGet
                0x0000000000000000       0x78 ../../../driverlib/gcc/lib/Debug/libdriver.a(flash.o)
 .text.FlashIntRegister
                0x0000000000000000       0x20 ../../../driverlib/gcc/lib/Debug/libdriver.a(flash.o)
 .text.FlashIntUnregister
                0x0000000000000000       0x14 ../../../driverlib/gcc/lib/Debug/libdriver.a(flash.o)
 .text.FlashIntEnable
                0x0000000000000000       0x24 ../../../driverlib/gcc/lib/Debug/libdriver.a(flash.o)
 .text.FlashIntDisable
                0x0000000000000000       0x24 ../../../driverlib/gcc/lib/Debug/libdriver.a(flash.o)
 .text.FlashIntStatus
                0x0000000000000000       0x2c ../../../driverlib/gcc/lib/Debug/libdriver.a(flash.o)
 .text.FlashIntClear
                0x0000000000000000       0x1c ../../../driverlib/gcc/lib/Debug/libdriver.a(flash.o)
 .debug_info    0x0000000000000000      0x300 ../../../driverlib/gcc/lib/Debug/libdriver.a(flash.o)
 .debug_abbrev  0x0000000000000000      0x191 ../../../driverlib/gcc/lib/Debug/libdriver.a(flash.o)
 .debug_aranges
                0x0000000000000000       0x88 ../../../driverlib/gcc/lib/Debug/libdriver.a(flash.o)
 .debug_ranges  0x0000000000000000       0x78 ../../../driverlib/gcc/lib/Debug/libdriver.a(flash.o)
 .debug_line    0x0000000000000000      0x1f4 ../../../driverlib/gcc/lib/Debug/libdriver.a(flash.o)
 .debug_str     0x0000000000000000      0x279 ../../../driverlib/gcc/lib/Debug/libdriver.a(flash.o)
 .comment       0x0000000000000000       0x22 ../../../driverlib/gcc/lib/Debug/libdriver.a(flash.o)
 .ARM.attributes
                0x0000000000000000       0x33 ../../../driverlib/gcc/lib/Debug/libdriver.a(flash.o)
 .debug_frame   0x0000000000000000      0x214 ../../../driverlib/gcc/lib/Debug/libdriver.a(flash.o)
 .text          0x0000000000000000        0x0 /usr/lib/gcc/arm-none-eabi/5.2.0/../../../../arm-none-eabi/lib/armv7e-m/libc_nano.a(lib_a-malloc.o)
 .data          0x0000000000000000        0x0 /usr/lib/gcc/arm-none-eabi/5.2.0/../../../../arm-none-eabi/lib/armv7e-m/libc_nano.a(lib_a-malloc.o)
 .bss           0x0000000000000000        0x0 /usr/lib/gcc/arm-none-eabi/5.2.0/../../../../arm-none-eabi/lib/armv7e-m/libc_nano.a(lib_a-malloc.o)
 .text.malloc   0x0000000000000000       0x10 /usr/lib/gcc/arm-none-eabi/5.2.0/../../../../arm-none-eabi/lib/armv7e-m/libc_nano.a(lib_a-malloc.o)
 .text.free     0x0000000000000000       0x10 /usr/lib/gcc/arm-none-eabi/5.2.0/../../../../arm-none-eabi/lib/armv7e-m/libc_nano.a(lib_a-malloc.o)
 .debug_info    0x0000000000000000      0x7b2 /usr/lib/gcc/arm-none-eabi/5.2.0/../../../../arm-none-eabi/lib/armv7e-m/libc_nano.a(lib_a-malloc.o)
 .debug_abbrev  0x0000000000000000      0x18a /usr/lib/gcc/arm-none-eabi/5.2.0/../../../../arm-none-eabi/lib/armv7e-m/libc_nano.a(lib_a-malloc.o)
 .debug_loc     0x0000000000000000       0x58 /usr/lib/gcc/arm-none-eabi/5.2.0/../../../../arm-none-eabi/lib/armv7e-m/libc_nano.a(lib_a-malloc.o)
 .debug_aranges
                0x0000000000000000       0x28 /usr/lib/gcc/arm-none-eabi/5.2.0/../../../../arm-none-eabi/lib/armv7e-m/libc_nano.a(lib_a-malloc.o)
 .debug_ranges  0x0000000000000000       0x18 /usr/lib/gcc/arm-none-eabi/5.2.0/../../../../arm-none-eabi/lib/armv7e-m/libc_nano.a(lib_a-malloc.o)
 .debug_line    0x0000000000000000      0x148 /usr/lib/gcc/arm-none-eabi/5.2.0/../../../../arm-none-eabi/lib/armv7e-m/libc_nano.a(lib_a-malloc.o)
 .debug_str     0x0000000000000000      0x52b /usr/lib/gcc/arm-none-eabi/5.2.0/../../../../arm-none-eabi/lib/armv7e-m/libc_nano.a(lib_a-malloc.o)
 .comment       0x0000000000000000       0x22 /usr/lib/gcc/arm-none-eabi/5.2.0/../../../../arm-none-eabi/lib/armv7e-m/libc_nano.a(lib_a-malloc.o)
 .debug_frame   0x0000000000000000       0x30 /usr/lib/gcc/arm-none-eabi/5.2.0/../../../../arm-none-eabi/lib/armv7e-m/libc_nano.a(lib_a-malloc.o)
 .ARM.attributes
                0x0000000000000000       0x2e /usr/lib/gcc/arm-none-eabi/5.2.0/../../../../arm-none-eabi/lib/armv7e-m/libc_nano.a(lib_a-malloc.o)
 .text          0x0000000000000000        0x0 /usr/lib/gcc/arm-none-eabi/5.2.0/../../../../arm-none-eabi/lib/armv7e-m/libc_nano.a(lib_a-memmove.o)
 .data          0x0000000000000000        0x0 /usr/lib/gcc/arm-none-eabi/5.2.0/../../../../arm-none-eabi/lib/armv7e-m/libc_nano.a(lib_a-memmove.o)
 .bss           0x0000000000000000        0x0 /usr/lib/gcc/arm-none-eabi/5.2.0/../../../../arm-none-eabi/lib/armv7e-m/libc_nano.a(lib_a-memmove.o)
 .text.memmove  0x0000000000000000       0x36 /usr/lib/gcc/arm-none-eabi/5.2.0/../../../../arm-none-eabi/lib/armv7e-m/libc_nano.a(lib_a-memmove.o)
 .debug_info    0x0000000000000000      0x109 /usr/lib/gcc/arm-none-eabi/5.2.0/../../../../arm-none-eabi/lib/armv7e-m/libc_nano.a(lib_a-memmove.o)
 .debug_abbrev  0x0000000000000000       0x9c /usr/lib/gcc/arm-none-eabi/5.2.0/../../../../arm-none-eabi/lib/armv7e-m/libc_nano.a(lib_a-memmove.o)
 .debug_loc     0x0000000000000000       0xde /usr/lib/gcc/arm-none-eabi/5.2.0/../../../../arm-none-eabi/lib/armv7e-m/libc_nano.a(lib_a-memmove.o)
 .debug_aranges
                0x0000000000000000       0x20 /usr/lib/gcc/arm-none-eabi/5.2.0/../../../../arm-none-eabi/lib/armv7e-m/libc_nano.a(lib_a-memmove.o)
 .debug_ranges  0x0000000000000000       0x10 /usr/lib/gcc/arm-none-eabi/5.2.0/../../../../arm-none-eabi/lib/armv7e-m/libc_nano.a(lib_a-memmove.o)
 .debug_line    0x0000000000000000       0xe9 /usr/lib/gcc/arm-none-eabi/5.2.0/../../../../arm-none-eabi/lib/armv7e-m/libc_nano.a(lib_a-memmove.o)
 .debug_str     0x0000000000000000      0x1c9 /usr/lib/gcc/arm-none-eabi/5.2.0/../../../../arm-none-eabi/lib/armv7e-m/libc_nano.a(lib_a-memmove.o)
 .comment       0x0000000000000000       0x22 /usr/lib/gcc/arm-none-eabi/5.2.0/../../../../arm-none-eabi/lib/armv7e-m/libc_nano.a(lib_a-memmove.o)
 .debug_frame   0x0000000000000000       0x28 /usr/lib/gcc/arm-none-eabi/5.2.0/../../../../arm-none-eabi/lib/armv7e-m/libc_nano.a(lib_a-memmove.o)
 .ARM.attributes
                0x0000000000000000       0x2e /usr/lib/gcc/arm-none-eabi/5.2.0/../../../../arm-none-eabi/lib/armv7e-m/libc_nano.a(lib_a-memmove.o)
 .text          0x0000000000000000        0x0 /usr/lib/gcc/arm-none-eabi/5.2.0/../../../../arm-none-eabi/lib/armv7e-m/libc_nano.a(lib_a-nano-freer.o)
 .data          0x0000000000000000        0x0 /usr/lib/gcc/arm-none-eabi/5.2.0/../../../../arm-none-eabi/lib/armv7e-m/libc_nano.a(lib_a-nano-freer.o)
 .bss           0x0000000000000000        0x0 /usr/lib/gcc/arm-none-eabi/5.2.0/../../../../arm-none-eabi/lib/armv7e-m/libc_nano.a(lib_a-nano-freer.o)
 .text._free_r  0x0000000000000000       0x8c /usr/lib/gcc/arm-none-eabi/5.2.0/../../../../arm-none-eabi/lib/armv7e-m/libc_nano.a(lib_a-nano-freer.o)
 .debug_info    0x0000000000000000      0x821 /usr/lib/gcc/arm-none-eabi/5.2.0/../../../../arm-none-eabi/lib/armv7e-m/libc_nano.a(lib_a-nano-freer.o)
 .debug_abbrev  0x0000000000000000      0x1b6 /usr/lib/gcc/arm-none-eabi/5.2.0/../../../../arm-none-eabi/lib/armv7e-m/libc_nano.a(lib_a-nano-freer.o)
 .debug_loc     0x0000000000000000      0x172 /usr/lib/gcc/arm-none-eabi/5.2.0/../../../../arm-none-eabi/lib/armv7e-m/libc_nano.a(lib_a-nano-freer.o)
 .debug_aranges
                0x0000000000000000       0x20 /usr/lib/gcc/arm-none-eabi/5.2.0/../../../../arm-none-eabi/lib/armv7e-m/libc_nano.a(lib_a-nano-freer.o)
 .debug_ranges  0x0000000000000000       0x28 /usr/lib/gcc/arm-none-eabi/5.2.0/../../../../arm-none-eabi/lib/armv7e-m/libc_nano.a(lib_a-nano-freer.o)
 .debug_line    0x0000000000000000      0x13b /usr/lib/gcc/arm-none-eabi/5.2.0/../../../../arm-none-eabi/lib/armv7e-m/libc_nano.a(lib_a-nano-freer.o)
 .debug_str     0x0000000000000000      0x56f /usr/lib/gcc/arm-none-eabi/5.2.0/../../../../arm-none-eabi/lib/armv7e-m/libc_nano.a(lib_a-nano-freer.o)
 .comment       0x0000000000000000       0x22 /usr/lib/gcc/arm-none-eabi/5.2.0/../../../../arm-none-eabi/lib/armv7e-m/libc_nano.a(lib_a-nano-freer.o)
 .debug_frame   0x0000000000000000       0x2c /usr/lib/gcc/arm-none-eabi/5.2.0/../../../../arm-none-eabi/lib/armv7e-m/libc_nano.a(lib_a-nano-freer.o)
 .ARM.attributes
                0x0000000000000000       0x2e /usr/lib/gcc/arm-none-eabi/5.2.0/../../../../arm-none-eabi/lib/armv7e-m/libc_nano.a(lib_a-nano-freer.o)
 .text          0x0000000000000000        0x0 /usr/lib/gcc/arm-none-eabi/5.2.0/../../../../arm-none-eabi/lib/armv7e-m/libc_nano.a(lib_a-nano-mallocr.o)
 .data          0x0000000000000000        0x0 /usr/lib/gcc/arm-none-eabi/5.2.0/../../../../arm-none-eabi/lib/armv7e-m/libc_nano.a(lib_a-nano-mallocr.o)
 .bss           0x0000000000000000        0x0 /usr/lib/gcc/arm-none-eabi/5.2.0/../../../../arm-none-eabi/lib/armv7e-m/libc_nano.a(lib_a-nano-mallocr.o)
 .text._malloc_r
                0x0000000000000000       0xa8 /usr/lib/gcc/arm-none-eabi/5.2.0/../../../../arm-none-eabi/lib/armv7e-m/libc_nano.a(lib_a-nano-mallocr.o)
 .bss.__malloc_sbrk_start
                0x0000000000000000        0x4 /usr/lib/gcc/arm-none-eabi/5.2.0/../../../../arm-none-eabi/lib/armv7e-m/libc_nano.a(lib_a-nano-mallocr.o)
 .bss.__malloc_free_list
                0x0000000000000000        0x4 /usr/lib/gcc/arm-none-eabi/5.2.0/../../../../arm-none-eabi/lib/armv7e-m/libc_nano.a(lib_a-nano-mallocr.o)
 .debug_info    0x0000000000000000      0x8ec /usr/lib/gcc/arm-none-eabi/5.2.0/../../../../arm-none-eabi/lib/armv7e-m/libc_nano.a(lib_a-nano-mallocr.o)
 .debug_abbrev  0x0000000000000000      0x24e /usr/lib/gcc/arm-none-eabi/5.2.0/../../../../arm-none-eabi/lib/armv7e-m/libc_nano.a(lib_a-nano-mallocr.o)
 .debug_loc     0x0000000000000000      0x311 /usr/lib/gcc/arm-none-eabi/5.2.0/../../../../arm-none-eabi/lib/armv7e-m/libc_nano.a(lib_a-nano-mallocr.o)
 .debug_aranges
                0x0000000000000000       0x20 /usr/lib/gcc/arm-none-eabi/5.2.0/../../../../arm-none-eabi/lib/armv7e-m/libc_nano.a(lib_a-nano-mallocr.o)
 .debug_ranges  0x0000000000000000       0x28 /usr/lib/gcc/arm-none-eabi/5.2.0/../../../../arm-none-eabi/lib/armv7e-m/libc_nano.a(lib_a-nano-mallocr.o)
 .debug_line    0x0000000000000000      0x175 /usr/lib/gcc/arm-none-eabi/5.2.0/../../../../arm-none-eabi/lib/armv7e-m/libc_nano.a(lib_a-nano-mallocr.o)
 .debug_str     0x0000000000000000      0x59a /usr/lib/gcc/arm-none-eabi/5.2.0/../../../../arm-none-eabi/lib/armv7e-m/libc_nano.a(lib_a-nano-mallocr.o)
 .comment       0x0000000000000000       0x22 /usr/lib/gcc/arm-none-eabi/5.2.0/../../../../arm-none-eabi/lib/armv7e-m/libc_nano.a(lib_a-nano-mallocr.o)
 .debug_frame   0x0000000000000000       0x2c /usr/lib/gcc/arm-none-eabi/5.2.0/../../../../arm-none-eabi/lib/armv7e-m/libc_nano.a(lib_a-nano-mallocr.o)
 .ARM.attributes
                0x0000000000000000       0x2e /usr/lib/gcc/arm-none-eabi/5.2.0/../../../../arm-none-eabi/lib/armv7e-m/libc_nano.a(lib_a-nano-mallocr.o)
 .text          0x0000000000000000        0x0 /usr/lib/gcc/arm-none-eabi/5.2.0/../../../../arm-none-eabi/lib/armv7e-m/libc_nano.a(lib_a-realloc.o)
 .data          0x0000000000000000        0x0 /usr/lib/gcc/arm-none-eabi/5.2.0/../../../../arm-none-eabi/lib/armv7e-m/libc_nano.a(lib_a-realloc.o)
 .bss           0x0000000000000000        0x0 /usr/lib/gcc/arm-none-eabi/5.2.0/../../../../arm-none-eabi/lib/armv7e-m/libc_nano.a(lib_a-realloc.o)
 .text.realloc  0x0000000000000000       0x10 /usr/lib/gcc/arm-none-eabi/5.2.0/../../../../arm-none-eabi/lib/armv7e-m/libc_nano.a(lib_a-realloc.o)
 .debug_info    0x0000000000000000      0x786 /usr/lib/gcc/arm-none-eabi/5.2.0/../../../../arm-none-eabi/lib/armv7e-m/libc_nano.a(lib_a-realloc.o)
 .debug_abbrev  0x0000000000000000      0x17f /usr/lib/gcc/arm-none-eabi/5.2.0/../../../../arm-none-eabi/lib/armv7e-m/libc_nano.a(lib_a-realloc.o)
 .debug_loc     0x0000000000000000       0x58 /usr/lib/gcc/arm-none-eabi/5.2.0/../../../../arm-none-eabi/lib/armv7e-m/libc_nano.a(lib_a-realloc.o)
 .debug_aranges
                0x0000000000000000       0x20 /usr/lib/gcc/arm-none-eabi/5.2.0/../../../../arm-none-eabi/lib/armv7e-m/libc_nano.a(lib_a-realloc.o)
 .debug_ranges  0x0000000000000000       0x10 /usr/lib/gcc/arm-none-eabi/5.2.0/../../../../arm-none-eabi/lib/armv7e-m/libc_nano.a(lib_a-realloc.o)
 .debug_line    0x0000000000000000      0x137 /usr/lib/gcc/arm-none-eabi/5.2.0/../../../../arm-none-eabi/lib/armv7e-m/libc_nano.a(lib_a-realloc.o)
 .debug_str     0x0000000000000000      0x51c /usr/lib/gcc/arm-none-eabi/5.2.0/../../../../arm-none-eabi/lib/armv7e-m/libc_nano.a(lib_a-realloc.o)
 .comment       0x0000000000000000       0x22 /usr/lib/gcc/arm-none-eabi/5.2.0/../../../../arm-none-eabi/lib/armv7e-m/libc_nano.a(lib_a-realloc.o)
 .debug_frame   0x0000000000000000       0x20 /usr/lib/gcc/arm-none-eabi/5.2.0/../../../../arm-none-eabi/lib/armv7e-m/libc_nano.a(lib_a-realloc.o)
 .ARM.attributes
                0x0000000000000000       0x2e /usr/lib/gcc/arm-none-eabi/5.2.0/../../../../arm-none-eabi/lib/armv7e-m/libc_nano.a(lib_a-realloc.o)
 .text          0x0000000000000000        0x0 /usr/lib/gcc/arm-none-eabi/5.2.0/../../../../arm-none-eabi/lib/armv7e-m/libc_nano.a(lib_a-sbrkr.o)
 .data          0x0000000000000000        0x0 /usr/lib/gcc/arm-none-eabi/5.2.0/../../../../arm-none-eabi/lib/armv7e-m/libc_nano.a(lib_a-sbrkr.o)
 .bss           0x0000000000000000        0x0 /usr/lib/gcc/arm-none-eabi/5.2.0/../../../../arm-none-eabi/lib/armv7e-m/libc_nano.a(lib_a-sbrkr.o)
 .text._sbrk_r  0x0000000000000000       0x20 /usr/lib/gcc/arm-none-eabi/5.2.0/../../../../arm-none-eabi/lib/armv7e-m/libc_nano.a(lib_a-sbrkr.o)
 .debug_info    0x0000000000000000      0x7a1 /usr/lib/gcc/arm-none-eabi/5.2.0/../../../../arm-none-eabi/lib/armv7e-m/libc_nano.a(lib_a-sbrkr.o)
 .debug_abbrev  0x0000000000000000      0x1a0 /usr/lib/gcc/arm-none-eabi/5.2.0/../../../../arm-none-eabi/lib/armv7e-m/libc_nano.a(lib_a-sbrkr.o)
 .debug_loc     0x0000000000000000       0x4d /usr/lib/gcc/arm-none-eabi/5.2.0/../../../../arm-none-eabi/lib/armv7e-m/libc_nano.a(lib_a-sbrkr.o)
 .debug_aranges
                0x0000000000000000       0x20 /usr/lib/gcc/arm-none-eabi/5.2.0/../../../../arm-none-eabi/lib/armv7e-m/libc_nano.a(lib_a-sbrkr.o)
 .debug_ranges  0x0000000000000000       0x10 /usr/lib/gcc/arm-none-eabi/5.2.0/../../../../arm-none-eabi/lib/armv7e-m/libc_nano.a(lib_a-sbrkr.o)
 .debug_line    0x0000000000000000      0x140 /usr/lib/gcc/arm-none-eabi/5.2.0/../../../../arm-none-eabi/lib/armv7e-m/libc_nano.a(lib_a-sbrkr.o)
 .debug_str     0x0000000000000000      0x50e /usr/lib/gcc/arm-none-eabi/5.2.0/../../../../arm-none-eabi/lib/armv7e-m/libc_nano.a(lib_a-sbrkr.o)
 .comment       0x0000000000000000       0x22 /usr/lib/gcc/arm-none-eabi/5.2.0/../../../../arm-none-eabi/lib/armv7e-m/libc_nano.a(lib_a-sbrkr.o)
 .debug_frame   0x0000000000000000       0x2c /usr/lib/gcc/arm-none-eabi/5.2.0/../../../../arm-none-eabi/lib/armv7e-m/libc_nano.a(lib_a-sbrkr.o)
 .ARM.attributes
                0x0000000000000000       0x2e /usr/lib/gcc/arm-none-eabi/5.2.0/../../../../arm-none-eabi/lib/armv7e-m/libc_nano.a(lib_a-sbrkr.o)
 .text          0x0000000000000000        0x0 /usr/lib/gcc/arm-none-eabi/5.2.0/../../../../arm-none-eabi/lib/armv7e-m/libc_nano.a(lib_a-strlen.o)
 .data          0x0000000000000000        0x0 /usr/lib/gcc/arm-none-eabi/5.2.0/../../../../arm-none-eabi/lib/armv7e-m/libc_nano.a(lib_a-strlen.o)
 .bss           0x0000000000000000        0x0 /usr/lib/gcc/arm-none-eabi/5.2.0/../../../../arm-none-eabi/lib/armv7e-m/libc_nano.a(lib_a-strlen.o)
 .text.strlen   0x0000000000000000       0x10 /usr/lib/gcc/arm-none-eabi/5.2.0/../../../../arm-none-eabi/lib/armv7e-m/libc_nano.a(lib_a-strlen.o)
 .debug_info    0x0000000000000000       0xd4 /usr/lib/gcc/arm-none-eabi/5.2.0/../../../../arm-none-eabi/lib/armv7e-m/libc_nano.a(lib_a-strlen.o)
 .debug_abbrev  0x0000000000000000       0x8c /usr/lib/gcc/arm-none-eabi/5.2.0/../../../../arm-none-eabi/lib/armv7e-m/libc_nano.a(lib_a-strlen.o)
 .debug_loc     0x0000000000000000       0x21 /usr/lib/gcc/arm-none-eabi/5.2.0/../../../../arm-none-eabi/lib/armv7e-m/libc_nano.a(lib_a-strlen.o)
 .debug_aranges
                0x0000000000000000       0x20 /usr/lib/gcc/arm-none-eabi/5.2.0/../../../../arm-none-eabi/lib/armv7e-m/libc_nano.a(lib_a-strlen.o)
 .debug_ranges  0x0000000000000000       0x10 /usr/lib/gcc/arm-none-eabi/5.2.0/../../../../arm-none-eabi/lib/armv7e-m/libc_nano.a(lib_a-strlen.o)
 .debug_line    0x0000000000000000       0xe4 /usr/lib/gcc/arm-none-eabi/5.2.0/../../../../arm-none-eabi/lib/armv7e-m/libc_nano.a(lib_a-strlen.o)
 .debug_str     0x0000000000000000      0x1c3 /usr/lib/gcc/arm-none-eabi/5.2.0/../../../../arm-none-eabi/lib/armv7e-m/libc_nano.a(lib_a-strlen.o)
 .comment       0x0000000000000000       0x22 /usr/lib/gcc/arm-none-eabi/5.2.0/../../../../arm-none-eabi/lib/armv7e-m/libc_nano.a(lib_a-strlen.o)
 .debug_frame   0x0000000000000000       0x20 /usr/lib/gcc/arm-none-eabi/5.2.0/../../../../arm-none-eabi/lib/armv7e-m/libc_nano.a(lib_a-strlen.o)
 .ARM.attributes
                0x0000000000000000       0x2e /usr/lib/gcc/arm-none-eabi/5.2.0/../../../../arm-none-eabi/lib/armv7e-m/libc_nano.a(lib_a-strlen.o)
 .text          0x0000000000000000        0x0 /usr/lib/gcc/arm-none-eabi/5.2.0/../../../../arm-none-eabi/lib/armv7e-m/libc_nano.a(lib_a-vsnprintf.o)
 .data          0x0000000000000000        0x0 /usr/lib/gcc/arm-none-eabi/5.2.0/../../../../arm-none-eabi/lib/armv7e-m/libc_nano.a(lib_a-vsnprintf.o)
 .bss           0x0000000000000000        0x0 /usr/lib/gcc/arm-none-eabi/5.2.0/../../../../arm-none-eabi/lib/armv7e-m/libc_nano.a(lib_a-vsnprintf.o)
 .text._vsnprintf_r
                0x0000000000000000       0x56 /usr/lib/gcc/arm-none-eabi/5.2.0/../../../../arm-none-eabi/lib/armv7e-m/libc_nano.a(lib_a-vsnprintf.o)
 .text.vsnprintf
                0x0000000000000000       0x1c /usr/lib/gcc/arm-none-eabi/5.2.0/../../../../arm-none-eabi/lib/armv7e-m/libc_nano.a(lib_a-vsnprintf.o)
 .debug_info    0x0000000000000000      0x892 /usr/lib/gcc/arm-none-eabi/5.2.0/../../../../arm-none-eabi/lib/armv7e-m/libc_nano.a(lib_a-vsnprintf.o)
 .debug_abbrev  0x0000000000000000      0x1bd /usr/lib/gcc/arm-none-eabi/5.2.0/../../../../arm-none-eabi/lib/armv7e-m/libc_nano.a(lib_a-vsnprintf.o)
 .debug_loc     0x0000000000000000      0x163 /usr/lib/gcc/arm-none-eabi/5.2.0/../../../../arm-none-eabi/lib/armv7e-m/libc_nano.a(lib_a-vsnprintf.o)
 .debug_aranges
                0x0000000000000000       0x28 /usr/lib/gcc/arm-none-eabi/5.2.0/../../../../arm-none-eabi/lib/armv7e-m/libc_nano.a(lib_a-vsnprintf.o)
 .debug_ranges  0x0000000000000000       0x18 /usr/lib/gcc/arm-none-eabi/5.2.0/../../../../arm-none-eabi/lib/armv7e-m/libc_nano.a(lib_a-vsnprintf.o)
 .debug_line    0x0000000000000000      0x17d /usr/lib/gcc/arm-none-eabi/5.2.0/../../../../arm-none-eabi/lib/armv7e-m/libc_nano.a(lib_a-vsnprintf.o)
 .debug_str     0x0000000000000000      0x556 /usr/lib/gcc/arm-none-eabi/5.2.0/../../../../arm-none-eabi/lib/armv7e-m/libc_nano.a(lib_a-vsnprintf.o)
 .comment       0x0000000000000000       0x22 /usr/lib/gcc/arm-none-eabi/5.2.0/../../../../arm-none-eabi/lib/armv7e-m/libc_nano.a(lib_a-vsnprintf.o)
 .debug_frame   0x0000000000000000       0x48 /usr/lib/gcc/arm-none-eabi/5.2.0/../../../../arm-none-eabi/lib/armv7e-m/libc_nano.a(lib_a-vsnprintf.o)
 .ARM.attributes
                0x0000000000000000       0x2e /usr/lib/gcc/arm-none-eabi/5.2.0/../../../../arm-none-eabi/lib/armv7e-m/libc_nano.a(lib_a-vsnprintf.o)
 .text          0x0000000000000000        0x0 /usr/lib/gcc/arm-none-eabi/5.2.0/../../../../arm-none-eabi/lib/armv7e-m/libc_nano.a(lib_a-impure.o)
 .data          0x0000000000000000        0x0 /usr/lib/gcc/arm-none-eabi/5.2.0/../../../../arm-none-eabi/lib/armv7e-m/libc_nano.a(lib_a-impure.o)
 .bss           0x0000000000000000        0x0 /usr/lib/gcc/arm-none-eabi/5.2.0/../../../../arm-none-eabi/lib/armv7e-m/libc_nano.a(lib_a-impure.o)
 .data.impure_data
                0x0000000000000000       0x60 /usr/lib/gcc/arm-none-eabi/5.2.0/../../../../arm-none-eabi/lib/armv7e-m/libc_nano.a(lib_a-impure.o)
 .data._impure_ptr
                0x0000000000000000        0x4 /usr/lib/gcc/arm-none-eabi/5.2.0/../../../../arm-none-eabi/lib/armv7e-m/libc_nano.a(lib_a-impure.o)
 .rodata.str1.1
                0x0000000000000000        0x2 /usr/lib/gcc/arm-none-eabi/5.2.0/../../../../arm-none-eabi/lib/armv7e-m/libc_nano.a(lib_a-impure.o)
 .rodata._global_impure_ptr
                0x0000000000000000        0x4 /usr/lib/gcc/arm-none-eabi/5.2.0/../../../../arm-none-eabi/lib/armv7e-m/libc_nano.a(lib_a-impure.o)
 .debug_info    0x0000000000000000      0x7da /usr/lib/gcc/arm-none-eabi/5.2.0/../../../../arm-none-eabi/lib/armv7e-m/libc_nano.a(lib_a-impure.o)
 .debug_abbrev  0x0000000000000000      0x136 /usr/lib/gcc/arm-none-eabi/5.2.0/../../../../arm-none-eabi/lib/armv7e-m/libc_nano.a(lib_a-impure.o)
 .debug_aranges
                0x0000000000000000       0x18 /usr/lib/gcc/arm-none-eabi/5.2.0/../../../../arm-none-eabi/lib/armv7e-m/libc_nano.a(lib_a-impure.o)
 .debug_line    0x0000000000000000       0xe0 /usr/lib/gcc/arm-none-eabi/5.2.0/../../../../arm-none-eabi/lib/armv7e-m/libc_nano.a(lib_a-impure.o)
 .debug_str     0x0000000000000000      0x556 /usr/lib/gcc/arm-none-eabi/5.2.0/../../../../arm-none-eabi/lib/armv7e-m/libc_nano.a(lib_a-impure.o)
 .comment       0x0000000000000000       0x22 /usr/lib/gcc/arm-none-eabi/5.2.0/../../../../arm-none-eabi/lib/armv7e-m/libc_nano.a(lib_a-impure.o)
 .ARM.attributes
                0x0000000000000000       0x2e /usr/lib/gcc/arm-none-eabi/5.2.0/../../../../arm-none-eabi/lib/armv7e-m/libc_nano.a(lib_a-impure.o)
 .text          0x0000000000000000        0x0 /usr/lib/gcc/arm-none-eabi/5.2.0/../../../../arm-none-eabi/lib/armv7e-m/libc_nano.a(lib_a-nano-reallocr.o)
 .data          0x0000000000000000        0x0 /usr/lib/gcc/arm-none-eabi/5.2.0/../../../../arm-none-eabi/lib/armv7e-m/libc_nano.a(lib_a-nano-reallocr.o)
 .bss           0x0000000000000000        0x0 /usr/lib/gcc/arm-none-eabi/5.2.0/../../../../arm-none-eabi/lib/armv7e-m/libc_nano.a(lib_a-nano-reallocr.o)
 .text._realloc_r
                0x0000000000000000       0x4c /usr/lib/gcc/arm-none-eabi/5.2.0/../../../../arm-none-eabi/lib/armv7e-m/libc_nano.a(lib_a-nano-reallocr.o)
 .debug_info    0x0000000000000000      0x878 /usr/lib/gcc/arm-none-eabi/5.2.0/../../../../arm-none-eabi/lib/armv7e-m/libc_nano.a(lib_a-nano-reallocr.o)
 .debug_abbrev  0x0000000000000000      0x1af /usr/lib/gcc/arm-none-eabi/5.2.0/../../../../arm-none-eabi/lib/armv7e-m/libc_nano.a(lib_a-nano-reallocr.o)
 .debug_loc     0x0000000000000000      0x11b /usr/lib/gcc/arm-none-eabi/5.2.0/../../../../arm-none-eabi/lib/armv7e-m/libc_nano.a(lib_a-nano-reallocr.o)
 .debug_aranges
                0x0000000000000000       0x20 /usr/lib/gcc/arm-none-eabi/5.2.0/../../../../arm-none-eabi/lib/armv7e-m/libc_nano.a(lib_a-nano-reallocr.o)
 .debug_ranges  0x0000000000000000       0x10 /usr/lib/gcc/arm-none-eabi/5.2.0/../../../../arm-none-eabi/lib/armv7e-m/libc_nano.a(lib_a-nano-reallocr.o)
 .debug_line    0x0000000000000000      0x15c /usr/lib/gcc/arm-none-eabi/5.2.0/../../../../arm-none-eabi/lib/armv7e-m/libc_nano.a(lib_a-nano-reallocr.o)
 .debug_str     0x0000000000000000      0x577 /usr/lib/gcc/arm-none-eabi/5.2.0/../../../../arm-none-eabi/lib/armv7e-m/libc_nano.a(lib_a-nano-reallocr.o)
 .comment       0x0000000000000000       0x22 /usr/lib/gcc/arm-none-eabi/5.2.0/../../../../arm-none-eabi/lib/armv7e-m/libc_nano.a(lib_a-nano-reallocr.o)
 .debug_frame   0x0000000000000000       0x3c /usr/lib/gcc/arm-none-eabi/5.2.0/../../../../arm-none-eabi/lib/armv7e-m/libc_nano.a(lib_a-nano-reallocr.o)
 .ARM.attributes
                0x0000000000000000       0x2e /usr/lib/gcc/arm-none-eabi/5.2.0/../../../../arm-none-eabi/lib/armv7e-m/libc_nano.a(lib_a-nano-reallocr.o)
 .text          0x0000000000000000        0x0 /usr/lib/gcc/arm-none-eabi/5.2.0/../../../../arm-none-eabi/lib/armv7e-m/libc_nano.a(lib_a-nano-svfprintf.o)
 .data          0x0000000000000000        0x0 /usr/lib/gcc/arm-none-eabi/5.2.0/../../../../arm-none-eabi/lib/armv7e-m/libc_nano.a(lib_a-nano-svfprintf.o)
 .bss           0x0000000000000000        0x0 /usr/lib/gcc/arm-none-eabi/5.2.0/../../../../arm-none-eabi/lib/armv7e-m/libc_nano.a(lib_a-nano-svfprintf.o)
 .text.__ssputs_r
                0x0000000000000000       0xb2 /usr/lib/gcc/arm-none-eabi/5.2.0/../../../../arm-none-eabi/lib/armv7e-m/libc_nano.a(lib_a-nano-svfprintf.o)
 .text.__ssprint_r
                0x0000000000000000       0xfe /usr/lib/gcc/arm-none-eabi/5.2.0/../../../../arm-none-eabi/lib/armv7e-m/libc_nano.a(lib_a-nano-svfprintf.o)
 .text._svfprintf_r
                0x0000000000000000      0x1e8 /usr/lib/gcc/arm-none-eabi/5.2.0/../../../../arm-none-eabi/lib/armv7e-m/libc_nano.a(lib_a-nano-svfprintf.o)
 .rodata.str1.1
                0x0000000000000000       0x11 /usr/lib/gcc/arm-none-eabi/5.2.0/../../../../arm-none-eabi/lib/armv7e-m/libc_nano.a(lib_a-nano-svfprintf.o)
 .debug_info    0x0000000000000000      0xd40 /usr/lib/gcc/arm-none-eabi/5.2.0/../../../../arm-none-eabi/lib/armv7e-m/libc_nano.a(lib_a-nano-svfprintf.o)
 .debug_abbrev  0x0000000000000000      0x23f /usr/lib/gcc/arm-none-eabi/5.2.0/../../../../arm-none-eabi/lib/armv7e-m/libc_nano.a(lib_a-nano-svfprintf.o)
 .debug_loc     0x0000000000000000      0x54e /usr/lib/gcc/arm-none-eabi/5.2.0/../../../../arm-none-eabi/lib/armv7e-m/libc_nano.a(lib_a-nano-svfprintf.o)
 .debug_aranges
                0x0000000000000000       0x30 /usr/lib/gcc/arm-none-eabi/5.2.0/../../../../arm-none-eabi/lib/armv7e-m/libc_nano.a(lib_a-nano-svfprintf.o)
 .debug_ranges  0x0000000000000000       0x50 /usr/lib/gcc/arm-none-eabi/5.2.0/../../../../arm-none-eabi/lib/armv7e-m/libc_nano.a(lib_a-nano-svfprintf.o)
 .debug_line    0x0000000000000000      0x2ad /usr/lib/gcc/arm-none-eabi/5.2.0/../../../../arm-none-eabi/lib/armv7e-m/libc_nano.a(lib_a-nano-svfprintf.o)
 .debug_str     0x0000000000000000      0x677 /usr/lib/gcc/arm-none-eabi/5.2.0/../../../../arm-none-eabi/lib/armv7e-m/libc_nano.a(lib_a-nano-svfprintf.o)
 .comment       0x0000000000000000       0x22 /usr/lib/gcc/arm-none-eabi/5.2.0/../../../../arm-none-eabi/lib/armv7e-m/libc_nano.a(lib_a-nano-svfprintf.o)
 .debug_frame   0x0000000000000000       0x90 /usr/lib/gcc/arm-none-eabi/5.2.0/../../../../arm-none-eabi/lib/armv7e-m/libc_nano.a(lib_a-nano-svfprintf.o)
 .ARM.attributes
                0x0000000000000000       0x2e /usr/lib/gcc/arm-none-eabi/5.2.0/../../../../arm-none-eabi/lib/armv7e-m/libc_nano.a(lib_a-nano-svfprintf.o)
 .text          0x0000000000000000        0x0 /usr/lib/gcc/arm-none-eabi/5.2.0/../../../../arm-none-eabi/lib/armv7e-m/libc_nano.a(lib_a-nano-vfprintf_i.o)
 .data          0x0000000000000000        0x0 /usr/lib/gcc/arm-none-eabi/5.2.0/../../../../arm-none-eabi/lib/armv7e-m/libc_nano.a(lib_a-nano-vfprintf_i.o)
 .bss           0x0000000000000000        0x0 /usr/lib/gcc/arm-none-eabi/5.2.0/../../../../arm-none-eabi/lib/armv7e-m/libc_nano.a(lib_a-nano-vfprintf_i.o)
 .text._printf_common
                0x0000000000000000       0xec /usr/lib/gcc/arm-none-eabi/5.2.0/../../../../arm-none-eabi/lib/armv7e-m/libc_nano.a(lib_a-nano-vfprintf_i.o)
 .text._printf_i
                0x0000000000000000      0x24c /usr/lib/gcc/arm-none-eabi/5.2.0/../../../../arm-none-eabi/lib/armv7e-m/libc_nano.a(lib_a-nano-vfprintf_i.o)
 .rodata.str1.1
                0x0000000000000000       0x22 /usr/lib/gcc/arm-none-eabi/5.2.0/../../../../arm-none-eabi/lib/armv7e-m/libc_nano.a(lib_a-nano-vfprintf_i.o)
 .debug_info    0x0000000000000000      0xb33 /usr/lib/gcc/arm-none-eabi/5.2.0/../../../../arm-none-eabi/lib/armv7e-m/libc_nano.a(lib_a-nano-vfprintf_i.o)
 .debug_abbrev  0x0000000000000000      0x1f4 /usr/lib/gcc/arm-none-eabi/5.2.0/../../../../arm-none-eabi/lib/armv7e-m/libc_nano.a(lib_a-nano-vfprintf_i.o)
 .debug_loc     0x0000000000000000      0x52c /usr/lib/gcc/arm-none-eabi/5.2.0/../../../../arm-none-eabi/lib/armv7e-m/libc_nano.a(lib_a-nano-vfprintf_i.o)
 .debug_aranges
                0x0000000000000000       0x28 /usr/lib/gcc/arm-none-eabi/5.2.0/../../../../arm-none-eabi/lib/armv7e-m/libc_nano.a(lib_a-nano-vfprintf_i.o)
 .debug_ranges  0x0000000000000000       0x68 /usr/lib/gcc/arm-none-eabi/5.2.0/../../../../arm-none-eabi/lib/armv7e-m/libc_nano.a(lib_a-nano-vfprintf_i.o)
 .debug_line    0x0000000000000000      0x2e9 /usr/lib/gcc/arm-none-eabi/5.2.0/../../../../arm-none-eabi/lib/armv7e-m/libc_nano.a(lib_a-nano-vfprintf_i.o)
 .debug_str     0x0000000000000000      0x616 /usr/lib/gcc/arm-none-eabi/5.2.0/../../../../arm-none-eabi/lib/armv7e-m/libc_nano.a(lib_a-nano-vfprintf_i.o)
 .comment       0x0000000000000000       0x22 /usr/lib/gcc/arm-none-eabi/5.2.0/../../../../arm-none-eabi/lib/armv7e-m/libc_nano.a(lib_a-nano-vfprintf_i.o)
 .debug_frame   0x0000000000000000       0x60 /usr/lib/gcc/arm-none-eabi/5.2.0/../../../../arm-none-eabi/lib/armv7e-m/libc_nano.a(lib_a-nano-vfprintf_i.o)
 .ARM.attributes
                0x0000000000000000       0x2e /usr/lib/gcc/arm-none-eabi/5.2.0/../../../../arm-none-eabi/lib/armv7e-m/libc_nano.a(lib_a-nano-vfprintf_i.o)
 .text          0x0000000000000000        0x0 /usr/lib/gcc/arm-none-eabi/5.2.0/../../../../arm-none-eabi/lib/armv7e-m/libc_nano.a(lib_a-reent.o)
 .data          0x0000000000000000        0x0 /usr/lib/gcc/arm-none-eabi/5.2.0/../../../../arm-none-eabi/lib/armv7e-m/libc_nano.a(lib_a-reent.o)
 .bss           0x0000000000000000        0x0 /usr/lib/gcc/arm-none-eabi/5.2.0/../../../../arm-none-eabi/lib/armv7e-m/libc_nano.a(lib_a-reent.o)
 .text.cleanup_glue
                0x0000000000000000       0x1a /usr/lib/gcc/arm-none-eabi/5.2.0/../../../../arm-none-eabi/lib/armv7e-m/libc_nano.a(lib_a-reent.o)
 .text._reclaim_reent
                0x0000000000000000       0xb4 /usr/lib/gcc/arm-none-eabi/5.2.0/../../../../arm-none-eabi/lib/armv7e-m/libc_nano.a(lib_a-reent.o)
 .debug_info    0x0000000000000000      0x8fb /usr/lib/gcc/arm-none-eabi/5.2.0/../../../../arm-none-eabi/lib/armv7e-m/libc_nano.a(lib_a-reent.o)
 .debug_abbrev  0x0000000000000000      0x1f2 /usr/lib/gcc/arm-none-eabi/5.2.0/../../../../arm-none-eabi/lib/armv7e-m/libc_nano.a(lib_a-reent.o)
 .debug_loc     0x0000000000000000       0xfa /usr/lib/gcc/arm-none-eabi/5.2.0/../../../../arm-none-eabi/lib/armv7e-m/libc_nano.a(lib_a-reent.o)
 .debug_aranges
                0x0000000000000000       0x28 /usr/lib/gcc/arm-none-eabi/5.2.0/../../../../arm-none-eabi/lib/armv7e-m/libc_nano.a(lib_a-reent.o)
 .debug_ranges  0x0000000000000000       0x18 /usr/lib/gcc/arm-none-eabi/5.2.0/../../../../arm-none-eabi/lib/armv7e-m/libc_nano.a(lib_a-reent.o)
 .debug_line    0x0000000000000000      0x17b /usr/lib/gcc/arm-none-eabi/5.2.0/../../../../arm-none-eabi/lib/armv7e-m/libc_nano.a(lib_a-reent.o)
 .debug_str     0x0000000000000000      0x536 /usr/lib/gcc/arm-none-eabi/5.2.0/../../../../arm-none-eabi/lib/armv7e-m/libc_nano.a(lib_a-reent.o)
 .comment       0x0000000000000000       0x22 /usr/lib/gcc/arm-none-eabi/5.2.0/../../../../arm-none-eabi/lib/armv7e-m/libc_nano.a(lib_a-reent.o)
 .debug_frame   0x0000000000000000       0x5c /usr/lib/gcc/arm-none-eabi/5.2.0/../../../../arm-none-eabi/lib/armv7e-m/libc_nano.a(lib_a-reent.o)
 .ARM.attributes
                0x0000000000000000       0x2e /usr/lib/gcc/arm-none-eabi/5.2.0/../../../../arm-none-eabi/lib/armv7e-m/libc_nano.a(lib_a-reent.o)
 COMMON         0x0000000000000000        0x4 /usr/lib/gcc/arm-none-eabi/5.2.0/../../../../arm-none-eabi/lib/armv7e-m/libc_nano.a(lib_a-reent.o)
 .text          0x0000000000000000        0x0 /usr/lib/gcc/arm-none-eabi/5.2.0/../../../../arm-none-eabi/lib/armv7e-m/libc_nano.a(lib_a-memchr.o)
 .data          0x0000000000000000        0x0 /usr/lib/gcc/arm-none-eabi/5.2.0/../../../../arm-none-eabi/lib/armv7e-m/libc_nano.a(lib_a-memchr.o)
 .bss           0x0000000000000000        0x0 /usr/lib/gcc/arm-none-eabi/5.2.0/../../../../arm-none-eabi/lib/armv7e-m/libc_nano.a(lib_a-memchr.o)
 .text.memchr   0x0000000000000000       0x1e /usr/lib/gcc/arm-none-eabi/5.2.0/../../../../arm-none-eabi/lib/armv7e-m/libc_nano.a(lib_a-memchr.o)
 .debug_info    0x0000000000000000       0xff /usr/lib/gcc/arm-none-eabi/5.2.0/../../../../arm-none-eabi/lib/armv7e-m/libc_nano.a(lib_a-memchr.o)
 .debug_abbrev  0x0000000000000000       0xab /usr/lib/gcc/arm-none-eabi/5.2.0/../../../../arm-none-eabi/lib/armv7e-m/libc_nano.a(lib_a-memchr.o)
 .debug_loc     0x0000000000000000       0xaa /usr/lib/gcc/arm-none-eabi/5.2.0/../../../../arm-none-eabi/lib/armv7e-m/libc_nano.a(lib_a-memchr.o)
 .debug_aranges
                0x0000000000000000       0x20 /usr/lib/gcc/arm-none-eabi/5.2.0/../../../../arm-none-eabi/lib/armv7e-m/libc_nano.a(lib_a-memchr.o)
 .debug_ranges  0x0000000000000000       0x10 /usr/lib/gcc/arm-none-eabi/5.2.0/../../../../arm-none-eabi/lib/armv7e-m/libc_nano.a(lib_a-memchr.o)
 .debug_line    0x0000000000000000       0xdf /usr/lib/gcc/arm-none-eabi/5.2.0/../../../../arm-none-eabi/lib/armv7e-m/libc_nano.a(lib_a-memchr.o)
 .debug_str     0x0000000000000000      0x1be /usr/lib/gcc/arm-none-eabi/5.2.0/../../../../arm-none-eabi/lib/armv7e-m/libc_nano.a(lib_a-memchr.o)
 .comment       0x0000000000000000       0x22 /usr/lib/gcc/arm-none-eabi/5.2.0/../../../../arm-none-eabi/lib/armv7e-m/libc_nano.a(lib_a-memchr.o)
 .debug_frame   0x0000000000000000       0x28 /usr/lib/gcc/arm-none-eabi/5.2.0/../../../../arm-none-eabi/lib/armv7e-m/libc_nano.a(lib_a-memchr.o)
 .ARM.attributes
                0x0000000000000000       0x2e /usr/lib/gcc/arm-none-eabi/5.2.0/../../../../arm-none-eabi/lib/armv7e-m/libc_nano.a(lib_a-memchr.o)
 .text          0x0000000000000000        0x0 /usr/lib/gcc/arm-none-eabi/5.2.0/../../../../arm-none-eabi/lib/armv7e-m/libc_nano.a(lib_a-memcpy.o)
 .data          0x0000000000000000        0x0 /usr/lib/gcc/arm-none-eabi/5.2.0/../../../../arm-none-eabi/lib/armv7e-m/libc_nano.a(lib_a-memcpy.o)
 .bss           0x0000000000000000        0x0 /usr/lib/gcc/arm-none-eabi/5.2.0/../../../../arm-none-eabi/lib/armv7e-m/libc_nano.a(lib_a-memcpy.o)
 .text.memcpy   0x0000000000000000       0x16 /usr/lib/gcc/arm-none-eabi/5.2.0/../../../../arm-none-eabi/lib/armv7e-m/libc_nano.a(lib_a-memcpy.o)
 .debug_info    0x0000000000000000      0x115 /usr/lib/gcc/arm-none-eabi/5.2.0/../../../../arm-none-eabi/lib/armv7e-m/libc_nano.a(lib_a-memcpy.o)
 .debug_abbrev  0x0000000000000000       0xab /usr/lib/gcc/arm-none-eabi/5.2.0/../../../../arm-none-eabi/lib/armv7e-m/libc_nano.a(lib_a-memcpy.o)
 .debug_loc     0x0000000000000000       0x87 /usr/lib/gcc/arm-none-eabi/5.2.0/../../../../arm-none-eabi/lib/armv7e-m/libc_nano.a(lib_a-memcpy.o)
 .debug_aranges
                0x0000000000000000       0x20 /usr/lib/gcc/arm-none-eabi/5.2.0/../../../../arm-none-eabi/lib/armv7e-m/libc_nano.a(lib_a-memcpy.o)
 .debug_ranges  0x0000000000000000       0x10 /usr/lib/gcc/arm-none-eabi/5.2.0/../../../../arm-none-eabi/lib/armv7e-m/libc_nano.a(lib_a-memcpy.o)
 .debug_line    0x0000000000000000       0xdc /usr/lib/gcc/arm-none-eabi/5.2.0/../../../../arm-none-eabi/lib/armv7e-m/libc_nano.a(lib_a-memcpy.o)
 .debug_str     0x0000000000000000      0x1c2 /usr/lib/gcc/arm-none-eabi/5.2.0/../../../../arm-none-eabi/lib/armv7e-m/libc_nano.a(lib_a-memcpy.o)
 .comment       0x0000000000000000       0x22 /usr/lib/gcc/arm-none-eabi/5.2.0/../../../../arm-none-eabi/lib/armv7e-m/libc_nano.a(lib_a-memcpy.o)
 .debug_frame   0x0000000000000000       0x28 /usr/lib/gcc/arm-none-eabi/5.2.0/../../../../arm-none-eabi/lib/armv7e-m/libc_nano.a(lib_a-memcpy.o)
 .ARM.attributes
                0x0000000000000000       0x2e /usr/lib/gcc/arm-none-eabi/5.2.0/../../../../arm-none-eabi/lib/armv7e-m/libc_nano.a(lib_a-memcpy.o)
 .text          0x0000000000000000        0x0 /usr/lib/gcc/arm-none-eabi/5.2.0/../../../../arm-none-eabi/lib/armv7e-m/libc_nano.a(lib_a-nano-msizer.o)
 .data          0x0000000000000000        0x0 /usr/lib/gcc/arm-none-eabi/5.2.0/../../../../arm-none-eabi/lib/armv7e-m/libc_nano.a(lib_a-nano-msizer.o)
 .bss           0x0000000000000000        0x0 /usr/lib/gcc/arm-none-eabi/5.2.0/../../../../arm-none-eabi/lib/armv7e-m/libc_nano.a(lib_a-nano-msizer.o)
 .text._malloc_usable_size_r
                0x0000000000000000       0x14 /usr/lib/gcc/arm-none-eabi/5.2.0/../../../../arm-none-eabi/lib/armv7e-m/libc_nano.a(lib_a-nano-msizer.o)
 .debug_info    0x0000000000000000      0x7c0 /usr/lib/gcc/arm-none-eabi/5.2.0/../../../../arm-none-eabi/lib/armv7e-m/libc_nano.a(lib_a-nano-msizer.o)
 .debug_abbrev  0x0000000000000000      0x161 /usr/lib/gcc/arm-none-eabi/5.2.0/../../../../arm-none-eabi/lib/armv7e-m/libc_nano.a(lib_a-nano-msizer.o)
 .debug_loc     0x0000000000000000       0xb5 /usr/lib/gcc/arm-none-eabi/5.2.0/../../../../arm-none-eabi/lib/armv7e-m/libc_nano.a(lib_a-nano-msizer.o)
 .debug_aranges
                0x0000000000000000       0x20 /usr/lib/gcc/arm-none-eabi/5.2.0/../../../../arm-none-eabi/lib/armv7e-m/libc_nano.a(lib_a-nano-msizer.o)
 .debug_ranges  0x0000000000000000       0x10 /usr/lib/gcc/arm-none-eabi/5.2.0/../../../../arm-none-eabi/lib/armv7e-m/libc_nano.a(lib_a-nano-msizer.o)
 .debug_line    0x0000000000000000       0xfc /usr/lib/gcc/arm-none-eabi/5.2.0/../../../../arm-none-eabi/lib/armv7e-m/libc_nano.a(lib_a-nano-msizer.o)
 .debug_str     0x0000000000000000      0x555 /usr/lib/gcc/arm-none-eabi/5.2.0/../../../../arm-none-eabi/lib/armv7e-m/libc_nano.a(lib_a-nano-msizer.o)
 .comment       0x0000000000000000       0x22 /usr/lib/gcc/arm-none-eabi/5.2.0/../../../../arm-none-eabi/lib/armv7e-m/libc_nano.a(lib_a-nano-msizer.o)
 .debug_frame   0x0000000000000000       0x20 /usr/lib/gcc/arm-none-eabi/5.2.0/../../../../arm-none-eabi/lib/armv7e-m/libc_nano.a(lib_a-nano-msizer.o)
 .ARM.attributes
                0x0000000000000000       0x2e /usr/lib/gcc/arm-none-eabi/5.2.0/../../../../arm-none-eabi/lib/armv7e-m/libc_nano.a(lib_a-nano-msizer.o)
 .text          0x0000000000000000       0x30 /usr/lib/gcc/arm-none-eabi/5.2.0/armv7e-m/libgcc.a(_aeabi_uldivmod.o)
 .data          0x0000000000000000        0x0 /usr/lib/gcc/arm-none-eabi/5.2.0/armv7e-m/libgcc.a(_aeabi_uldivmod.o)
 .bss           0x0000000000000000        0x0 /usr/lib/gcc/arm-none-eabi/5.2.0/armv7e-m/libgcc.a(_aeabi_uldivmod.o)
 .debug_line    0x0000000000000000       0x64 /usr/lib/gcc/arm-none-eabi/5.2.0/armv7e-m/libgcc.a(_aeabi_uldivmod.o)
 .debug_info    0x0000000000000000       0xb7 /usr/lib/gcc/arm-none-eabi/5.2.0/armv7e-m/libgcc.a(_aeabi_uldivmod.o)
 .debug_abbrev  0x0000000000000000       0x14 /usr/lib/gcc/arm-none-eabi/5.2.0/armv7e-m/libgcc.a(_aeabi_uldivmod.o)
 .debug_aranges
                0x0000000000000000       0x20 /usr/lib/gcc/arm-none-eabi/5.2.0/armv7e-m/libgcc.a(_aeabi_uldivmod.o)
 .debug_frame   0x0000000000000000       0x2c /usr/lib/gcc/arm-none-eabi/5.2.0/armv7e-m/libgcc.a(_aeabi_uldivmod.o)
 .ARM.attributes
                0x0000000000000000       0x1e /usr/lib/gcc/arm-none-eabi/5.2.0/armv7e-m/libgcc.a(_aeabi_uldivmod.o)
 .text          0x0000000000000000      0x2e4 /usr/lib/gcc/arm-none-eabi/5.2.0/armv7e-m/libgcc.a(_udivmoddi4.o)
 .data          0x0000000000000000        0x0 /usr/lib/gcc/arm-none-eabi/5.2.0/armv7e-m/libgcc.a(_udivmoddi4.o)
 .bss           0x0000000000000000        0x0 /usr/lib/gcc/arm-none-eabi/5.2.0/armv7e-m/libgcc.a(_udivmoddi4.o)
 .ARM.extab     0x0000000000000000        0x0 /usr/lib/gcc/arm-none-eabi/5.2.0/armv7e-m/libgcc.a(_udivmoddi4.o)
 .ARM.exidx     0x0000000000000000        0x8 /usr/lib/gcc/arm-none-eabi/5.2.0/armv7e-m/libgcc.a(_udivmoddi4.o)
 .debug_info    0x0000000000000000      0x441 /usr/lib/gcc/arm-none-eabi/5.2.0/armv7e-m/libgcc.a(_udivmoddi4.o)
 .debug_abbrev  0x0000000000000000      0x101 /usr/lib/gcc/arm-none-eabi/5.2.0/armv7e-m/libgcc.a(_udivmoddi4.o)
 .debug_loc     0x0000000000000000      0xe94 /usr/lib/gcc/arm-none-eabi/5.2.0/armv7e-m/libgcc.a(_udivmoddi4.o)
 .debug_aranges
                0x0000000000000000       0x20 /usr/lib/gcc/arm-none-eabi/5.2.0/armv7e-m/libgcc.a(_udivmoddi4.o)
 .debug_ranges  0x0000000000000000       0xd8 /usr/lib/gcc/arm-none-eabi/5.2.0/armv7e-m/libgcc.a(_udivmoddi4.o)
 .debug_line    0x0000000000000000      0x1ad /usr/lib/gcc/arm-none-eabi/5.2.0/armv7e-m/libgcc.a(_udivmoddi4.o)
 .debug_str     0x0000000000000000      0x243 /usr/lib/gcc/arm-none-eabi/5.2.0/armv7e-m/libgcc.a(_udivmoddi4.o)
 .comment       0x0000000000000000       0x22 /usr/lib/gcc/arm-none-eabi/5.2.0/armv7e-m/libgcc.a(_udivmoddi4.o)
 .debug_frame   0x0000000000000000       0x34 /usr/lib/gcc/arm-none-eabi/5.2.0/armv7e-m/libgcc.a(_udivmoddi4.o)
 .ARM.attributes
                0x0000000000000000       0x2e /usr/lib/gcc/arm-none-eabi/5.2.0/armv7e-m/libgcc.a(_udivmoddi4.o)
 .text          0x0000000000000000        0x4 /usr/lib/gcc/arm-none-eabi/5.2.0/armv7e-m/libgcc.a(_dvmd_tls.o)
 .data          0x0000000000000000        0x0 /usr/lib/gcc/arm-none-eabi/5.2.0/armv7e-m/libgcc.a(_dvmd_tls.o)
 .bss           0x0000000000000000        0x0 /usr/lib/gcc/arm-none-eabi/5.2.0/armv7e-m/libgcc.a(_dvmd_tls.o)
 .debug_line    0x0000000000000000       0x64 /usr/lib/gcc/arm-none-eabi/5.2.0/armv7e-m/libgcc.a(_dvmd_tls.o)
 .debug_info    0x0000000000000000       0xbb /usr/lib/gcc/arm-none-eabi/5.2.0/armv7e-m/libgcc.a(_dvmd_tls.o)
 .debug_abbrev  0x0000000000000000       0x14 /usr/lib/gcc/arm-none-eabi/5.2.0/armv7e-m/libgcc.a(_dvmd_tls.o)
 .debug_aranges
                0x0000000000000000       0x20 /usr/lib/gcc/arm-none-eabi/5.2.0/armv7e-m/libgcc.a(_dvmd_tls.o)
 .ARM.attributes
                0x0000000000000000       0x1e /usr/lib/gcc/arm-none-eabi/5.2.0/armv7e-m/libgcc.a(_dvmd_tls.o)

Memory Configuration

Name             Origin             Length             Attributes
SRAM             0x0000000020000000 0x0000000000040000 xrw
*default*        0x0000000000000000 0xffffffffffffffff

Linker script and memory map

                0x0000000000004000                BOOTLOADER_SIZE = 0x4000

.bootloader     0x0000000020000000     0x4000
                0x0000000020000000                _heap2 = .
                0x0000000020004000                . = (. + BOOTLOADER_SIZE)
 *fill*         0x0000000020000000     0x4000 
                0x0000000020004000                . = ALIGN (0x8)
                0x0000000020004000                _eheap2 = .

.text           0x0000000020004000     0x1630
                0x0000000020004000                _text = .
 *(.intvecs)
 .intvecs       0x0000000020004000      0x400 obj/Debug/startup_gcc.o
                0x0000000020004000                g_pfnVectors
 *(.text*)
 .text.TimerBaseIntHandler
                0x0000000020004400       0x2c obj/Debug/main.o
                0x0000000020004400                TimerBaseIntHandler
 .text.TimerRefIntHandler
                0x000000002000442c       0x2c obj/Debug/main.o
                0x000000002000442c                TimerRefIntHandler
 .text.BoardInit
                0x0000000020004458       0x24 obj/Debug/main.o
 .text.main     0x000000002000447c       0xa8 obj/Debug/main.o
                0x000000002000447c                main
 .text.PinMuxConfig
                0x0000000020004524       0x3c obj/Debug/pinmux.o
                0x0000000020004524                PinMuxConfig
 .text.GetPeripheralIntNum
                0x0000000020004560       0xa4 obj/Debug/timer_if.o
 .text.Timer_IF_Init
                0x0000000020004604       0x38 obj/Debug/timer_if.o
                0x0000000020004604                Timer_IF_Init
 .text.Timer_IF_IntSetup
                0x000000002000463c       0x5c obj/Debug/timer_if.o
                0x000000002000463c                Timer_IF_IntSetup
 .text.Timer_IF_InterruptClear
                0x0000000020004698       0x24 obj/Debug/timer_if.o
                0x0000000020004698                Timer_IF_InterruptClear
 .text.Timer_IF_Start
                0x00000000200046bc       0x34 obj/Debug/timer_if.o
                0x00000000200046bc                Timer_IF_Start
 .text.GPIO_IF_LedConfigure
                0x00000000200046f0       0x68 obj/Debug/gpio_if.o
                0x00000000200046f0                GPIO_IF_LedConfigure
 .text.GPIO_IF_LedOn
                0x0000000020004758       0xd4 obj/Debug/gpio_if.o
                0x0000000020004758                GPIO_IF_LedOn
 .text.GPIO_IF_LedOff
                0x000000002000482c       0xd4 obj/Debug/gpio_if.o
                0x000000002000482c                GPIO_IF_LedOff
 .text.GPIO_IF_LedStatus
                0x0000000020004900       0x84 obj/Debug/gpio_if.o
                0x0000000020004900                GPIO_IF_LedStatus
 .text.GPIO_IF_LedToggle
                0x0000000020004984       0x38 obj/Debug/gpio_if.o
                0x0000000020004984                GPIO_IF_LedToggle
 .text.GPIO_IF_GetPortNPin
                0x00000000200049bc       0x48 obj/Debug/gpio_if.o
                0x00000000200049bc                GPIO_IF_GetPortNPin
 .text.GPIO_IF_Set
                0x0000000020004a04       0x3c obj/Debug/gpio_if.o
                0x0000000020004a04                GPIO_IF_Set
 .text.GPIO_IF_Get
                0x0000000020004a40       0x34 obj/Debug/gpio_if.o
                0x0000000020004a40                GPIO_IF_Get
 .text.ResetISR
                0x0000000020004a74       0x78 obj/Debug/startup_gcc.o
                0x0000000020004a74                ResetISR
 .text.NmiSR    0x0000000020004aec        0x8 obj/Debug/startup_gcc.o
 .text.FaultISR
                0x0000000020004af4        0x8 obj/Debug/startup_gcc.o
 .text.BusFaultHandler
                0x0000000020004afc        0x8 obj/Debug/startup_gcc.o
 .text.IntDefaultHandler
                0x0000000020004b04        0x8 obj/Debug/startup_gcc.o
 .text.GPIODirModeSet
                0x0000000020004b0c       0x48 ../../../driverlib/gcc/lib/Debug/libdriver.a(gpio.o)
                0x0000000020004b0c                GPIODirModeSet
 .text.GPIOPinRead
                0x0000000020004b54       0x24 ../../../driverlib/gcc/lib/Debug/libdriver.a(gpio.o)
                0x0000000020004b54                GPIOPinRead
 .text.GPIOPinWrite
                0x0000000020004b78       0x2c ../../../driverlib/gcc/lib/Debug/libdriver.a(gpio.o)
                0x0000000020004b78                GPIOPinWrite
 .text.IntMasterEnable
                0x0000000020004ba4       0x10 ../../../driverlib/gcc/lib/Debug/libdriver.a(interrupt.o)
                0x0000000020004ba4                IntMasterEnable
 .text.IntVTableBaseSet
                0x0000000020004bb4       0x1c ../../../driverlib/gcc/lib/Debug/libdriver.a(interrupt.o)
                0x0000000020004bb4                IntVTableBaseSet
 .text.IntRegister
                0x0000000020004bd0       0x2c ../../../driverlib/gcc/lib/Debug/libdriver.a(interrupt.o)
                0x0000000020004bd0                IntRegister
 .text.IntPrioritySet
                0x0000000020004bfc       0x68 ../../../driverlib/gcc/lib/Debug/libdriver.a(interrupt.o)
                0x0000000020004bfc                IntPrioritySet
 .text.IntEnable
                0x0000000020004c64       0xbc ../../../driverlib/gcc/lib/Debug/libdriver.a(interrupt.o)
                0x0000000020004c64                IntEnable
 .text.PinModeSet
                0x0000000020004d20       0x48 ../../../driverlib/gcc/lib/Debug/libdriver.a(pin.o)
                0x0000000020004d20                PinModeSet
 .text.PinConfigSet
                0x0000000020004d68       0x98 ../../../driverlib/gcc/lib/Debug/libdriver.a(pin.o)
                0x0000000020004d68                PinConfigSet
 .text.PinTypeGPIO
                0x0000000020004e00       0x3c ../../../driverlib/gcc/lib/Debug/libdriver.a(pin.o)
                0x0000000020004e00                PinTypeGPIO
 .text.PRCMSysResetCauseGet
                0x0000000020004e3c       0x3c ../../../driverlib/gcc/lib/Debug/libdriver.a(prcm.o)
                0x0000000020004e3c                PRCMSysResetCauseGet
 .text.PRCMPeripheralClkEnable
                0x0000000020004e78       0x5c ../../../driverlib/gcc/lib/Debug/libdriver.a(prcm.o)
                0x0000000020004e78                PRCMPeripheralClkEnable
 .text.PRCMPeripheralClkDisable
                0x0000000020004ed4       0x44 ../../../driverlib/gcc/lib/Debug/libdriver.a(prcm.o)
                0x0000000020004ed4                PRCMPeripheralClkDisable
 .text.PRCMPeripheralReset
                0x0000000020004f18       0x8c ../../../driverlib/gcc/lib/Debug/libdriver.a(prcm.o)
                0x0000000020004f18                PRCMPeripheralReset
 .text.PRCMCC3200MCUInit
                0x0000000020004fa4      0x1a0 ../../../driverlib/gcc/lib/Debug/libdriver.a(prcm.o)
                0x0000000020004fa4                PRCMCC3200MCUInit
 .text.PRCMHIBRegRead
                0x0000000020005144       0x20 ../../../driverlib/gcc/lib/Debug/libdriver.a(prcm.o)
                0x0000000020005144                PRCMHIBRegRead
 .text.PRCMHIBRegWrite
                0x0000000020005164       0x20 ../../../driverlib/gcc/lib/Debug/libdriver.a(prcm.o)
                0x0000000020005164                PRCMHIBRegWrite
 .text.TimerEnable
                0x0000000020005184       0x2c ../../../driverlib/gcc/lib/Debug/libdriver.a(timer.o)
                0x0000000020005184                TimerEnable
 .text.TimerConfigure
                0x00000000200051b0       0x58 ../../../driverlib/gcc/lib/Debug/libdriver.a(timer.o)
                0x00000000200051b0                TimerConfigure
 .text.TimerPrescaleSet
                0x0000000020005208       0x3c ../../../driverlib/gcc/lib/Debug/libdriver.a(timer.o)
                0x0000000020005208                TimerPrescaleSet
 .text.TimerLoadSet
                0x0000000020005244       0x3c ../../../driverlib/gcc/lib/Debug/libdriver.a(timer.o)
                0x0000000020005244                TimerLoadSet
 .text.TimerIntRegister
                0x0000000020005280       0x80 ../../../driverlib/gcc/lib/Debug/libdriver.a(timer.o)
                0x0000000020005280                TimerIntRegister
 .text.TimerIntEnable
                0x0000000020005300       0x28 ../../../driverlib/gcc/lib/Debug/libdriver.a(timer.o)
                0x0000000020005300                TimerIntEnable
 .text.TimerIntStatus
                0x0000000020005328       0x2c ../../../driverlib/gcc/lib/Debug/libdriver.a(timer.o)
                0x0000000020005328                TimerIntStatus
 .text.TimerIntClear
                0x0000000020005354       0x20 ../../../driverlib/gcc/lib/Debug/libdriver.a(timer.o)
                0x0000000020005354                TimerIntClear
 .text.UtilsDelay
                0x0000000020005374        0xc ../../../driverlib/gcc/lib/Debug/libdriver.a(utils.o)
                0x0000000020005374                UtilsDelay
 .text.CPUcpsie
                0x0000000020005380       0x18 ../../../driverlib/gcc/lib/Debug/libdriver.a(cpu.o)
                0x0000000020005380                CPUcpsie
 *(.rodata*)
 .rodata.g_pulRegs
                0x0000000020005398       0xd4 ../../../driverlib/gcc/lib/Debug/libdriver.a(interrupt.o)
 .rodata.g_pulEnRegs
                0x000000002000546c       0x18 ../../../driverlib/gcc/lib/Debug/libdriver.a(interrupt.o)
 .rodata.g_ulPinToPadMap
                0x0000000020005484      0x100 ../../../driverlib/gcc/lib/Debug/libdriver.a(pin.o)
 .rodata.PRCM_PeriphRegsList
                0x0000000020005584       0xa8 ../../../driverlib/gcc/lib/Debug/libdriver.a(prcm.o)
 *(.ARM.extab* .gnu.linkonce.armextab.*)
                0x0000000020005630                . = ALIGN (0x8)
 *fill*         0x000000002000562c        0x4 
                0x0000000020005630                _etext = .

.glue_7         0x0000000020005630        0x0
 .glue_7        0x0000000000000000        0x0 linker stubs

.glue_7t        0x0000000020005630        0x0
 .glue_7t       0x0000000000000000        0x0 linker stubs

.vfp11_veneer   0x0000000020005630        0x0
 .vfp11_veneer  0x0000000000000000        0x0 linker stubs

.v4_bx          0x0000000020005630        0x0
 .v4_bx         0x0000000000000000        0x0 linker stubs

.iplt           0x0000000020005630        0x0
 .iplt          0x0000000000000000        0x0 obj/Debug/main.o

.rel.dyn        0x0000000020005630        0x0
 .rel.iplt      0x0000000000000000        0x0 obj/Debug/main.o

.ARM            0x0000000020005630        0x0
                0x0000000020005630                __exidx_start = .
 *(.ARM.exidx*)
                0x0000000020005630                __exidx_end = .
                0x0000000020005630                __init_data = .

.data           0x0000000020005630       0x18
                0x0000000020005630                _data = .
 *(.data*)
 .data.ulReg    0x0000000020005630       0x14 obj/Debug/gpio_if.o
                0x0000000020005648                . = ALIGN (0x8)
 *fill*         0x0000000020005644        0x4 
                0x0000000020005648                _edata = .

.igot.plt       0x0000000020005648        0x0
 .igot.plt      0x0000000000000000        0x0 obj/Debug/main.o

.bss            0x0000000020005648     0x1027
                0x0000000020005648                _bss = .
 *(.bss*)
 .bss.g_ulBase  0x0000000020005648        0x4 obj/Debug/main.o
 .bss.g_ulRefBase
                0x000000002000564c        0x4 obj/Debug/main.o
 .bss.g_ulRefTimerInts
                0x0000000020005650        0x4 obj/Debug/main.o
 .bss.g_uiLED1Port
                0x0000000020005654        0x4 obj/Debug/gpio_if.o
                0x0000000020005654                g_uiLED1Port
 .bss.g_uiLED2Port
                0x0000000020005658        0x4 obj/Debug/gpio_if.o
                0x0000000020005658                g_uiLED2Port
 .bss.g_uiLED3Port
                0x000000002000565c        0x4 obj/Debug/gpio_if.o
                0x000000002000565c                g_uiLED3Port
 .bss.heap_end  0x0000000020005660        0x4 obj/Debug/startup_gcc.o
 .bss.heap2_end
                0x0000000020005664        0x4 obj/Debug/startup_gcc.o
 .bss.pui32Stack
                0x0000000020005668     0x1000 obj/Debug/startup_gcc.o
 *(COMMON)
 COMMON         0x0000000020006668        0x4 obj/Debug/main.o
                0x0000000020006668                g_ulTimerInts
 COMMON         0x000000002000666c        0x3 obj/Debug/gpio_if.o
                0x000000002000666c                g_ucLED1Pin
                0x000000002000666d                g_ucLED2Pin
                0x000000002000666e                g_ucLED3Pin
                0x000000002000666f                _ebss = .

.heap           0x000000002000666f    0x39591
                0x000000002000666f                _heap = .
                0x000000002003fc00                . = (((((((. + 0x40000) - SIZEOF (.bss)) - SIZEOF (.data)) - SIZEOF (.ARM)) - SIZEOF (.text)) - SIZEOF (.bootloader)) - 0x400)
 *fill*         0x000000002000666f    0x39591 
                0x000000002003fc00                . = ALIGN (0x400)
                0x000000002003fc00                _eheap = .
LOAD obj/Debug/main.o
LOAD obj/Debug/pinmux.o
LOAD obj/Debug/uart_if.o
LOAD obj/Debug/timer_if.o
LOAD obj/Debug/gpio_if.o
LOAD obj/Debug/startup_gcc.o
LOAD ../../../driverlib/gcc/lib/Debug/libdriver.a
LOAD /usr/lib/gcc/arm-none-eabi/5.2.0/../../../../arm-none-eabi/lib/armv7e-m/libm.a
LOAD /usr/lib/gcc/arm-none-eabi/5.2.0/../../../../arm-none-eabi/lib/armv7e-m/libc_nano.a
LOAD /usr/lib/gcc/arm-none-eabi/5.2.0/armv7e-m/libgcc.a
LOAD /usr/lib/gcc/arm-none-eabi/5.2.0/../../../../arm-none-eabi/lib/armv7e-m/libnosys.a
OUTPUT(bin/Debug/timer.elf elf32-littlearm)

.debug_info     0x0000000000000000     0x26ec
 .debug_info    0x0000000000000000      0x1cf obj/Debug/main.o
 .debug_info    0x00000000000001cf       0x45 obj/Debug/pinmux.o
 .debug_info    0x0000000000000214      0x279 obj/Debug/timer_if.o
 .debug_info    0x000000000000048d      0x3e6 obj/Debug/gpio_if.o
 .debug_info    0x0000000000000873      0x20f obj/Debug/startup_gcc.o
 .debug_info    0x0000000000000a82      0x3b0 ../../../driverlib/gcc/lib/Debug/libdriver.a(gpio.o)
 .debug_info    0x0000000000000e32      0x383 ../../../driverlib/gcc/lib/Debug/libdriver.a(interrupt.o)
 .debug_info    0x00000000000011b5      0x3eb ../../../driverlib/gcc/lib/Debug/libdriver.a(pin.o)
 .debug_info    0x00000000000015a0      0xa3d ../../../driverlib/gcc/lib/Debug/libdriver.a(prcm.o)
 .debug_info    0x0000000000001fdd      0x5c1 ../../../driverlib/gcc/lib/Debug/libdriver.a(timer.o)
 .debug_info    0x000000000000259e       0x50 ../../../driverlib/gcc/lib/Debug/libdriver.a(utils.o)
 .debug_info    0x00000000000025ee       0xfe ../../../driverlib/gcc/lib/Debug/libdriver.a(cpu.o)

.debug_abbrev   0x0000000000000000      0xb42
 .debug_abbrev  0x0000000000000000       0xe7 obj/Debug/main.o
 .debug_abbrev  0x00000000000000e7       0x37 obj/Debug/pinmux.o
 .debug_abbrev  0x000000000000011e       0xd5 obj/Debug/timer_if.o
 .debug_abbrev  0x00000000000001f3      0x135 obj/Debug/gpio_if.o
 .debug_abbrev  0x0000000000000328      0x10b obj/Debug/startup_gcc.o
 .debug_abbrev  0x0000000000000433      0x130 ../../../driverlib/gcc/lib/Debug/libdriver.a(gpio.o)
 .debug_abbrev  0x0000000000000563      0x145 ../../../driverlib/gcc/lib/Debug/libdriver.a(interrupt.o)
 .debug_abbrev  0x00000000000006a8       0xf4 ../../../driverlib/gcc/lib/Debug/libdriver.a(pin.o)
 .debug_abbrev  0x000000000000079c      0x1cc ../../../driverlib/gcc/lib/Debug/libdriver.a(prcm.o)
 .debug_abbrev  0x0000000000000968       0xde ../../../driverlib/gcc/lib/Debug/libdriver.a(timer.o)
 .debug_abbrev  0x0000000000000a46       0x48 ../../../driverlib/gcc/lib/Debug/libdriver.a(utils.o)
 .debug_abbrev  0x0000000000000a8e       0xb4 ../../../driverlib/gcc/lib/Debug/libdriver.a(cpu.o)

.debug_aranges  0x0000000000000000      0x618
 .debug_aranges
                0x0000000000000000       0x38 obj/Debug/main.o
 .debug_aranges
                0x0000000000000038       0x20 obj/Debug/pinmux.o
 .debug_aranges
                0x0000000000000058       0x60 obj/Debug/timer_if.o
 .debug_aranges
                0x00000000000000b8       0x68 obj/Debug/gpio_if.o
 .debug_aranges
                0x0000000000000120       0x48 obj/Debug/startup_gcc.o
 .debug_aranges
                0x0000000000000168       0x90 ../../../driverlib/gcc/lib/Debug/libdriver.a(gpio.o)
 .debug_aranges
                0x00000000000001f8       0x98 ../../../driverlib/gcc/lib/Debug/libdriver.a(interrupt.o)
 .debug_aranges
                0x0000000000000290       0x90 ../../../driverlib/gcc/lib/Debug/libdriver.a(pin.o)
 .debug_aranges
                0x0000000000000320      0x1b8 ../../../driverlib/gcc/lib/Debug/libdriver.a(prcm.o)
 .debug_aranges
                0x00000000000004d8       0xd8 ../../../driverlib/gcc/lib/Debug/libdriver.a(timer.o)
 .debug_aranges
                0x00000000000005b0       0x20 ../../../driverlib/gcc/lib/Debug/libdriver.a(utils.o)
 .debug_aranges
                0x00000000000005d0       0x48 ../../../driverlib/gcc/lib/Debug/libdriver.a(cpu.o)

.debug_ranges   0x0000000000000000      0x558
 .debug_ranges  0x0000000000000000       0x28 obj/Debug/main.o
 .debug_ranges  0x0000000000000028       0x10 obj/Debug/pinmux.o
 .debug_ranges  0x0000000000000038       0x50 obj/Debug/timer_if.o
 .debug_ranges  0x0000000000000088       0x58 obj/Debug/gpio_if.o
 .debug_ranges  0x00000000000000e0       0x38 obj/Debug/startup_gcc.o
 .debug_ranges  0x0000000000000118       0x80 ../../../driverlib/gcc/lib/Debug/libdriver.a(gpio.o)
 .debug_ranges  0x0000000000000198       0x88 ../../../driverlib/gcc/lib/Debug/libdriver.a(interrupt.o)
 .debug_ranges  0x0000000000000220       0x80 ../../../driverlib/gcc/lib/Debug/libdriver.a(pin.o)
 .debug_ranges  0x00000000000002a0      0x1a8 ../../../driverlib/gcc/lib/Debug/libdriver.a(prcm.o)
 .debug_ranges  0x0000000000000448       0xc8 ../../../driverlib/gcc/lib/Debug/libdriver.a(timer.o)
 .debug_ranges  0x0000000000000510       0x10 ../../../driverlib/gcc/lib/Debug/libdriver.a(utils.o)
 .debug_ranges  0x0000000000000520       0x38 ../../../driverlib/gcc/lib/Debug/libdriver.a(cpu.o)

.debug_line     0x0000000000000000     0x131c
 .debug_line    0x0000000000000000       0xb0 obj/Debug/main.o
 .debug_line    0x00000000000000b0       0x41 obj/Debug/pinmux.o
 .debug_line    0x00000000000000f1      0x113 obj/Debug/timer_if.o
 .debug_line    0x0000000000000204      0x13d obj/Debug/gpio_if.o
 .debug_line    0x0000000000000341      0x131 obj/Debug/startup_gcc.o
 .debug_line    0x0000000000000472      0x218 ../../../driverlib/gcc/lib/Debug/libdriver.a(gpio.o)
 .debug_line    0x000000000000068a      0x210 ../../../driverlib/gcc/lib/Debug/libdriver.a(interrupt.o)
 .debug_line    0x000000000000089a      0x172 ../../../driverlib/gcc/lib/Debug/libdriver.a(pin.o)
 .debug_line    0x0000000000000a0c      0x4f6 ../../../driverlib/gcc/lib/Debug/libdriver.a(prcm.o)
 .debug_line    0x0000000000000f02      0x33d ../../../driverlib/gcc/lib/Debug/libdriver.a(timer.o)
 .debug_line    0x000000000000123f       0x3d ../../../driverlib/gcc/lib/Debug/libdriver.a(utils.o)
 .debug_line    0x000000000000127c       0xa0 ../../../driverlib/gcc/lib/Debug/libdriver.a(cpu.o)

.debug_str      0x0000000000000000     0x1258
 .debug_str     0x0000000000000000      0x2a4 obj/Debug/main.o
                                        0x2dd (size before relaxing)
 .debug_str     0x00000000000002a4       0x19 obj/Debug/pinmux.o
                                         0xd8 (size before relaxing)
 .debug_str     0x00000000000002bd       0xf4 obj/Debug/timer_if.o
                                        0x1db (size before relaxing)
 .debug_str     0x00000000000003b1      0x18b obj/Debug/gpio_if.o
                                        0x3ec (size before relaxing)
 .debug_str     0x000000000000053c       0xdb obj/Debug/startup_gcc.o
                                        0x231 (size before relaxing)
 .debug_str     0x0000000000000617      0x18e ../../../driverlib/gcc/lib/Debug/libdriver.a(gpio.o)
                                        0x239 (size before relaxing)
 .debug_str     0x00000000000007a5      0x177 ../../../driverlib/gcc/lib/Debug/libdriver.a(interrupt.o)
                                        0x296 (size before relaxing)
 .debug_str     0x000000000000091c      0x10d ../../../driverlib/gcc/lib/Debug/libdriver.a(pin.o)
                                        0x1fa (size before relaxing)
 .debug_str     0x0000000000000a29      0x608 ../../../driverlib/gcc/lib/Debug/libdriver.a(prcm.o)
                                        0x71d (size before relaxing)
 .debug_str     0x0000000000001031      0x1ad ../../../driverlib/gcc/lib/Debug/libdriver.a(timer.o)
                                        0x2af (size before relaxing)
 .debug_str     0x00000000000011de       0x1e ../../../driverlib/gcc/lib/Debug/libdriver.a(utils.o)
                                         0xcb (size before relaxing)
 .debug_str     0x00000000000011fc       0x5c ../../../driverlib/gcc/lib/Debug/libdriver.a(cpu.o)
                                        0x109 (size before relaxing)

.comment        0x0000000000000000       0x21
 .comment       0x0000000000000000       0x21 obj/Debug/main.o
                                         0x22 (size before relaxing)
 .comment       0x0000000000000000       0x22 obj/Debug/pinmux.o
 .comment       0x0000000000000000       0x22 obj/Debug/timer_if.o
 .comment       0x0000000000000000       0x22 obj/Debug/gpio_if.o
 .comment       0x0000000000000000       0x22 obj/Debug/startup_gcc.o
 .comment       0x0000000000000000       0x22 ../../../driverlib/gcc/lib/Debug/libdriver.a(gpio.o)
 .comment       0x0000000000000000       0x22 ../../../driverlib/gcc/lib/Debug/libdriver.a(interrupt.o)
 .comment       0x0000000000000000       0x22 ../../../driverlib/gcc/lib/Debug/libdriver.a(pin.o)
 .comment       0x0000000000000000       0x22 ../../../driverlib/gcc/lib/Debug/libdriver.a(prcm.o)
 .comment       0x0000000000000000       0x22 ../../../driverlib/gcc/lib/Debug/libdriver.a(timer.o)
 .comment       0x0000000000000000       0x22 ../../../driverlib/gcc/lib/Debug/libdriver.a(utils.o)
 .comment       0x0000000000000000       0x22 ../../../driverlib/gcc/lib/Debug/libdriver.a(cpu.o)

.ARM.attributes
                0x0000000000000000       0x33
 .ARM.attributes
                0x0000000000000000       0x33 obj/Debug/main.o
 .ARM.attributes
                0x0000000000000033       0x33 obj/Debug/pinmux.o
 .ARM.attributes
                0x0000000000000066       0x33 obj/Debug/timer_if.o
 .ARM.attributes
                0x0000000000000099       0x33 obj/Debug/gpio_if.o
 .ARM.attributes
                0x00000000000000cc       0x33 obj/Debug/startup_gcc.o
 .ARM.attributes
                0x00000000000000ff       0x33 ../../../driverlib/gcc/lib/Debug/libdriver.a(gpio.o)
 .ARM.attributes
                0x0000000000000132       0x33 ../../../driverlib/gcc/lib/Debug/libdriver.a(interrupt.o)
 .ARM.attributes
                0x0000000000000165       0x33 ../../../driverlib/gcc/lib/Debug/libdriver.a(pin.o)
 .ARM.attributes
                0x0000000000000198       0x33 ../../../driverlib/gcc/lib/Debug/libdriver.a(prcm.o)
 .ARM.attributes
                0x00000000000001cb       0x33 ../../../driverlib/gcc/lib/Debug/libdriver.a(timer.o)
 .ARM.attributes
                0x00000000000001fe       0x33 ../../../driverlib/gcc/lib/Debug/libdriver.a(utils.o)
 .ARM.attributes
                0x0000000000000231       0x33 ../../../driverlib/gcc/lib/Debug/libdriver.a(cpu.o)

.debug_frame    0x0000000000000000     0x1728
 .debug_frame   0x0000000000000000       0x84 obj/Debug/main.o
 .debug_frame   0x0000000000000084       0x2c obj/Debug/pinmux.o
 .debug_frame   0x00000000000000b0      0x158 obj/Debug/timer_if.o
 .debug_frame   0x0000000000000208      0x180 obj/Debug/gpio_if.o
 .debug_frame   0x0000000000000388       0xbc obj/Debug/startup_gcc.o
 .debug_frame   0x0000000000000444      0x260 ../../../driverlib/gcc/lib/Debug/libdriver.a(gpio.o)
 .debug_frame   0x00000000000006a4      0x258 ../../../driverlib/gcc/lib/Debug/libdriver.a(interrupt.o)
 .debug_frame   0x00000000000008fc      0x244 ../../../driverlib/gcc/lib/Debug/libdriver.a(pin.o)
 .debug_frame   0x0000000000000b40      0x790 ../../../driverlib/gcc/lib/Debug/libdriver.a(prcm.o)
 .debug_frame   0x00000000000012d0      0x3c8 ../../../driverlib/gcc/lib/Debug/libdriver.a(timer.o)
 .debug_frame   0x0000000000001698       0x20 ../../../driverlib/gcc/lib/Debug/libdriver.a(utils.o)
 .debug_frame   0x00000000000016b8       0x70 ../../../driverlib/gcc/lib/Debug/libdriver.a(cpu.o)
