Archive member included to satisfy reference by file (symbol)

../../../simplelink/gcc/lib/os_PM/Release/libsimplelink.a(device.o)
                              obj/Release/main.o (sl_Start)
../../../simplelink/gcc/lib/os_PM/Release/libsimplelink.a(driver.o)
                              ../../../simplelink/gcc/lib/os_PM/Release/libsimplelink.a(device.o) (g_bDeviceRestartIsRequired)
../../../simplelink/gcc/lib/os_PM/Release/libsimplelink.a(netapp.o)
                              ../../../simplelink/gcc/lib/os_PM/Release/libsimplelink.a(driver.o) (_sl_HandleAsync_DnsGetHostByService)
../../../simplelink/gcc/lib/os_PM/Release/libsimplelink.a(socket.o)
                              obj/Release/main.o (sl_Socket)
../../../simplelink/gcc/lib/os_PM/Release/libsimplelink.a(wlan.o)
                              obj/Release/main.o (sl_WlanConnect)
../../../simplelink/gcc/lib/os_PM/Release/libsimplelink.a(cc_pal_pm.o)
                              ../../../simplelink/gcc/lib/os_PM/Release/libsimplelink.a(device.o) (spi_Open)
../../../middleware/gcc/lib/Release/middleware.a(dma_hal.o)
                              obj/Release/lp3p0_board.o (cc_dma_init)
../../../middleware/gcc/lib/Release/middleware.a(gpio_hal.o)
                              obj/Release/lp3p0_board.o (cc_gpio_init)
../../../middleware/gcc/lib/Release/middleware.a(hw_timer32.o)
                              obj/Release/lp3p0_board.o (cc_hwt32_init)
../../../middleware/gcc/lib/Release/middleware.a(interrupt_hal.o)
                              obj/Release/lp3p0_board.o (register_isr)
../../../middleware/gcc/lib/Release/middleware.a(rtc_hal.o)
                              obj/Release/main.o (cc_rtc_set)
../../../middleware/gcc/lib/Release/middleware.a(util64.o)
                              ../../../middleware/gcc/lib/Release/middleware.a(rtc_hal.o) (util_u64_time_add)
../../../middleware/gcc/lib/Release/middleware.a(spi_drv.o)
                              obj/Release/lp3p0_board.o (spi_driver_load)
../../../middleware/gcc/lib/Release/middleware.a(uart_drv.o)
                              obj/Release/lp3p0_board.o (uart_driver_load)
../../../middleware/gcc/lib/Release/middleware.a(cc_pm.o)
                              obj/Release/main.o (cc_idle_task_pm)
../../../middleware/gcc/lib/Release/middleware.a(cc_timer.o)
                              obj/Release/main.o (cc_timer_start)
../../../middleware/gcc/lib/Release/middleware.a(cc_io_park.o)
                              obj/Release/lp3p0_plat_ops.o (cc_io_park_safe)
../../../middleware/gcc/lib/Release/middleware.a(cc_pm_ops.o)
                              obj/Release/lp3p0_plat_ops.o (cc_set_up_wkup_srcs)
../../../middleware/gcc/lib/Release/middleware.a(spi_hal.o)
                              ../../../middleware/gcc/lib/Release/middleware.a(spi_drv.o) (cc_spi_init)
../../../middleware/gcc/lib/Release/middleware.a(uart_hal.o)
                              ../../../middleware/gcc/lib/Release/middleware.a(uart_drv.o) (cc_uart_deinit)
../../../oslib/gcc/free_rtos/Release/free_rtos.a(osi_freertos.o)
                              obj/Release/wdt_if.o (osi_InterruptRegister)
../../../oslib/gcc/free_rtos/Release/free_rtos.a(queue.o)
                              ../../../oslib/gcc/free_rtos/Release/free_rtos.a(osi_freertos.o) (xQueueGenericCreate)
../../../oslib/gcc/free_rtos/Release/free_rtos.a(tasks.o)
                              ../../../oslib/gcc/free_rtos/Release/free_rtos.a(osi_freertos.o) (xTaskGenericCreate)
../../../oslib/gcc/free_rtos/Release/free_rtos.a(port.o)
                              ../../../oslib/gcc/free_rtos/Release/free_rtos.a(tasks.o) (pxPortInitialiseStack)
../../../oslib/gcc/free_rtos/Release/free_rtos.a(timers.o)
                              ../../../oslib/gcc/free_rtos/Release/free_rtos.a(tasks.o) (xTimerCreateTimerTask)
../../../oslib/gcc/free_rtos/Release/free_rtos.a(heap_3.o)
                              ../../../oslib/gcc/free_rtos/Release/free_rtos.a(osi_freertos.o) (pvPortMalloc)
../../../oslib/gcc/free_rtos/Release/free_rtos.a(list.o)
                              ../../../oslib/gcc/free_rtos/Release/free_rtos.a(queue.o) (vListInitialise)
../../../driverlib/gcc/lib/Release/libdriver.a(cpu.o)
                              ../../../middleware/gcc/lib/Release/middleware.a(cc_pm_ops.o) (CPUcpsid)
../../../driverlib/gcc/lib/Release/libdriver.a(interrupt.o)
                              obj/Release/main.o (IntVTableBaseSet)
../../../driverlib/gcc/lib/Release/libdriver.a(pin.o)
                              ../../../middleware/gcc/lib/Release/middleware.a(cc_io_park.o) (PinConfigSet)
../../../driverlib/gcc/lib/Release/libdriver.a(prcm.o)
                              obj/Release/main.o (PRCMPeripheralClkEnable)
../../../driverlib/gcc/lib/Release/libdriver.a(spi.o)
                              obj/Release/utils_if.o (SPIConfigSetExpClk)
../../../driverlib/gcc/lib/Release/libdriver.a(timer.o)
[...]
Memory Configuration

Name             Origin             Length             Attributes
SRAM             0x0000000020000000 0x0000000000040000 xrw
*default*        0x0000000000000000 0xffffffffffffffff

Linker script and memory map

                0x0000000000004000                BOOTLOADER_SIZE = 0x4000

.bootloader     0x0000000020000000     0x4000
                0x0000000020000000                _heap2 = .
                0x0000000020004000                . = (. + BOOTLOADER_SIZE)
 *fill*         0x0000000020000000     0x4000 
                0x0000000020004000                . = ALIGN (0x8)
                0x0000000020004000                _eheap2 = .

.text           0x0000000020004000     0x9430
                0x0000000020004000                _text = .
 *(.intvecs)
 .intvecs       0x0000000020004000      0x400 obj/Release/startup_gcc.o
                0x0000000020004000                g_pfnVectors
 *(.text*)
 .text.TimerCallback
                0x0000000020004400       0x1c obj/Release/main.o
                0x0000000020004400                TimerCallback
 .text.UDPServerTask
                0x000000002000441c       0xc8 obj/Release/main.o
                0x000000002000441c                UDPServerTask
 .text.WatchdogIntHandler
                0x00000000200044e4       0x68 obj/Release/main.o
                0x00000000200044e4                WatchdogIntHandler
 .text.vAssertCalled
                0x000000002000454c        0x2 obj/Release/main.o
                0x000000002000454c                vAssertCalled
 .text.vApplicationIdleHook
                0x000000002000454e        0x4 obj/Release/main.o
                0x000000002000454e                vApplicationIdleHook
 .text.vApplicationMallocFailedHook
                0x0000000020004552        0x2 obj/Release/main.o
                0x0000000020004552                vApplicationMallocFailedHook
 .text.vApplicationStackOverflowHook
                0x0000000020004554        0x2 obj/Release/main.o
                0x0000000020004554                vApplicationStackOverflowHook
 *fill*         0x0000000020004556        0x2 
 .text.PrintIPAddr
                0x0000000020004558       0x44 obj/Release/main.o
                0x0000000020004558                PrintIPAddr
 .text.SimpleLinkWlanEventHandler
                0x000000002000459c       0x80 obj/Release/main.o
                0x000000002000459c                SimpleLinkWlanEventHandler
 .text.SimpleLinkNetAppEventHandler
                0x000000002000461c       0x70 obj/Release/main.o
                0x000000002000461c                SimpleLinkNetAppEventHandler
 .text.SimpleLinkHttpServerCallback
                0x000000002000468c        0x2 obj/Release/main.o
                0x000000002000468c                SimpleLinkHttpServerCallback
 .text.SimpleLinkGeneralEventHandler
                0x000000002000468e        0x2 obj/Release/main.o
                0x000000002000468e                SimpleLinkGeneralEventHandler
 .text.SimpleLinkSockEventHandler
                0x0000000020004690        0x2 obj/Release/main.o
                0x0000000020004690                SimpleLinkSockEventHandler
 *fill*         0x0000000020004692        0x2 
 .text.WlanDisconnect
                0x0000000020004694       0x2c obj/Release/main.o
                0x0000000020004694                WlanDisconnect
 .text.WlanConnect
                0x00000000200046c0      0x184 obj/Release/main.o
                0x00000000200046c0                WlanConnect
 .text.gpio_intr_hndlr
                0x0000000020004844       0x24 obj/Release/main.o
                0x0000000020004844                gpio_intr_hndlr
 .text.SetGPIOAsWkUp
                0x0000000020004868       0x1a obj/Release/main.o
                0x0000000020004868                SetGPIOAsWkUp
 *fill*         0x0000000020004882        0x2 
 .text.SetTimerAsWkUp
                0x0000000020004884       0x3c obj/Release/main.o
                0x0000000020004884                SetTimerAsWkUp
 .text.SwitchToStaMode
                0x00000000200048c0       0x38 obj/Release/main.o
                0x00000000200048c0                SwitchToStaMode
 .text.TimerGPIOTask
                0x00000000200048f8      0x180 obj/Release/main.o
                0x00000000200048f8                TimerGPIOTask
 .text.startup.main
                0x0000000020004a78       0xe0 obj/Release/main.o
                0x0000000020004a78                main
 .text.PinMuxConfig
                0x0000000020004b58       0x8c obj/Release/pinmux.o
                0x0000000020004b58                PinMuxConfig
 .text.sw_simulate_rtc_intr
                0x0000000020004be4       0x10 obj/Release/lp3p0_board.o
                0x0000000020004be4                sw_simulate_rtc_intr
 .text.sw_simulate_timer_intr
                0x0000000020004bf4       0x10 obj/Release/lp3p0_board.o
                0x0000000020004bf4                sw_simulate_timer_intr
 .text.prcm_interrupt_handler
                0x0000000020004c04       0x38 obj/Release/lp3p0_board.o
                0x0000000020004c04                prcm_interrupt_handler
 .text.timer_interrupt_handler
                0x0000000020004c3c       0x18 obj/Release/lp3p0_board.o
                0x0000000020004c3c                timer_interrupt_handler
 .text.clk_enbl_op
                0x0000000020004c54       0x14 obj/Release/lp3p0_board.o
                0x0000000020004c54                clk_enbl_op
 .text.clk_dsbl_op
                0x0000000020004c68       0x14 obj/Release/lp3p0_board.o
                0x0000000020004c68                clk_dsbl_op
 .text.platform_init
                0x0000000020004c7c      0x204 obj/Release/lp3p0_board.o
                0x0000000020004c7c                platform_init
 .text.lp3p0_back_up_soc_data
                0x0000000020004e80       0x24 obj/Release/lp3p0_plat_ops.o
                0x0000000020004e80                lp3p0_back_up_soc_data
 .text.lp3p0_restore_soc_data
                0x0000000020004ea4       0x54 obj/Release/lp3p0_plat_ops.o
                0x0000000020004ea4                lp3p0_restore_soc_data
 .text.lp3p0_enter_hibernate
                0x0000000020004ef8        0xe obj/Release/lp3p0_plat_ops.o
                0x0000000020004ef8                lp3p0_enter_hibernate
 *fill*         0x0000000020004f06        0x2 
 .text.lp3p0_can_try_pm_state
                0x0000000020004f08       0x24 obj/Release/lp3p0_plat_ops.o
                0x0000000020004f08                lp3p0_can_try_pm_state
 .text.lp3p0_setup_power_policy
                0x0000000020004f2c        0xc obj/Release/lp3p0_plat_ops.o
                0x0000000020004f2c                lp3p0_setup_power_policy
 .text.lp3p0_get_pm_ops
                0x0000000020004f38       0x64 obj/Release/lp3p0_plat_ops.o
                0x0000000020004f38                lp3p0_get_pm_ops
 .text.WDT_IF_Init
                0x0000000020004f9c       0x46 obj/Release/wdt_if.o
                0x0000000020004f9c                WDT_IF_Init
 .text.WDT_IF_DeInit
                0x0000000020004fe2       0x32 obj/Release/wdt_if.o
                0x0000000020004fe2                WDT_IF_DeInit
 .text.Utils_SpiFlashDeepPowerDown
                0x0000000020005014       0xe8 obj/Release/utils_if.o
                0x0000000020005014                Utils_SpiFlashDeepPowerDown
 .text.NmiSR    0x00000000200050fc        0x2 obj/Release/startup_gcc.o
 .text.FaultISR
                0x00000000200050fe        0x2 obj/Release/startup_gcc.o
 .text.BusFaultHandler
                0x0000000020005100        0x2 obj/Release/startup_gcc.o
 .text.IntDefaultHandler
                0x0000000020005102        0x2 obj/Release/startup_gcc.o
 .text.ResetISR
                0x0000000020005104       0x5c obj/Release/startup_gcc.o
                0x0000000020005104                ResetISR
 .text._sbrk    0x0000000020005160       0x3c obj/Release/startup_gcc.o
                0x0000000020005160                _sbrk
 .text.sl_Start
                0x000000002000519c       0xcc ../../../simplelink/gcc/lib/os_PM/Release/libsimplelink.a(device.o)
                0x000000002000519c                sl_Start
 .text._sl_HandleAsync_InitComplete
                0x0000000020005268       0x6c ../../../simplelink/gcc/lib/os_PM/Release/libsimplelink.a(device.o)
                0x0000000020005268                _sl_HandleAsync_InitComplete
 .text._sl_HandleAsync_Stop
                0x00000000200052d4       0x38 ../../../simplelink/gcc/lib/os_PM/Release/libsimplelink.a(device.o)
                0x00000000200052d4                _sl_HandleAsync_Stop
 .text.sl_Stop  0x000000002000530c       0xa0 ../../../simplelink/gcc/lib/os_PM/Release/libsimplelink.a(device.o)
                0x000000002000530c                sl_Stop
 .text._SlDrvDeviceEventHandler
                0x00000000200053ac       0x66 ../../../simplelink/gcc/lib/os_PM/Release/libsimplelink.a(device.o)
                0x00000000200053ac                _SlDrvDeviceEventHandler
 *fill*         0x0000000020005412        0x2 
 .text._SlAsyncEventGenericHandler
                0x0000000020005414       0x54 ../../../simplelink/gcc/lib/os_PM/Release/libsimplelink.a(driver.o)
 .text._SlRemoveFromList
                0x0000000020005468       0x44 ../../../simplelink/gcc/lib/os_PM/Release/libsimplelink.a(driver.o)
 .text._SlFindAndSetActiveObj
                0x00000000200054ac       0x94 ../../../simplelink/gcc/lib/os_PM/Release/libsimplelink.a(driver.o)
 .text._SlDrvObjGlobalLockWaitForever
                0x0000000020005540       0x2c ../../../simplelink/gcc/lib/os_PM/Release/libsimplelink.a(driver.o)
 .text._SlDrvMsgWrite
                0x000000002000556c      0x108 ../../../simplelink/gcc/lib/os_PM/Release/libsimplelink.a(driver.o)
 .text._SlDrvDriverCBDeinit
                0x0000000020005674       0xa0 ../../../simplelink/gcc/lib/os_PM/Release/libsimplelink.a(driver.o)
                0x0000000020005674                _SlDrvDriverCBDeinit
 .text._SlDrvRxIrqHandler
                0x0000000020005714       0x44 ../../../simplelink/gcc/lib/os_PM/Release/libsimplelink.a(driver.o)
                0x0000000020005714                _SlDrvRxIrqHandler
 .text._SlDrvCmdSend
                0x0000000020005758       0x74 ../../../simplelink/gcc/lib/os_PM/Release/libsimplelink.a(driver.o)
                0x0000000020005758                _SlDrvCmdSend
 .text._SlDrvDispatchHttpServerEvents
                0x00000000200057cc        0x4 ../../../simplelink/gcc/lib/os_PM/Release/libsimplelink.a(driver.o)
                0x00000000200057cc                _SlDrvDispatchHttpServerEvents
 .text._SlDrvSyncObjSignal
                0x00000000200057d0        0x8 ../../../simplelink/gcc/lib/os_PM/Release/libsimplelink.a(driver.o)
                0x00000000200057d0                _SlDrvSyncObjSignal
 .text._SlDrvObjLockWaitForever
                0x00000000200057d8        0xc ../../../simplelink/gcc/lib/os_PM/Release/libsimplelink.a(driver.o)
                0x00000000200057d8                _SlDrvObjLockWaitForever
 .text._SlDrvProtectionObjLockWaitForever
                0x00000000200057e4       0x18 ../../../simplelink/gcc/lib/os_PM/Release/libsimplelink.a(driver.o)
                0x00000000200057e4                _SlDrvProtectionObjLockWaitForever
 .text._SlDrvObjUnLock
                0x00000000200057fc        0x8 ../../../simplelink/gcc/lib/os_PM/Release/libsimplelink.a(driver.o)
                0x00000000200057fc                _SlDrvObjUnLock
 .text._SlDrvProtectionObjUnLock
                0x0000000020005804       0x14 ../../../simplelink/gcc/lib/os_PM/Release/libsimplelink.a(driver.o)
                0x0000000020005804                _SlDrvProtectionObjUnLock
 .text._SlDrvReleasePoolObj
                0x0000000020005818       0xc0 ../../../simplelink/gcc/lib/os_PM/Release/libsimplelink.a(driver.o)
                0x0000000020005818                _SlDrvReleasePoolObj
 .text._SlDrvGlobalObjUnLock
                0x00000000200058d8       0x14 ../../../simplelink/gcc/lib/os_PM/Release/libsimplelink.a(driver.o)
                0x00000000200058d8                _SlDrvGlobalObjUnLock
 .text._SlDrvMemZero
                0x00000000200058ec        0x8 ../../../simplelink/gcc/lib/os_PM/Release/libsimplelink.a(driver.o)
                0x00000000200058ec                _SlDrvMemZero
 .text._SlDrvDriverCBInit
                0x00000000200058f4       0xe0 ../../../simplelink/gcc/lib/os_PM/Release/libsimplelink.a(driver.o)
                0x00000000200058f4                _SlDrvDriverCBInit
 .text._SlDrvResetCmdExt
                0x00000000200059d4        0x6 ../../../simplelink/gcc/lib/os_PM/Release/libsimplelink.a(driver.o)
                0x00000000200059d4                _SlDrvResetCmdExt
 *fill*         0x00000000200059da        0x2 
 .text._SlDrvSyncObjWaitForever
                0x00000000200059dc       0x20 ../../../simplelink/gcc/lib/os_PM/Release/libsimplelink.a(driver.o)
                0x00000000200059dc                _SlDrvSyncObjWaitForever
 .text._SlDrvWaitForPoolObj
                0x00000000200059fc       0xc8 ../../../simplelink/gcc/lib/os_PM/Release/libsimplelink.a(driver.o)
                0x00000000200059fc                _SlDrvWaitForPoolObj
 .text._SlDrvProtectAsyncRespSetting
                0x0000000020005ac4       0x30 ../../../simplelink/gcc/lib/os_PM/Release/libsimplelink.a(driver.o)
                0x0000000020005ac4                _SlDrvProtectAsyncRespSetting
 .text._SlDriverHandleError
                0x0000000020005af4       0x68 ../../../simplelink/gcc/lib/os_PM/Release/libsimplelink.a(driver.o)
                0x0000000020005af4                _SlDriverHandleError
 .text._SlDrvSyncObjWaitTimeout
                0x0000000020005b5c       0x34 ../../../simplelink/gcc/lib/os_PM/Release/libsimplelink.a(driver.o)
                0x0000000020005b5c                _SlDrvSyncObjWaitTimeout
 .text._SlDrvDataReadOp
                0x0000000020005b90      0x128 ../../../simplelink/gcc/lib/os_PM/Release/libsimplelink.a(driver.o)
                0x0000000020005b90                _SlDrvDataReadOp
 .text._SlDrvIsTimeoutExpired
                0x0000000020005cb8       0x48 ../../../simplelink/gcc/lib/os_PM/Release/libsimplelink.a(driver.o)
                0x0000000020005cb8                _SlDrvIsTimeoutExpired
 .text._SlDrvMsgRead
                0x0000000020005d00      0x520 ../../../simplelink/gcc/lib/os_PM/Release/libsimplelink.a(driver.o)
 .text._SlDrvCmdOp
                0x0000000020006220      0x158 ../../../simplelink/gcc/lib/os_PM/Release/libsimplelink.a(driver.o)
                0x0000000020006220                _SlDrvCmdOp
 .text._SlDrvBasicCmd
                0x0000000020006378       0x32 ../../../simplelink/gcc/lib/os_PM/Release/libsimplelink.a(driver.o)
                0x0000000020006378                _SlDrvBasicCmd
 *fill*         0x00000000200063aa        0x2 
 .text._SlDrvMsgReadSpawnCtx
                0x00000000200063ac       0x78 ../../../simplelink/gcc/lib/os_PM/Release/libsimplelink.a(driver.o)
                0x00000000200063ac                _SlDrvMsgReadSpawnCtx
 .text._sl_HandleAsync_DnsGetHostByService
                0x0000000020006424       0x5c ../../../simplelink/gcc/lib/os_PM/Release/libsimplelink.a(netapp.o)
                0x0000000020006424                _sl_HandleAsync_DnsGetHostByService
 .text._sl_HandleAsync_DnsGetHostByName
                0x0000000020006480       0x5c ../../../simplelink/gcc/lib/os_PM/Release/libsimplelink.a(netapp.o)
                0x0000000020006480                _sl_HandleAsync_DnsGetHostByName
 .text._sl_HandleAsync_PingResponse
                0x00000000200064dc       0x7c ../../../simplelink/gcc/lib/os_PM/Release/libsimplelink.a(netapp.o)
                0x00000000200064dc                _sl_HandleAsync_PingResponse
 .text._sl_NetAppSendTokenValue
                0x0000000020006558       0x50 ../../../simplelink/gcc/lib/os_PM/Release/libsimplelink.a(netapp.o)
                0x0000000020006558                _sl_NetAppSendTokenValue
 .text._SlDrvNetAppEventHandler
                0x00000000200065a8       0xdc ../../../simplelink/gcc/lib/os_PM/Release/libsimplelink.a(netapp.o)
                0x00000000200065a8                _SlDrvNetAppEventHandler
 .text._sl_BuildAddress
                0x0000000020006684       0x28 ../../../simplelink/gcc/lib/os_PM/Release/libsimplelink.a(socket.o)
 .text.sl_Socket
                0x00000000200066ac       0x50 ../../../simplelink/gcc/lib/os_PM/Release/libsimplelink.a(socket.o)
                0x00000000200066ac                sl_Socket
 .text.sl_Bind  0x00000000200066fc       0x80 ../../../simplelink/gcc/lib/os_PM/Release/libsimplelink.a(socket.o)
                0x00000000200066fc                sl_Bind
 .text.sl_RecvFrom
                0x000000002000677c       0xc8 ../../../simplelink/gcc/lib/os_PM/Release/libsimplelink.a(socket.o)
                0x000000002000677c                sl_RecvFrom
 .text._sl_HandleAsync_Connect
                0x0000000020006844       0x54 ../../../simplelink/gcc/lib/os_PM/Release/libsimplelink.a(socket.o)
                0x0000000020006844                _sl_HandleAsync_Connect
 .text.sl_Htons
                0x0000000020006898       0x14 ../../../simplelink/gcc/lib/os_PM/Release/libsimplelink.a(socket.o)
                0x0000000020006898                sl_Htons
 .text._sl_HandleAsync_Accept
                0x00000000200068ac       0x54 ../../../simplelink/gcc/lib/os_PM/Release/libsimplelink.a(socket.o)
                0x00000000200068ac                _sl_HandleAsync_Accept
 .text._sl_HandleAsync_Select
                0x0000000020006900       0x40 ../../../simplelink/gcc/lib/os_PM/Release/libsimplelink.a(socket.o)
                0x0000000020006900                _sl_HandleAsync_Select
 .text.sl_WlanConnect
                0x0000000020006940      0x1c0 ../../../simplelink/gcc/lib/os_PM/Release/libsimplelink.a(wlan.o)
                0x0000000020006940                sl_WlanConnect
 .text.sl_WlanDisconnect
                0x0000000020006b00       0x28 ../../../simplelink/gcc/lib/os_PM/Release/libsimplelink.a(wlan.o)
                0x0000000020006b00                sl_WlanDisconnect
 .text.sl_WlanPolicySet
                0x0000000020006b28       0x5c ../../../simplelink/gcc/lib/os_PM/Release/libsimplelink.a(wlan.o)
                0x0000000020006b28                sl_WlanPolicySet
 .text.sl_WlanSetMode
                0x0000000020006b84       0x40 ../../../simplelink/gcc/lib/os_PM/Release/libsimplelink.a(wlan.o)
                0x0000000020006b84                sl_WlanSetMode
 .text.spi_Open
                0x0000000020006bc4       0x12 ../../../simplelink/gcc/lib/os_PM/Release/libsimplelink.a(cc_pal_pm.o)
                0x0000000020006bc4                spi_Open
 .text.spi_Close
                0x0000000020006bd6        0xa ../../../simplelink/gcc/lib/os_PM/Release/libsimplelink.a(cc_pal_pm.o)
                0x0000000020006bd6                spi_Close
 .text.spi_Read
                0x0000000020006be0       0x44 ../../../simplelink/gcc/lib/os_PM/Release/libsimplelink.a(cc_pal_pm.o)
                0x0000000020006be0                spi_Read
 .text.spi_Write
                0x0000000020006c24        0xe ../../../simplelink/gcc/lib/os_PM/Release/libsimplelink.a(cc_pal_pm.o)
                0x0000000020006c24                spi_Write
 .text.NwpRegisterInterruptHandler
                0x0000000020006c32       0x28 ../../../simplelink/gcc/lib/os_PM/Release/libsimplelink.a(cc_pal_pm.o)
                0x0000000020006c32                NwpRegisterInterruptHandler
 *fill*         0x0000000020006c5a        0x2 
 .text.NwpMaskInterrupt
                0x0000000020006c5c        0xc ../../../simplelink/gcc/lib/os_PM/Release/libsimplelink.a(cc_pal_pm.o)
                0x0000000020006c5c                NwpMaskInterrupt
 .text.NwpUnMaskInterrupt
                0x0000000020006c68        0xc ../../../simplelink/gcc/lib/os_PM/Release/libsimplelink.a(cc_pal_pm.o)
                0x0000000020006c68                NwpUnMaskInterrupt
 .text.NwpPowerOn
                0x0000000020006c74       0x30 ../../../simplelink/gcc/lib/os_PM/Release/libsimplelink.a(cc_pal_pm.o)
                0x0000000020006c74                NwpPowerOn
 .text.NwpPowerOff
                0x0000000020006ca4       0x3c ../../../simplelink/gcc/lib/os_PM/Release/libsimplelink.a(cc_pal_pm.o)
                0x0000000020006ca4                NwpPowerOff
 .text.NwpPowerOnPreamble
                0x0000000020006ce0       0x60 ../../../simplelink/gcc/lib/os_PM/Release/libsimplelink.a(cc_pal_pm.o)
                0x0000000020006ce0                NwpPowerOnPreamble
 .text.NwpPrePowerOffTimout0
                0x0000000020006d40       0x20 ../../../simplelink/gcc/lib/os_PM/Release/libsimplelink.a(cc_pal_pm.o)
                0x0000000020006d40                NwpPrePowerOffTimout0
 .text.simplelink_timerA2_start
                0x0000000020006d60       0x4c ../../../simplelink/gcc/lib/os_PM/Release/libsimplelink.a(cc_pal_pm.o)
                0x0000000020006d60                simplelink_timerA2_start
 .text.TimerGetCurrentTimestamp
                0x0000000020006dac       0x24 ../../../simplelink/gcc/lib/os_PM/Release/libsimplelink.a(cc_pal_pm.o)
                0x0000000020006dac                TimerGetCurrentTimestamp
 .text.dma_submit_endp
                0x0000000020006dd0       0x68 ../../../middleware/gcc/lib/Release/middleware.a(dma_hal.o)
 .text.cc_dma_init
                0x0000000020006e38       0x34 ../../../middleware/gcc/lib/Release/middleware.a(dma_hal.o)
                0x0000000020006e38                cc_dma_init
 .text.cc_dma_alloc
                0x0000000020006e6c       0x5c ../../../middleware/gcc/lib/Release/middleware.a(dma_hal.o)
                0x0000000020006e6c                cc_dma_alloc
 .text.cc_dma_chan_config
                0x0000000020006ec8       0x5a ../../../middleware/gcc/lib/Release/middleware.a(dma_hal.o)
                0x0000000020006ec8                cc_dma_chan_config
 *fill*         0x0000000020006f22        0x2 
 .text.cc_dma_desc_config
                0x0000000020006f24       0xa8 ../../../middleware/gcc/lib/Release/middleware.a(dma_hal.o)
                0x0000000020006f24                cc_dma_desc_config
 .text.cc_dma_submit_endp
                0x0000000020006fcc       0x70 ../../../middleware/gcc/lib/Release/middleware.a(dma_hal.o)
                0x0000000020006fcc                cc_dma_submit_endp
 .text.gpio_interrupt_handler
                0x000000002000703c       0x70 ../../../middleware/gcc/lib/Release/middleware.a(gpio_hal.o)
                0x000000002000703c                gpio_interrupt_handler
 .text.gpio_wake_interrupt_handler
                0x00000000200070ac       0x10 ../../../middleware/gcc/lib/Release/middleware.a(gpio_hal.o)
                0x00000000200070ac                gpio_wake_interrupt_handler
 .text.cc_gpio_init
                0x00000000200070bc       0x54 ../../../middleware/gcc/lib/Release/middleware.a(gpio_hal.o)
                0x00000000200070bc                cc_gpio_init
 .text.cc_gpio_open
                0x0000000020007110       0x80 ../../../middleware/gcc/lib/Release/middleware.a(gpio_hal.o)
                0x0000000020007110                cc_gpio_open
 .text.cc_gpio_enable_notification
                0x0000000020007190       0xb8 ../../../middleware/gcc/lib/Release/middleware.a(gpio_hal.o)
                0x0000000020007190                cc_gpio_enable_notification
 .text.cc_gpio_get_spl_purpose
                0x0000000020007248       0x78 ../../../middleware/gcc/lib/Release/middleware.a(gpio_hal.o)
                0x0000000020007248                cc_gpio_get_spl_purpose
 .text.restore_gpio_port
                0x00000000200072c0       0x8e ../../../middleware/gcc/lib/Release/middleware.a(gpio_hal.o)
                0x00000000200072c0                restore_gpio_port
 *fill*         0x000000002000734e        0x2 
 .text.cc_gpio_restore_context
                0x0000000020007350       0x34 ../../../middleware/gcc/lib/Release/middleware.a(gpio_hal.o)
                0x0000000020007350                cc_gpio_restore_context
 .text.cc_hwt32_is_running
                0x0000000020007384       0x34 ../../../middleware/gcc/lib/Release/middleware.a(hw_timer32.o)
                0x0000000020007384                cc_hwt32_is_running
 .text.cc_hwt32_get_remaining
                0x00000000200073b8       0xa8 ../../../middleware/gcc/lib/Release/middleware.a(hw_timer32.o)
                0x00000000200073b8                cc_hwt32_get_remaining
 .text.cc_hwt32_get_rollovers
                0x0000000020007460       0x34 ../../../middleware/gcc/lib/Release/middleware.a(hw_timer32.o)
                0x0000000020007460                cc_hwt32_get_rollovers
 .text.cc_hwt32_get_frequency
                0x0000000020007494        0x6 ../../../middleware/gcc/lib/Release/middleware.a(hw_timer32.o)
                0x0000000020007494                cc_hwt32_get_frequency
 .text.cc_hwt32_register_cb
                0x000000002000749a       0x14 ../../../middleware/gcc/lib/Release/middleware.a(hw_timer32.o)
                0x000000002000749a                cc_hwt32_register_cb
 *fill*         0x00000000200074ae        0x2 
 .text.cc_hwt32_start
                0x00000000200074b0       0xb4 ../../../middleware/gcc/lib/Release/middleware.a(hw_timer32.o)
                0x00000000200074b0                cc_hwt32_start
 .text.hwt32_process_monotone_current
                0x0000000020007564       0x38 ../../../middleware/gcc/lib/Release/middleware.a(hw_timer32.o)
 .text.cc_hwt32_get_current
                0x000000002000759c       0x88 ../../../middleware/gcc/lib/Release/middleware.a(hw_timer32.o)
                0x000000002000759c                cc_hwt32_get_current
 .text.cc_hwt32_update
                0x0000000020007624       0x98 ../../../middleware/gcc/lib/Release/middleware.a(hw_timer32.o)
                0x0000000020007624                cc_hwt32_update
 .text.hwt32_stop
                0x00000000200076bc       0x4e ../../../middleware/gcc/lib/Release/middleware.a(hw_timer32.o)
 *fill*         0x000000002000770a        0x2 
 .text.cc_hwt32_stop
                0x000000002000770c       0x40 ../../../middleware/gcc/lib/Release/middleware.a(hw_timer32.o)
                0x000000002000770c                cc_hwt32_stop
 .text.cc_hwt32_init
                0x000000002000774c       0x8c ../../../middleware/gcc/lib/Release/middleware.a(hw_timer32.o)
                0x000000002000774c                cc_hwt32_init
 .text.cc_hwt32_isr
                0x00000000200077d8       0xa8 ../../../middleware/gcc/lib/Release/middleware.a(hw_timer32.o)
                0x00000000200077d8                cc_hwt32_isr
 .text.CPUipsr  0x0000000020007880        0x8 ../../../middleware/gcc/lib/Release/middleware.a(interrupt_hal.o)
                0x0000000020007880                CPUipsr
 .text.global_intr_handler
                0x0000000020007888       0x20 ../../../middleware/gcc/lib/Release/middleware.a(interrupt_hal.o)
                0x0000000020007888                global_intr_handler
 .text.register_isr
                0x00000000200078a8       0x30 ../../../middleware/gcc/lib/Release/middleware.a(interrupt_hal.o)
                0x00000000200078a8                register_isr
 .text.hwt64_is_running
                0x00000000200078d8       0x18 ../../../middleware/gcc/lib/Release/middleware.a(rtc_hal.o)
 .text.hwt64_get_rollovers
                0x00000000200078f0       0x14 ../../../middleware/gcc/lib/Release/middleware.a(rtc_hal.o)
 .text.hwt64_get_frequency
                0x0000000020007904       0x14 ../../../middleware/gcc/lib/Release/middleware.a(rtc_hal.o)
 .text.hwt64_register_cb
                0x0000000020007918       0x14 ../../../middleware/gcc/lib/Release/middleware.a(rtc_hal.o)
 .text.hw_access_time_addup
                0x000000002000792c       0x28 ../../../middleware/gcc/lib/Release/middleware.a(rtc_hal.o)
 .text.rtc_fast_domain_counter_rd
                0x0000000020007954       0x80 ../../../middleware/gcc/lib/Release/middleware.a(rtc_hal.o)
 .text.rtc_alarm_wr
                0x00000000200079d4       0x38 ../../../middleware/gcc/lib/Release/middleware.a(rtc_hal.o)
 .text.clr_alarm
                0x0000000020007a0c       0x2c ../../../middleware/gcc/lib/Release/middleware.a(rtc_hal.o)
 .text.hwt64_clear_alarm
                0x0000000020007a38       0x1e ../../../middleware/gcc/lib/Release/middleware.a(rtc_hal.o)
 *fill*         0x0000000020007a56        0x2 
 .text.rtc_alarm_rd
                0x0000000020007a58       0x4c ../../../middleware/gcc/lib/Release/middleware.a(rtc_hal.o)
 .text.rtc_ref_value_wr
                0x0000000020007aa4       0x30 ../../../middleware/gcc/lib/Release/middleware.a(rtc_hal.o)
 .text.rtc_value_rd
                0x0000000020007ad4       0x5c ../../../middleware/gcc/lib/Release/middleware.a(rtc_hal.o)
 .text.hwt64_get_current
                0x0000000020007b30       0x20 ../../../middleware/gcc/lib/Release/middleware.a(rtc_hal.o)
 .text.set_alarm
                0x0000000020007b50       0x50 ../../../middleware/gcc/lib/Release/middleware.a(rtc_hal.o)
 .text.hwt64_create_alarm
                0x0000000020007ba0       0x44 ../../../middleware/gcc/lib/Release/middleware.a(rtc_hal.o)
 .text.time_to_alarm.isra.2
                0x0000000020007be4       0x48 ../../../middleware/gcc/lib/Release/middleware.a(rtc_hal.o)
 .text.hwt64_get_remaining
                0x0000000020007c2c       0x2a ../../../middleware/gcc/lib/Release/middleware.a(rtc_hal.o)
 *fill*         0x0000000020007c56        0x2 
 .text.hwt64_update_alarm
                0x0000000020007c58       0x44 ../../../middleware/gcc/lib/Release/middleware.a(rtc_hal.o)
 .text.cc_rtc_has_alarm
                0x0000000020007c9c       0x2c ../../../middleware/gcc/lib/Release/middleware.a(rtc_hal.o)
                0x0000000020007c9c                cc_rtc_has_alarm
 .text.cc_rtc_set
                0x0000000020007cc8       0x58 ../../../middleware/gcc/lib/Release/middleware.a(rtc_hal.o)
                0x0000000020007cc8                cc_rtc_set
 .text.cc_rtc_fast_read_config
                0x0000000020007d20       0x30 ../../../middleware/gcc/lib/Release/middleware.a(rtc_hal.o)
                0x0000000020007d20                cc_rtc_fast_read_config
 .text.cc_rtc_init
                0x0000000020007d50       0x90 ../../../middleware/gcc/lib/Release/middleware.a(rtc_hal.o)
                0x0000000020007d50                cc_rtc_init
 .text.cc_rtc_isr
                0x0000000020007de0       0x68 ../../../middleware/gcc/lib/Release/middleware.a(rtc_hal.o)
                0x0000000020007de0                cc_rtc_isr
 .text.util_u32_nsec_add
                0x0000000020007e48       0x24 ../../../middleware/gcc/lib/Release/middleware.a(util64.o)
                0x0000000020007e48                util_u32_nsec_add
 .text.util_u64_time_add
                0x0000000020007e6c       0x1e ../../../middleware/gcc/lib/Release/middleware.a(util64.o)
                0x0000000020007e6c                util_u64_time_add
 .text.util_u32_data_add
                0x0000000020007e8a       0x14 ../../../middleware/gcc/lib/Release/middleware.a(util64.o)
                0x0000000020007e8a                util_u32_data_add
 .text.util_u64_data_add
                0x0000000020007e9e       0x1e ../../../middleware/gcc/lib/Release/middleware.a(util64.o)
                0x0000000020007e9e                util_u64_data_add
 .text.util_u32_nsec_sub
                0x0000000020007ebc       0x24 ../../../middleware/gcc/lib/Release/middleware.a(util64.o)
                0x0000000020007ebc                util_u32_nsec_sub
 .text.util_u64_data_cmp
                0x0000000020007ee0       0x20 ../../../middleware/gcc/lib/Release/middleware.a(util64.o)
                0x0000000020007ee0                util_u64_data_cmp
 .text.setup_dma_desc
                0x0000000020007f00       0x24 ../../../middleware/gcc/lib/Release/middleware.a(spi_drv.o)
 .text.spi_interrupt_handler
                0x0000000020007f24        0x4 ../../../middleware/gcc/lib/Release/middleware.a(spi_drv.o)
                0x0000000020007f24                spi_interrupt_handler
 .text.drv_callback_ops_complete
                0x0000000020007f28       0x16 ../../../middleware/gcc/lib/Release/middleware.a(spi_drv.o)
                0x0000000020007f28                drv_callback_ops_complete
 .text.spi_handle_pm_cmd
                0x0000000020007f3e       0x52 ../../../middleware/gcc/lib/Release/middleware.a(spi_drv.o)
                0x0000000020007f3e                spi_handle_pm_cmd
 .text.setup_spi_dma
                0x0000000020007f90       0x6e ../../../middleware/gcc/lib/Release/middleware.a(spi_drv.o)
 .text.trigger_spi_dma_transfer
                0x0000000020007ffe       0xcc ../../../middleware/gcc/lib/Release/middleware.a(spi_drv.o)
 *fill*         0x00000000200080ca        0x2 
 .text.spi_driver_load
                0x00000000200080cc      0x16c ../../../middleware/gcc/lib/Release/middleware.a(spi_drv.o)
                0x00000000200080cc                spi_driver_load
 .text.spi_open
                0x0000000020008238       0xa4 ../../../middleware/gcc/lib/Release/middleware.a(spi_drv.o)
                0x0000000020008238                spi_open
 .text.spi_close
                0x00000000200082dc       0x22 ../../../middleware/gcc/lib/Release/middleware.a(spi_drv.o)
                0x00000000200082dc                spi_close
 .text.spi_write
                0x00000000200082fe       0x70 ../../../middleware/gcc/lib/Release/middleware.a(spi_drv.o)
                0x00000000200082fe                spi_write
 .text.spi_read
                0x000000002000836e       0x70 ../../../middleware/gcc/lib/Release/middleware.a(spi_drv.o)
                0x000000002000836e                spi_read
 .text.uart_interrupt_handler
                0x00000000200083de        0x4 ../../../middleware/gcc/lib/Release/middleware.a(uart_drv.o)
                0x00000000200083de                uart_interrupt_handler
 .text.uart_callback_from_hal
                0x00000000200083e2       0x14 ../../../middleware/gcc/lib/Release/middleware.a(uart_drv.o)
                0x00000000200083e2                uart_callback_from_hal
 .text.uart_handle_pm_cmd
                0x00000000200083f6       0x52 ../../../middleware/gcc/lib/Release/middleware.a(uart_drv.o)
                0x00000000200083f6                uart_handle_pm_cmd
 .text.setup_uart_dma.isra.0
                0x0000000020008448       0x5c ../../../middleware/gcc/lib/Release/middleware.a(uart_drv.o)
 .text.uart_driver_load
                0x00000000200084a4      0x130 ../../../middleware/gcc/lib/Release/middleware.a(uart_drv.o)
                0x00000000200084a4                uart_driver_load
 .text.uart_open
                0x00000000200085d4       0x9c ../../../middleware/gcc/lib/Release/middleware.a(uart_drv.o)
                0x00000000200085d4                uart_open
 .text.uart_write
                0x0000000020008670       0xae ../../../middleware/gcc/lib/Release/middleware.a(uart_drv.o)
                0x0000000020008670                uart_write
 *fill*         0x000000002000871e        0x2 
 .text.push_modules_to_M4_no_irq
                0x0000000020008720       0x2c ../../../middleware/gcc/lib/Release/middleware.a(cc_pm.o)
 .text.make_modules_to_M0_no_irq
                0x000000002000874c       0x38 ../../../middleware/gcc/lib/Release/middleware.a(cc_pm.o)
 .text.resume_from_S3
                0x0000000020008784       0x64 ../../../middleware/gcc/lib/Release/middleware.a(cc_pm.o)
                0x0000000020008784                resume_from_S3
 .text.try_S4_no_irq
                0x00000000200087e8       0x68 ../../../middleware/gcc/lib/Release/middleware.a(cc_pm.o)
                0x00000000200087e8                try_S4_no_irq
 .text.try_S3_no_irq
                0x0000000020008850       0xd8 ../../../middleware/gcc/lib/Release/middleware.a(cc_pm.o)
                0x0000000020008850                try_S3_no_irq
 .text.try_S2_no_irq
                0x0000000020008928       0x3c ../../../middleware/gcc/lib/Release/middleware.a(cc_pm.o)
                0x0000000020008928                try_S2_no_irq
 .text.try_S1_no_irq
                0x0000000020008964       0x30 ../../../middleware/gcc/lib/Release/middleware.a(cc_pm.o)
                0x0000000020008964                try_S1_no_irq
 .text.cc_idle_task_pm
                0x0000000020008994       0x50 ../../../middleware/gcc/lib/Release/middleware.a(cc_pm.o)
                0x0000000020008994                cc_idle_task_pm
 .text.cc_pm_platform_ops_register
                0x00000000200089e4       0x60 ../../../middleware/gcc/lib/Release/middleware.a(cc_pm.o)
                0x00000000200089e4                cc_pm_platform_ops_register
 .text.cc_pm_framework_init
                0x0000000020008a44       0x1c ../../../middleware/gcc/lib/Release/middleware.a(cc_pm.o)
                0x0000000020008a44                cc_pm_framework_init
 .text.cc_modules_load
                0x0000000020008a60       0x3a ../../../middleware/gcc/lib/Release/middleware.a(cc_pm.o)
                0x0000000020008a60                cc_modules_load
 *fill*         0x0000000020008a9a        0x2 
 .text.cc_module_drv_register
                0x0000000020008a9c       0x3c ../../../middleware/gcc/lib/Release/middleware.a(cc_pm.o)
                0x0000000020008a9c                cc_module_drv_register
 .text.cc_module_drv_unregister
                0x0000000020008ad8       0x30 ../../../middleware/gcc/lib/Release/middleware.a(cc_pm.o)
                0x0000000020008ad8                cc_module_drv_unregister
 .text.hwt_get_current
                0x0000000020008b08       0x30 ../../../middleware/gcc/lib/Release/middleware.a(cc_timer.o)
 .text.remove_elem
                0x0000000020008b38       0x2e ../../../middleware/gcc/lib/Release/middleware.a(cc_timer.o)
 .text.sched_timer_if_new
                0x0000000020008b66       0x50 ../../../middleware/gcc/lib/Release/middleware.a(cc_timer.o)
 .text.setup_timer_exec
                0x0000000020008bb6       0xc6 ../../../middleware/gcc/lib/Release/middleware.a(cc_timer.o)
 .text.timer_isr
                0x0000000020008c7c       0xd0 ../../../middleware/gcc/lib/Release/middleware.a(cc_timer.o)
 *fill*         0x0000000020008d4c        0x4 
 .text.cc_timer_start
                0x0000000020008d50       0xf0 ../../../middleware/gcc/lib/Release/middleware.a(cc_timer.o)
                0x0000000020008d50                cc_timer_start
 .text.cc_timer_create
                0x0000000020008e40       0x5c ../../../middleware/gcc/lib/Release/middleware.a(cc_timer.o)
                0x0000000020008e40                cc_timer_create
 .text.cc_timer_module_init
                0x0000000020008e9c       0x84 ../../../middleware/gcc/lib/Release/middleware.a(cc_timer.o)
                0x0000000020008e9c                cc_timer_module_init
 .text.cc_timer_register_hwt_ops
                0x0000000020008f20       0x98 ../../../middleware/gcc/lib/Release/middleware.a(cc_timer.o)
                0x0000000020008f20                cc_timer_register_hwt_ops
 .text.cc_io_park_safe
                0x0000000020008fb8       0xac ../../../middleware/gcc/lib/Release/middleware.a(cc_io_park.o)
                0x0000000020008fb8                cc_io_park_safe
 .text.setup_hib_gpio_wake
                0x0000000020009064       0x12 ../../../middleware/gcc/lib/Release/middleware.a(cc_pm_ops.o)
 *fill*         0x0000000020009076        0x2 
 .text.cc_set_up_wkup_srcs
                0x0000000020009078      0x208 ../../../middleware/gcc/lib/Release/middleware.a(cc_pm_ops.o)
                0x0000000020009078                cc_set_up_wkup_srcs
 .text.wake_interrupt_handler
                0x0000000020009280       0x20 ../../../middleware/gcc/lib/Release/middleware.a(cc_pm_ops.o)
                0x0000000020009280                wake_interrupt_handler
 .text.cc_handle_S3_wakeup
                0x00000000200092a0        0xc ../../../middleware/gcc/lib/Release/middleware.a(cc_pm_ops.o)
                0x00000000200092a0                cc_handle_S3_wakeup
 .text.cc_are_irqs_pending
                0x00000000200092ac       0x34 ../../../middleware/gcc/lib/Release/middleware.a(cc_pm_ops.o)
                0x00000000200092ac                cc_are_irqs_pending
 .text.cc_enter_S4
                0x00000000200092e0        0xa ../../../middleware/gcc/lib/Release/middleware.a(cc_pm_ops.o)
                0x00000000200092e0                cc_enter_S4
 .text.cc_enter_S3
                0x00000000200092ea       0x1c ../../../middleware/gcc/lib/Release/middleware.a(cc_pm_ops.o)
                0x00000000200092ea                cc_enter_S3
 .text.cc_enter_S2
                0x0000000020009306        0x4 ../../../middleware/gcc/lib/Release/middleware.a(cc_pm_ops.o)
                0x0000000020009306                cc_enter_S2
 .text.cc_enter_S1
                0x000000002000930a       0x10 ../../../middleware/gcc/lib/Release/middleware.a(cc_pm_ops.o)
                0x000000002000930a                cc_enter_S1
 *fill*         0x000000002000931a        0x2 
 .text.back_up_nvic_regs
                0x000000002000931c       0xc8 ../../../middleware/gcc/lib/Release/middleware.a(cc_pm_ops.o)
                0x000000002000931c                back_up_nvic_regs
 .text.restore_nvic_regs
                0x00000000200093e4       0x94 ../../../middleware/gcc/lib/Release/middleware.a(cc_pm_ops.o)
                0x00000000200093e4                restore_nvic_regs
 .text.cc_back_up_soc_data
                0x0000000020009478       0x10 ../../../middleware/gcc/lib/Release/middleware.a(cc_pm_ops.o)
                0x0000000020009478                cc_back_up_soc_data
 .text.cc_restore_soc_data
                0x0000000020009488       0x2c ../../../middleware/gcc/lib/Release/middleware.a(cc_pm_ops.o)
                0x0000000020009488                cc_restore_soc_data
 .text.cc_spi_configure
                0x00000000200094b4       0xa6 ../../../middleware/gcc/lib/Release/middleware.a(spi_hal.o)
                0x00000000200094b4                cc_spi_configure
 *fill*         0x000000002000955a        0x2 
 .text.cc_spi_init
                0x000000002000955c       0x90 ../../../middleware/gcc/lib/Release/middleware.a(spi_hal.o)
                0x000000002000955c                cc_spi_init
 .text.cc_spi_deinit
                0x00000000200095ec       0x2c ../../../middleware/gcc/lib/Release/middleware.a(spi_hal.o)
                0x00000000200095ec                cc_spi_deinit
 .text.cc_spi_isr
                0x0000000020009618       0x60 ../../../middleware/gcc/lib/Release/middleware.a(spi_hal.o)
                0x0000000020009618                cc_spi_isr
 .text.cc_spi_wr_submit
                0x0000000020009678       0x54 ../../../middleware/gcc/lib/Release/middleware.a(spi_hal.o)
                0x0000000020009678                cc_spi_wr_submit
 .text.cc_spi_rd_submit
                0x00000000200096cc       0x54 ../../../middleware/gcc/lib/Release/middleware.a(spi_hal.o)
                0x00000000200096cc                cc_spi_rd_submit
 .text.cc_spi_control
                0x0000000020009720       0x68 ../../../middleware/gcc/lib/Release/middleware.a(spi_hal.o)
                0x0000000020009720                cc_spi_control
 .text.cc_uart_deinit
                0x0000000020009788       0x24 ../../../middleware/gcc/lib/Release/middleware.a(uart_hal.o)
                0x0000000020009788                cc_uart_deinit
 .text.cc_uart_wr_submit
                0x00000000200097ac       0xba ../../../middleware/gcc/lib/Release/middleware.a(uart_hal.o)
                0x00000000200097ac                cc_uart_wr_submit
 .text.cc_uart_control
                0x0000000020009866      0x1a2 ../../../middleware/gcc/lib/Release/middleware.a(uart_hal.o)
                0x0000000020009866                cc_uart_control
 .text.cc_uart_isr
                0x0000000020009a08      0x180 ../../../middleware/gcc/lib/Release/middleware.a(uart_hal.o)
                0x0000000020009a08                cc_uart_isr
 .text.cc_uart_configure
                0x0000000020009b88       0x46 ../../../middleware/gcc/lib/Release/middleware.a(uart_hal.o)
                0x0000000020009b88                cc_uart_configure
 *fill*         0x0000000020009bce        0x2 
 .text.cc_uart_init
                0x0000000020009bd0       0x94 ../../../middleware/gcc/lib/Release/middleware.a(uart_hal.o)
                0x0000000020009bd0                cc_uart_init
 .text.vSimpleLinkSpawnTask
                0x0000000020009c64       0x24 ../../../oslib/gcc/free_rtos/Release/free_rtos.a(osi_freertos.o)
 .text.osi_InterruptRegister
                0x0000000020009c88       0x24 ../../../oslib/gcc/free_rtos/Release/free_rtos.a(osi_freertos.o)
                0x0000000020009c88                osi_InterruptRegister
 .text.osi_InterruptDeRegister
                0x0000000020009cac       0x18 ../../../oslib/gcc/free_rtos/Release/free_rtos.a(osi_freertos.o)
                0x0000000020009cac                osi_InterruptDeRegister
 .text.osi_SyncObjCreate
                0x0000000020009cc4       0x22 ../../../oslib/gcc/free_rtos/Release/free_rtos.a(osi_freertos.o)
                0x0000000020009cc4                osi_SyncObjCreate
 .text.osi_SyncObjSignal
                0x0000000020009ce6       0x1a ../../../oslib/gcc/free_rtos/Release/free_rtos.a(osi_freertos.o)
                0x0000000020009ce6                osi_SyncObjSignal
 .text.osi_SyncObjSignalFromISR
                0x0000000020009d00       0x30 ../../../oslib/gcc/free_rtos/Release/free_rtos.a(osi_freertos.o)
                0x0000000020009d00                osi_SyncObjSignalFromISR
 .text.osi_LockObjCreate
                0x0000000020009d30       0x18 ../../../oslib/gcc/free_rtos/Release/free_rtos.a(osi_freertos.o)
                0x0000000020009d30                osi_LockObjCreate
 .text.osi_TaskCreate
                0x0000000020009d48       0x24 ../../../oslib/gcc/free_rtos/Release/free_rtos.a(osi_freertos.o)
                0x0000000020009d48                osi_TaskCreate
 .text.osi_LockObjDelete
                0x0000000020009d6c        0xc ../../../oslib/gcc/free_rtos/Release/free_rtos.a(osi_freertos.o)
                0x0000000020009d6c                osi_LockObjDelete
 .text.osi_LockObjLock
                0x0000000020009d78       0x20 ../../../oslib/gcc/free_rtos/Release/free_rtos.a(osi_freertos.o)
                0x0000000020009d78                osi_LockObjLock
 .text.osi_SyncObjWait
                0x0000000020009d98        0x4 ../../../oslib/gcc/free_rtos/Release/free_rtos.a(osi_freertos.o)
                0x0000000020009d98                osi_SyncObjWait
 .text.osi_LockObjUnlock
                0x0000000020009d9c       0x20 ../../../oslib/gcc/free_rtos/Release/free_rtos.a(osi_freertos.o)
                0x0000000020009d9c                osi_LockObjUnlock
 .text.osi_Spawn
                0x0000000020009dbc       0x3c ../../../oslib/gcc/free_rtos/Release/free_rtos.a(osi_freertos.o)
                0x0000000020009dbc                osi_Spawn
 .text.VStartSimpleLinkSpawnTask
                0x0000000020009df8       0x50 ../../../oslib/gcc/free_rtos/Release/free_rtos.a(osi_freertos.o)
                0x0000000020009df8                VStartSimpleLinkSpawnTask
 .text.osi_MsgQCreate
                0x0000000020009e48       0x22 ../../../oslib/gcc/free_rtos/Release/free_rtos.a(osi_freertos.o)
                0x0000000020009e48                osi_MsgQCreate
 .text.osi_MsgQDelete
                0x0000000020009e6a       0x14 ../../../oslib/gcc/free_rtos/Release/free_rtos.a(osi_freertos.o)
                0x0000000020009e6a                osi_MsgQDelete
 .text.osi_SyncObjDelete
                0x0000000020009e7e        0x4 ../../../oslib/gcc/free_rtos/Release/free_rtos.a(osi_freertos.o)
                0x0000000020009e7e                osi_SyncObjDelete
 *fill*         0x0000000020009e82        0x2 
 .text.osi_MsgQWrite
                0x0000000020009e84       0x28 ../../../oslib/gcc/free_rtos/Release/free_rtos.a(osi_freertos.o)
                0x0000000020009e84                osi_MsgQWrite
 .text.osi_MsgQRead
                0x0000000020009eac       0x1c ../../../oslib/gcc/free_rtos/Release/free_rtos.a(osi_freertos.o)
                0x0000000020009eac                osi_MsgQRead
 .text.osi_EnterCritical
                0x0000000020009ec8        0xa ../../../oslib/gcc/free_rtos/Release/free_rtos.a(osi_freertos.o)
                0x0000000020009ec8                osi_EnterCritical
 .text.osi_ExitCritical
                0x0000000020009ed2        0x4 ../../../oslib/gcc/free_rtos/Release/free_rtos.a(osi_freertos.o)
                0x0000000020009ed2                osi_ExitCritical
 .text.osi_start
                0x0000000020009ed6        0x4 ../../../oslib/gcc/free_rtos/Release/free_rtos.a(osi_freertos.o)
                0x0000000020009ed6                osi_start
 .text.prvCopyDataToQueue
                0x0000000020009eda       0x6a ../../../oslib/gcc/free_rtos/Release/free_rtos.a(queue.o)
 .text.prvNotifyQueueSetContainer
                0x0000000020009f44       0x68 ../../../oslib/gcc/free_rtos/Release/free_rtos.a(queue.o)
 .text.prvCopyDataFromQueue
                0x0000000020009fac       0x26 ../../../oslib/gcc/free_rtos/Release/free_rtos.a(queue.o)
 .text.prvUnlockQueue
                0x0000000020009fd2       0x7c ../../../oslib/gcc/free_rtos/Release/free_rtos.a(queue.o)
 *fill*         0x000000002000a04e        0x2 
 .text.xQueueGenericReset
                0x000000002000a050       0x6c ../../../oslib/gcc/free_rtos/Release/free_rtos.a(queue.o)
                0x000000002000a050                xQueueGenericReset
 .text.xQueueGenericCreate
                0x000000002000a0bc       0x60 ../../../oslib/gcc/free_rtos/Release/free_rtos.a(queue.o)
                0x000000002000a0bc                xQueueGenericCreate
 .text.xQueueGenericSend
                0x000000002000a11c      0x144 ../../../oslib/gcc/free_rtos/Release/free_rtos.a(queue.o)
                0x000000002000a11c                xQueueGenericSend
 .text.xQueueCreateMutex
                0x000000002000a260       0x5c ../../../oslib/gcc/free_rtos/Release/free_rtos.a(queue.o)
                0x000000002000a260                xQueueCreateMutex
 .text.xQueueGenericSendFromISR
                0x000000002000a2bc       0xb4 ../../../oslib/gcc/free_rtos/Release/free_rtos.a(queue.o)
                0x000000002000a2bc                xQueueGenericSendFromISR
 .text.xQueueGiveFromISR
                0x000000002000a370       0x98 ../../../oslib/gcc/free_rtos/Release/free_rtos.a(queue.o)
                0x000000002000a370                xQueueGiveFromISR
 .text.xQueueGenericReceive
                0x000000002000a408      0x14c ../../../oslib/gcc/free_rtos/Release/free_rtos.a(queue.o)
                0x000000002000a408                xQueueGenericReceive
 .text.vQueueAddToRegistry
                0x000000002000a554       0x28 ../../../oslib/gcc/free_rtos/Release/free_rtos.a(queue.o)
                0x000000002000a554                vQueueAddToRegistry
 .text.vQueueUnregisterQueue
                0x000000002000a57c       0x24 ../../../oslib/gcc/free_rtos/Release/free_rtos.a(queue.o)
                0x000000002000a57c                vQueueUnregisterQueue
 .text.vQueueDelete
                0x000000002000a5a0       0x24 ../../../oslib/gcc/free_rtos/Release/free_rtos.a(queue.o)
                0x000000002000a5a0                vQueueDelete
 .text.vQueueWaitForMessageRestricted
                0x000000002000a5c4       0x3a ../../../oslib/gcc/free_rtos/Release/free_rtos.a(queue.o)
                0x000000002000a5c4                vQueueWaitForMessageRestricted
 *fill*         0x000000002000a5fe        0x2 
 .text.prvResetNextTaskUnblockTime
                0x000000002000a600       0x24 ../../../oslib/gcc/free_rtos/Release/free_rtos.a(tasks.o)
 .text.prvAddCurrentTaskToDelayedList
                0x000000002000a624       0x50 ../../../oslib/gcc/free_rtos/Release/free_rtos.a(tasks.o)
 .text.xTaskGenericCreate
                0x000000002000a674      0x1d4 ../../../oslib/gcc/free_rtos/Release/free_rtos.a(tasks.o)
                0x000000002000a674                xTaskGenericCreate
 .text.vTaskStartScheduler
                0x000000002000a848       0x70 ../../../oslib/gcc/free_rtos/Release/free_rtos.a(tasks.o)
                0x000000002000a848                vTaskStartScheduler
 .text.vTaskSuspendAll
                0x000000002000a8b8       0x10 ../../../oslib/gcc/free_rtos/Release/free_rtos.a(tasks.o)
                0x000000002000a8b8                vTaskSuspendAll
 .text.xTaskGetTickCount
                0x000000002000a8c8        0xc ../../../oslib/gcc/free_rtos/Release/free_rtos.a(tasks.o)
                0x000000002000a8c8                xTaskGetTickCount
 .text.xTaskIncrementTick
                0x000000002000a8d4      0x104 ../../../oslib/gcc/free_rtos/Release/free_rtos.a(tasks.o)
                0x000000002000a8d4                xTaskIncrementTick
 .text.xTaskResumeAll
                0x000000002000a9d8       0xd8 ../../../oslib/gcc/free_rtos/Release/free_rtos.a(tasks.o)
                0x000000002000a9d8                xTaskResumeAll
 .text.prvIdleTask
                0x000000002000aab0       0x5c ../../../oslib/gcc/free_rtos/Release/free_rtos.a(tasks.o)
 .text.vTaskSwitchContext
                0x000000002000ab0c       0xa8 ../../../oslib/gcc/free_rtos/Release/free_rtos.a(tasks.o)
                0x000000002000ab0c                vTaskSwitchContext
 .text.vTaskPlaceOnEventList
                0x000000002000abb4       0x70 ../../../oslib/gcc/free_rtos/Release/free_rtos.a(tasks.o)
                0x000000002000abb4                vTaskPlaceOnEventList
 .text.vTaskPlaceOnEventListRestricted
                0x000000002000ac24       0x58 ../../../oslib/gcc/free_rtos/Release/free_rtos.a(tasks.o)
                0x000000002000ac24                vTaskPlaceOnEventListRestricted
 .text.xTaskRemoveFromEventList
                0x000000002000ac7c       0x80 ../../../oslib/gcc/free_rtos/Release/free_rtos.a(tasks.o)
                0x000000002000ac7c                xTaskRemoveFromEventList
 .text.vTaskSetTimeOutState
                0x000000002000acfc       0x2c ../../../oslib/gcc/free_rtos/Release/free_rtos.a(tasks.o)
                0x000000002000acfc                vTaskSetTimeOutState
 .text.xTaskCheckForTimeOut
                0x000000002000ad28       0x68 ../../../oslib/gcc/free_rtos/Release/free_rtos.a(tasks.o)
                0x000000002000ad28                xTaskCheckForTimeOut
 .text.vTaskMissedYield
                0x000000002000ad90        0xc ../../../oslib/gcc/free_rtos/Release/free_rtos.a(tasks.o)
                0x000000002000ad90                vTaskMissedYield
 .text.xTaskGetSchedulerState
                0x000000002000ad9c       0x20 ../../../oslib/gcc/free_rtos/Release/free_rtos.a(tasks.o)
                0x000000002000ad9c                xTaskGetSchedulerState
 .text.vTaskPriorityInherit
                0x000000002000adbc       0x8c ../../../oslib/gcc/free_rtos/Release/free_rtos.a(tasks.o)
                0x000000002000adbc                vTaskPriorityInherit
 .text.xTaskPriorityDisinherit
                0x000000002000ae48       0x98 ../../../oslib/gcc/free_rtos/Release/free_rtos.a(tasks.o)
                0x000000002000ae48                xTaskPriorityDisinherit
 .text.pvTaskIncrementMutexHeldCount
                0x000000002000aee0       0x18 ../../../oslib/gcc/free_rtos/Release/free_rtos.a(tasks.o)
                0x000000002000aee0                pvTaskIncrementMutexHeldCount
 .text.prvPortStartFirstTask
                0x000000002000aef8       0x20 ../../../oslib/gcc/free_rtos/Release/free_rtos.a(port.o)
 .text.pxPortInitialiseStack
                0x000000002000af18       0x1c ../../../oslib/gcc/free_rtos/Release/free_rtos.a(port.o)
                0x000000002000af18                pxPortInitialiseStack
 .text.vPortSVCHandler
                0x000000002000af34       0x24 ../../../oslib/gcc/free_rtos/Release/free_rtos.a(port.o)
                0x000000002000af34                vPortSVCHandler
 .text.vPortYield
                0x000000002000af58       0x18 ../../../oslib/gcc/free_rtos/Release/free_rtos.a(port.o)
                0x000000002000af58                vPortYield
 .text.ulPortSetInterruptMask
                0x000000002000af70       0x10 ../../../oslib/gcc/free_rtos/Release/free_rtos.a(port.o)
                0x000000002000af70                ulPortSetInterruptMask
 .text.prvTaskExitError
                0x000000002000af80       0x20 ../../../oslib/gcc/free_rtos/Release/free_rtos.a(port.o)
 .text.vPortEnterCritical
                0x000000002000afa0       0x40 ../../../oslib/gcc/free_rtos/Release/free_rtos.a(port.o)
                0x000000002000afa0                vPortEnterCritical
 .text.vPortClearInterruptMask
                0x000000002000afe0        0x6 ../../../oslib/gcc/free_rtos/Release/free_rtos.a(port.o)
                0x000000002000afe0                vPortClearInterruptMask
 *fill*         0x000000002000afe6        0x2 
 .text.vPortExitCritical
                0x000000002000afe8       0x2c ../../../oslib/gcc/free_rtos/Release/free_rtos.a(port.o)
                0x000000002000afe8                vPortExitCritical
 .text.xPortPendSVHandler
                0x000000002000b014       0x44 ../../../oslib/gcc/free_rtos/Release/free_rtos.a(port.o)
                0x000000002000b014                xPortPendSVHandler
 .text.xPortSysTickHandler
                0x000000002000b058       0x24 ../../../oslib/gcc/free_rtos/Release/free_rtos.a(port.o)
                0x000000002000b058                xPortSysTickHandler
 .text.vPortSetupTimerInterrupt
                0x000000002000b07c       0x18 ../../../oslib/gcc/free_rtos/Release/free_rtos.a(port.o)
                0x000000002000b07c                vPortSetupTimerInterrupt
 .text.xPortStartScheduler
                0x000000002000b094       0x98 ../../../oslib/gcc/free_rtos/Release/free_rtos.a(port.o)
                0x000000002000b094                xPortStartScheduler
 .text.vPortValidateInterruptPriority
                0x000000002000b12c       0x54 ../../../oslib/gcc/free_rtos/Release/free_rtos.a(port.o)
                0x000000002000b12c                vPortValidateInterruptPriority
 .text.prvCheckForValidListAndQueue
                0x000000002000b180       0x6c ../../../oslib/gcc/free_rtos/Release/free_rtos.a(timers.o)
 .text.prvInsertTimerInActiveList
                0x000000002000b1ec       0x3c ../../../oslib/gcc/free_rtos/Release/free_rtos.a(timers.o)
 .text.xTimerCreateTimerTask
                0x000000002000b228       0x50 ../../../oslib/gcc/free_rtos/Release/free_rtos.a(timers.o)
                0x000000002000b228                xTimerCreateTimerTask
 .text.xTimerGenericCommand
                0x000000002000b278       0x44 ../../../oslib/gcc/free_rtos/Release/free_rtos.a(timers.o)
                0x000000002000b278                xTimerGenericCommand
 .text.prvSwitchTimerLists
                0x000000002000b2bc       0x7c ../../../oslib/gcc/free_rtos/Release/free_rtos.a(timers.o)
 .text.prvTimerTask
                0x000000002000b338      0x190 ../../../oslib/gcc/free_rtos/Release/free_rtos.a(timers.o)
 .text.pvPortMalloc
                0x000000002000b4c8       0x1e ../../../oslib/gcc/free_rtos/Release/free_rtos.a(heap_3.o)
                0x000000002000b4c8                pvPortMalloc
 .text.vPortFree
                0x000000002000b4e6       0x1a ../../../oslib/gcc/free_rtos/Release/free_rtos.a(heap_3.o)
                0x000000002000b4e6                vPortFree
 .text.vListInitialise
                0x000000002000b500       0x16 ../../../oslib/gcc/free_rtos/Release/free_rtos.a(list.o)
                0x000000002000b500                vListInitialise
 .text.vListInitialiseItem
                0x000000002000b516        0x6 ../../../oslib/gcc/free_rtos/Release/free_rtos.a(list.o)
                0x000000002000b516                vListInitialiseItem
 .text.vListInsertEnd
                0x000000002000b51c       0x18 ../../../oslib/gcc/free_rtos/Release/free_rtos.a(list.o)
                0x000000002000b51c                vListInsertEnd
 .text.vListInsert
                0x000000002000b534       0x30 ../../../oslib/gcc/free_rtos/Release/free_rtos.a(list.o)
                0x000000002000b534                vListInsert
 .text.uxListRemove
                0x000000002000b564       0x20 ../../../oslib/gcc/free_rtos/Release/free_rtos.a(list.o)
                0x000000002000b564                uxListRemove
 .text.IntVTableBaseSet
                0x000000002000b584        0xc ../../../driverlib/gcc/lib/Release/libdriver.a(interrupt.o)
                0x000000002000b584                IntVTableBaseSet
 .text.IntEnable
                0x000000002000b590       0x68 ../../../driverlib/gcc/lib/Release/libdriver.a(interrupt.o)
                0x000000002000b590                IntEnable
 .text.IntDisable
                0x000000002000b5f8       0x68 ../../../driverlib/gcc/lib/Release/libdriver.a(interrupt.o)
                0x000000002000b5f8                IntDisable
 .text.IntPendSet
                0x000000002000b660       0x58 ../../../driverlib/gcc/lib/Release/libdriver.a(interrupt.o)
                0x000000002000b660                IntPendSet
 .text.PinConfigSet
                0x000000002000b6b8       0x5c ../../../driverlib/gcc/lib/Release/libdriver.a(pin.o)
                0x000000002000b6b8                PinConfigSet
 .text.IsRTCUsed
                0x000000002000b714       0x18 ../../../driverlib/gcc/lib/Release/libdriver.a(prcm.o)
 .text.PRCMSysResetCauseGet
                0x000000002000b72c       0x2c ../../../driverlib/gcc/lib/Release/libdriver.a(prcm.o)
                0x000000002000b72c                PRCMSysResetCauseGet
 .text.PRCMPeripheralClkEnable
                0x000000002000b758       0x2c ../../../driverlib/gcc/lib/Release/libdriver.a(prcm.o)
                0x000000002000b758                PRCMPeripheralClkEnable
 .text.PRCMPeripheralClkDisable
                0x000000002000b784       0x1c ../../../driverlib/gcc/lib/Release/libdriver.a(prcm.o)
                0x000000002000b784                PRCMPeripheralClkDisable
 .text.PRCMPeripheralClockGet
                0x000000002000b7a0       0x48 ../../../driverlib/gcc/lib/Release/libdriver.a(prcm.o)
                0x000000002000b7a0                PRCMPeripheralClockGet
 .text.PRCMPeripheralReset
                0x000000002000b7e8       0x40 ../../../driverlib/gcc/lib/Release/libdriver.a(prcm.o)
                0x000000002000b7e8                PRCMPeripheralReset
 .text.PRCMPeripheralStatusGet
                0x000000002000b828       0x1c ../../../driverlib/gcc/lib/Release/libdriver.a(prcm.o)
                0x000000002000b828                PRCMPeripheralStatusGet
 .text.PRCMLPDSEnter
                0x000000002000b844       0x38 ../../../driverlib/gcc/lib/Release/libdriver.a(prcm.o)
                0x000000002000b844                PRCMLPDSEnter
 .text.PRCMLPDSWakeUpGPIOSelect
                0x000000002000b87c       0x24 ../../../driverlib/gcc/lib/Release/libdriver.a(prcm.o)
                0x000000002000b87c                PRCMLPDSWakeUpGPIOSelect
 .text.PRCMSRAMRetentionEnable
                0x000000002000b8a0       0x14 ../../../driverlib/gcc/lib/Release/libdriver.a(prcm.o)
                0x000000002000b8a0                PRCMSRAMRetentionEnable
 .text.PRCMHibernateWakeupSourceEnable
                0x000000002000b8b4       0x48 ../../../driverlib/gcc/lib/Release/libdriver.a(prcm.o)
                0x000000002000b8b4                PRCMHibernateWakeupSourceEnable
 .text.PRCMHibernateWakeupSourceDisable
                0x000000002000b8fc       0x4c ../../../driverlib/gcc/lib/Release/libdriver.a(prcm.o)
                0x000000002000b8fc                PRCMHibernateWakeupSourceDisable
 .text.PRCMHibernateIntervalSet
                0x000000002000b948       0x70 ../../../driverlib/gcc/lib/Release/libdriver.a(prcm.o)
                0x000000002000b948                PRCMHibernateIntervalSet
 .text.PRCMHibernateWakeUpGPIOSelect
                0x000000002000b9b8       0x50 ../../../driverlib/gcc/lib/Release/libdriver.a(prcm.o)
                0x000000002000b9b8                PRCMHibernateWakeUpGPIOSelect
 .text.PRCMHibernateEnter
                0x000000002000ba08       0x18 ../../../driverlib/gcc/lib/Release/libdriver.a(prcm.o)
                0x000000002000ba08                PRCMHibernateEnter
 .text.PRCMSlowClkCtrGet
                0x000000002000ba20       0x40 ../../../driverlib/gcc/lib/Release/libdriver.a(prcm.o)
                0x000000002000ba20                PRCMSlowClkCtrGet
 .text.PRCMSlowClkCtrFastGet
                0x000000002000ba60       0x20 ../../../driverlib/gcc/lib/Release/libdriver.a(prcm.o)
                0x000000002000ba60                PRCMSlowClkCtrFastGet
 .text.PRCMSlowClkCtrMatchSet
                0x000000002000ba80       0x28 ../../../driverlib/gcc/lib/Release/libdriver.a(prcm.o)
                0x000000002000ba80                PRCMSlowClkCtrMatchSet
 .text.PRCMSlowClkCtrMatchGet
                0x000000002000baa8       0x30 ../../../driverlib/gcc/lib/Release/libdriver.a(prcm.o)
                0x000000002000baa8                PRCMSlowClkCtrMatchGet
 .text.PRCMIntEnable
                0x000000002000bad8       0x38 ../../../driverlib/gcc/lib/Release/libdriver.a(prcm.o)
                0x000000002000bad8                PRCMIntEnable
 .text.PRCMIntDisable
                0x000000002000bb10       0x38 ../../../driverlib/gcc/lib/Release/libdriver.a(prcm.o)
                0x000000002000bb10                PRCMIntDisable
 .text.PRCMRTCInUseSet
                0x000000002000bb48       0x20 ../../../driverlib/gcc/lib/Release/libdriver.a(prcm.o)
                0x000000002000bb48                PRCMRTCInUseSet
 .text.PRCMRTCSet
                0x000000002000bb68       0x60 ../../../driverlib/gcc/lib/Release/libdriver.a(prcm.o)
                0x000000002000bb68                PRCMRTCSet
 .text.PRCMRTCGet
                0x000000002000bbc8       0x64 ../../../driverlib/gcc/lib/Release/libdriver.a(prcm.o)
                0x000000002000bbc8                PRCMRTCGet
 .text.PRCMRTCMatchSet
                0x000000002000bc2c       0x68 ../../../driverlib/gcc/lib/Release/libdriver.a(prcm.o)
                0x000000002000bc2c                PRCMRTCMatchSet
 .text.PRCMRTCMatchGet
                0x000000002000bc94       0x6c ../../../driverlib/gcc/lib/Release/libdriver.a(prcm.o)
                0x000000002000bc94                PRCMRTCMatchGet
 .text.PRCMCC3200MCUInit
                0x000000002000bd00      0x150 ../../../driverlib/gcc/lib/Release/libdriver.a(prcm.o)
                0x000000002000bd00                PRCMCC3200MCUInit
 .text.SPIConfigSetExpClk
                0x000000002000be50       0x5a ../../../driverlib/gcc/lib/Release/libdriver.a(spi.o)
                0x000000002000be50                SPIConfigSetExpClk
 *fill*         0x000000002000beaa        0x2 
 .text.TimerConfigure
                0x000000002000beac       0x28 ../../../driverlib/gcc/lib/Release/libdriver.a(timer.o)
                0x000000002000beac                TimerConfigure
 .text.TimerValueSet
                0x000000002000bed4        0xa ../../../driverlib/gcc/lib/Release/libdriver.a(timer.o)
                0x000000002000bed4                TimerValueSet
 .text.UtilsDelay
                0x000000002000bede        0x8 ../../../driverlib/gcc/lib/Release/libdriver.a(utils.o)
                0x000000002000bede                UtilsDelay
 *fill*         0x000000002000bee6        0x2 
 .text.FlashDisable
                0x000000002000bee8       0x48 ../../../driverlib/gcc/lib/Release/libdriver.a(flash.o)
                0x000000002000bee8                FlashDisable
 .text.malloc   0x000000002000bf30       0x10 /usr/lib/gcc/arm-none-eabi/5.2.0/../../../../arm-none-eabi/lib/armv7e-m/libc_nano.a(lib_a-malloc.o)
                0x000000002000bf30                malloc
 .text.free     0x000000002000bf40       0x10 /usr/lib/gcc/arm-none-eabi/5.2.0/../../../../arm-none-eabi/lib/armv7e-m/libc_nano.a(lib_a-malloc.o)
                0x000000002000bf40                free
 .text.memcmp   0x000000002000bf50       0x1e /usr/lib/gcc/arm-none-eabi/5.2.0/../../../../arm-none-eabi/lib/armv7e-m/libc_nano.a(lib_a-memcmp.o)
                0x000000002000bf50                memcmp
 .text.memcpy   0x000000002000bf6e       0x16 /usr/lib/gcc/arm-none-eabi/5.2.0/../../../../arm-none-eabi/lib/armv7e-m/libc_nano.a(lib_a-memcpy.o)
                0x000000002000bf6e                memcpy
 .text.memset   0x000000002000bf84       0x10 /usr/lib/gcc/arm-none-eabi/5.2.0/../../../../arm-none-eabi/lib/armv7e-m/libc_nano.a(lib_a-memset.o)
                0x000000002000bf84                memset
 .text._free_r  0x000000002000bf94       0x8c /usr/lib/gcc/arm-none-eabi/5.2.0/../../../../arm-none-eabi/lib/armv7e-m/libc_nano.a(lib_a-nano-freer.o)
                0x000000002000bf94                _free_r
 .text._malloc_r
                0x000000002000c020       0xa8 /usr/lib/gcc/arm-none-eabi/5.2.0/../../../../arm-none-eabi/lib/armv7e-m/libc_nano.a(lib_a-nano-mallocr.o)
                0x000000002000c020                _malloc_r
 .text._sbrk_r  0x000000002000c0c8       0x20 /usr/lib/gcc/arm-none-eabi/5.2.0/../../../../arm-none-eabi/lib/armv7e-m/libc_nano.a(lib_a-sbrkr.o)
                0x000000002000c0c8                _sbrk_r
 .text.snprintf
                0x000000002000c0e8       0x64 /usr/lib/gcc/arm-none-eabi/5.2.0/../../../../arm-none-eabi/lib/armv7e-m/libc_nano.a(lib_a-snprintf.o)
                0x000000002000c0e8                snprintf
                0x000000002000c0e8                sniprintf
 .text.sprintf  0x000000002000c14c       0x48 /usr/lib/gcc/arm-none-eabi/5.2.0/../../../../arm-none-eabi/lib/armv7e-m/libc_nano.a(lib_a-sprintf.o)
                0x000000002000c14c                sprintf
                0x000000002000c14c                siprintf
 .text.strlen   0x000000002000c194       0x10 /usr/lib/gcc/arm-none-eabi/5.2.0/../../../../arm-none-eabi/lib/armv7e-m/libc_nano.a(lib_a-strlen.o)
                0x000000002000c194                strlen
 .text.__ssputs_r
                0x000000002000c1a4       0xb2 /usr/lib/gcc/arm-none-eabi/5.2.0/../../../../arm-none-eabi/lib/armv7e-m/libc_nano.a(lib_a-nano-svfprintf.o)
                0x000000002000c1a4                __ssputs_r
 *fill*         0x000000002000c256        0x2 
 .text._svfprintf_r
                0x000000002000c258      0x1e8 /usr/lib/gcc/arm-none-eabi/5.2.0/../../../../arm-none-eabi/lib/armv7e-m/libc_nano.a(lib_a-nano-svfprintf.o)
                0x000000002000c258                _svfprintf_r
                0x000000002000c258                _svfiprintf_r
 .text._printf_common
                0x000000002000c440       0xec /usr/lib/gcc/arm-none-eabi/5.2.0/../../../../arm-none-eabi/lib/armv7e-m/libc_nano.a(lib_a-nano-vfprintf_i.o)
                0x000000002000c440                _printf_common
 .text._printf_i
                0x000000002000c52c      0x24c /usr/lib/gcc/arm-none-eabi/5.2.0/../../../../arm-none-eabi/lib/armv7e-m/libc_nano.a(lib_a-nano-vfprintf_i.o)
                0x000000002000c52c                _printf_i
 .text.memchr   0x000000002000c778       0x1e /usr/lib/gcc/arm-none-eabi/5.2.0/../../../../arm-none-eabi/lib/armv7e-m/libc_nano.a(lib_a-memchr.o)
                0x000000002000c778                memchr
 .text.memmove  0x000000002000c796       0x36 /usr/lib/gcc/arm-none-eabi/5.2.0/../../../../arm-none-eabi/lib/armv7e-m/libc_nano.a(lib_a-memmove.o)
                0x000000002000c796                memmove
 .text._realloc_r
                0x000000002000c7cc       0x4c /usr/lib/gcc/arm-none-eabi/5.2.0/../../../../arm-none-eabi/lib/armv7e-m/libc_nano.a(lib_a-nano-reallocr.o)
                0x000000002000c7cc                _realloc_r
 .text._malloc_usable_size_r
                0x000000002000c818       0x14 /usr/lib/gcc/arm-none-eabi/5.2.0/../../../../arm-none-eabi/lib/armv7e-m/libc_nano.a(lib_a-nano-msizer.o)
                0x000000002000c818                _malloc_usable_size_r
 .text          0x000000002000c82c       0x30 /usr/lib/gcc/arm-none-eabi/5.2.0/armv7e-m/libgcc.a(_aeabi_uldivmod.o)
                0x000000002000c82c                __aeabi_uldivmod
 .text          0x000000002000c85c      0x2e4 /usr/lib/gcc/arm-none-eabi/5.2.0/armv7e-m/libgcc.a(_udivmoddi4.o)
                0x000000002000c85c                __udivmoddi4
 .text          0x000000002000cb40        0x4 /usr/lib/gcc/arm-none-eabi/5.2.0/armv7e-m/libgcc.a(_dvmd_tls.o)
                0x000000002000cb40                __aeabi_ldiv0
                0x000000002000cb40                __aeabi_idiv0
 *(.rodata*)
 .rodata.str1.1
                0x000000002000cb44      0x333 obj/Release/main.o
                                        0x337 (size before relaxing)
 .rodata.__FUNCTION__.7173
                0x000000002000ce77        0xc obj/Release/main.o
 .rodata.str1.1
                0x000000002000ce83      0x112 obj/Release/lp3p0_plat_ops.o
 *fill*         0x000000002000cf95        0x1 
 .rodata._SlStopCmdCtrl
                0x000000002000cf96        0x4 ../../../simplelink/gcc/lib/os_PM/Release/libsimplelink.a(device.o)
 .rodata.StartResponseLUT
                0x000000002000cf9a        0x8 ../../../simplelink/gcc/lib/os_PM/Release/libsimplelink.a(device.o)
 *fill*         0x000000002000cfa2        0x2 
 .rodata.g_H2NSyncPattern
                0x000000002000cfa4        0x8 ../../../simplelink/gcc/lib/os_PM/Release/libsimplelink.a(driver.o)
 .rodata.g_H2NCnysPattern
                0x000000002000cfac        0x8 ../../../simplelink/gcc/lib/os_PM/Release/libsimplelink.a(driver.o)
 .rodata._SlActionLookupTable
                0x000000002000cfb4       0x38 ../../../simplelink/gcc/lib/os_PM/Release/libsimplelink.a(driver.o)
                0x000000002000cfb4                _SlActionLookupTable
 .rodata.OpcodeTranslateTable
                0x000000002000cfec       0x3c ../../../simplelink/gcc/lib/os_PM/Release/libsimplelink.a(driver.o)
                0x000000002000cfec                OpcodeTranslateTable
 .rodata.RxMsgClassLUT
                0x000000002000d028       0x20 ../../../simplelink/gcc/lib/os_PM/Release/libsimplelink.a(driver.o)
 .rodata._SlNetAppSendTokenValueCmdCtrl
                0x000000002000d048        0x4 ../../../simplelink/gcc/lib/os_PM/Release/libsimplelink.a(netapp.o)
                0x000000002000d048                _SlNetAppSendTokenValueCmdCtrl
 .rodata._SlSockSocketCmdCtrl
                0x000000002000d04c        0x4 ../../../simplelink/gcc/lib/os_PM/Release/libsimplelink.a(socket.o)
 .rodata._SlRecvfomCmdCtrl
                0x000000002000d050        0x4 ../../../simplelink/gcc/lib/os_PM/Release/libsimplelink.a(socket.o)
 .rodata._SlWlanSetModeCmdCtrl
                0x000000002000d054        0x4 ../../../simplelink/gcc/lib/os_PM/Release/libsimplelink.a(wlan.o)
 .rodata._SlPolicySetCmdCtrl
                0x000000002000d058        0x4 ../../../simplelink/gcc/lib/os_PM/Release/libsimplelink.a(wlan.o)
 .rodata.chan_mux
                0x000000002000d05c       0x80 ../../../middleware/gcc/lib/Release/middleware.a(dma_hal.o)
 .rodata.CSWTCH.16
                0x000000002000d0dc        0x5 ../../../middleware/gcc/lib/Release/middleware.a(dma_hal.o)
 *fill*         0x000000002000d0e1        0x3 
 .rodata.CSWTCH.18
                0x000000002000d0e4       0x28 ../../../middleware/gcc/lib/Release/middleware.a(dma_hal.o)
 .rodata.str1.1
                0x000000002000d10c        0x8 ../../../oslib/gcc/free_rtos/Release/free_rtos.a(osi_freertos.o)
 .rodata.str1.1
                0x000000002000d114       0x2a ../../../oslib/gcc/free_rtos/Release/free_rtos.a(queue.o)
 .rodata.ucExpectedStackBytes.5776
                0x000000002000d13e       0x14 ../../../oslib/gcc/free_rtos/Release/free_rtos.a(tasks.o)
 .rodata.str1.1
                0x000000002000d152       0x3e ../../../oslib/gcc/free_rtos/Release/free_rtos.a(tasks.o)
 .rodata.str1.1
                0x000000002000d190       0x3e ../../../oslib/gcc/free_rtos/Release/free_rtos.a(port.o)
 .rodata.str1.1
                0x000000002000d1ce       0x38 ../../../oslib/gcc/free_rtos/Release/free_rtos.a(timers.o)
 *fill*         0x000000002000d206        0x2 
 .rodata.g_pulEnRegs
                0x000000002000d208       0x18 ../../../driverlib/gcc/lib/Release/libdriver.a(interrupt.o)
 .rodata.g_pulDisRegs
                0x000000002000d220       0x18 ../../../driverlib/gcc/lib/Release/libdriver.a(interrupt.o)
 .rodata.g_pulPendRegs
                0x000000002000d238       0x18 ../../../driverlib/gcc/lib/Release/libdriver.a(interrupt.o)
 .rodata.g_ulPinToPadMap
                0x000000002000d250      0x100 ../../../driverlib/gcc/lib/Release/libdriver.a(pin.o)
 .rodata.PRCM_PeriphRegsList
                0x000000002000d350       0xa8 ../../../driverlib/gcc/lib/Release/libdriver.a(prcm.o)
 .rodata.str1.1
                0x000000002000d3f8        0x2 /usr/lib/gcc/arm-none-eabi/5.2.0/../../../../arm-none-eabi/lib/armv7e-m/libc_nano.a(lib_a-impure.o)
 .rodata.str1.1
                0x000000002000d3fa       0x11 /usr/lib/gcc/arm-none-eabi/5.2.0/../../../../arm-none-eabi/lib/armv7e-m/libc_nano.a(lib_a-nano-svfprintf.o)
 .rodata.str1.1
                0x000000002000d40b       0x22 /usr/lib/gcc/arm-none-eabi/5.2.0/../../../../arm-none-eabi/lib/armv7e-m/libc_nano.a(lib_a-nano-vfprintf_i.o)
 *(.ARM.extab* .gnu.linkonce.armextab.*)
                0x000000002000d430                . = ALIGN (0x8)
 *fill*         0x000000002000d42d        0x3 
                0x000000002000d430                _etext = .

.glue_7         0x000000002000d430        0x0
 .glue_7        0x0000000000000000        0x0 linker stubs

.glue_7t        0x000000002000d430        0x0
 .glue_7t       0x0000000000000000        0x0 linker stubs

.vfp11_veneer   0x000000002000d430        0x0
 .vfp11_veneer  0x0000000000000000        0x0 linker stubs

.v4_bx          0x000000002000d430        0x0
 .v4_bx         0x0000000000000000        0x0 linker stubs

.iplt           0x000000002000d430        0x0
 .iplt          0x0000000000000000        0x0 obj/Release/main.o

.ARM            0x000000002000d430        0x8
                0x000000002000d430                __exidx_start = .
 *(.ARM.exidx*)
 .ARM.exidx     0x000000002000d430        0x8 /usr/lib/gcc/arm-none-eabi/5.2.0/armv7e-m/libgcc.a(_udivmoddi4.o)
                0x000000002000d438                __exidx_end = .
                0x000000002000d438                __init_data = .

.rel.dyn        0x000000002000d438        0x0
 .rel.iplt      0x0000000000000000        0x0 obj/Release/main.o

.data           0x000000002000d438      0x330
                0x000000002000d438                _data = .
 *(.data*)
 .data.uart_settings
                0x000000002000d438       0x38 obj/Release/lp3p0_board.o
                0x000000002000d438                uart_settings
 .data.modules  0x000000002000d470       0x60 obj/Release/lp3p0_board.o
                0x000000002000d470                modules
 .data.link_spi_settings
                0x000000002000d4d0       0x34 obj/Release/lp3p0_board.o
                0x000000002000d4d0                link_spi_settings
 .data.gpio_list
                0x000000002000d504        0xc obj/Release/lp3p0_board.o
                0x000000002000d504                gpio_list
 .data.cc32xx_io_park
                0x000000002000d510      0x150 obj/Release/lp3p0_plat_ops.o
                0x000000002000d510                cc32xx_io_park
 .data.hwt_ops  0x000000002000d660       0x34 ../../../middleware/gcc/lib/Release/middleware.a(hw_timer32.o)
 .data.hwt_ops  0x000000002000d694       0x34 ../../../middleware/gcc/lib/Release/middleware.a(rtc_hal.o)
 .data.nvic_int_mask
                0x000000002000d6c8       0x18 ../../../middleware/gcc/lib/Release/middleware.a(cc_pm_ops.o)
                0x000000002000d6c8                nvic_int_mask
 .data.cc_pm_ctrl
                0x000000002000d6e0        0x8 ../../../middleware/gcc/lib/Release/middleware.a(cc_pm_ops.o)
                0x000000002000d6e0                cc_pm_ctrl
 .data.gpio_lpds_inttype
                0x000000002000d6e8        0x7 ../../../middleware/gcc/lib/Release/middleware.a(cc_pm_ops.o)
                0x000000002000d6e8                gpio_lpds_inttype
 .data.gpio_wake_src
                0x000000002000d6ef        0x6 ../../../middleware/gcc/lib/Release/middleware.a(cc_pm_ops.o)
                0x000000002000d6ef                gpio_wake_src
 .data.gpio_hib_inttype
                0x000000002000d6f5        0x7 ../../../middleware/gcc/lib/Release/middleware.a(cc_pm_ops.o)
                0x000000002000d6f5                gpio_hib_inttype
 .data.xNextTaskUnblockTime
                0x000000002000d6fc        0x4 ../../../oslib/gcc/free_rtos/Release/free_rtos.a(tasks.o)
 .data.uxCriticalNesting
                0x000000002000d700        0x4 ../../../oslib/gcc/free_rtos/Release/free_rtos.a(port.o)
 .data.impure_data
                0x000000002000d704       0x60 /usr/lib/gcc/arm-none-eabi/5.2.0/../../../../arm-none-eabi/lib/armv7e-m/libc_nano.a(lib_a-impure.o)
 .data._impure_ptr
                0x000000002000d764        0x4 /usr/lib/gcc/arm-none-eabi/5.2.0/../../../../arm-none-eabi/lib/armv7e-m/libc_nano.a(lib_a-impure.o)
                0x000000002000d764                _impure_ptr
                0x000000002000d768                . = ALIGN (0x8)
                0x000000002000d768                _edata = .

.igot.plt       0x000000002000d768        0x0
 .igot.plt      0x0000000000000000        0x0 obj/Release/main.o

.bss            0x000000002000d800     0x30a0
                0x000000002000d800                _bss = .
 *(.bss*)
 .bss.g_ulIpAddr
                0x000000002000d800        0x4 obj/Release/main.o
                0x000000002000d800                g_ulIpAddr
 .bss.g_ucFeedWatchdog
                0x000000002000d804        0x1 obj/Release/main.o
                0x000000002000d804                g_ucFeedWatchdog
 *fill*         0x000000002000d805        0x3 
 .bss.g_tConnection
                0x000000002000d808        0x4 obj/Release/main.o
                0x000000002000d808                g_tConnection
 .bss.g_ucWdogCount
                0x000000002000d80c        0x1 obj/Release/main.o
                0x000000002000d80c                g_ucWdogCount
 *fill*         0x000000002000d80d        0x3 
 .bss.sw_simulate_rtc
                0x000000002000d810        0x4 obj/Release/lp3p0_board.o
                0x000000002000d810                sw_simulate_rtc
 .bss.sw_simulate_timer
                0x000000002000d814        0x4 obj/Release/lp3p0_board.o
                0x000000002000d814                sw_simulate_timer
 .bss.pui32Stack
                0x000000002000d818     0x1000 obj/Release/startup_gcc.o
 .bss.heap_end  0x000000002000e818        0x4 obj/Release/startup_gcc.o
 .bss.heap2_end
                0x000000002000e81c        0x4 obj/Release/startup_gcc.o
 .bss.g_StatMem
                0x000000002000e820      0x178 ../../../simplelink/gcc/lib/os_PM/Release/libsimplelink.a(driver.o)
 .bss.g_SlDeviceStatus
                0x000000002000e998        0x2 ../../../simplelink/gcc/lib/os_PM/Release/libsimplelink.a(driver.o)
                0x000000002000e998                g_SlDeviceStatus
 .bss.gFirstCmdMode
                0x000000002000e99a        0x1 ../../../simplelink/gcc/lib/os_PM/Release/libsimplelink.a(driver.o)
 *fill*         0x000000002000e99b        0x1 
 .bss.pPingCallBackFunc
                0x000000002000e99c        0x4 ../../../simplelink/gcc/lib/os_PM/Release/libsimplelink.a(driver.o)
                0x000000002000e99c                pPingCallBackFunc
 .bss.g_pCB     0x000000002000e9a0        0x4 ../../../simplelink/gcc/lib/os_PM/Release/libsimplelink.a(driver.o)
                0x000000002000e9a0                g_pCB
 .bss.chan_desc
                0x000000002000e9a4      0x200 ../../../middleware/gcc/lib/Release/middleware.a(dma_hal.o)
 .bss.init_flag
                0x000000002000eba4        0x1 ../../../middleware/gcc/lib/Release/middleware.a(hw_timer32.o)
 *fill*         0x000000002000eba5        0x3 
 .bss.hwt_list  0x000000002000eba8        0x4 ../../../middleware/gcc/lib/Release/middleware.a(hw_timer32.o)
 .bss.timers32  0x000000002000ebac       0x2c ../../../middleware/gcc/lib/Release/middleware.a(hw_timer32.o)
 .bss.enbl_irqc
                0x000000002000ebd8        0x4 ../../../middleware/gcc/lib/Release/middleware.a(hw_timer32.o)
 .bss.dsbl_irqc
                0x000000002000ebdc        0x4 ../../../middleware/gcc/lib/Release/middleware.a(hw_timer32.o)
 .bss.sys_flags
                0x000000002000ebe0        0x4 ../../../middleware/gcc/lib/Release/middleware.a(hw_timer32.o)
 .bss.rtc64     0x000000002000ebe4       0x2c ../../../middleware/gcc/lib/Release/middleware.a(rtc_hal.o)
 .bss.rtc       0x000000002000ec10        0x4 ../../../middleware/gcc/lib/Release/middleware.a(rtc_hal.o)
 .bss.enbl_irqc
                0x000000002000ec14        0x4 ../../../middleware/gcc/lib/Release/middleware.a(rtc_hal.o)
 .bss.dsbl_irqc
                0x000000002000ec18        0x4 ../../../middleware/gcc/lib/Release/middleware.a(rtc_hal.o)
 .bss.spi_reset
                0x000000002000ec1c        0x4 ../../../middleware/gcc/lib/Release/middleware.a(spi_drv.o)
                0x000000002000ec1c                spi_reset
 .bss.is_spidrv_reset
                0x000000002000ec20        0x1 ../../../middleware/gcc/lib/Release/middleware.a(spi_drv.o)
                0x000000002000ec20                is_spidrv_reset
 .bss.is_uartdrv_reset
                0x000000002000ec21        0x1 ../../../middleware/gcc/lib/Release/middleware.a(uart_drv.o)
                0x000000002000ec21                is_uartdrv_reset
 *fill*         0x000000002000ec22        0x2 
 .bss.pform     0x000000002000ec24        0x4 ../../../middleware/gcc/lib/Release/middleware.a(cc_pm.o)
 .bss.pform_info
                0x000000002000ec28       0x48 ../../../middleware/gcc/lib/Release/middleware.a(cc_pm.o)
 .bss.free_list
                0x000000002000ec70        0x4 ../../../middleware/gcc/lib/Release/middleware.a(cc_timer.o)
 .bss.sw_timers
                0x000000002000ec74       0xd8 ../../../middleware/gcc/lib/Release/middleware.a(cc_timer.o)
 .bss.hwt_objs  0x000000002000ed4c       0x28 ../../../middleware/gcc/lib/Release/middleware.a(cc_timer.o)
 .bss.enbl_irqc
                0x000000002000ed74        0x4 ../../../middleware/gcc/lib/Release/middleware.a(cc_timer.o)
 .bss.dsbl_irqc
                0x000000002000ed78        0x4 ../../../middleware/gcc/lib/Release/middleware.a(cc_timer.o)
 .bss.is_spictrl_reset
                0x000000002000ed7c        0x1 ../../../middleware/gcc/lib/Release/middleware.a(spi_hal.o)
                0x000000002000ed7c                is_spictrl_reset
 .bss.is_uartstate_reset
                0x000000002000ed7d        0x1 ../../../middleware/gcc/lib/Release/middleware.a(uart_hal.o)
                0x000000002000ed7d                is_uartstate_reset
 *fill*         0x000000002000ed7e        0x2 
 .bss.xSimpleLinkSpawnQueue
                0x000000002000ed80        0x4 ../../../oslib/gcc/free_rtos/Release/free_rtos.a(osi_freertos.o)
                0x000000002000ed80                xSimpleLinkSpawnQueue
 .bss.xSimpleLinkSpawnTaskHndl
                0x000000002000ed84        0x4 ../../../oslib/gcc/free_rtos/Release/free_rtos.a(osi_freertos.o)
                0x000000002000ed84                xSimpleLinkSpawnTaskHndl
 .bss.xHigherPriorityTaskWoken
                0x000000002000ed88        0x4 ../../../oslib/gcc/free_rtos/Release/free_rtos.a(osi_freertos.o)
                0x000000002000ed88                xHigherPriorityTaskWoken
 .bss.xPendingReadyList
                0x000000002000ed8c       0x14 ../../../oslib/gcc/free_rtos/Release/free_rtos.a(tasks.o)
 .bss.uxTopReadyPriority
                0x000000002000eda0        0x4 ../../../oslib/gcc/free_rtos/Release/free_rtos.a(tasks.o)
 .bss.uxTasksDeleted
                0x000000002000eda4        0x4 ../../../oslib/gcc/free_rtos/Release/free_rtos.a(tasks.o)
 .bss.xTickCount
                0x000000002000eda8        0x4 ../../../oslib/gcc/free_rtos/Release/free_rtos.a(tasks.o)
 .bss.pxReadyTasksLists
                0x000000002000edac       0xc8 ../../../oslib/gcc/free_rtos/Release/free_rtos.a(tasks.o)
 .bss.pxOverflowDelayedTaskList
                0x000000002000ee74        0x4 ../../../oslib/gcc/free_rtos/Release/free_rtos.a(tasks.o)
 .bss.xTasksWaitingTermination
                0x000000002000ee78       0x14 ../../../oslib/gcc/free_rtos/Release/free_rtos.a(tasks.o)
 .bss.pxDelayedTaskList
                0x000000002000ee8c        0x4 ../../../oslib/gcc/free_rtos/Release/free_rtos.a(tasks.o)
 .bss.xSchedulerRunning
                0x000000002000ee90        0x4 ../../../oslib/gcc/free_rtos/Release/free_rtos.a(tasks.o)
 .bss.pxCurrentTCB
                0x000000002000ee94        0x4 ../../../oslib/gcc/free_rtos/Release/free_rtos.a(tasks.o)
                0x000000002000ee94                pxCurrentTCB
 .bss.uxPendedTicks
                0x000000002000ee98        0x4 ../../../oslib/gcc/free_rtos/Release/free_rtos.a(tasks.o)
 .bss.xSuspendedTaskList
                0x000000002000ee9c       0x14 ../../../oslib/gcc/free_rtos/Release/free_rtos.a(tasks.o)
 .bss.uxCurrentNumberOfTasks
                0x000000002000eeb0        0x4 ../../../oslib/gcc/free_rtos/Release/free_rtos.a(tasks.o)
 .bss.xDelayedTaskList1
                0x000000002000eeb4       0x14 ../../../oslib/gcc/free_rtos/Release/free_rtos.a(tasks.o)
 .bss.xDelayedTaskList2
                0x000000002000eec8       0x14 ../../../oslib/gcc/free_rtos/Release/free_rtos.a(tasks.o)
 .bss.uxTaskNumber
                0x000000002000eedc        0x4 ../../../oslib/gcc/free_rtos/Release/free_rtos.a(tasks.o)
 .bss.xIdleTaskHandle
                0x000000002000eee0        0x4 ../../../oslib/gcc/free_rtos/Release/free_rtos.a(tasks.o)
 .bss.xYieldPending
                0x000000002000eee4        0x4 ../../../oslib/gcc/free_rtos/Release/free_rtos.a(tasks.o)
 .bss.uxSchedulerSuspended
                0x000000002000eee8        0x4 ../../../oslib/gcc/free_rtos/Release/free_rtos.a(tasks.o)
 .bss.xNumOfOverflows
                0x000000002000eeec        0x4 ../../../oslib/gcc/free_rtos/Release/free_rtos.a(tasks.o)
 .bss.ucMaxSysCallPriority
                0x000000002000eef0        0x1 ../../../oslib/gcc/free_rtos/Release/free_rtos.a(port.o)
 *fill*         0x000000002000eef1        0x3 
 .bss.ulMaxPRIGROUPValue
                0x000000002000eef4        0x4 ../../../oslib/gcc/free_rtos/Release/free_rtos.a(port.o)
 .bss.pxCurrentTimerList
                0x000000002000eef8        0x4 ../../../oslib/gcc/free_rtos/Release/free_rtos.a(timers.o)
 .bss.xActiveTimerList1
                0x000000002000eefc       0x14 ../../../oslib/gcc/free_rtos/Release/free_rtos.a(timers.o)
 .bss.xActiveTimerList2
                0x000000002000ef10       0x14 ../../../oslib/gcc/free_rtos/Release/free_rtos.a(timers.o)
 .bss.xLastTime.4980
                0x000000002000ef24        0x4 ../../../oslib/gcc/free_rtos/Release/free_rtos.a(timers.o)
 .bss.xTimerQueue
                0x000000002000ef28        0x4 ../../../oslib/gcc/free_rtos/Release/free_rtos.a(timers.o)
 .bss.pxOverflowTimerList
                0x000000002000ef2c        0x4 ../../../oslib/gcc/free_rtos/Release/free_rtos.a(timers.o)
 .bss.xTimerTaskHandle
                0x000000002000ef30        0x4 ../../../oslib/gcc/free_rtos/Release/free_rtos.a(timers.o)
 .bss.__malloc_sbrk_start
                0x000000002000ef34        0x4 /usr/lib/gcc/arm-none-eabi/5.2.0/../../../../arm-none-eabi/lib/armv7e-m/libc_nano.a(lib_a-nano-mallocr.o)
                0x000000002000ef34                __malloc_sbrk_start
 .bss.__malloc_free_list
                0x000000002000ef38        0x4 /usr/lib/gcc/arm-none-eabi/5.2.0/../../../../arm-none-eabi/lib/armv7e-m/libc_nano.a(lib_a-nano-mallocr.o)
                0x000000002000ef38                __malloc_free_list
 *(COMMON)
 COMMON         0x000000002000ef3c      0x630 obj/Release/main.o
                0x000000002000ef3c                g_tConnectionFlag
                0x000000002000ef40                g_cBuffer
                0x000000002000f500                g_tWkupSignalQueue
                0x000000002000f504                g_tUartHndl
                0x000000002000f508                g_cErrBuff
 *fill*         0x000000002000f56c      0x294 
 COMMON         0x000000002000f800      0x404 obj/Release/lp3p0_board.o
                0x000000002000f800                dma_ctrl_table
                0x000000002000fc00                timer_hndl
 COMMON         0x000000002000fc04        0x4 obj/Release/lp3p0_plat_ops.o
                0x000000002000fc04                user_sel_power_mode
 COMMON         0x000000002000fc08        0x2 ../../../simplelink/gcc/lib/os_PM/Release/libsimplelink.a(driver.o)
                0x000000002000fc08                g_bDeviceRestartIsRequired
                0x000000002000fc09                RxIrqCnt
 *fill*         0x000000002000fc0a        0x2 
 COMMON         0x000000002000fc0c        0x4 ../../../middleware/gcc/lib/Release/middleware.a(dma_hal.o)
                0x000000002000fc0c                i
 COMMON         0x000000002000fc10       0x6c ../../../middleware/gcc/lib/Release/middleware.a(gpio_hal.o)
                0x000000002000fc10                gpio_control
 COMMON         0x000000002000fc7c      0x800 ../../../middleware/gcc/lib/Release/middleware.a(interrupt_hal.o)
                0x000000002000fc7c                isr_handler_list
 COMMON         0x000000002001047c       0x9c ../../../middleware/gcc/lib/Release/middleware.a(spi_drv.o)
                0x000000002001047c                spi_rtos_drv
 COMMON         0x0000000020010518       0x68 ../../../middleware/gcc/lib/Release/middleware.a(uart_drv.o)
                0x0000000020010518                uart_rtos_drv
 COMMON         0x0000000020010580       0x1c ../../../middleware/gcc/lib/Release/middleware.a(cc_pm.o)
                0x0000000020010580                vault_arm_registers
 COMMON         0x000000002001059c      0x110 ../../../middleware/gcc/lib/Release/middleware.a(cc_pm_ops.o)
                0x000000002001059c                nvic_reg_store
 COMMON         0x00000000200106ac       0xf0 ../../../middleware/gcc/lib/Release/middleware.a(spi_hal.o)
                0x00000000200106ac                spi_ctrl