Archive member included to satisfy reference by file (symbol)

../../../simplelink/gcc/lib/os/Release/libsimplelink.a(device.o)
                              obj/Release/serial_wifi.o (sl_Start)
../../../simplelink/gcc/lib/os/Release/libsimplelink.a(driver.o)
                              ../../../simplelink/gcc/lib/os/Release/libsimplelink.a(device.o) (g_bDeviceRestartIsRequired)
../../../simplelink/gcc/lib/os/Release/libsimplelink.a(netapp.o)
                              obj/Release/serial_wifi.o (sl_NetAppMDNSRegisterService)
../../../simplelink/gcc/lib/os/Release/libsimplelink.a(netcfg.o)
                              obj/Release/serial_wifi.o (sl_NetCfgSet)
../../../simplelink/gcc/lib/os/Release/libsimplelink.a(fs.o)
                              obj/Release/serial_wifi.o (_sl_GetCreateFsMode)
../../../simplelink/gcc/lib/os/Release/libsimplelink.a(socket.o)
                              obj/Release/serial_wifi.o (sl_Socket)
../../../simplelink/gcc/lib/os/Release/libsimplelink.a(wlan.o)
                              obj/Release/serial_wifi.o (sl_WlanConnect)
../../../simplelink/gcc/lib/os/Release/libsimplelink.a(cc_pal.o)
                              ../../../simplelink/gcc/lib/os/Release/libsimplelink.a(device.o) (spi_Open)
../../../oslib/gcc/free_rtos/Release/free_rtos.a(osi_freertos.o)
                              ../../../simplelink/gcc/lib/os/Release/libsimplelink.a(cc_pal.o) (osi_InterruptRegister)
../../../oslib/gcc/free_rtos/Release/free_rtos.a(queue.o)
                              ../../../oslib/gcc/free_rtos/Release/free_rtos.a(osi_freertos.o) (xQueueGenericCreate)
../../../oslib/gcc/free_rtos/Release/free_rtos.a(tasks.o)
                              ../../../oslib/gcc/free_rtos/Release/free_rtos.a(osi_freertos.o) (xTaskGenericCreate)
../../../oslib/gcc/free_rtos/Release/free_rtos.a(port.o)
                              ../../../oslib/gcc/free_rtos/Release/free_rtos.a(tasks.o) (pxPortInitialiseStack)
../../../oslib/gcc/free_rtos/Release/free_rtos.a(timers.o)
                              ../../../oslib/gcc/free_rtos/Release/free_rtos.a(tasks.o) (xTimerCreateTimerTask)
../../../oslib/gcc/free_rtos/Release/free_rtos.a(heap_3.o)
                              ../../../oslib/gcc/free_rtos/Release/free_rtos.a(osi_freertos.o) (pvPortMalloc)
../../../oslib/gcc/free_rtos/Release/free_rtos.a(list.o)
                              ../../../oslib/gcc/free_rtos/Release/free_rtos.a(queue.o) (vListInitialise)
../../../driverlib/gcc/lib/Release/libdriver.a(interrupt.o)
                              obj/Release/main.o (IntEnable)
../../../driverlib/gcc/lib/Release/libdriver.a(prcm.o)
                              obj/Release/pinmux.o (PRCMPeripheralClkEnable)
../../../driverlib/gcc/lib/Release/libdriver.a(spi.o)
                              ../../../simplelink/gcc/lib/os/Release/libsimplelink.a(cc_pal.o) (SPIConfigSetExpClk)
../../../driverlib/gcc/lib/Release/libdriver.a(timer.o)
                              ../../../simplelink/gcc/lib/os/Release/libsimplelink.a(cc_pal.o) (TimerConfigure)
../../../driverlib/gcc/lib/Release/libdriver.a(utils.o)
                              ../../../simplelink/gcc/lib/os/Release/libsimplelink.a(cc_pal.o) (UtilsDelay)
../../../driverlib/gcc/lib/Release/libdriver.a(cpu.o)
                              ../../../driverlib/gcc/lib/Release/libdriver.a(interrupt.o) (CPUcpsid)
../../../driverlib/gcc/lib/Release/libdriver.a(flash.o)
                              ../../../driverlib/gcc/lib/Release/libdriver.a(prcm.o) (FlashDisable)
/usr/lib/gcc/arm-none-eabi/5.2.0/../../../../arm-none-eabi/lib/armv7e-m/libc_nano.a(lib_a-malloc.o)
                              obj/Release/uart_if.o (malloc)
/usr/lib/gcc/arm-none-eabi/5.2.0/../../../../arm-none-eabi/lib/armv7e-m/libc_nano.a(lib_a-memcmp.o)
                              ../../../oslib/gcc/free_rtos/Release/free_rtos.a(tasks.o) (memcmp)
/usr/lib/gcc/arm-none-eabi/5.2.0/../../../../arm-none-eabi/lib/armv7e-m/libc_nano.a(lib_a-memcpy.o)
                              obj/Release/network_if.o (memcpy)
/usr/lib/gcc/arm-none-eabi/5.2.0/../../../../arm-none-eabi/lib/armv7e-m/libc_nano.a(lib_a-memmove.o)
                              obj/Release/uart_if.o (memmove)
/usr/lib/gcc/arm-none-eabi/5.2.0/../../../../arm-none-eabi/lib/armv7e-m/libc_nano.a(lib_a-memset.o)
                              obj/Release/serial_wifi.o (memset)
/usr/lib/gcc/arm-none-eabi/5.2.0/../../../../arm-none-eabi/lib/armv7e-m/libc_nano.a(lib_a-nano-freer.o)
                              /usr/lib/gcc/arm-none-eabi/5.2.0/../../../../arm-none-eabi/lib/armv7e-m/libc_nano.a(lib_a-malloc.o) (_free_r)
/usr/lib/gcc/arm-none-eabi/5.2.0/../../../../arm-none-eabi/lib/armv7e-m/libc_nano.a(lib_a-nano-mallocr.o)
                              /usr/lib/gcc/arm-none-eabi/5.2.0/../../../../arm-none-eabi/lib/armv7e-m/libc_nano.a(lib_a-malloc.o) (_malloc_r)
/usr/lib/gcc/arm-none-eabi/5.2.0/../../../../arm-none-eabi/lib/armv7e-m/libc_nano.a(lib_a-realloc.o)
[...]
Memory Configuration

Name             Origin             Length             Attributes
SRAM             0x0000000020000000 0x0000000000040000 xrw
*default*        0x0000000000000000 0xffffffffffffffff

Linker script and memory map

                0x0000000000004000                BOOTLOADER_SIZE = 0x4000

.bootloader     0x0000000020000000     0x4000
                0x0000000020000000                _heap2 = .
                0x0000000020004000                . = (. + BOOTLOADER_SIZE)
 *fill*         0x0000000020000000     0x4000 
                0x0000000020004000                . = ALIGN (0x8)
                0x0000000020004000                _eheap2 = .

.text           0x0000000020004000     0xa120
                0x0000000020004000                _text = .
 *(.intvecs)
 .intvecs       0x0000000020004000      0x400 obj/Release/startup_gcc.o
                0x0000000020004000                g_pfnVectors
 *(.text*)
 .text.startup.main
                0x0000000020004400       0xdc obj/Release/main.o
                0x0000000020004400                main
 .text.PinMuxConfig
                0x00000000200044dc       0x26 obj/Release/pinmux.o
                0x00000000200044dc                PinMuxConfig
 .text.atolong  0x0000000020004502       0x32 obj/Release/conversions.o
                0x0000000020004502                atolong
 .text.htoa     0x0000000020004534       0x64 obj/Release/conversions.o
                0x0000000020004534                htoa
 .text.btoa     0x0000000020004598       0x58 obj/Release/conversions.o
                0x0000000020004598                btoa
 .text.ParseWlanConnectString
                0x00000000200045f0       0xf8 obj/Release/serial_wifi.o
                0x00000000200045f0                ParseWlanConnectString
 .text.ParsemDNSString
                0x00000000200046e8       0x44 obj/Release/serial_wifi.o
                0x00000000200046e8                ParsemDNSString
 .text.ParsePingString
                0x000000002000472c      0x170 obj/Release/serial_wifi.o
                0x000000002000472c                ParsePingString
 .text.ParseRecvString
                0x000000002000489c      0x170 obj/Release/serial_wifi.o
                0x000000002000489c                ParseRecvString
 .text.ParseSendString
                0x0000000020004a0c       0xdc obj/Release/serial_wifi.o
                0x0000000020004a0c                ParseSendString
 .text.ParseConnectString
                0x0000000020004ae8      0x244 obj/Release/serial_wifi.o
                0x0000000020004ae8                ParseConnectString
 .text.StartUdpServer
                0x0000000020004d2c      0x114 obj/Release/serial_wifi.o
                0x0000000020004d2c                StartUdpServer
 .text.StartTcpServer
                0x0000000020004e40      0x178 obj/Release/serial_wifi.o
                0x0000000020004e40                StartTcpServer
 .text.StartInterpreterMode
                0x0000000020004fb8       0x60 obj/Release/serial_wifi.o
                0x0000000020004fb8                StartInterpreterMode
 .text.InitialiseCmdMenu
                0x0000000020005018       0xb4 obj/Release/serial_wifi.o
                0x0000000020005018                InitialiseCmdMenu
 .text.GetCmdIndex
                0x00000000200050cc       0x2c obj/Release/serial_wifi.o
                0x00000000200050cc                GetCmdIndex
 .text.ExecuteCommand
                0x00000000200050f8      0x5c0 obj/Release/serial_wifi.o
                0x00000000200050f8                ExecuteCommand
 .text.InitialConfiguration
                0x00000000200056b8      0x16c obj/Release/serial_wifi.o
                0x00000000200056b8                InitialConfiguration
 .text.Interpreter_Task
                0x0000000020005824      0xb54 obj/Release/serial_wifi.o
                0x0000000020005824                Interpreter_Task
 .text.PrintCommandMenu
                0x0000000020006378      0x188 obj/Release/uart_config.o
                0x0000000020006378                PrintCommandMenu
 .text.GETChar  0x0000000020006500       0xc8 obj/Release/uart_config.o
                0x0000000020006500                GETChar
 .text.basic_Interpreter
                0x00000000200065c8       0x34 obj/Release/uart_config.o
                0x00000000200065c8                basic_Interpreter
 .text.vAssertCalled
                0x00000000200065fc        0x2 obj/Release/network_if.o
                0x00000000200065fc                vAssertCalled
 .text.vApplicationIdleHook
                0x00000000200065fe        0x2 obj/Release/network_if.o
                0x00000000200065fe                vApplicationIdleHook
 .text.vApplicationMallocFailedHook
                0x0000000020006600        0x2 obj/Release/network_if.o
                0x0000000020006600                vApplicationMallocFailedHook
 .text.vApplicationStackOverflowHook
                0x0000000020006602        0x2 obj/Release/network_if.o
                0x0000000020006602                vApplicationStackOverflowHook
 .text.SimpleLinkWlanEventHandler
                0x0000000020006604      0x13c obj/Release/network_if.o
                0x0000000020006604                SimpleLinkWlanEventHandler
 .text.SimpleLinkNetAppEventHandler
                0x0000000020006740       0x70 obj/Release/network_if.o
                0x0000000020006740                SimpleLinkNetAppEventHandler
 .text.SimpleLinkGeneralEventHandler
                0x00000000200067b0       0x14 obj/Release/network_if.o
                0x00000000200067b0                SimpleLinkGeneralEventHandler
 .text.SimpleLinkSockEventHandler
                0x00000000200067c4       0x6c obj/Release/network_if.o
                0x00000000200067c4                SimpleLinkSockEventHandler
 .text.SimpleLinkHttpServerCallback
                0x0000000020006830        0x2 obj/Release/network_if.o
                0x0000000020006830                SimpleLinkHttpServerCallback
 *fill*         0x0000000020006832        0x2 
 .text.InitializeAppVariables
                0x0000000020006834       0x38 obj/Release/network_if.o
                0x0000000020006834                InitializeAppVariables
 .text.InitTerm
                0x000000002000686c       0x34 obj/Release/uart_if.o
                0x000000002000686c                InitTerm
 .text.Message  0x00000000200068a0       0x20 obj/Release/uart_if.o
                0x00000000200068a0                Message
 .text.ClearTerm
                0x00000000200068c0        0xc obj/Release/uart_if.o
                0x00000000200068c0                ClearTerm
 .text.Report   0x00000000200068cc       0x68 obj/Release/uart_if.o
                0x00000000200068cc                Report
 .text.NmiSR    0x0000000020006934        0x2 obj/Release/startup_gcc.o
 .text.FaultISR
                0x0000000020006936        0x2 obj/Release/startup_gcc.o
 .text.BusFaultHandler
                0x0000000020006938        0x2 obj/Release/startup_gcc.o
 .text.IntDefaultHandler
                0x000000002000693a        0x2 obj/Release/startup_gcc.o
 .text.ResetISR
                0x000000002000693c       0x5c obj/Release/startup_gcc.o
                0x000000002000693c                ResetISR
 .text._sbrk    0x0000000020006998       0x3c obj/Release/startup_gcc.o
                0x0000000020006998                _sbrk
 .text.sl_Start
                0x00000000200069d4       0xcc ../../../simplelink/gcc/lib/os/Release/libsimplelink.a(device.o)
                0x00000000200069d4                sl_Start
 .text._sl_HandleAsync_InitComplete
                0x0000000020006aa0       0x6c ../../../simplelink/gcc/lib/os/Release/libsimplelink.a(device.o)
                0x0000000020006aa0                _sl_HandleAsync_InitComplete
 .text._sl_HandleAsync_Stop
                0x0000000020006b0c       0x38 ../../../simplelink/gcc/lib/os/Release/libsimplelink.a(device.o)
                0x0000000020006b0c                _sl_HandleAsync_Stop
 .text.sl_Stop  0x0000000020006b44       0xa0 ../../../simplelink/gcc/lib/os/Release/libsimplelink.a(device.o)
                0x0000000020006b44                sl_Stop
 .text.sl_DevGet
                0x0000000020006be4       0x8c ../../../simplelink/gcc/lib/os/Release/libsimplelink.a(device.o)
                0x0000000020006be4                sl_DevGet
 .text.sl_DevSet
                0x0000000020006c70       0x64 ../../../simplelink/gcc/lib/os/Release/libsimplelink.a(device.o)
                0x0000000020006c70                sl_DevSet
 .text._SlDrvDeviceEventHandler
                0x0000000020006cd4       0x66 ../../../simplelink/gcc/lib/os/Release/libsimplelink.a(device.o)
                0x0000000020006cd4                _SlDrvDeviceEventHandler
 *fill*         0x0000000020006d3a        0x2 
 .text._SlAsyncEventGenericHandler
                0x0000000020006d3c       0x54 ../../../simplelink/gcc/lib/os/Release/libsimplelink.a(driver.o)
 .text._SlRemoveFromList
                0x0000000020006d90       0x44 ../../../simplelink/gcc/lib/os/Release/libsimplelink.a(driver.o)
 .text._SlFindAndSetActiveObj
                0x0000000020006dd4       0x94 ../../../simplelink/gcc/lib/os/Release/libsimplelink.a(driver.o)
 .text._SlDrvObjGlobalLockWaitForever
                0x0000000020006e68       0x2c ../../../simplelink/gcc/lib/os/Release/libsimplelink.a(driver.o)
 .text._SlDrvMsgWrite
                0x0000000020006e94      0x108 ../../../simplelink/gcc/lib/os/Release/libsimplelink.a(driver.o)
 .text._SlDrvDriverCBDeinit
                0x0000000020006f9c       0xa0 ../../../simplelink/gcc/lib/os/Release/libsimplelink.a(driver.o)
                0x0000000020006f9c                _SlDrvDriverCBDeinit
 .text._SlDrvRxIrqHandler
                0x000000002000703c       0x44 ../../../simplelink/gcc/lib/os/Release/libsimplelink.a(driver.o)
                0x000000002000703c                _SlDrvRxIrqHandler
 .text._SlDrvCmdSend
                0x0000000020007080       0x74 ../../../simplelink/gcc/lib/os/Release/libsimplelink.a(driver.o)
                0x0000000020007080                _SlDrvCmdSend
 .text._SlDrvDispatchHttpServerEvents
                0x00000000200070f4        0x4 ../../../simplelink/gcc/lib/os/Release/libsimplelink.a(driver.o)
                0x00000000200070f4                _SlDrvDispatchHttpServerEvents
 .text._SlDrvSyncObjSignal
                0x00000000200070f8        0x8 ../../../simplelink/gcc/lib/os/Release/libsimplelink.a(driver.o)
                0x00000000200070f8                _SlDrvSyncObjSignal
 .text._SlDrvObjLockWaitForever
                0x0000000020007100        0xc ../../../simplelink/gcc/lib/os/Release/libsimplelink.a(driver.o)
                0x0000000020007100                _SlDrvObjLockWaitForever
 .text._SlDrvProtectionObjLockWaitForever
                0x000000002000710c       0x18 ../../../simplelink/gcc/lib/os/Release/libsimplelink.a(driver.o)
                0x000000002000710c                _SlDrvProtectionObjLockWaitForever
 .text._SlDrvObjUnLock
                0x0000000020007124        0x8 ../../../simplelink/gcc/lib/os/Release/libsimplelink.a(driver.o)
                0x0000000020007124                _SlDrvObjUnLock
 .text._SlDrvProtectionObjUnLock
                0x000000002000712c       0x14 ../../../simplelink/gcc/lib/os/Release/libsimplelink.a(driver.o)
                0x000000002000712c                _SlDrvProtectionObjUnLock
 .text._SlDrvReleasePoolObj
                0x0000000020007140       0xc0 ../../../simplelink/gcc/lib/os/Release/libsimplelink.a(driver.o)
                0x0000000020007140                _SlDrvReleasePoolObj
 .text._SlDrvGlobalObjUnLock
                0x0000000020007200       0x14 ../../../simplelink/gcc/lib/os/Release/libsimplelink.a(driver.o)
                0x0000000020007200                _SlDrvGlobalObjUnLock
 .text._SlDrvMemZero
                0x0000000020007214        0x8 ../../../simplelink/gcc/lib/os/Release/libsimplelink.a(driver.o)
                0x0000000020007214                _SlDrvMemZero
 .text._SlDrvDriverCBInit
                0x000000002000721c       0xe0 ../../../simplelink/gcc/lib/os/Release/libsimplelink.a(driver.o)
                0x000000002000721c                _SlDrvDriverCBInit
 .text._SlDrvResetCmdExt
                0x00000000200072fc        0x6 ../../../simplelink/gcc/lib/os/Release/libsimplelink.a(driver.o)
                0x00000000200072fc                _SlDrvResetCmdExt
 *fill*         0x0000000020007302        0x2 
 .text._SlDrvSyncObjWaitForever
                0x0000000020007304       0x20 ../../../simplelink/gcc/lib/os/Release/libsimplelink.a(driver.o)
                0x0000000020007304                _SlDrvSyncObjWaitForever
 .text._SlDrvDataWriteOp
                0x0000000020007324       0xe0 ../../../simplelink/gcc/lib/os/Release/libsimplelink.a(driver.o)
                0x0000000020007324                _SlDrvDataWriteOp
 .text._SlDrvWaitForPoolObj
                0x0000000020007404       0xc8 ../../../simplelink/gcc/lib/os/Release/libsimplelink.a(driver.o)
                0x0000000020007404                _SlDrvWaitForPoolObj
 .text._SlDrvProtectAsyncRespSetting
                0x00000000200074cc       0x30 ../../../simplelink/gcc/lib/os/Release/libsimplelink.a(driver.o)
                0x00000000200074cc                _SlDrvProtectAsyncRespSetting
 .text._SlDriverHandleError
                0x00000000200074fc       0x68 ../../../simplelink/gcc/lib/os/Release/libsimplelink.a(driver.o)
                0x00000000200074fc                _SlDriverHandleError
 .text._SlDrvSyncObjWaitTimeout
                0x0000000020007564       0x34 ../../../simplelink/gcc/lib/os/Release/libsimplelink.a(driver.o)
                0x0000000020007564                _SlDrvSyncObjWaitTimeout
 .text._SlDrvDataReadOp
                0x0000000020007598      0x128 ../../../simplelink/gcc/lib/os/Release/libsimplelink.a(driver.o)
                0x0000000020007598                _SlDrvDataReadOp
 .text._SlDrvIsTimeoutExpired
                0x00000000200076c0       0x48 ../../../simplelink/gcc/lib/os/Release/libsimplelink.a(driver.o)
                0x00000000200076c0                _SlDrvIsTimeoutExpired
 .text._SlDrvMsgRead
                0x0000000020007708      0x520 ../../../simplelink/gcc/lib/os/Release/libsimplelink.a(driver.o)
 .text._SlDrvCmdOp
                0x0000000020007c28      0x158 ../../../simplelink/gcc/lib/os/Release/libsimplelink.a(driver.o)
                0x0000000020007c28                _SlDrvCmdOp
 .text._SlDrvBasicCmd
                0x0000000020007d80       0x32 ../../../simplelink/gcc/lib/os/Release/libsimplelink.a(driver.o)
                0x0000000020007d80                _SlDrvBasicCmd
 *fill*         0x0000000020007db2        0x2 
 .text._SlDrvMsgReadSpawnCtx
                0x0000000020007db4       0x78 ../../../simplelink/gcc/lib/os/Release/libsimplelink.a(driver.o)
                0x0000000020007db4                _SlDrvMsgReadSpawnCtx
 .text.sl_NetAppMDNSRegisterUnregisterService
                0x0000000020007e2c       0x98 ../../../simplelink/gcc/lib/os/Release/libsimplelink.a(netapp.o)
                0x0000000020007e2c                sl_NetAppMDNSRegisterUnregisterService
 .text.sl_NetAppMDNSRegisterService
                0x0000000020007ec4       0x38 ../../../simplelink/gcc/lib/os/Release/libsimplelink.a(netapp.o)
                0x0000000020007ec4                sl_NetAppMDNSRegisterService
 .text.sl_NetAppMDNSUnRegisterService
                0x0000000020007efc       0x38 ../../../simplelink/gcc/lib/os/Release/libsimplelink.a(netapp.o)
                0x0000000020007efc                sl_NetAppMDNSUnRegisterService
 .text.sl_NetAppDnsGetHostByService
                0x0000000020007f34       0xc0 ../../../simplelink/gcc/lib/os/Release/libsimplelink.a(netapp.o)
                0x0000000020007f34                sl_NetAppDnsGetHostByService
 .text._sl_HandleAsync_DnsGetHostByService
                0x0000000020007ff4       0x5c ../../../simplelink/gcc/lib/os/Release/libsimplelink.a(netapp.o)
                0x0000000020007ff4                _sl_HandleAsync_DnsGetHostByService
 .text._sl_HandleAsync_DnsGetHostByName
                0x0000000020008050       0x5c ../../../simplelink/gcc/lib/os/Release/libsimplelink.a(netapp.o)
                0x0000000020008050                _sl_HandleAsync_DnsGetHostByName
 .text._sl_HandleAsync_PingResponse
                0x00000000200080ac       0x7c ../../../simplelink/gcc/lib/os/Release/libsimplelink.a(netapp.o)
                0x00000000200080ac                _sl_HandleAsync_PingResponse
 .text.sl_NetAppPingStart
                0x0000000020008128      0x158 ../../../simplelink/gcc/lib/os/Release/libsimplelink.a(netapp.o)
                0x0000000020008128                sl_NetAppPingStart
 .text._sl_NetAppSendTokenValue
                0x0000000020008280       0x50 ../../../simplelink/gcc/lib/os/Release/libsimplelink.a(netapp.o)
                0x0000000020008280                _sl_NetAppSendTokenValue
 .text._SlDrvNetAppEventHandler
                0x00000000200082d0       0xdc ../../../simplelink/gcc/lib/os/Release/libsimplelink.a(netapp.o)
                0x00000000200082d0                _SlDrvNetAppEventHandler
 .text.sl_NetCfgSet
                0x00000000200083ac       0x64 ../../../simplelink/gcc/lib/os/Release/libsimplelink.a(netcfg.o)
                0x00000000200083ac                sl_NetCfgSet
 .text._sl_Strlen
                0x0000000020008410       0x18 ../../../simplelink/gcc/lib/os/Release/libsimplelink.a(fs.o)
 .text._sl_GetCreateFsMode
                0x0000000020008428       0x58 ../../../simplelink/gcc/lib/os/Release/libsimplelink.a(fs.o)
                0x0000000020008428                _sl_GetCreateFsMode
 .text.sl_FsOpen
                0x0000000020008480       0x78 ../../../simplelink/gcc/lib/os/Release/libsimplelink.a(fs.o)
                0x0000000020008480                sl_FsOpen
 .text.sl_FsClose
                0x00000000200084f8       0x80 ../../../simplelink/gcc/lib/os/Release/libsimplelink.a(fs.o)
                0x00000000200084f8                sl_FsClose
 .text.sl_FsRead
                0x0000000020008578       0xa0 ../../../simplelink/gcc/lib/os/Release/libsimplelink.a(fs.o)
                0x0000000020008578                sl_FsRead
 .text.sl_FsWrite
                0x0000000020008618       0xa0 ../../../simplelink/gcc/lib/os/Release/libsimplelink.a(fs.o)
                0x0000000020008618                sl_FsWrite
 .text._sl_BuildAddress
                0x00000000200086b8       0x28 ../../../simplelink/gcc/lib/os/Release/libsimplelink.a(socket.o)
 .text.sl_Socket
                0x00000000200086e0       0x50 ../../../simplelink/gcc/lib/os/Release/libsimplelink.a(socket.o)
                0x00000000200086e0                sl_Socket
 .text.sl_Close
                0x0000000020008730       0x40 ../../../simplelink/gcc/lib/os/Release/libsimplelink.a(socket.o)
                0x0000000020008730                sl_Close
 .text.sl_Bind  0x0000000020008770       0x80 ../../../simplelink/gcc/lib/os/Release/libsimplelink.a(socket.o)
                0x0000000020008770                sl_Bind
 .text.sl_SendTo
                0x00000000200087f0       0xe8 ../../../simplelink/gcc/lib/os/Release/libsimplelink.a(socket.o)
                0x00000000200087f0                sl_SendTo
 .text.sl_RecvFrom
                0x00000000200088d8       0xc8 ../../../simplelink/gcc/lib/os/Release/libsimplelink.a(socket.o)
                0x00000000200088d8                sl_RecvFrom
 .text.sl_Connect
                0x00000000200089a0       0xf8 ../../../simplelink/gcc/lib/os/Release/libsimplelink.a(socket.o)
                0x00000000200089a0                sl_Connect
 .text._sl_HandleAsync_Connect
                0x0000000020008a98       0x54 ../../../simplelink/gcc/lib/os/Release/libsimplelink.a(socket.o)
                0x0000000020008a98                _sl_HandleAsync_Connect
 .text.sl_Send  0x0000000020008aec       0xd8 ../../../simplelink/gcc/lib/os/Release/libsimplelink.a(socket.o)
                0x0000000020008aec                sl_Send
 .text.sl_Listen
                0x0000000020008bc4       0x44 ../../../simplelink/gcc/lib/os/Release/libsimplelink.a(socket.o)
                0x0000000020008bc4                sl_Listen
 .text.sl_Accept
                0x0000000020008c08      0x114 ../../../simplelink/gcc/lib/os/Release/libsimplelink.a(socket.o)
                0x0000000020008c08                sl_Accept
 .text.sl_Htonl
                0x0000000020008d1c       0x22 ../../../simplelink/gcc/lib/os/Release/libsimplelink.a(socket.o)
                0x0000000020008d1c                sl_Htonl
 *fill*         0x0000000020008d3e        0x2 
 .text._sl_HandleAsync_Accept
                0x0000000020008d40       0x54 ../../../simplelink/gcc/lib/os/Release/libsimplelink.a(socket.o)
                0x0000000020008d40                _sl_HandleAsync_Accept
 .text._sl_HandleAsync_Select
                0x0000000020008d94       0x40 ../../../simplelink/gcc/lib/os/Release/libsimplelink.a(socket.o)
                0x0000000020008d94                _sl_HandleAsync_Select
 .text.sl_Recv  0x0000000020008dd4       0x64 ../../../simplelink/gcc/lib/os/Release/libsimplelink.a(socket.o)
                0x0000000020008dd4                sl_Recv
 .text.sl_SetSockOpt
                0x0000000020008e38       0x6c ../../../simplelink/gcc/lib/os/Release/libsimplelink.a(socket.o)
                0x0000000020008e38                sl_SetSockOpt
 .text.sl_GetSockOpt
                0x0000000020008ea4       0x94 ../../../simplelink/gcc/lib/os/Release/libsimplelink.a(socket.o)
                0x0000000020008ea4                sl_GetSockOpt
 .text.sl_Select
                0x0000000020008f38       0xf4 ../../../simplelink/gcc/lib/os/Release/libsimplelink.a(socket.o)
                0x0000000020008f38                sl_Select
 .text.SL_FD_SET
                0x000000002000902c       0x12 ../../../simplelink/gcc/lib/os/Release/libsimplelink.a(socket.o)
                0x000000002000902c                SL_FD_SET
 .text.SL_FD_ZERO
                0x000000002000903e        0x6 ../../../simplelink/gcc/lib/os/Release/libsimplelink.a(socket.o)
                0x000000002000903e                SL_FD_ZERO
 .text.sl_WlanConnect
                0x0000000020009044      0x1c0 ../../../simplelink/gcc/lib/os/Release/libsimplelink.a(wlan.o)
                0x0000000020009044                sl_WlanConnect
 .text.sl_WlanDisconnect
                0x0000000020009204       0x28 ../../../simplelink/gcc/lib/os/Release/libsimplelink.a(wlan.o)
                0x0000000020009204                sl_WlanDisconnect
 .text.sl_WlanPolicySet
                0x000000002000922c       0x5c ../../../simplelink/gcc/lib/os/Release/libsimplelink.a(wlan.o)
                0x000000002000922c                sl_WlanPolicySet
 .text.sl_WlanProfileAdd
                0x0000000020009288      0x1b8 ../../../simplelink/gcc/lib/os/Release/libsimplelink.a(wlan.o)
                0x0000000020009288                sl_WlanProfileAdd
 .text.sl_WlanSetMode
                0x0000000020009440       0x40 ../../../simplelink/gcc/lib/os/Release/libsimplelink.a(wlan.o)
                0x0000000020009440                sl_WlanSetMode
 .text.sl_WlanSet
                0x0000000020009480       0x64 ../../../simplelink/gcc/lib/os/Release/libsimplelink.a(wlan.o)
                0x0000000020009480                sl_WlanSet
 .text.DmaSpiSwIntHandler
                0x00000000200094e4       0x38 ../../../simplelink/gcc/lib/os/Release/libsimplelink.a(cc_pal.o)
                0x00000000200094e4                DmaSpiSwIntHandler
 .text.cc_UDMAChannelSelect.part.0
                0x000000002000951c       0x1c ../../../simplelink/gcc/lib/os/Release/libsimplelink.a(cc_pal.o)
 .text.cc_SetupTransfer.constprop.1
                0x0000000020009538       0x48 ../../../simplelink/gcc/lib/os/Release/libsimplelink.a(cc_pal.o)
 .text.SetupDMAReceive
                0x0000000020009580       0x5c ../../../simplelink/gcc/lib/os/Release/libsimplelink.a(cc_pal.o)
 .text.spi_Open
                0x00000000200095dc      0x13c ../../../simplelink/gcc/lib/os/Release/libsimplelink.a(cc_pal.o)
                0x00000000200095dc                spi_Open
 .text.spi_Close
                0x0000000020009718       0x84 ../../../simplelink/gcc/lib/os/Release/libsimplelink.a(cc_pal.o)
                0x0000000020009718                spi_Close
 .text.spi_Read
                0x000000002000979c      0x100 ../../../simplelink/gcc/lib/os/Release/libsimplelink.a(cc_pal.o)
                0x000000002000979c                spi_Read
 .text.spi_Write
                0x000000002000989c       0xec ../../../simplelink/gcc/lib/os/Release/libsimplelink.a(cc_pal.o)
                0x000000002000989c                spi_Write
 .text.NwpRegisterInterruptHandler
                0x0000000020009988       0x28 ../../../simplelink/gcc/lib/os/Release/libsimplelink.a(cc_pal.o)
                0x0000000020009988                NwpRegisterInterruptHandler
 .text.NwpMaskInterrupt
                0x00000000200099b0        0xc ../../../simplelink/gcc/lib/os/Release/libsimplelink.a(cc_pal.o)
                0x00000000200099b0                NwpMaskInterrupt
 .text.NwpUnMaskInterrupt
                0x00000000200099bc        0xc ../../../simplelink/gcc/lib/os/Release/libsimplelink.a(cc_pal.o)
                0x00000000200099bc                NwpUnMaskInterrupt
 .text.NwpPowerOn
                0x00000000200099c8       0x38 ../../../simplelink/gcc/lib/os/Release/libsimplelink.a(cc_pal.o)
                0x00000000200099c8                NwpPowerOn
 .text.NwpPowerOff
                0x0000000020009a00       0x3c ../../../simplelink/gcc/lib/os/Release/libsimplelink.a(cc_pal.o)
                0x0000000020009a00                NwpPowerOff
 .text.NwpPowerOnPreamble
                0x0000000020009a3c       0x60 ../../../simplelink/gcc/lib/os/Release/libsimplelink.a(cc_pal.o)
                0x0000000020009a3c                NwpPowerOnPreamble
 .text.NwpPrePowerOffTimout0
                0x0000000020009a9c       0x20 ../../../simplelink/gcc/lib/os/Release/libsimplelink.a(cc_pal.o)
                0x0000000020009a9c                NwpPrePowerOffTimout0
 .text.simplelink_timerA2_start
                0x0000000020009abc       0x4c ../../../simplelink/gcc/lib/os/Release/libsimplelink.a(cc_pal.o)
                0x0000000020009abc                simplelink_timerA2_start
 .text.TimerGetCurrentTimestamp
                0x0000000020009b08       0x24 ../../../simplelink/gcc/lib/os/Release/libsimplelink.a(cc_pal.o)
                0x0000000020009b08                TimerGetCurrentTimestamp
 .text.vSimpleLinkSpawnTask
                0x0000000020009b2c       0x24 ../../../oslib/gcc/free_rtos/Release/free_rtos.a(osi_freertos.o)
 .text.osi_InterruptRegister
                0x0000000020009b50       0x24 ../../../oslib/gcc/free_rtos/Release/free_rtos.a(osi_freertos.o)
                0x0000000020009b50                osi_InterruptRegister
 .text.osi_InterruptDeRegister
                0x0000000020009b74       0x18 ../../../oslib/gcc/free_rtos/Release/free_rtos.a(osi_freertos.o)
                0x0000000020009b74                osi_InterruptDeRegister
 .text.osi_SyncObjCreate
                0x0000000020009b8c       0x22 ../../../oslib/gcc/free_rtos/Release/free_rtos.a(osi_freertos.o)
                0x0000000020009b8c                osi_SyncObjCreate
 .text.osi_SyncObjSignal
                0x0000000020009bae       0x1a ../../../oslib/gcc/free_rtos/Release/free_rtos.a(osi_freertos.o)
                0x0000000020009bae                osi_SyncObjSignal
 .text.osi_SyncObjSignalFromISR
                0x0000000020009bc8       0x30 ../../../oslib/gcc/free_rtos/Release/free_rtos.a(osi_freertos.o)
                0x0000000020009bc8                osi_SyncObjSignalFromISR
 .text.osi_LockObjCreate
                0x0000000020009bf8       0x18 ../../../oslib/gcc/free_rtos/Release/free_rtos.a(osi_freertos.o)
                0x0000000020009bf8                osi_LockObjCreate
 .text.osi_TaskCreate
                0x0000000020009c10       0x24 ../../../oslib/gcc/free_rtos/Release/free_rtos.a(osi_freertos.o)
                0x0000000020009c10                osi_TaskCreate
 .text.osi_LockObjDelete
                0x0000000020009c34        0xc ../../../oslib/gcc/free_rtos/Release/free_rtos.a(osi_freertos.o)
                0x0000000020009c34                osi_LockObjDelete
 .text.osi_LockObjLock
                0x0000000020009c40       0x20 ../../../oslib/gcc/free_rtos/Release/free_rtos.a(osi_freertos.o)
                0x0000000020009c40                osi_LockObjLock
 .text.osi_SyncObjWait
                0x0000000020009c60        0x4 ../../../oslib/gcc/free_rtos/Release/free_rtos.a(osi_freertos.o)
                0x0000000020009c60                osi_SyncObjWait
 .text.osi_LockObjUnlock
                0x0000000020009c64       0x20 ../../../oslib/gcc/free_rtos/Release/free_rtos.a(osi_freertos.o)
                0x0000000020009c64                osi_LockObjUnlock
 .text.osi_Spawn
                0x0000000020009c84       0x3c ../../../oslib/gcc/free_rtos/Release/free_rtos.a(osi_freertos.o)
                0x0000000020009c84                osi_Spawn
 .text.VStartSimpleLinkSpawnTask
                0x0000000020009cc0       0x50 ../../../oslib/gcc/free_rtos/Release/free_rtos.a(osi_freertos.o)
                0x0000000020009cc0                VStartSimpleLinkSpawnTask
 .text.osi_MsgQCreate
                0x0000000020009d10       0x22 ../../../oslib/gcc/free_rtos/Release/free_rtos.a(osi_freertos.o)
                0x0000000020009d10                osi_MsgQCreate
 .text.osi_MsgQDelete
                0x0000000020009d32       0x14 ../../../oslib/gcc/free_rtos/Release/free_rtos.a(osi_freertos.o)
                0x0000000020009d32                osi_MsgQDelete
 .text.osi_SyncObjDelete
                0x0000000020009d46        0x4 ../../../oslib/gcc/free_rtos/Release/free_rtos.a(osi_freertos.o)
                0x0000000020009d46                osi_SyncObjDelete
 *fill*         0x0000000020009d4a        0x2 
 .text.osi_MsgQWrite
                0x0000000020009d4c       0x28 ../../../oslib/gcc/free_rtos/Release/free_rtos.a(osi_freertos.o)
                0x0000000020009d4c                osi_MsgQWrite
 .text.osi_MsgQRead
                0x0000000020009d74       0x1c ../../../oslib/gcc/free_rtos/Release/free_rtos.a(osi_freertos.o)
                0x0000000020009d74                osi_MsgQRead
 .text.osi_start
                0x0000000020009d90        0x4 ../../../oslib/gcc/free_rtos/Release/free_rtos.a(osi_freertos.o)
                0x0000000020009d90                osi_start
 .text.osi_Sleep
                0x0000000020009d94        0x4 ../../../oslib/gcc/free_rtos/Release/free_rtos.a(osi_freertos.o)
                0x0000000020009d94                osi_Sleep
 .text.prvCopyDataToQueue
                0x0000000020009d98       0x6a ../../../oslib/gcc/free_rtos/Release/free_rtos.a(queue.o)
 *fill*         0x0000000020009e02        0x2 
 .text.prvNotifyQueueSetContainer
                0x0000000020009e04       0x68 ../../../oslib/gcc/free_rtos/Release/free_rtos.a(queue.o)
 .text.prvCopyDataFromQueue
                0x0000000020009e6c       0x26 ../../../oslib/gcc/free_rtos/Release/free_rtos.a(queue.o)
 .text.prvUnlockQueue
                0x0000000020009e92       0x7c ../../../oslib/gcc/free_rtos/Release/free_rtos.a(queue.o)
 *fill*         0x0000000020009f0e        0x2 
 .text.xQueueGenericReset
                0x0000000020009f10       0x6c ../../../oslib/gcc/free_rtos/Release/free_rtos.a(queue.o)
                0x0000000020009f10                xQueueGenericReset
 .text.xQueueGenericCreate
                0x0000000020009f7c       0x60 ../../../oslib/gcc/free_rtos/Release/free_rtos.a(queue.o)
                0x0000000020009f7c                xQueueGenericCreate
 .text.xQueueGenericSend
                0x0000000020009fdc      0x144 ../../../oslib/gcc/free_rtos/Release/free_rtos.a(queue.o)
                0x0000000020009fdc                xQueueGenericSend
 .text.xQueueCreateMutex
                0x000000002000a120       0x5c ../../../oslib/gcc/free_rtos/Release/free_rtos.a(queue.o)
                0x000000002000a120                xQueueCreateMutex
 .text.xQueueGenericSendFromISR
                0x000000002000a17c       0xb4 ../../../oslib/gcc/free_rtos/Release/free_rtos.a(queue.o)
                0x000000002000a17c                xQueueGenericSendFromISR
 .text.xQueueGiveFromISR
                0x000000002000a230       0x98 ../../../oslib/gcc/free_rtos/Release/free_rtos.a(queue.o)
                0x000000002000a230                xQueueGiveFromISR
 .text.xQueueGenericReceive
                0x000000002000a2c8      0x14c ../../../oslib/gcc/free_rtos/Release/free_rtos.a(queue.o)
                0x000000002000a2c8                xQueueGenericReceive
 .text.vQueueAddToRegistry
                0x000000002000a414       0x28 ../../../oslib/gcc/free_rtos/Release/free_rtos.a(queue.o)
                0x000000002000a414                vQueueAddToRegistry
 .text.vQueueUnregisterQueue
                0x000000002000a43c       0x24 ../../../oslib/gcc/free_rtos/Release/free_rtos.a(queue.o)
                0x000000002000a43c                vQueueUnregisterQueue
 .text.vQueueDelete
                0x000000002000a460       0x24 ../../../oslib/gcc/free_rtos/Release/free_rtos.a(queue.o)
                0x000000002000a460                vQueueDelete
 .text.vQueueWaitForMessageRestricted
                0x000000002000a484       0x3a ../../../oslib/gcc/free_rtos/Release/free_rtos.a(queue.o)
                0x000000002000a484                vQueueWaitForMessageRestricted
 *fill*         0x000000002000a4be        0x2 
 .text.prvResetNextTaskUnblockTime
                0x000000002000a4c0       0x24 ../../../oslib/gcc/free_rtos/Release/free_rtos.a(tasks.o)
 .text.prvAddCurrentTaskToDelayedList
                0x000000002000a4e4       0x50 ../../../oslib/gcc/free_rtos/Release/free_rtos.a(tasks.o)
 .text.xTaskGenericCreate
                0x000000002000a534      0x1d4 ../../../oslib/gcc/free_rtos/Release/free_rtos.a(tasks.o)
                0x000000002000a534                xTaskGenericCreate
 .text.vTaskStartScheduler
                0x000000002000a708       0x70 ../../../oslib/gcc/free_rtos/Release/free_rtos.a(tasks.o)
                0x000000002000a708                vTaskStartScheduler
 .text.vTaskSuspendAll
                0x000000002000a778       0x10 ../../../oslib/gcc/free_rtos/Release/free_rtos.a(tasks.o)
                0x000000002000a778                vTaskSuspendAll
 .text.xTaskGetTickCount
                0x000000002000a788        0xc ../../../oslib/gcc/free_rtos/Release/free_rtos.a(tasks.o)
                0x000000002000a788                xTaskGetTickCount
 .text.xTaskIncrementTick
                0x000000002000a794      0x104 ../../../oslib/gcc/free_rtos/Release/free_rtos.a(tasks.o)
                0x000000002000a794                xTaskIncrementTick
 .text.xTaskResumeAll
                0x000000002000a898       0xd8 ../../../oslib/gcc/free_rtos/Release/free_rtos.a(tasks.o)
                0x000000002000a898                xTaskResumeAll
 .text.vTaskDelay
                0x000000002000a970       0x6c ../../../oslib/gcc/free_rtos/Release/free_rtos.a(tasks.o)
                0x000000002000a970                vTaskDelay
 .text.prvIdleTask
                0x000000002000a9dc       0x5c ../../../oslib/gcc/free_rtos/Release/free_rtos.a(tasks.o)
 .text.vTaskSwitchContext
                0x000000002000aa38       0xa8 ../../../oslib/gcc/free_rtos/Release/free_rtos.a(tasks.o)
                0x000000002000aa38                vTaskSwitchContext
 .text.vTaskPlaceOnEventList
                0x000000002000aae0       0x70 ../../../oslib/gcc/free_rtos/Release/free_rtos.a(tasks.o)
                0x000000002000aae0                vTaskPlaceOnEventList
 .text.vTaskPlaceOnEventListRestricted
                0x000000002000ab50       0x58 ../../../oslib/gcc/free_rtos/Release/free_rtos.a(tasks.o)
                0x000000002000ab50                vTaskPlaceOnEventListRestricted
 .text.xTaskRemoveFromEventList
                0x000000002000aba8       0x80 ../../../oslib/gcc/free_rtos/Release/free_rtos.a(tasks.o)
                0x000000002000aba8                xTaskRemoveFromEventList
 .text.vTaskSetTimeOutState
                0x000000002000ac28       0x2c ../../../oslib/gcc/free_rtos/Release/free_rtos.a(tasks.o)
                0x000000002000ac28                vTaskSetTimeOutState
 .text.xTaskCheckForTimeOut
                0x000000002000ac54       0x68 ../../../oslib/gcc/free_rtos/Release/free_rtos.a(tasks.o)
                0x000000002000ac54                xTaskCheckForTimeOut
 .text.vTaskMissedYield
                0x000000002000acbc        0xc ../../../oslib/gcc/free_rtos/Release/free_rtos.a(tasks.o)
                0x000000002000acbc                vTaskMissedYield
 .text.xTaskGetSchedulerState
                0x000000002000acc8       0x20 ../../../oslib/gcc/free_rtos/Release/free_rtos.a(tasks.o)
                0x000000002000acc8                xTaskGetSchedulerState
 .text.vTaskPriorityInherit
                0x000000002000ace8       0x8c ../../../oslib/gcc/free_rtos/Release/free_rtos.a(tasks.o)
                0x000000002000ace8                vTaskPriorityInherit
 .text.xTaskPriorityDisinherit
                0x000000002000ad74       0x98 ../../../oslib/gcc/free_rtos/Release/free_rtos.a(tasks.o)
                0x000000002000ad74                xTaskPriorityDisinherit
 .text.pvTaskIncrementMutexHeldCount
                0x000000002000ae0c       0x18 ../../../oslib/gcc/free_rtos/Release/free_rtos.a(tasks.o)
                0x000000002000ae0c                pvTaskIncrementMutexHeldCount
 .text.prvPortStartFirstTask
                0x000000002000ae24       0x20 ../../../oslib/gcc/free_rtos/Release/free_rtos.a(port.o)
 .text.pxPortInitialiseStack
                0x000000002000ae44       0x1c ../../../oslib/gcc/free_rtos/Release/free_rtos.a(port.o)
                0x000000002000ae44                pxPortInitialiseStack
 .text.vPortSVCHandler
                0x000000002000ae60       0x24 ../../../oslib/gcc/free_rtos/Release/free_rtos.a(port.o)
                0x000000002000ae60                vPortSVCHandler
 .text.vPortYield
                0x000000002000ae84       0x18 ../../../oslib/gcc/free_rtos/Release/free_rtos.a(port.o)
                0x000000002000ae84                vPortYield
 .text.ulPortSetInterruptMask
                0x000000002000ae9c       0x10 ../../../oslib/gcc/free_rtos/Release/free_rtos.a(port.o)
                0x000000002000ae9c                ulPortSetInterruptMask
 .text.prvTaskExitError
                0x000000002000aeac       0x20 ../../../oslib/gcc/free_rtos/Release/free_rtos.a(port.o)
 .text.vPortEnterCritical
                0x000000002000aecc       0x40 ../../../oslib/gcc/free_rtos/Release/free_rtos.a(port.o)
                0x000000002000aecc                vPortEnterCritical
 .text.vPortClearInterruptMask
                0x000000002000af0c        0x6 ../../../oslib/gcc/free_rtos/Release/free_rtos.a(port.o)
                0x000000002000af0c                vPortClearInterruptMask
 *fill*         0x000000002000af12        0x2 
 .text.vPortExitCritical
                0x000000002000af14       0x2c ../../../oslib/gcc/free_rtos/Release/free_rtos.a(port.o)
                0x000000002000af14                vPortExitCritical
 .text.xPortPendSVHandler
                0x000000002000af40       0x44 ../../../oslib/gcc/free_rtos/Release/free_rtos.a(port.o)
                0x000000002000af40                xPortPendSVHandler
 .text.xPortSysTickHandler
                0x000000002000af84       0x24 ../../../oslib/gcc/free_rtos/Release/free_rtos.a(port.o)
                0x000000002000af84                xPortSysTickHandler
 .text.vPortSetupTimerInterrupt
                0x000000002000afa8       0x18 ../../../oslib/gcc/free_rtos/Release/free_rtos.a(port.o)
                0x000000002000afa8                vPortSetupTimerInterrupt
 .text.xPortStartScheduler
                0x000000002000afc0       0x98 ../../../oslib/gcc/free_rtos/Release/free_rtos.a(port.o)
                0x000000002000afc0                xPortStartScheduler
 .text.vPortValidateInterruptPriority
                0x000000002000b058       0x54 ../../../oslib/gcc/free_rtos/Release/free_rtos.a(port.o)
                0x000000002000b058                vPortValidateInterruptPriority
 .text.prvCheckForValidListAndQueue
                0x000000002000b0ac       0x6c ../../../oslib/gcc/free_rtos/Release/free_rtos.a(timers.o)
 .text.prvInsertTimerInActiveList
                0x000000002000b118       0x3c ../../../oslib/gcc/free_rtos/Release/free_rtos.a(timers.o)
 .text.xTimerCreateTimerTask
                0x000000002000b154       0x50 ../../../oslib/gcc/free_rtos/Release/free_rtos.a(timers.o)
                0x000000002000b154                xTimerCreateTimerTask
 .text.xTimerGenericCommand
                0x000000002000b1a4       0x44 ../../../oslib/gcc/free_rtos/Release/free_rtos.a(timers.o)
                0x000000002000b1a4                xTimerGenericCommand
 .text.prvSwitchTimerLists
                0x000000002000b1e8       0x7c ../../../oslib/gcc/free_rtos/Release/free_rtos.a(timers.o)
 .text.prvTimerTask
                0x000000002000b264      0x190 ../../../oslib/gcc/free_rtos/Release/free_rtos.a(timers.o)
 .text.pvPortMalloc
                0x000000002000b3f4       0x1e ../../../oslib/gcc/free_rtos/Release/free_rtos.a(heap_3.o)
                0x000000002000b3f4                pvPortMalloc
 .text.vPortFree
                0x000000002000b412       0x1a ../../../oslib/gcc/free_rtos/Release/free_rtos.a(heap_3.o)
                0x000000002000b412                vPortFree
 .text.vListInitialise
                0x000000002000b42c       0x16 ../../../oslib/gcc/free_rtos/Release/free_rtos.a(list.o)
                0x000000002000b42c                vListInitialise
 .text.vListInitialiseItem
                0x000000002000b442        0x6 ../../../oslib/gcc/free_rtos/Release/free_rtos.a(list.o)
                0x000000002000b442                vListInitialiseItem
 .text.vListInsertEnd
                0x000000002000b448       0x18 ../../../oslib/gcc/free_rtos/Release/free_rtos.a(list.o)
                0x000000002000b448                vListInsertEnd
 .text.vListInsert
                0x000000002000b460       0x30 ../../../oslib/gcc/free_rtos/Release/free_rtos.a(list.o)
                0x000000002000b460                vListInsert
 .text.uxListRemove
                0x000000002000b490       0x20 ../../../oslib/gcc/free_rtos/Release/free_rtos.a(list.o)
                0x000000002000b490                uxListRemove
 .text.IntEnable
                0x000000002000b4b0       0x68 ../../../driverlib/gcc/lib/Release/libdriver.a(interrupt.o)
                0x000000002000b4b0                IntEnable
 .text.IntDisable
                0x000000002000b518       0x68 ../../../driverlib/gcc/lib/Release/libdriver.a(interrupt.o)
                0x000000002000b518                IntDisable
 .text.PRCMSysResetCauseGet
                0x000000002000b580       0x2c ../../../driverlib/gcc/lib/Release/libdriver.a(prcm.o)
                0x000000002000b580                PRCMSysResetCauseGet
 .text.PRCMPeripheralClkEnable
                0x000000002000b5ac       0x2c ../../../driverlib/gcc/lib/Release/libdriver.a(prcm.o)
                0x000000002000b5ac                PRCMPeripheralClkEnable
 .text.PRCMPeripheralClkDisable
                0x000000002000b5d8       0x1c ../../../driverlib/gcc/lib/Release/libdriver.a(prcm.o)
                0x000000002000b5d8                PRCMPeripheralClkDisable
 .text.PRCMPeripheralReset
                0x000000002000b5f4       0x40 ../../../driverlib/gcc/lib/Release/libdriver.a(prcm.o)
                0x000000002000b5f4                PRCMPeripheralReset
 .text.PRCMPeripheralStatusGet
                0x000000002000b634       0x1c ../../../driverlib/gcc/lib/Release/libdriver.a(prcm.o)
                0x000000002000b634                PRCMPeripheralStatusGet
 .text.PRCMCC3200MCUInit
                0x000000002000b650      0x150 ../../../driverlib/gcc/lib/Release/libdriver.a(prcm.o)
                0x000000002000b650                PRCMCC3200MCUInit
 .text.SPIConfigSetExpClk
                0x000000002000b7a0       0x5a ../../../driverlib/gcc/lib/Release/libdriver.a(spi.o)
                0x000000002000b7a0                SPIConfigSetExpClk
 .text.SPIFIFODisable
                0x000000002000b7fa        0xe ../../../driverlib/gcc/lib/Release/libdriver.a(spi.o)
                0x000000002000b7fa                SPIFIFODisable
 .text.SPIDmaDisable
                0x000000002000b808        0x4 ../../../driverlib/gcc/lib/Release/libdriver.a(spi.o)
                0x000000002000b808                SPIDmaDisable
 .text.TimerConfigure
                0x000000002000b80c       0x28 ../../../driverlib/gcc/lib/Release/libdriver.a(timer.o)
                0x000000002000b80c                TimerConfigure
 .text.UtilsDelay
                0x000000002000b834        0x8 ../../../driverlib/gcc/lib/Release/libdriver.a(utils.o)
                0x000000002000b834                UtilsDelay
 .text.malloc   0x000000002000b83c       0x10 /usr/lib/gcc/arm-none-eabi/5.2.0/../../../../arm-none-eabi/lib/armv7e-m/libc_nano.a(lib_a-malloc.o)
                0x000000002000b83c                malloc
 .text.free     0x000000002000b84c       0x10 /usr/lib/gcc/arm-none-eabi/5.2.0/../../../../arm-none-eabi/lib/armv7e-m/libc_nano.a(lib_a-malloc.o)
                0x000000002000b84c                free
 .text.memcmp   0x000000002000b85c       0x1e /usr/lib/gcc/arm-none-eabi/5.2.0/../../../../arm-none-eabi/lib/armv7e-m/libc_nano.a(lib_a-memcmp.o)
                0x000000002000b85c                memcmp
 .text.memcpy   0x000000002000b87a       0x16 /usr/lib/gcc/arm-none-eabi/5.2.0/../../../../arm-none-eabi/lib/armv7e-m/libc_nano.a(lib_a-memcpy.o)
                0x000000002000b87a                memcpy
 .text.memmove  0x000000002000b890       0x36 /usr/lib/gcc/arm-none-eabi/5.2.0/../../../../arm-none-eabi/lib/armv7e-m/libc_nano.a(lib_a-memmove.o)
                0x000000002000b890                memmove
 .text.memset   0x000000002000b8c6       0x10 /usr/lib/gcc/arm-none-eabi/5.2.0/../../../../arm-none-eabi/lib/armv7e-m/libc_nano.a(lib_a-memset.o)
                0x000000002000b8c6                memset
 *fill*         0x000000002000b8d6        0x2 
 .text._free_r  0x000000002000b8d8       0x8c /usr/lib/gcc/arm-none-eabi/5.2.0/../../../../arm-none-eabi/lib/armv7e-m/libc_nano.a(lib_a-nano-freer.o)
                0x000000002000b8d8                _free_r
 .text._malloc_r
                0x000000002000b964       0xa8 /usr/lib/gcc/arm-none-eabi/5.2.0/../../../../arm-none-eabi/lib/armv7e-m/libc_nano.a(lib_a-nano-mallocr.o)
                0x000000002000b964                _malloc_r
 .text.realloc  0x000000002000ba0c       0x10 /usr/lib/gcc/arm-none-eabi/5.2.0/../../../../arm-none-eabi/lib/armv7e-m/libc_nano.a(lib_a-realloc.o)
                0x000000002000ba0c                realloc
 .text._sbrk_r  0x000000002000ba1c       0x20 /usr/lib/gcc/arm-none-eabi/5.2.0/../../../../arm-none-eabi/lib/armv7e-m/libc_nano.a(lib_a-sbrkr.o)
                0x000000002000ba1c                _sbrk_r
 .text.strchr   0x000000002000ba3c       0x1c /usr/lib/gcc/arm-none-eabi/5.2.0/../../../../arm-none-eabi/lib/armv7e-m/libc_nano.a(lib_a-strchr.o)
                0x000000002000ba3c                strchr
 .text          0x000000002000ba58       0x14 /usr/lib/gcc/arm-none-eabi/5.2.0/../../../../arm-none-eabi/lib/armv7e-m/libc_nano.a(lib_a-strcmp.o)
                0x000000002000ba58                strcmp
 .text.strcpy   0x000000002000ba6c       0x10 /usr/lib/gcc/arm-none-eabi/5.2.0/../../../../arm-none-eabi/lib/armv7e-m/libc_nano.a(lib_a-strcpy.o)
                0x000000002000ba6c                strcpy
 .text.strlen   0x000000002000ba7c       0x10 /usr/lib/gcc/arm-none-eabi/5.2.0/../../../../arm-none-eabi/lib/armv7e-m/libc_nano.a(lib_a-strlen.o)
                0x000000002000ba7c                strlen
 .text.strncpy  0x000000002000ba8c       0x26 /usr/lib/gcc/arm-none-eabi/5.2.0/../../../../arm-none-eabi/lib/armv7e-m/libc_nano.a(lib_a-strncpy.o)
                0x000000002000ba8c                strncpy
 .text.strstr   0x000000002000bab2       0x34 /usr/lib/gcc/arm-none-eabi/5.2.0/../../../../arm-none-eabi/lib/armv7e-m/libc_nano.a(lib_a-strstr.o)
                0x000000002000bab2                strstr
 *fill*         0x000000002000bae6        0x2 
 .text.strtok   0x000000002000bae8       0x64 /usr/lib/gcc/arm-none-eabi/5.2.0/../../../../arm-none-eabi/lib/armv7e-m/libc_nano.a(lib_a-strtok.o)
                0x000000002000bae8                strtok
 .text.__strtok_r
                0x000000002000bb4c       0x56 /usr/lib/gcc/arm-none-eabi/5.2.0/../../../../arm-none-eabi/lib/armv7e-m/libc_nano.a(lib_a-strtok_r.o)
                0x000000002000bb4c                __strtok_r
 *fill*         0x000000002000bba2        0x2 
 .text._strtol_r
                0x000000002000bba4      0x10c /usr/lib/gcc/arm-none-eabi/5.2.0/../../../../arm-none-eabi/lib/armv7e-m/libc_nano.a(lib_a-strtol.o)
                0x000000002000bba4                _strtol_r
 .text.strtol   0x000000002000bcb0       0x14 /usr/lib/gcc/arm-none-eabi/5.2.0/../../../../arm-none-eabi/lib/armv7e-m/libc_nano.a(lib_a-strtol.o)
                0x000000002000bcb0                strtol
 .text._vsnprintf_r
                0x000000002000bcc4       0x56 /usr/lib/gcc/arm-none-eabi/5.2.0/../../../../arm-none-eabi/lib/armv7e-m/libc_nano.a(lib_a-vsnprintf.o)
                0x000000002000bcc4                _vsnprintf_r
                0x000000002000bcc4                _vsniprintf_r
 *fill*         0x000000002000bd1a        0x2 
 .text.vsnprintf
                0x000000002000bd1c       0x1c /usr/lib/gcc/arm-none-eabi/5.2.0/../../../../arm-none-eabi/lib/armv7e-m/libc_nano.a(lib_a-vsnprintf.o)
                0x000000002000bd1c                vsnprintf
                0x000000002000bd1c                vsniprintf
 .text._realloc_r
                0x000000002000bd38       0x4c /usr/lib/gcc/arm-none-eabi/5.2.0/../../../../arm-none-eabi/lib/armv7e-m/libc_nano.a(lib_a-nano-reallocr.o)
                0x000000002000bd38                _realloc_r
 .text.__ssputs_r
                0x000000002000bd84       0xb2 /usr/lib/gcc/arm-none-eabi/5.2.0/../../../../arm-none-eabi/lib/armv7e-m/libc_nano.a(lib_a-nano-svfprintf.o)
                0x000000002000bd84                __ssputs_r
 *fill*         0x000000002000be36        0x2 
 .text._svfprintf_r
                0x000000002000be38      0x1e8 /usr/lib/gcc/arm-none-eabi/5.2.0/../../../../arm-none-eabi/lib/armv7e-m/libc_nano.a(lib_a-nano-svfprintf.o)
                0x000000002000be38                _svfprintf_r
                0x000000002000be38                _svfiprintf_r
 .text._printf_common
                0x000000002000c020       0xec /usr/lib/gcc/arm-none-eabi/5.2.0/../../../../arm-none-eabi/lib/armv7e-m/libc_nano.a(lib_a-nano-vfprintf_i.o)
                0x000000002000c020                _printf_common
 .text._printf_i
                0x000000002000c10c      0x24c /usr/lib/gcc/arm-none-eabi/5.2.0/../../../../arm-none-eabi/lib/armv7e-m/libc_nano.a(lib_a-nano-vfprintf_i.o)
                0x000000002000c10c                _printf_i
 .text.memchr   0x000000002000c358       0x1e /usr/lib/gcc/arm-none-eabi/5.2.0/../../../../arm-none-eabi/lib/armv7e-m/libc_nano.a(lib_a-memchr.o)
                0x000000002000c358                memchr
 .text._malloc_usable_size_r
                0x000000002000c376       0x14 /usr/lib/gcc/arm-none-eabi/5.2.0/../../../../arm-none-eabi/lib/armv7e-m/libc_nano.a(lib_a-nano-msizer.o)
                0x000000002000c376                _malloc_usable_size_r
 *(.rodata*)
 .rodata.__FUNCTION__.5905
                0x000000002000c38a        0x5 obj/Release/main.o
 .rodata.str1.1
                0x000000002000c38f       0xa8 obj/Release/main.o
 .rodata        0x000000002000c437        0x8 obj/Release/serial_wifi.o
 .rodata.__FUNCTION__.6049
                0x000000002000c43f        0xb obj/Release/serial_wifi.o
 .rodata.__FUNCTION__.5976
                0x000000002000c44a       0x10 obj/Release/serial_wifi.o
 .rodata.__FUNCTION__.5982
                0x000000002000c45a       0x10 obj/Release/serial_wifi.o
 .rodata.__FUNCTION__.6064
                0x000000002000c46a        0x9 obj/Release/serial_wifi.o
 .rodata.__FUNCTION__.5991
                0x000000002000c473       0x10 obj/Release/serial_wifi.o
 .rodata.__FUNCTION__.5995
                0x000000002000c483       0x13 obj/Release/serial_wifi.o
 .rodata.__FUNCTION__.5987
                0x000000002000c496       0x10 obj/Release/serial_wifi.o
 .rodata.str1.1
                0x000000002000c4a6      0x5a1 obj/Release/serial_wifi.o
                                        0x5de (size before relaxing)
 .rodata.__FUNCTION__.6060
                0x000000002000ca47       0x21 obj/Release/serial_wifi.o
 .rodata.__FUNCTION__.6015
                0x000000002000ca68        0xf obj/Release/serial_wifi.o
 .rodata.__FUNCTION__.6018
                0x000000002000ca77        0xf obj/Release/serial_wifi.o
 .rodata.__FUNCTION__.5962
                0x000000002000ca86       0x15 obj/Release/serial_wifi.o
 .rodata.__FUNCTION__.6036
                0x000000002000ca9b       0x15 obj/Release/serial_wifi.o
 .rodata.__FUNCTION__.5968
                0x000000002000cab0       0x17 obj/Release/serial_wifi.o
 .rodata.str1.1
                0x000000002000cac7      0xc25 obj/Release/uart_config.o
 .rodata.str1.1
                0x000000002000d6ec      0x5c2 obj/Release/network_if.o
                                        0x6b7 (size before relaxing)
 .rodata.str1.1
                0x000000002000dcae       0x24 obj/Release/uart_if.o
                                         0x27 (size before relaxing)
 .rodata._SlDeviceGetCmdCtrl
                0x000000002000dcd2        0x4 ../../../simplelink/gcc/lib/os/Release/libsimplelink.a(device.o)
 .rodata._SlDeviceSetCmdCtrl
                0x000000002000dcd6        0x4 ../../../simplelink/gcc/lib/os/Release/libsimplelink.a(device.o)
 .rodata._SlStopCmdCtrl
                0x000000002000dcda        0x4 ../../../simplelink/gcc/lib/os/Release/libsimplelink.a(device.o)
 .rodata.StartResponseLUT
                0x000000002000dcde        0x8 ../../../simplelink/gcc/lib/os/Release/libsimplelink.a(device.o)
 *fill*         0x000000002000dce6        0x2 
 .rodata.g_H2NSyncPattern
                0x000000002000dce8        0x8 ../../../simplelink/gcc/lib/os/Release/libsimplelink.a(driver.o)
 .rodata.g_H2NCnysPattern
                0x000000002000dcf0        0x8 ../../../simplelink/gcc/lib/os/Release/libsimplelink.a(driver.o)
 .rodata._SlActionLookupTable
                0x000000002000dcf8       0x38 ../../../simplelink/gcc/lib/os/Release/libsimplelink.a(driver.o)
                0x000000002000dcf8                _SlActionLookupTable
 .rodata.OpcodeTranslateTable
                0x000000002000dd30       0x3c ../../../simplelink/gcc/lib/os/Release/libsimplelink.a(driver.o)
                0x000000002000dd30                OpcodeTranslateTable
 .rodata.RxMsgClassLUT
                0x000000002000dd6c       0x20 ../../../simplelink/gcc/lib/os/Release/libsimplelink.a(driver.o)
 .rodata        0x000000002000dd8c        0x4 ../../../simplelink/gcc/lib/os/Release/libsimplelink.a(netapp.o)
 .rodata._SlGetHostByServiceCtrl
                0x000000002000dd90        0x4 ../../../simplelink/gcc/lib/os/Release/libsimplelink.a(netapp.o)
 .rodata._SlNetAppSendTokenValueCmdCtrl
                0x000000002000dd94        0x4 ../../../simplelink/gcc/lib/os/Release/libsimplelink.a(netapp.o)
                0x000000002000dd94                _SlNetAppSendTokenValueCmdCtrl
 .rodata._SlRegisterServiceCtrl
                0x000000002000dd98        0x4 ../../../simplelink/gcc/lib/os/Release/libsimplelink.a(netapp.o)
 .rodata._SlNetCfgSetCmdCtrl
                0x000000002000dd9c        0x4 ../../../simplelink/gcc/lib/os/Release/libsimplelink.a(netcfg.o)
 .rodata        0x000000002000dda0       0x14 ../../../simplelink/gcc/lib/os/Release/libsimplelink.a(fs.o)
 .rodata._SlFsReadCmdCtrl
                0x000000002000ddb4        0x4 ../../../simplelink/gcc/lib/os/Release/libsimplelink.a(fs.o)
 .rodata._SlFsWriteCmdCtrl
                0x000000002000ddb8        0x4 ../../../simplelink/gcc/lib/os/Release/libsimplelink.a(fs.o)
 .rodata._SlFsCloseCmdCtrl
                0x000000002000ddbc        0x4 ../../../simplelink/gcc/lib/os/Release/libsimplelink.a(fs.o)
 .rodata._SlFsOpenCmdCtrl
                0x000000002000ddc0        0x4 ../../../simplelink/gcc/lib/os/Release/libsimplelink.a(fs.o)
 .rodata._SlSelectCmdCtrl
                0x000000002000ddc4        0x4 ../../../simplelink/gcc/lib/os/Release/libsimplelink.a(socket.o)
 .rodata._SlSendCmdCtrl
                0x000000002000ddc8        0x4 ../../../simplelink/gcc/lib/os/Release/libsimplelink.a(socket.o)
 .rodata._SlSockSocketCmdCtrl
                0x000000002000ddcc        0x4 ../../../simplelink/gcc/lib/os/Release/libsimplelink.a(socket.o)
 .rodata._SlPayloadByProtocolLUT
                0x000000002000ddd0       0x10 ../../../simplelink/gcc/lib/os/Release/libsimplelink.a(socket.o)
 .rodata._SlListenCmdCtrl
                0x000000002000dde0        0x4 ../../../simplelink/gcc/lib/os/Release/libsimplelink.a(socket.o)
 .rodata._SlSockCloseCmdCtrl
                0x000000002000dde4        0x4 ../../../simplelink/gcc/lib/os/Release/libsimplelink.a(socket.o)
 .rodata._SlRecvCmdCtrl
                0x000000002000dde8        0x4 ../../../simplelink/gcc/lib/os/Release/libsimplelink.a(socket.o)
 .rodata._SlAcceptCmdCtrl
                0x000000002000ddec        0x4 ../../../simplelink/gcc/lib/os/Release/libsimplelink.a(socket.o)
 .rodata._SlGetSockOptCmdCtrl
                0x000000002000ddf0        0x4 ../../../simplelink/gcc/lib/os/Release/libsimplelink.a(socket.o)
 .rodata._SlRecvfomCmdCtrl
                0x000000002000ddf4        0x4 ../../../simplelink/gcc/lib/os/Release/libsimplelink.a(socket.o)
 .rodata._SlSetSockOptCmdCtrl
                0x000000002000ddf8        0x4 ../../../simplelink/gcc/lib/os/Release/libsimplelink.a(socket.o)
 .rodata._SlWlanCfgSetCmdCtrl
                0x000000002000ddfc        0x4 ../../../simplelink/gcc/lib/os/Release/libsimplelink.a(wlan.o)
 .rodata._SlWlanSetModeCmdCtrl
                0x000000002000de00        0x4 ../../../simplelink/gcc/lib/os/Release/libsimplelink.a(wlan.o)
 .rodata._SlPolicySetCmdCtrl
                0x000000002000de04        0x4 ../../../simplelink/gcc/lib/os/Release/libsimplelink.a(wlan.o)
 .rodata.str1.1
                0x000000002000de08        0x9 ../../../simplelink/gcc/lib/os/Release/libsimplelink.a(cc_pal.o)
 .rodata.str1.1
                0x000000002000de11        0x8 ../../../oslib/gcc/free_rtos/Release/free_rtos.a(osi_freertos.o)
 .rodata.str1.1
                0x000000002000de19       0x2a ../../../oslib/gcc/free_rtos/Release/free_rtos.a(queue.o)
 .rodata.ucExpectedStackBytes.5776
                0x000000002000de43       0x14 ../../../oslib/gcc/free_rtos/Release/free_rtos.a(tasks.o)
 .rodata.str1.1
                0x000000002000de57       0x3e ../../../oslib/gcc/free_rtos/Release/free_rtos.a(tasks.o)
 .rodata.str1.1
                0x000000002000de95       0x3e ../../../oslib/gcc/free_rtos/Release/free_rtos.a(port.o)
 .rodata.str1.1
                0x000000002000ded3       0x38 ../../../oslib/gcc/free_rtos/Release/free_rtos.a(timers.o)
 *fill*         0x000000002000df0b        0x1 
 .rodata.g_pulEnRegs
                0x000000002000df0c       0x18 ../../../driverlib/gcc/lib/Release/libdriver.a(interrupt.o)
 .rodata.g_pulDisRegs
                0x000000002000df24       0x18 ../../../driverlib/gcc/lib/Release/libdriver.a(interrupt.o)
 .rodata.PRCM_PeriphRegsList
                0x000000002000df3c       0xa8 ../../../driverlib/gcc/lib/Release/libdriver.a(prcm.o)
 .rodata._ctype_
                0x000000002000dfe4      0x101 /usr/lib/gcc/arm-none-eabi/5.2.0/../../../../arm-none-eabi/lib/armv7e-m/libc_nano.a(lib_a-ctype_.o)
                0x000000002000dfe4                _ctype_
 .rodata.str1.1
                0x000000002000e0e5        0x2 /usr/lib/gcc/arm-none-eabi/5.2.0/../../../../arm-none-eabi/lib/armv7e-m/libc_nano.a(lib_a-impure.o)
 .rodata.str1.1
                0x000000002000e0e7       0x11 /usr/lib/gcc/arm-none-eabi/5.2.0/../../../../arm-none-eabi/lib/armv7e-m/libc_nano.a(lib_a-nano-svfprintf.o)
 .rodata.str1.1
                0x000000002000e0f8       0x22 /usr/lib/gcc/arm-none-eabi/5.2.0/../../../../arm-none-eabi/lib/armv7e-m/libc_nano.a(lib_a-nano-vfprintf_i.o)
 *(.ARM.extab* .gnu.linkonce.armextab.*)
                0x000000002000e120                . = ALIGN (0x8)
 *fill*         0x000000002000e11a        0x6 
                0x000000002000e120                _etext = .

.glue_7         0x000000002000e120        0x0
 .glue_7        0x0000000000000000        0x0 linker stubs

.glue_7t        0x000000002000e120        0x0
 .glue_7t       0x0000000000000000        0x0 linker stubs

.vfp11_veneer   0x000000002000e120        0x0
 .vfp11_veneer  0x0000000000000000        0x0 linker stubs

.v4_bx          0x000000002000e120        0x0
 .v4_bx         0x0000000000000000        0x0 linker stubs

.iplt           0x000000002000e120        0x0
 .iplt          0x0000000000000000        0x0 obj/Release/main.o

.rel.dyn        0x000000002000e120        0x0
 .rel.iplt      0x0000000000000000        0x0 obj/Release/main.o

.ARM            0x000000002000e120        0x0
                0x000000002000e120                __exidx_start = .
 *(.ARM.exidx*)
                0x000000002000e120                __exidx_end = .
                0x000000002000e120                __init_data = .

.data           0x000000002000e120       0x88
                0x000000002000e120                _data = .
 *(.data*)
 .data.g_imDNSMode
                0x000000002000e120        0x4 obj/Release/serial_wifi.o
                0x000000002000e120                g_imDNSMode
 .data.g_WrapMode
                0x000000002000e124        0x1 obj/Release/serial_wifi.o
                0x000000002000e124                g_WrapMode
 *fill*         0x000000002000e125        0x3 
 .data.ilength  0x000000002000e128        0x4 obj/Release/serial_wifi.o
                0x000000002000e128                ilength
 .data.g_UartCmdSent
                0x000000002000e12c        0x4 obj/Release/serial_wifi.o
                0x000000002000e12c                g_UartCmdSent
 .data.g_mDNSStatus
                0x000000002000e130        0x4 obj/Release/serial_wifi.o
                0x000000002000e130                g_mDNSStatus
 .data.g_uiCipher
                0x000000002000e134        0x4 obj/Release/serial_wifi.o
                0x000000002000e134                g_uiCipher
 .data.xNextTaskUnblockTime
                0x000000002000e138        0x4 ../../../oslib/gcc/free_rtos/Release/free_rtos.a(tasks.o)
 .data.uxCriticalNesting
                0x000000002000e13c        0x4 ../../../oslib/gcc/free_rtos/Release/free_rtos.a(port.o)
 .data.__ctype_ptr__
                0x000000002000e140        0x4 /usr/lib/gcc/arm-none-eabi/5.2.0/../../../../arm-none-eabi/lib/armv7e-m/libc_nano.a(lib_a-ctype_.o)
                0x000000002000e140                __ctype_ptr__
 .data.impure_data
                0x000000002000e144       0x60 /usr/lib/gcc/arm-none-eabi/5.2.0/../../../../arm-none-eabi/lib/armv7e-m/libc_nano.a(lib_a-impure.o)
 .data._impure_ptr
                0x000000002000e1a4        0x4 /usr/lib/gcc/arm-none-eabi/5.2.0/../../../../arm-none-eabi/lib/armv7e-m/libc_nano.a(lib_a-impure.o)
                0x000000002000e1a4                _impure_ptr
                0x000000002000e1a8                . = ALIGN (0x8)
                0x000000002000e1a8                _edata = .

.igot.plt       0x000000002000e1a8        0x0
 .igot.plt      0x0000000000000000        0x0 obj/Release/main.o

.bss            0x000000002000e1a8     0x1868
                0x000000002000e1a8                _bss = .
 *(.bss*)
 .bss.g_UartMode
                0x000000002000e1a8        0x1 obj/Release/serial_wifi.o
                0x000000002000e1a8                g_UartMode
 *fill*         0x000000002000e1a9        0x3 
 .bss.g_TcpConnected
                0x000000002000e1ac        0x4 obj/Release/serial_wifi.o
                0x000000002000e1ac                g_TcpConnected
 .bss.g_ucMethod
                0x000000002000e1b0        0x1 obj/Release/serial_wifi.o
                0x000000002000e1b0                g_ucMethod
 *fill*         0x000000002000e1b1        0x3 
 .bss.g_UartHaveCmd
                0x000000002000e1b4        0x4 obj/Release/serial_wifi.o
                0x000000002000e1b4                g_UartHaveCmd
 .bss.g_BytesRx
                0x000000002000e1b8        0x4 obj/Release/serial_wifi.o
                0x000000002000e1b8                g_BytesRx
 .bss.g_ConfigurationDone
                0x000000002000e1bc        0x4 obj/Release/serial_wifi.o
                0x000000002000e1bc                g_ConfigurationDone
 .bss.g_BytesTx
                0x000000002000e1c0        0x4 obj/Release/serial_wifi.o
                0x000000002000e1c0                g_BytesTx
 .bss.g_InterpreterMode
                0x000000002000e1c4        0x1 obj/Release/serial_wifi.o
                0x000000002000e1c4                g_InterpreterMode
 *fill*         0x000000002000e1c5        0x3 
 .bss.g_ulStatus
                0x000000002000e1c8        0x4 obj/Release/network_if.o
                0x000000002000e1c8                g_ulStatus
 .bss.g_ulStaIp
                0x000000002000e1cc        0x4 obj/Release/network_if.o
                0x000000002000e1cc                g_ulStaIp
 .bss.g_ulGatewayIP
                0x000000002000e1d0        0x4 obj/Release/network_if.o
                0x000000002000e1d0                g_ulGatewayIP
 .bss.__Errorlog
                0x000000002000e1d4        0x4 obj/Release/uart_if.o
 .bss.pui32Stack
                0x000000002000e1d8     0x1000 obj/Release/startup_gcc.o
 .bss.heap_end  0x000000002000f1d8        0x4 obj/Release/startup_gcc.o
 .bss.heap2_end
                0x000000002000f1dc        0x4 obj/Release/startup_gcc.o
 .bss.g_StatMem
                0x000000002000f1e0      0x178 ../../../simplelink/gcc/lib/os/Release/libsimplelink.a(driver.o)
 .bss.g_SlDeviceStatus
                0x000000002000f358        0x2 ../../../simplelink/gcc/lib/os/Release/libsimplelink.a(driver.o)
                0x000000002000f358                g_SlDeviceStatus
 .bss.gFirstCmdMode
                0x000000002000f35a        0x1 ../../../simplelink/gcc/lib/os/Release/libsimplelink.a(driver.o)
 *fill*         0x000000002000f35b        0x1 
 .bss.pPingCallBackFunc
                0x000000002000f35c        0x4 ../../../simplelink/gcc/lib/os/Release/libsimplelink.a(driver.o)
                0x000000002000f35c                pPingCallBackFunc
 .bss.g_pCB     0x000000002000f360        0x4 ../../../simplelink/gcc/lib/os/Release/libsimplelink.a(driver.o)
                0x000000002000f360                g_pCB
 .bss.g_SpiFd   0x000000002000f364        0x4 ../../../simplelink/gcc/lib/os/Release/libsimplelink.a(cc_pal.o)
                0x000000002000f364                g_SpiFd
 .bss.g_ucDMAEnabled
                0x000000002000f368        0x1 ../../../simplelink/gcc/lib/os/Release/libsimplelink.a(cc_pal.o)
                0x000000002000f368                g_ucDMAEnabled
 *fill*         0x000000002000f369        0x3 
 .bss.xSimpleLinkSpawnQueue
                0x000000002000f36c        0x4 ../../../oslib/gcc/free_rtos/Release/free_rtos.a(osi_freertos.o)
                0x000000002000f36c                xSimpleLinkSpawnQueue
 .bss.xSimpleLinkSpawnTaskHndl
                0x000000002000f370        0x4 ../../../oslib/gcc/free_rtos/Release/free_rtos.a(osi_freertos.o)
                0x000000002000f370                xSimpleLinkSpawnTaskHndl
 .bss.xHigherPriorityTaskWoken
                0x000000002000f374        0x4 ../../../oslib/gcc/free_rtos/Release/free_rtos.a(osi_freertos.o)
                0x000000002000f374                xHigherPriorityTaskWoken
 .bss.xPendingReadyList
                0x000000002000f378       0x14 ../../../oslib/gcc/free_rtos/Release/free_rtos.a(tasks.o)
 .bss.uxTopReadyPriority
                0x000000002000f38c        0x4 ../../../oslib/gcc/free_rtos/Release/free_rtos.a(tasks.o)
 .bss.uxTasksDeleted
                0x000000002000f390        0x4 ../../../oslib/gcc/free_rtos/Release/free_rtos.a(tasks.o)
 .bss.xTickCount
                0x000000002000f394        0x4 ../../../oslib/gcc/free_rtos/Release/free_rtos.a(tasks.o)
 .bss.pxReadyTasksLists
                0x000000002000f398       0xc8 ../../../oslib/gcc/free_rtos/Release/free_rtos.a(tasks.o)
 .bss.pxOverflowDelayedTaskList
                0x000000002000f460        0x4 ../../../oslib/gcc/free_rtos/Release/free_rtos.a(tasks.o)
 .bss.xTasksWaitingTermination
                0x000000002000f464       0x14 ../../../oslib/gcc/free_rtos/Release/free_rtos.a(tasks.o)
 .bss.pxDelayedTaskList
                0x000000002000f478        0x4 ../../../oslib/gcc/free_rtos/Release/free_rtos.a(tasks.o)
 .bss.xSchedulerRunning
                0x000000002000f47c        0x4 ../../../oslib/gcc/free_rtos/Release/free_rtos.a(tasks.o)
 .bss.pxCurrentTCB
                0x000000002000f480        0x4 ../../../oslib/gcc/free_rtos/Release/free_rtos.a(tasks.o)
                0x000000002000f480                pxCurrentTCB
 .bss.uxPendedTicks
                0x000000002000f484        0x4 ../../../oslib/gcc/free_rtos/Release/free_rtos.a(tasks.o)
 .bss.xSuspendedTaskList
                0x000000002000f488       0x14 ../../../oslib/gcc/free_rtos/Release/free_rtos.a(tasks.o)
 .bss.uxCurrentNumberOfTasks
                0x000000002000f49c        0x4 ../../../oslib/gcc/free_rtos/Release/free_rtos.a(tasks.o)
 .bss.xDelayedTaskList1
                0x000000002000f4a0       0x14 ../../../oslib/gcc/free_rtos/Release/free_rtos.a(tasks.o)
 .bss.xDelayedTaskList2
                0x000000002000f4b4       0x14 ../../../oslib/gcc/free_rtos/Release/free_rtos.a(tasks.o)
 .bss.uxTaskNumber
                0x000000002000f4c8        0x4 ../../../oslib/gcc/free_rtos/Release/free_rtos.a(tasks.o)
 .bss.xIdleTaskHandle
                0x000000002000f4cc        0x4 ../../../oslib/gcc/free_rtos/Release/free_rtos.a(tasks.o)
 .bss.xYieldPending
                0x000000002000f4d0        0x4 ../../../oslib/gcc/free_rtos/Release/free_rtos.a(tasks.o)
 .bss.uxSchedulerSuspended
                0x000000002000f4d4        0x4 ../../../oslib/gcc/free_rtos/Release/free_rtos.a(tasks.o)
 .bss.xNumOfOverflows
                0x000000002000f4d8        0x4 ../../../oslib/gcc/free_rtos/Release/free_rtos.a(tasks.o)
 .bss.ucMaxSysCallPriority
                0x000000002000f4dc        0x1 ../../../oslib/gcc/free_rtos/Release/free_rtos.a(port.o)
 *fill*         0x000000002000f4dd        0x3 
 .bss.ulMaxPRIGROUPValue
                0x000000002000f4e0        0x4 ../../../oslib/gcc/free_rtos/Release/free_rtos.a(port.o)
 .bss.pxCurrentTimerList
                0x000000002000f4e4        0x4 ../../../oslib/gcc/free_rtos/Release/free_rtos.a(timers.o)
 .bss.xActiveTimerList1
                0x000000002000f4e8       0x14 ../../../oslib/gcc/free_rtos/Release/free_rtos.a(timers.o)
 .bss.xActiveTimerList2
                0x000000002000f4fc       0x14 ../../../oslib/gcc/free_rtos/Release/free_rtos.a(timers.o)
 .bss.xLastTime.4980
                0x000000002000f510        0x4 ../../../oslib/gcc/free_rtos/Release/free_rtos.a(timers.o)
 .bss.xTimerQueue
                0x000000002000f514        0x4 ../../../oslib/gcc/free_rtos/Release/free_rtos.a(timers.o)
 .bss.pxOverflowTimerList
                0x000000002000f518        0x4 ../../../oslib/gcc/free_rtos/Release/free_rtos.a(timers.o)
 .bss.xTimerTaskHandle
                0x000000002000f51c        0x4 ../../../oslib/gcc/free_rtos/Release/free_rtos.a(timers.o)
 .bss.__malloc_sbrk_start
                0x000000002000f520        0x4 /usr/lib/gcc/arm-none-eabi/5.2.0/../../../../arm-none-eabi/lib/armv7e-m/libc_nano.a(lib_a-nano-mallocr.o)
                0x000000002000f520                __malloc_sbrk_start
 .bss.__malloc_free_list
                0x000000002000f524        0x4 /usr/lib/gcc/arm-none-eabi/5.2.0/../../../../arm-none-eabi/lib/armv7e-m/libc_nano.a(lib_a-nano-mallocr.o)
                0x000000002000f524                __malloc_free_list
 *(COMMON)
 COMMON         0x000000002000f528      0x410 obj/Release/serial_wifi.o
                0x000000002000f528                g_ReadFds
                0x000000002000f52c                g_timeout
                0x000000002000f534                g_pcTimeout
                0x000000002000f538                g_MulticastIp
                0x000000002000f540                g_ulLength
                0x000000002000f544                g_WriteFds
                0x000000002000f548                g_RetVal
                0x000000002000f54c                g_SecParams
                0x000000002000f558                g_ulIp
                0x000000002000f55c                g_isFileHandle
                0x000000002000f560                g_AddrLen
                0x000000002000f564                uiUartline
                0x000000002000f568                g_Protocol
                0x000000002000f56c                g_sockSecureFiles
                0x000000002000f570                uBufTx
                0x000000002000f5d4                g_Socket
                0x000000002000f5d8                g_pcLength
                0x000000002000f5dc                g_ulPort
                0x000000002000f5e0                g_pcSsid
                0x000000002000f5e4                g_Type
                0x000000002000f5e8                g_pcIp
                0x000000002000f5ec                g_SocketUdpServer
                0x000000002000f5f0                uBufRx
                0x000000002000f654                g_SocketTcpServer
                0x000000002000f658                uBufuRx
                0x000000002000f678                g_LocalAddr
                0x000000002000f688                g_cmd_help
                0x000000002000f778                g_RemoteAddr
                0x000000002000f788                g_pcPingAttempts
                0x000000002000f78c                g_SocketChild
                0x000000002000f790                g_UserName
                0x000000002000f794                eapParams
                0x000000002000f7a8                g_ucUARTBuffer
                0x000000002000f7f8                g_pcPort
                0x000000002000f7fc                g_ulSsidLen
                0x000000002000f800                g_WlanRxMode
                0x000000002000f801                g_ucDispBuffer
                0x000000002000f898                g_pcProtocol
                0x000000002000f89c                g_ulPingAttempts
                0x000000002000f8a0                g_pcData
                0x000000002000f8a4                g_mDNSMode
                0x000000002000f8a8                g_ucUARTRecvBuffer
                0x000000002000f8f8                g_time
                0x000000002000f924                g_NonBlocking
                0x000000002000f928                g_Status
                0x000000002000f92c                g_Key
                0x000000002000f930                g_ActiveReadFds
                0x000000002000f934                g_ulPingIp
 COMMON         0x000000002000f938       0x29 obj/Release/network_if.o
                0x000000002000f938                g_usConnectIndex
                0x000000002000f93a                g_ucConnectionBSSID
                0x000000002000f940                g_ucConnectionSSID
 COMMON         0x000000002000f961        0x2 ../../../simplelink/gcc/lib/os/Release/libsimplelink.a(driver.o)
                0x000000002000f961                g_bDeviceRestartIsRequired
                0x000000002000f962                RxIrqCnt
 *fill*         0x000000002000f963        0x1 
 COMMON         0x000000002000f964       0x58 ../../../simplelink/gcc/lib/os/Release/libsimplelink.a(cc_pal.o)
                0x000000002000f964                g_cDummy
                0x000000002000f968                DMAMsgQ
                0x000000002000f96c                g_ucDinDout
 COMMON         0x000000002000f9bc       0x50 ../../../oslib/gcc/free_rtos/Release/free_rtos.a(queue.o)
                0x000000002000f9bc                xQueueRegistry
 COMMON         0x000000002000fa0c        0x4 /usr/lib/gcc/arm-none-eabi/5.2.0/../../../../arm-none-eabi/lib/armv7e-m/libc_nano.a(lib_a-reent.o)
                0x000000002000fa0c                errno
                0x000000002000fa10                _ebss = .

.heap           0x000000002000fa10    0x301f0
                0x000000002000fa10                _heap = .
                0x000000002003fc00                . = (((((((. + 0x40000) - SIZEOF (.bss)) - SIZEOF (.data)) - SIZEOF (.ARM)) - SIZEOF (.text)) - SIZEOF (.bootloader)) - 0x400)
 *fill*         0x000000002000fa10    0x301f0 
                0x000000002003fc00                . = ALIGN (0x400)
                0x000000002003fc00                _eheap = .
LOAD obj/Release/main.o
LOAD obj/Release/pinmux.o
LOAD obj/Release/conversions.o
LOAD obj/Release/serial_wifi.o
LOAD obj/Release/uart_config.o
LOAD obj/Release/network_if.o
LOAD obj/Release/uart_if.o
LOAD obj/Release/startup_gcc.o
LOAD ../../../simplelink/gcc/lib/os/Release/libsimplelink.a
LOAD ../../../oslib/gcc/free_rtos/Release/free_rtos.a
LOAD ../../../driverlib/gcc/lib/Release/libdriver.a
LOAD /usr/lib/gcc/arm-none-eabi/5.2.0/../../../../arm-none-eabi/lib/armv7e-m/libm.a
LOAD /usr/lib/gcc/arm-none-eabi/5.2.0/../../../../arm-none-eabi/lib/armv7e-m/libc_nano.a
LOAD /usr/lib/gcc/arm-none-eabi/5.2.0/armv7e-m/libgcc.a
LOAD /usr/lib/gcc/arm-none-eabi/5.2.0/../../../../arm-none-eabi/lib/armv7e-m/libnosys.a
OUTPUT(bin/Release/serial_wifi.elf elf32-littlearm)

.debug_info     0x0000000000000000    0x2407d
 .debug_info    0x0000000000000000      0x355 obj/Release/main.o
 .debug_info    0x0000000000000355       0x93 obj/Release/pinmux.o
 .debug_info    0x00000000000003e8      0x39c obj/Release/conversions.o
 .debug_info    0x0000000000000784     0x3931 obj/Release/serial_wifi.o
 .debug_info    0x00000000000040b5      0x5ea obj/Release/uart_config.o
 .debug_info    0x000000000000469f     0x1bb7 obj/Release/network_if.o
 .debug_info    0x0000000000006256      0x544 obj/Release/uart_if.o
 .debug_info    0x000000000000679a      0x221 obj/Release/startup_gcc.o
 .debug_info    0x00000000000069bb     0x13a1 ../../../simplelink/gcc/lib/os/Release/libsimplelink.a(device.o)
 .debug_info    0x0000000000007d5c     0x275c ../../../simplelink/gcc/lib/os/Release/libsimplelink.a(driver.o)
 .debug_info    0x000000000000a4b8     0x1ec1 ../../../simplelink/gcc/lib/os/Release/libsimplelink.a(netapp.o)
 .debug_info    0x000000000000c379      0x470 ../../../simplelink/gcc/lib/os/Release/libsimplelink.a(netcfg.o)
 .debug_info    0x000000000000c7e9      0xb06 ../../../simplelink/gcc/lib/os/Release/libsimplelink.a(fs.o)
 .debug_info    0x000000000000d2ef     0x1f33 ../../../simplelink/gcc/lib/os/Release/libsimplelink.a(socket.o)
 .debug_info    0x000000000000f222     0x1fdc ../../../simplelink/gcc/lib/os/Release/libsimplelink.a(wlan.o)
 .debug_info    0x00000000000111fe     0x10de ../../../simplelink/gcc/lib/os/Release/libsimplelink.a(cc_pal.o)
 .debug_info    0x00000000000122dc      0xccb ../../../oslib/gcc/free_rtos/Release/free_rtos.a(osi_freertos.o)
 .debug_info    0x0000000000012fa7     0x1a31 ../../../oslib/gcc/free_rtos/Release/free_rtos.a(queue.o)
 .debug_info    0x00000000000149d8     0x29c5 ../../../oslib/gcc/free_rtos/Release/free_rtos.a(tasks.o)
 .debug_info    0x000000000001739d      0x44d ../../../oslib/gcc/free_rtos/Release/free_rtos.a(port.o)
 .debug_info    0x00000000000177ea     0x114e ../../../oslib/gcc/free_rtos/Release/free_rtos.a(timers.o)
 .debug_info    0x0000000000018938      0x186 ../../../oslib/gcc/free_rtos/Release/free_rtos.a(heap_3.o)
 .debug_info    0x0000000000018abe      0x29a ../../../oslib/gcc/free_rtos/Release/free_rtos.a(list.o)
 .debug_info    0x0000000000018d58      0x3ea ../../../driverlib/gcc/lib/Release/libdriver.a(interrupt.o)
 .debug_info    0x0000000000019142     0x1648 ../../../driverlib/gcc/lib/Release/libdriver.a(prcm.o)
 .debug_info    0x000000000001a78a      0xb9e ../../../driverlib/gcc/lib/Release/libdriver.a(spi.o)
 .debug_info    0x000000000001b328      0x67d ../../../driverlib/gcc/lib/Release/libdriver.a(timer.o)
 .debug_info    0x000000000001b9a5       0x50 ../../../driverlib/gcc/lib/Release/libdriver.a(utils.o)
 .debug_info    0x000000000001b9f5      0x7b2 /usr/lib/gcc/arm-none-eabi/5.2.0/../../../../arm-none-eabi/lib/armv7e-m/libc_nano.a(lib_a-malloc.o)
 .debug_info    0x000000000001c1a7       0xf8 /usr/lib/gcc/arm-none-eabi/5.2.0/../../../../arm-none-eabi/lib/armv7e-m/libc_nano.a(lib_a-memcmp.o)
 .debug_info    0x000000000001c29f      0x115 /usr/lib/gcc/arm-none-eabi/5.2.0/../../../../arm-none-eabi/lib/armv7e-m/libc_nano.a(lib_a-memcpy.o)
 .debug_info    0x000000000001c3b4      0x109 /usr/lib/gcc/arm-none-eabi/5.2.0/../../../../arm-none-eabi/lib/armv7e-m/libc_nano.a(lib_a-memmove.o)
 .debug_info    0x000000000001c4bd       0xda /usr/lib/gcc/arm-none-eabi/5.2.0/../../../../arm-none-eabi/lib/armv7e-m/libc_nano.a(lib_a-memset.o)
 .debug_info    0x000000000001c597      0x821 /usr/lib/gcc/arm-none-eabi/5.2.0/../../../../arm-none-eabi/lib/armv7e-m/libc_nano.a(lib_a-nano-freer.o)
 .debug_info    0x000000000001cdb8      0x8ec /usr/lib/gcc/arm-none-eabi/5.2.0/../../../../arm-none-eabi/lib/armv7e-m/libc_nano.a(lib_a-nano-mallocr.o)
 .debug_info    0x000000000001d6a4      0x786 /usr/lib/gcc/arm-none-eabi/5.2.0/../../../../arm-none-eabi/lib/armv7e-m/libc_nano.a(lib_a-realloc.o)
 .debug_info    0x000000000001de2a      0x7a1 /usr/lib/gcc/arm-none-eabi/5.2.0/../../../../arm-none-eabi/lib/armv7e-m/libc_nano.a(lib_a-sbrkr.o)
 .debug_info    0x000000000001e5cb       0xea /usr/lib/gcc/arm-none-eabi/5.2.0/../../../../arm-none-eabi/lib/armv7e-m/libc_nano.a(lib_a-strchr.o)
 .debug_info    0x000000000001e6b5       0xc4 /usr/lib/gcc/arm-none-eabi/5.2.0/../../../../arm-none-eabi/lib/armv7e-m/libc_nano.a(lib_a-strcmp.o)
 .debug_info    0x000000000001e779       0xc4 /usr/lib/gcc/arm-none-eabi/5.2.0/../../../../arm-none-eabi/lib/armv7e-m/libc_nano.a(lib_a-strcpy.o)
 .debug_info    0x000000000001e83d       0xd4 /usr/lib/gcc/arm-none-eabi/5.2.0/../../../../arm-none-eabi/lib/armv7e-m/libc_nano.a(lib_a-strlen.o)
 .debug_info    0x000000000001e911      0x10a /usr/lib/gcc/arm-none-eabi/5.2.0/../../../../arm-none-eabi/lib/armv7e-m/libc_nano.a(lib_a-strncpy.o)
 .debug_info    0x000000000001ea1b       0xde /usr/lib/gcc/arm-none-eabi/5.2.0/../../../../arm-none-eabi/lib/armv7e-m/libc_nano.a(lib_a-strstr.o)
 .debug_info    0x000000000001eaf9      0x802 /usr/lib/gcc/arm-none-eabi/5.2.0/../../../../arm-none-eabi/lib/armv7e-m/libc_nano.a(lib_a-strtok.o)
 .debug_info    0x000000000001f2fb      0x19e /usr/lib/gcc/arm-none-eabi/5.2.0/../../../../arm-none-eabi/lib/armv7e-m/libc_nano.a(lib_a-strtok_r.o)
 .debug_info    0x000000000001f499      0x864 /usr/lib/gcc/arm-none-eabi/5.2.0/../../../../arm-none-eabi/lib/armv7e-m/libc_nano.a(lib_a-strtol.o)
 .debug_info    0x000000000001fcfd      0x892 /usr/lib/gcc/arm-none-eabi/5.2.0/../../../../arm-none-eabi/lib/armv7e-m/libc_nano.a(lib_a-vsnprintf.o)
 .debug_info    0x000000000002058f       0x6f /usr/lib/gcc/arm-none-eabi/5.2.0/../../../../arm-none-eabi/lib/armv7e-m/libc_nano.a(lib_a-ctype_.o)
 .debug_info    0x00000000000205fe      0x7da /usr/lib/gcc/arm-none-eabi/5.2.0/../../../../arm-none-eabi/lib/armv7e-m/libc_nano.a(lib_a-impure.o)
 .debug_info    0x0000000000020dd8      0x878 /usr/lib/gcc/arm-none-eabi/5.2.0/../../../../arm-none-eabi/lib/armv7e-m/libc_nano.a(lib_a-nano-reallocr.o)
 .debug_info    0x0000000000021650      0xd40 /usr/lib/gcc/arm-none-eabi/5.2.0/../../../../arm-none-eabi/lib/armv7e-m/libc_nano.a(lib_a-nano-svfprintf.o)
 .debug_info    0x0000000000022390      0xb33 /usr/lib/gcc/arm-none-eabi/5.2.0/../../../../arm-none-eabi/lib/armv7e-m/libc_nano.a(lib_a-nano-vfprintf_i.o)
 .debug_info    0x0000000000022ec3      0x8fb /usr/lib/gcc/arm-none-eabi/5.2.0/../../../../arm-none-eabi/lib/armv7e-m/libc_nano.a(lib_a-reent.o)
 .debug_info    0x00000000000237be       0xff /usr/lib/gcc/arm-none-eabi/5.2.0/../../../../arm-none-eabi/lib/armv7e-m/libc_nano.a(lib_a-memchr.o)
 .debug_info    0x00000000000238bd      0x7c0 /usr/lib/gcc/arm-none-eabi/5.2.0/../../../../arm-none-eabi/lib/armv7e-m/libc_nano.a(lib_a-nano-msizer.o)

.debug_abbrev   0x0000000000000000     0x5d85
 .debug_abbrev  0x0000000000000000      0x149 obj/Release/main.o
 .debug_abbrev  0x0000000000000149       0x7a obj/Release/pinmux.o
 .debug_abbrev  0x00000000000001c3      0x1c0 obj/Release/conversions.o
 .debug_abbrev  0x0000000000000383      0x371 obj/Release/serial_wifi.o
 .debug_abbrev  0x00000000000006f4      0x168 obj/Release/uart_config.o
 .debug_abbrev  0x000000000000085c      0x401 obj/Release/network_if.o
 .debug_abbrev  0x0000000000000c5d      0x1d0 obj/Release/uart_if.o
 .debug_abbrev  0x0000000000000e2d      0x149 obj/Release/startup_gcc.o
 .debug_abbrev  0x0000000000000f76      0x327 ../../../simplelink/gcc/lib/os/Release/libsimplelink.a(device.o)
 .debug_abbrev  0x000000000000129d      0x3c2 ../../../simplelink/gcc/lib/os/Release/libsimplelink.a(driver.o)
 .debug_abbrev  0x000000000000165f      0x353 ../../../simplelink/gcc/lib/os/Release/libsimplelink.a(netapp.o)
 .debug_abbrev  0x00000000000019b2      0x184 ../../../simplelink/gcc/lib/os/Release/libsimplelink.a(netcfg.o)
 .debug_abbrev  0x0000000000001b36      0x26b ../../../simplelink/gcc/lib/os/Release/libsimplelink.a(fs.o)
 .debug_abbrev  0x0000000000001da1      0x3ae ../../../simplelink/gcc/lib/os/Release/libsimplelink.a(socket.o)
 .debug_abbrev  0x000000000000214f      0x2b2 ../../../simplelink/gcc/lib/os/Release/libsimplelink.a(wlan.o)
 .debug_abbrev  0x0000000000002401      0x316 ../../../simplelink/gcc/lib/os/Release/libsimplelink.a(cc_pal.o)
 .debug_abbrev  0x0000000000002717      0x292 ../../../oslib/gcc/free_rtos/Release/free_rtos.a(osi_freertos.o)
 .debug_abbrev  0x00000000000029a9      0x283 ../../../oslib/gcc/free_rtos/Release/free_rtos.a(queue.o)
 .debug_abbrev  0x0000000000002c2c      0x377 ../../../oslib/gcc/free_rtos/Release/free_rtos.a(tasks.o)
 .debug_abbrev  0x0000000000002fa3      0x21a ../../../oslib/gcc/free_rtos/Release/free_rtos.a(port.o)
 .debug_abbrev  0x00000000000031bd      0x2bb ../../../oslib/gcc/free_rtos/Release/free_rtos.a(timers.o)
 .debug_abbrev  0x0000000000003478      0x111 ../../../oslib/gcc/free_rtos/Release/free_rtos.a(heap_3.o)
 .debug_abbrev  0x0000000000003589       0xdc ../../../oslib/gcc/free_rtos/Release/free_rtos.a(list.o)
 .debug_abbrev  0x0000000000003665      0x178 ../../../driverlib/gcc/lib/Release/libdriver.a(interrupt.o)
 .debug_abbrev  0x00000000000037dd      0x31a ../../../driverlib/gcc/lib/Release/libdriver.a(prcm.o)
 .debug_abbrev  0x0000000000003af7      0x1f4 ../../../driverlib/gcc/lib/Release/libdriver.a(spi.o)
 .debug_abbrev  0x0000000000003ceb      0x100 ../../../driverlib/gcc/lib/Release/libdriver.a(timer.o)
 .debug_abbrev  0x0000000000003deb       0x48 ../../../driverlib/gcc/lib/Release/libdriver.a(utils.o)
 .debug_abbrev  0x0000000000003e33      0x18a /usr/lib/gcc/arm-none-eabi/5.2.0/../../../../arm-none-eabi/lib/armv7e-m/libc_nano.a(lib_a-malloc.o)
 .debug_abbrev  0x0000000000003fbd       0x7f /usr/lib/gcc/arm-none-eabi/5.2.0/../../../../arm-none-eabi/lib/armv7e-m/libc_nano.a(lib_a-memcmp.o)
 .debug_abbrev  0x000000000000403c       0xab /usr/lib/gcc/arm-none-eabi/5.2.0/../../../../arm-none-eabi/lib/armv7e-m/libc_nano.a(lib_a-memcpy.o)
 .debug_abbrev  0x00000000000040e7       0x9c /usr/lib/gcc/arm-none-eabi/5.2.0/../../../../arm-none-eabi/lib/armv7e-m/libc_nano.a(lib_a-memmove.o)
 .debug_abbrev  0x0000000000004183       0x8e /usr/lib/gcc/arm-none-eabi/5.2.0/../../../../arm-none-eabi/lib/armv7e-m/libc_nano.a(lib_a-memset.o)
 .debug_abbrev  0x0000000000004211      0x1b6 /usr/lib/gcc/arm-none-eabi/5.2.0/../../../../arm-none-eabi/lib/armv7e-m/libc_nano.a(lib_a-nano-freer.o)
 .debug_abbrev  0x00000000000043c7      0x24e /usr/lib/gcc/arm-none-eabi/5.2.0/../../../../arm-none-eabi/lib/armv7e-m/libc_nano.a(lib_a-nano-mallocr.o)
 .debug_abbrev  0x0000000000004615      0x17f /usr/lib/gcc/arm-none-eabi/5.2.0/../../../../arm-none-eabi/lib/armv7e-m/libc_nano.a(lib_a-realloc.o)
 .debug_abbrev  0x0000000000004794      0x1a0 /usr/lib/gcc/arm-none-eabi/5.2.0/../../../../arm-none-eabi/lib/armv7e-m/libc_nano.a(lib_a-sbrkr.o)
 .debug_abbrev  0x0000000000004934       0x83 /usr/lib/gcc/arm-none-eabi/5.2.0/../../../../arm-none-eabi/lib/armv7e-m/libc_nano.a(lib_a-strchr.o)
 .debug_abbrev  0x00000000000049b7       0x14 /usr/lib/gcc/arm-none-eabi/5.2.0/../../../../arm-none-eabi/lib/armv7e-m/libc_nano.a(lib_a-strcmp.o)
 .debug_abbrev  0x00000000000049cb       0x72 /usr/lib/gcc/arm-none-eabi/5.2.0/../../../../arm-none-eabi/lib/armv7e-m/libc_nano.a(lib_a-strcpy.o)
 .debug_abbrev  0x0000000000004a3d       0x8c /usr/lib/gcc/arm-none-eabi/5.2.0/../../../../arm-none-eabi/lib/armv7e-m/libc_nano.a(lib_a-strlen.o)
 .debug_abbrev  0x0000000000004ac9       0x97 /usr/lib/gcc/arm-none-eabi/5.2.0/../../../../arm-none-eabi/lib/armv7e-m/libc_nano.a(lib_a-strncpy.o)
 .debug_abbrev  0x0000000000004b60       0x93 /usr/lib/gcc/arm-none-eabi/5.2.0/../../../../arm-none-eabi/lib/armv7e-m/libc_nano.a(lib_a-strstr.o)
 .debug_abbrev  0x0000000000004bf3      0x1e4 /usr/lib/gcc/arm-none-eabi/5.2.0/../../../../arm-none-eabi/lib/armv7e-m/libc_nano.a(lib_a-strtok.o)
 .debug_abbrev  0x0000000000004dd7       0xda /usr/lib/gcc/arm-none-eabi/5.2.0/../../../../arm-none-eabi/lib/armv7e-m/libc_nano.a(lib_a-strtok_r.o)
 .debug_abbrev  0x0000000000004eb1      0x1b3 /usr/lib/gcc/arm-none-eabi/5.2.0/../../../../arm-none-eabi/lib/armv7e-m/libc_nano.a(lib_a-strtol.o)
 .debug_abbrev  0x0000000000005064      0x1bd /usr/lib/gcc/arm-none-eabi/5.2.0/../../../../arm-none-eabi/lib/armv7e-m/libc_nano.a(lib_a-vsnprintf.o)
 .debug_abbrev  0x0000000000005221       0x4e /usr/lib/gcc/arm-none-eabi/5.2.0/../../../../arm-none-eabi/lib/armv7e-m/libc_nano.a(lib_a-ctype_.o)
 .debug_abbrev  0x000000000000526f      0x136 /usr/lib/gcc/arm-none-eabi/5.2.0/../../../../arm-none-eabi/lib/armv7e-m/libc_nano.a(lib_a-impure.o)
 .debug_abbrev  0x00000000000053a5      0x1af /usr/lib/gcc/arm-none-eabi/5.2.0/../../../../arm-none-eabi/lib/armv7e-m/libc_nano.a(lib_a-nano-reallocr.o)
 .debug_abbrev  0x0000000000005554      0x23f /usr/lib/gcc/arm-none-eabi/5.2.0/../../../../arm-none-eabi/lib/armv7e-m/libc_nano.a(lib_a-nano-svfprintf.o)
 .debug_abbrev  0x0000000000005793      0x1f4 /usr/lib/gcc/arm-none-eabi/5.2.0/../../../../arm-none-eabi/lib/armv7e-m/libc_nano.a(lib_a-nano-vfprintf_i.o)
 .debug_abbrev  0x0000000000005987      0x1f2 /usr/lib/gcc/arm-none-eabi/5.2.0/../../../../arm-none-eabi/lib/armv7e-m/libc_nano.a(lib_a-reent.o)
 .debug_abbrev  0x0000000000005b79       0xab /usr/lib/gcc/arm-none-eabi/5.2.0/../../../../arm-none-eabi/lib/armv7e-m/libc_nano.a(lib_a-memchr.o)
 .debug_abbrev  0x0000000000005c24      0x161 /usr/lib/gcc/arm-none-eabi/5.2.0/../../../../arm-none-eabi/lib/armv7e-m/libc_nano.a(lib_a-nano-msizer.o)

.debug_loc      0x0000000000000000     0xfead
 .debug_loc     0x0000000000000000       0x78 obj/Release/main.o
 .debug_loc     0x0000000000000078      0x25d obj/Release/conversions.o
 .debug_loc     0x00000000000002d5      0xd63 obj/Release/serial_wifi.o
 .debug_loc     0x0000000000001038       0x8a obj/Release/uart_config.o
 .debug_loc     0x00000000000010c2      0x8f3 obj/Release/network_if.o
 .debug_loc     0x00000000000019b5      0x2be obj/Release/uart_if.o
 .debug_loc     0x0000000000001c73       0x65 obj/Release/startup_gcc.o
 .debug_loc     0x0000000000001cd8      0x79f ../../../simplelink/gcc/lib/os/Release/libsimplelink.a(device.o)
 .debug_loc     0x0000000000002477     0x1689 ../../../simplelink/gcc/lib/os/Release/libsimplelink.a(driver.o)
 .debug_loc     0x0000000000003b00     0x117e ../../../simplelink/gcc/lib/os/Release/libsimplelink.a(netapp.o)
 .debug_loc     0x0000000000004c7e      0x203 ../../../simplelink/gcc/lib/os/Release/libsimplelink.a(netcfg.o)
 .debug_loc     0x0000000000004e81      0x6df ../../../simplelink/gcc/lib/os/Release/libsimplelink.a(fs.o)
 .debug_loc     0x0000000000005560      0xfab ../../../simplelink/gcc/lib/os/Release/libsimplelink.a(socket.o)
 .debug_loc     0x000000000000650b      0xf55 ../../../simplelink/gcc/lib/os/Release/libsimplelink.a(wlan.o)
 .debug_loc     0x0000000000007460      0x8e9 ../../../simplelink/gcc/lib/os/Release/libsimplelink.a(cc_pal.o)
 .debug_loc     0x0000000000007d49      0x841 ../../../oslib/gcc/free_rtos/Release/free_rtos.a(osi_freertos.o)
 .debug_loc     0x000000000000858a     0x134e ../../../oslib/gcc/free_rtos/Release/free_rtos.a(queue.o)
 .debug_loc     0x00000000000098d8     0x1b04 ../../../oslib/gcc/free_rtos/Release/free_rtos.a(tasks.o)
 .debug_loc     0x000000000000b3dc       0x99 ../../../oslib/gcc/free_rtos/Release/free_rtos.a(port.o)
 .debug_loc     0x000000000000b475      0x913 ../../../oslib/gcc/free_rtos/Release/free_rtos.a(timers.o)
 .debug_loc     0x000000000000bd88       0x81 ../../../oslib/gcc/free_rtos/Release/free_rtos.a(heap_3.o)
 .debug_loc     0x000000000000be09       0x94 ../../../oslib/gcc/free_rtos/Release/free_rtos.a(list.o)
 .debug_loc     0x000000000000be9d      0x165 ../../../driverlib/gcc/lib/Release/libdriver.a(interrupt.o)
 .debug_loc     0x000000000000c002      0xfa1 ../../../driverlib/gcc/lib/Release/libdriver.a(prcm.o)
 .debug_loc     0x000000000000cfa3      0xbbe ../../../driverlib/gcc/lib/Release/libdriver.a(spi.o)
 .debug_loc     0x000000000000db61      0x465 ../../../driverlib/gcc/lib/Release/libdriver.a(timer.o)
 .debug_loc     0x000000000000dfc6       0x58 /usr/lib/gcc/arm-none-eabi/5.2.0/../../../../arm-none-eabi/lib/armv7e-m/libc_nano.a(lib_a-malloc.o)
 .debug_loc     0x000000000000e01e      0x12e /usr/lib/gcc/arm-none-eabi/5.2.0/../../../../arm-none-eabi/lib/armv7e-m/libc_nano.a(lib_a-memcmp.o)
 .debug_loc     0x000000000000e14c       0x87 /usr/lib/gcc/arm-none-eabi/5.2.0/../../../../arm-none-eabi/lib/armv7e-m/libc_nano.a(lib_a-memcpy.o)
 .debug_loc     0x000000000000e1d3       0xde /usr/lib/gcc/arm-none-eabi/5.2.0/../../../../arm-none-eabi/lib/armv7e-m/libc_nano.a(lib_a-memmove.o)