Archive member included to satisfy reference by file (symbol)

../../../simplelink/gcc/lib/os/Debug/libsimplelink.a(device.o)
                              obj/Unicast/Debug/network.o (sl_Start)
../../../simplelink/gcc/lib/os/Debug/libsimplelink.a(driver.o)
                              ../../../simplelink/gcc/lib/os/Debug/libsimplelink.a(device.o) (g_SlDeviceStatus)
../../../simplelink/gcc/lib/os/Debug/libsimplelink.a(netapp.o)
                              obj/Unicast/Debug/control.o (sl_NetAppMDNSRegisterService)
../../../simplelink/gcc/lib/os/Debug/libsimplelink.a(socket.o)
                              obj/Unicast/Debug/network.o (sl_Socket)
../../../simplelink/gcc/lib/os/Debug/libsimplelink.a(wlan.o)
                              obj/Unicast/Debug/smartconfig.o (sl_WlanPolicySet)
../../../simplelink/gcc/lib/os/Debug/libsimplelink.a(cc_pal.o)
                              ../../../simplelink/gcc/lib/os/Debug/libsimplelink.a(device.o) (spi_Open)
../../../oslib/gcc/free_rtos/Debug/free_rtos.a(osi_freertos.o)
                              obj/Unicast/Debug/control.o (osi_InterruptRegister)
../../../oslib/gcc/free_rtos/Debug/free_rtos.a(queue.o)
                              ../../../oslib/gcc/free_rtos/Debug/free_rtos.a(osi_freertos.o) (xQueueGenericCreate)
../../../oslib/gcc/free_rtos/Debug/free_rtos.a(tasks.o)
                              ../../../oslib/gcc/free_rtos/Debug/free_rtos.a(osi_freertos.o) (xTaskGenericCreate)
../../../oslib/gcc/free_rtos/Debug/free_rtos.a(port.o)
                              ../../../oslib/gcc/free_rtos/Debug/free_rtos.a(tasks.o) (pxPortInitialiseStack)
../../../oslib/gcc/free_rtos/Debug/free_rtos.a(timers.o)
                              ../../../oslib/gcc/free_rtos/Debug/free_rtos.a(tasks.o) (xTimerCreateTimerTask)
../../../oslib/gcc/free_rtos/Debug/free_rtos.a(heap_3.o)
                              ../../../oslib/gcc/free_rtos/Debug/free_rtos.a(osi_freertos.o) (pvPortMalloc)
../../../oslib/gcc/free_rtos/Debug/free_rtos.a(list.o)
                              ../../../oslib/gcc/free_rtos/Debug/free_rtos.a(queue.o) (vListInitialise)
../../../driverlib/gcc/lib/Debug/libdriver.a(gpio.o)
                              obj/Unicast/Debug/pinmux.o (GPIODirModeSet)
../../../driverlib/gcc/lib/Debug/libdriver.a(i2c.o)
                              obj/Unicast/Debug/i2c_if.o (I2CMasterInitExpClk)
../../../driverlib/gcc/lib/Debug/libdriver.a(interrupt.o)
                              obj/Unicast/Debug/main.o (IntMasterEnable)
../../../driverlib/gcc/lib/Debug/libdriver.a(i2s.o)
                              obj/Unicast/Debug/i2s_if.o (I2SEnable)
../../../driverlib/gcc/lib/Debug/libdriver.a(pin.o)
                              obj/Unicast/Debug/pinmux.o (PinTypeUART)
../../../driverlib/gcc/lib/Debug/libdriver.a(prcm.o)
                              obj/Unicast/Debug/pinmux.o (PRCMPeripheralClkEnable)
../../../driverlib/gcc/lib/Debug/libdriver.a(spi.o)
                              ../../../simplelink/gcc/lib/os/Debug/libsimplelink.a(cc_pal.o) (SPIEnable)
../../../driverlib/gcc/lib/Debug/libdriver.a(timer.o)
                              ../../../simplelink/gcc/lib/os/Debug/libsimplelink.a(cc_pal.o) (TimerEnable)
../../../driverlib/gcc/lib/Debug/libdriver.a(uart.o)
                              obj/Unicast/Debug/uart_if.o (UARTConfigSetExpClk)
../../../driverlib/gcc/lib/Debug/libdriver.a(udma.o)
                              obj/Unicast/Debug/udma_if.o (uDMAEnable)
../../../driverlib/gcc/lib/Debug/libdriver.a(utils.o)
                              obj/Unicast/Debug/audiocodec.o (UtilsDelay)
../../../driverlib/gcc/lib/Debug/libdriver.a(cpu.o)
                              ../../../driverlib/gcc/lib/Debug/libdriver.a(interrupt.o) (CPUcpsid)
../../../driverlib/gcc/lib/Debug/libdriver.a(flash.o)
                              ../../../driverlib/gcc/lib/Debug/libdriver.a(prcm.o) (FlashDisable)
/usr/lib/gcc/arm-none-eabi/5.2.0/../../../../arm-none-eabi/lib/armv7e-m/libc_nano.a(lib_a-malloc.o)
                              obj/Unicast/Debug/circ_buff.o (malloc)
/usr/lib/gcc/arm-none-eabi/5.2.0/../../../../arm-none-eabi/lib/armv7e-m/libc_nano.a(lib_a-memcmp.o)
                              ../../../oslib/gcc/free_rtos/Debug/free_rtos.a(tasks.o) (memcmp)
/usr/lib/gcc/arm-none-eabi/5.2.0/../../../../arm-none-eabi/lib/armv7e-m/libc_nano.a(lib_a-memcpy.o)
                              obj/Unicast/Debug/circ_buff.o (memcpy)
/usr/lib/gcc/arm-none-eabi/5.2.0/../../../../arm-none-eabi/lib/armv7e-m/libc_nano.a(lib_a-memmove.o)
                              obj/Unicast/Debug/uart_if.o (memmove)
/usr/lib/gcc/arm-none-eabi/5.2.0/../../../../arm-none-eabi/lib/armv7e-m/libc_nano.a(lib_a-memset.o)
                              obj/Unicast/Debug/circ_buff.o (memset)
/usr/lib/gcc/arm-none-eabi/5.2.0/../../../../arm-none-eabi/lib/armv7e-m/libc_nano.a(lib_a-nano-freer.o)
                              /usr/lib/gcc/arm-none-eabi/5.2.0/../../../../arm-none-eabi/lib/armv7e-m/libc_nano.a(lib_a-malloc.o) (_free_r)
[...]
Memory Configuration

Name             Origin             Length             Attributes
SRAM             0x0000000020000000 0x0000000000040000 xrw
*default*        0x0000000000000000 0xffffffffffffffff

Linker script and memory map

                0x0000000000004000                BOOTLOADER_SIZE = 0x4000

.bootloader     0x0000000020000000     0x4000
                0x0000000020000000                _heap2 = .
                0x0000000020004000                . = (. + BOOTLOADER_SIZE)
 *fill*         0x0000000020000000     0x4000 
                0x0000000020004000                . = ALIGN (0x8)
                0x0000000020004000                _eheap2 = .

.text           0x0000000020004000     0xc188
                0x0000000020004000                _text = .
 *(.intvecs)
 .intvecs       0x0000000020004000      0x400 obj/Unicast/Debug/startup_gcc.o
                0x0000000020004000                g_pfnVectors
 *(.text*)
 .text.AudioCodecReset
                0x0000000020004400       0x2c obj/Unicast/Debug/audiocodec.o
                0x0000000020004400                AudioCodecReset
 .text.AudioCodecConfig
                0x000000002000442c      0x33c obj/Unicast/Debug/audiocodec.o
                0x000000002000442c                AudioCodecConfig
 .text.AudioCodecSpeakerVolCtrl
                0x0000000020004768       0x84 obj/Unicast/Debug/audiocodec.o
                0x0000000020004768                AudioCodecSpeakerVolCtrl
 .text.AudioCodecMicVolCtrl
                0x00000000200047ec       0x88 obj/Unicast/Debug/audiocodec.o
                0x00000000200047ec                AudioCodecMicVolCtrl
 .text.AudioCodecPageSelect
                0x0000000020004874       0x20 obj/Unicast/Debug/audiocodec.o
 .text.AudioCodecRegWrite
                0x0000000020004894       0xa0 obj/Unicast/Debug/audiocodec.o
 .text.CreateCircularBuffer
                0x0000000020004934       0x58 obj/Unicast/Debug/circ_buff.o
                0x0000000020004934                CreateCircularBuffer
 .text.GetReadPtr
                0x000000002000498c       0x18 obj/Unicast/Debug/circ_buff.o
                0x000000002000498c                GetReadPtr
 .text.GetWritePtr
                0x00000000200049a4       0x18 obj/Unicast/Debug/circ_buff.o
                0x00000000200049a4                GetWritePtr
 .text.FillBuffer
                0x00000000200049bc       0x88 obj/Unicast/Debug/circ_buff.o
                0x00000000200049bc                FillBuffer
 .text.UpdateReadPtr
                0x0000000020004a44       0x60 obj/Unicast/Debug/circ_buff.o
                0x0000000020004a44                UpdateReadPtr
 .text.UpdateWritePtr
                0x0000000020004aa4       0x60 obj/Unicast/Debug/circ_buff.o
                0x0000000020004aa4                UpdateWritePtr
 .text.GetBufferSize
                0x0000000020004b04       0x4c obj/Unicast/Debug/circ_buff.o
                0x0000000020004b04                GetBufferSize
 .text.IsBufferEmpty
                0x0000000020004b50       0x24 obj/Unicast/Debug/circ_buff.o
                0x0000000020004b50                IsBufferEmpty
 .text.IsBufferSizeFilled
                0x0000000020004b74       0x28 obj/Unicast/Debug/circ_buff.o
                0x0000000020004b74                IsBufferSizeFilled
 .text.IsBufferVacant
                0x0000000020004b9c       0x28 obj/Unicast/Debug/circ_buff.o
                0x0000000020004b9c                IsBufferVacant
 .text.MicroPhoneControl
                0x0000000020004bc4       0xd4 obj/Unicast/Debug/control.o
                0x0000000020004bc4                MicroPhoneControl
 .text.SpeakerControl
                0x0000000020004c98      0x154 obj/Unicast/Debug/control.o
                0x0000000020004c98                SpeakerControl
 .text.MICStartStopControl
                0x0000000020004dec       0x48 obj/Unicast/Debug/control.o
 .text.SpeakerStartStopControl
                0x0000000020004e34       0x48 obj/Unicast/Debug/control.o
 .text.MICButtonHandler
                0x0000000020004e7c       0x50 obj/Unicast/Debug/control.o
 .text.SpeakerButtonHandler
                0x0000000020004ecc       0x50 obj/Unicast/Debug/control.o
 .text.InitControl
                0x0000000020004f1c       0xc8 obj/Unicast/Debug/control.o
                0x0000000020004f1c                InitControl
 .text.AudioControlTask
                0x0000000020004fe4       0x34 obj/Unicast/Debug/control.o
                0x0000000020004fe4                AudioControlTask
 .text.ControlTaskCreate
                0x0000000020005018       0xb8 obj/Unicast/Debug/control.o
                0x0000000020005018                ControlTaskCreate
 .text.vAssertCalled
                0x00000000200050d0        0xc obj/Unicast/Debug/main.o
                0x00000000200050d0                vAssertCalled
 .text.vApplicationIdleHook
                0x00000000200050dc        0xc obj/Unicast/Debug/main.o
                0x00000000200050dc                vApplicationIdleHook
 .text.vApplicationStackOverflowHook
                0x00000000200050e8        0xc obj/Unicast/Debug/main.o
                0x00000000200050e8                vApplicationStackOverflowHook
 .text.vApplicationMallocFailedHook
                0x00000000200050f4        0x8 obj/Unicast/Debug/main.o
                0x00000000200050f4                vApplicationMallocFailedHook
 .text.BoardInit
                0x00000000200050fc       0x24 obj/Unicast/Debug/main.o
                0x00000000200050fc                BoardInit
 .text.main     0x0000000020005120      0x280 obj/Unicast/Debug/main.o
                0x0000000020005120                main
 .text.Microphone
                0x00000000200053a0       0xec obj/Unicast/Debug/microphone.o
                0x00000000200053a0                Microphone
 .text.mDNS_Task
                0x000000002000548c       0xc4 obj/Unicast/Debug/network.o
                0x000000002000548c                mDNS_Task
 .text.SimpleLinkWlanEventHandler
                0x0000000020005550      0x170 obj/Unicast/Debug/network.o
                0x0000000020005550                SimpleLinkWlanEventHandler
 .text.SimpleLinkNetAppEventHandler
                0x00000000200056c0       0xb8 obj/Unicast/Debug/network.o
                0x00000000200056c0                SimpleLinkNetAppEventHandler
 .text.SimpleLinkHttpServerCallback
                0x0000000020005778       0x14 obj/Unicast/Debug/network.o
                0x0000000020005778                SimpleLinkHttpServerCallback
 .text.SimpleLinkGeneralEventHandler
                0x000000002000578c       0x38 obj/Unicast/Debug/network.o
                0x000000002000578c                SimpleLinkGeneralEventHandler
 .text.SimpleLinkSockEventHandler
                0x00000000200057c4       0x34 obj/Unicast/Debug/network.o
                0x00000000200057c4                SimpleLinkSockEventHandler
 .text.InitializeAppVariables
                0x00000000200057f8       0x38 obj/Unicast/Debug/network.o
 .text.ConfigureMode
                0x0000000020005830       0x64 obj/Unicast/Debug/network.o
 .text.ConnectToNetwork
                0x0000000020005894      0x128 obj/Unicast/Debug/network.o
                0x0000000020005894                ConnectToNetwork
 .text.CreateUdpServer
                0x00000000200059bc       0xc4 obj/Unicast/Debug/network.o
                0x00000000200059bc                CreateUdpServer
 .text.Network  0x0000000020005a80       0x54 obj/Unicast/Debug/network.o
                0x0000000020005a80                Network
 .text.DMAPingPongCompleteAppCB_opt
                0x0000000020005ad4      0x218 obj/Unicast/Debug/pcm_handler.o
                0x0000000020005ad4                DMAPingPongCompleteAppCB_opt
 .text.SetupPingPongDMATransferTx
                0x0000000020005cec       0x8c obj/Unicast/Debug/pcm_handler.o
                0x0000000020005cec                SetupPingPongDMATransferTx
 .text.SetupPingPongDMATransferRx
                0x0000000020005d78       0x8c obj/Unicast/Debug/pcm_handler.o
                0x0000000020005d78                SetupPingPongDMATransferRx
 .text.PinMuxConfig
                0x0000000020005e04       0xa0 obj/Unicast/Debug/pinmux.o
                0x0000000020005e04                PinMuxConfig
 .text.SmartConfigConnect
                0x0000000020005ea4       0x9c obj/Unicast/Debug/smartconfig.o
                0x0000000020005ea4                SmartConfigConnect
 .text.Speaker  0x0000000020005f40      0x134 obj/Unicast/Debug/speaker.o
                0x0000000020005f40                Speaker
 .text.InitTerm
                0x0000000020006074       0x2c obj/Unicast/Debug/uart_if.o
                0x0000000020006074                InitTerm
 .text.Message  0x00000000200060a0       0x34 obj/Unicast/Debug/uart_if.o
                0x00000000200060a0                Message
 .text.Report   0x00000000200060d4       0x98 obj/Unicast/Debug/uart_if.o
                0x00000000200060d4                Report
 .text.I2CTransact
                0x000000002000616c       0xb0 obj/Unicast/Debug/i2c_if.o
 .text.I2C_IF_Write
                0x000000002000621c       0xc0 obj/Unicast/Debug/i2c_if.o
                0x000000002000621c                I2C_IF_Write
 .text.I2C_IF_Read
                0x00000000200062dc       0xc4 obj/Unicast/Debug/i2c_if.o
                0x00000000200062dc                I2C_IF_Read
 .text.I2C_IF_ReadFrom
                0x00000000200063a0       0x50 obj/Unicast/Debug/i2c_if.o
                0x00000000200063a0                I2C_IF_ReadFrom
 .text.I2C_IF_Open
                0x00000000200063f0       0x58 obj/Unicast/Debug/i2c_if.o
                0x00000000200063f0                I2C_IF_Open
 .text.AudioInit
                0x0000000020006448       0x10 obj/Unicast/Debug/i2s_if.o
                0x0000000020006448                AudioInit
 .text.AudioSetupDMAMode
                0x0000000020006458       0x50 obj/Unicast/Debug/i2s_if.o
                0x0000000020006458                AudioSetupDMAMode
 .text.AudioCaptureRendererConfigure
                0x00000000200064a8       0x8c obj/Unicast/Debug/i2s_if.o
                0x00000000200064a8                AudioCaptureRendererConfigure
 .text.Audio_Start
                0x0000000020006534       0x38 obj/Unicast/Debug/i2s_if.o
                0x0000000020006534                Audio_Start
 .text.DmaSwIntHandler
                0x000000002000656c       0x24 obj/Unicast/Debug/udma_if.o
                0x000000002000656c                DmaSwIntHandler
 .text.DmaErrorIntHandler
                0x0000000020006590       0x14 obj/Unicast/Debug/udma_if.o
                0x0000000020006590                DmaErrorIntHandler
 .text.UDMAInit
                0x00000000200065a4       0x74 obj/Unicast/Debug/udma_if.o
                0x00000000200065a4                UDMAInit
 .text.UDMAChannelSelect
                0x0000000020006618       0x3c obj/Unicast/Debug/udma_if.o
                0x0000000020006618                UDMAChannelSelect
 .text.UDMASetupTransfer
                0x0000000020006654       0x4c obj/Unicast/Debug/udma_if.o
                0x0000000020006654                UDMASetupTransfer
 .text.GPIO_IF_LedConfigure
                0x00000000200066a0       0x68 obj/Unicast/Debug/gpio_if.o
                0x00000000200066a0                GPIO_IF_LedConfigure
 .text.GPIO_IF_LedOn
                0x0000000020006708       0xd4 obj/Unicast/Debug/gpio_if.o
                0x0000000020006708                GPIO_IF_LedOn
 .text.GPIO_IF_LedOff
                0x00000000200067dc       0xd4 obj/Unicast/Debug/gpio_if.o
                0x00000000200067dc                GPIO_IF_LedOff
 .text.GPIO_IF_GetPortNPin
                0x00000000200068b0       0x48 obj/Unicast/Debug/gpio_if.o
                0x00000000200068b0                GPIO_IF_GetPortNPin
 .text.GPIO_IF_Set
                0x00000000200068f8       0x3c obj/Unicast/Debug/gpio_if.o
                0x00000000200068f8                GPIO_IF_Set
 .text.ResetISR
                0x0000000020006934       0x78 obj/Unicast/Debug/startup_gcc.o
                0x0000000020006934                ResetISR
 .text.NmiSR    0x00000000200069ac        0x8 obj/Unicast/Debug/startup_gcc.o
 .text.FaultISR
                0x00000000200069b4        0x8 obj/Unicast/Debug/startup_gcc.o
 .text.BusFaultHandler
                0x00000000200069bc        0x8 obj/Unicast/Debug/startup_gcc.o
 .text.IntDefaultHandler
                0x00000000200069c4        0x8 obj/Unicast/Debug/startup_gcc.o
 .text._sbrk    0x00000000200069cc       0x70 obj/Unicast/Debug/startup_gcc.o
                0x00000000200069cc                _sbrk
 .text._sl_GetStartResponseConvert
                0x0000000020006a3c       0x24 ../../../simplelink/gcc/lib/os/Debug/libsimplelink.a(device.o)
 .text.sl_Start
                0x0000000020006a60      0x10c ../../../simplelink/gcc/lib/os/Debug/libsimplelink.a(device.o)
                0x0000000020006a60                sl_Start
 .text._sl_HandleAsync_InitComplete
                0x0000000020006b6c       0xb8 ../../../simplelink/gcc/lib/os/Debug/libsimplelink.a(device.o)
                0x0000000020006b6c                _sl_HandleAsync_InitComplete
 .text._sl_HandleAsync_Stop
                0x0000000020006c24       0x68 ../../../simplelink/gcc/lib/os/Debug/libsimplelink.a(device.o)
                0x0000000020006c24                _sl_HandleAsync_Stop
 .text.sl_Stop  0x0000000020006c8c       0xec ../../../simplelink/gcc/lib/os/Debug/libsimplelink.a(device.o)
                0x0000000020006c8c                sl_Stop
 .text._SlDrvDeviceEventHandler
                0x0000000020006d78       0xa8 ../../../simplelink/gcc/lib/os/Debug/libsimplelink.a(device.o)
                0x0000000020006d78                _SlDrvDeviceEventHandler
 .text._SlDrvProtectAsyncRespSetting
                0x0000000020006e20       0x54 ../../../simplelink/gcc/lib/os/Debug/libsimplelink.a(driver.o)
                0x0000000020006e20                _SlDrvProtectAsyncRespSetting
 .text._SlDrvDriverCBInit
                0x0000000020006e74      0x1a8 ../../../simplelink/gcc/lib/os/Debug/libsimplelink.a(driver.o)
                0x0000000020006e74                _SlDrvDriverCBInit
 .text._SlDrvDriverCBDeinit
                0x000000002000701c      0x134 ../../../simplelink/gcc/lib/os/Debug/libsimplelink.a(driver.o)
                0x000000002000701c                _SlDrvDriverCBDeinit
 .text._SlDrvRxIrqHandler
                0x0000000020007150       0x64 ../../../simplelink/gcc/lib/os/Debug/libsimplelink.a(driver.o)
                0x0000000020007150                _SlDrvRxIrqHandler
 .text._SlDrvCmdOp
                0x00000000200071b4       0xc4 ../../../simplelink/gcc/lib/os/Debug/libsimplelink.a(driver.o)
                0x00000000200071b4                _SlDrvCmdOp
 .text._SlDrvDataReadOp
                0x0000000020007278      0x208 ../../../simplelink/gcc/lib/os/Debug/libsimplelink.a(driver.o)
                0x0000000020007278                _SlDrvDataReadOp
 .text._SlDrvDataWriteOp
                0x0000000020007480      0x168 ../../../simplelink/gcc/lib/os/Debug/libsimplelink.a(driver.o)
                0x0000000020007480                _SlDrvDataWriteOp
 .text._SlDrvMsgWrite
                0x00000000200075e8      0x1d4 ../../../simplelink/gcc/lib/os/Debug/libsimplelink.a(driver.o)
 .text._SlDrvMsgRead
                0x00000000200077bc      0x5cc ../../../simplelink/gcc/lib/os/Debug/libsimplelink.a(driver.o)
 .text._SlAsyncEventGenericHandler
                0x0000000020007d88       0xd8 ../../../simplelink/gcc/lib/os/Debug/libsimplelink.a(driver.o)
 .text._SlDrvMsgReadCmdCtx
                0x0000000020007e60      0x158 ../../../simplelink/gcc/lib/os/Debug/libsimplelink.a(driver.o)
 .text._SlDrvMsgReadSpawnCtx
                0x0000000020007fb8       0xf4 ../../../simplelink/gcc/lib/os/Debug/libsimplelink.a(driver.o)
                0x0000000020007fb8                _SlDrvMsgReadSpawnCtx
 .text._SlDrvClassifyRxMsg
                0x00000000200080ac       0xd0 ../../../simplelink/gcc/lib/os/Debug/libsimplelink.a(driver.o)
 .text._SlDrvRxHdrRead
                0x000000002000817c      0x2ac ../../../simplelink/gcc/lib/os/Debug/libsimplelink.a(driver.o)
 .text._SlDrvCmdSend
                0x0000000020008428       0x74 ../../../simplelink/gcc/lib/os/Debug/libsimplelink.a(driver.o)
                0x0000000020008428                _SlDrvCmdSend
 .text._SlDrvWaitForPoolObj
                0x000000002000849c      0x1a4 ../../../simplelink/gcc/lib/os/Debug/libsimplelink.a(driver.o)
                0x000000002000849c                _SlDrvWaitForPoolObj
 .text._SlDrvReleasePoolObj
                0x0000000020008640      0x200 ../../../simplelink/gcc/lib/os/Debug/libsimplelink.a(driver.o)
                0x0000000020008640                _SlDrvReleasePoolObj
 .text._SlRemoveFromList
                0x0000000020008840       0xd0 ../../../simplelink/gcc/lib/os/Debug/libsimplelink.a(driver.o)
 .text._SlFindAndSetActiveObj
                0x0000000020008910      0x16c ../../../simplelink/gcc/lib/os/Debug/libsimplelink.a(driver.o)
 .text._SlDrvDispatchHttpServerEvents
                0x0000000020008a7c       0x1c ../../../simplelink/gcc/lib/os/Debug/libsimplelink.a(driver.o)
                0x0000000020008a7c                _SlDrvDispatchHttpServerEvents
 .text._SlDrvSyncObjSignal
                0x0000000020008a98       0x2c ../../../simplelink/gcc/lib/os/Debug/libsimplelink.a(driver.o)
                0x0000000020008a98                _SlDrvSyncObjSignal
 .text._SlDrvObjLockWaitForever
                0x0000000020008ac4       0x30 ../../../simplelink/gcc/lib/os/Debug/libsimplelink.a(driver.o)
                0x0000000020008ac4                _SlDrvObjLockWaitForever
 .text._SlDrvProtectionObjLockWaitForever
                0x0000000020008af4       0x38 ../../../simplelink/gcc/lib/os/Debug/libsimplelink.a(driver.o)
                0x0000000020008af4                _SlDrvProtectionObjLockWaitForever
 .text._SlDrvObjUnLock
                0x0000000020008b2c       0x2c ../../../simplelink/gcc/lib/os/Debug/libsimplelink.a(driver.o)
                0x0000000020008b2c                _SlDrvObjUnLock
 .text._SlDrvProtectionObjUnLock
                0x0000000020008b58       0x34 ../../../simplelink/gcc/lib/os/Debug/libsimplelink.a(driver.o)
                0x0000000020008b58                _SlDrvProtectionObjUnLock
 .text._SlDrvObjGlobalLockWaitForever
                0x0000000020008b8c       0x38 ../../../simplelink/gcc/lib/os/Debug/libsimplelink.a(driver.o)
 .text._SlDrvGlobalObjUnLock
                0x0000000020008bc4       0x34 ../../../simplelink/gcc/lib/os/Debug/libsimplelink.a(driver.o)
                0x0000000020008bc4                _SlDrvGlobalObjUnLock
 .text._SlDrvMemZero
                0x0000000020008bf8       0x20 ../../../simplelink/gcc/lib/os/Debug/libsimplelink.a(driver.o)
                0x0000000020008bf8                _SlDrvMemZero
 .text._SlDrvResetCmdExt
                0x0000000020008c18       0x18 ../../../simplelink/gcc/lib/os/Debug/libsimplelink.a(driver.o)
                0x0000000020008c18                _SlDrvResetCmdExt
 .text._SlDrvSyncObjWaitForever
                0x0000000020008c30       0x34 ../../../simplelink/gcc/lib/os/Debug/libsimplelink.a(driver.o)
                0x0000000020008c30                _SlDrvSyncObjWaitForever
 .text._SlDrvSyncObjWaitTimeout
                0x0000000020008c64       0x50 ../../../simplelink/gcc/lib/os/Debug/libsimplelink.a(driver.o)
                0x0000000020008c64                _SlDrvSyncObjWaitTimeout
 .text._SlDriverHandleError
                0x0000000020008cb4       0x98 ../../../simplelink/gcc/lib/os/Debug/libsimplelink.a(driver.o)
                0x0000000020008cb4                _SlDriverHandleError
 .text._SlDrvStartMeasureTimeout
                0x0000000020008d4c       0x30 ../../../simplelink/gcc/lib/os/Debug/libsimplelink.a(driver.o)
                0x0000000020008d4c                _SlDrvStartMeasureTimeout
 .text._SlDrvIsTimeoutExpired
                0x0000000020008d7c       0xa8 ../../../simplelink/gcc/lib/os/Debug/libsimplelink.a(driver.o)
                0x0000000020008d7c                _SlDrvIsTimeoutExpired
 .text.sl_NetAppMDNSRegisterUnregisterService
                0x0000000020008e24      0x140 ../../../simplelink/gcc/lib/os/Debug/libsimplelink.a(netapp.o)
                0x0000000020008e24                sl_NetAppMDNSRegisterUnregisterService
 .text.sl_NetAppMDNSRegisterService
                0x0000000020008f64       0x6c ../../../simplelink/gcc/lib/os/Debug/libsimplelink.a(netapp.o)
                0x0000000020008f64                sl_NetAppMDNSRegisterService
 .text.sl_NetAppMDNSUnRegisterService
                0x0000000020008fd0       0x68 ../../../simplelink/gcc/lib/os/Debug/libsimplelink.a(netapp.o)
                0x0000000020008fd0                sl_NetAppMDNSUnRegisterService
 .text.sl_NetAppDnsGetHostByService
                0x0000000020009038      0x144 ../../../simplelink/gcc/lib/os/Debug/libsimplelink.a(netapp.o)
                0x0000000020009038                sl_NetAppDnsGetHostByService
 .text._sl_HandleAsync_DnsGetHostByService
                0x000000002000917c       0xd4 ../../../simplelink/gcc/lib/os/Debug/libsimplelink.a(netapp.o)
                0x000000002000917c                _sl_HandleAsync_DnsGetHostByService
 .text._sl_HandleAsync_DnsGetHostByName
                0x0000000020009250       0xb8 ../../../simplelink/gcc/lib/os/Debug/libsimplelink.a(netapp.o)
                0x0000000020009250                _sl_HandleAsync_DnsGetHostByName
 .text.CopyPingResultsToReport
                0x0000000020009308       0x44 ../../../simplelink/gcc/lib/os/Debug/libsimplelink.a(netapp.o)
 .text._sl_HandleAsync_PingResponse
                0x000000002000934c       0xb4 ../../../simplelink/gcc/lib/os/Debug/libsimplelink.a(netapp.o)
                0x000000002000934c                _sl_HandleAsync_PingResponse
 .text._sl_NetAppSendTokenValue
                0x0000000020009400       0x7c ../../../simplelink/gcc/lib/os/Debug/libsimplelink.a(netapp.o)
                0x0000000020009400                _sl_NetAppSendTokenValue
 .text._SlDrvNetAppEventHandler
                0x000000002000947c      0x134 ../../../simplelink/gcc/lib/os/Debug/libsimplelink.a(netapp.o)
                0x000000002000947c                _SlDrvNetAppEventHandler
 .text._sl_BuildAddress
                0x00000000200095b0       0x58 ../../../simplelink/gcc/lib/os/Debug/libsimplelink.a(socket.o)
 .text._sl_TruncatePayloadByProtocol
                0x0000000020009608       0x40 ../../../simplelink/gcc/lib/os/Debug/libsimplelink.a(socket.o)
 .text.sl_Socket
                0x0000000020009648       0x8c ../../../simplelink/gcc/lib/os/Debug/libsimplelink.a(socket.o)
                0x0000000020009648                sl_Socket
 .text.sl_Bind  0x00000000200096d4       0xb4 ../../../simplelink/gcc/lib/os/Debug/libsimplelink.a(socket.o)
                0x00000000200096d4                sl_Bind
 .text.sl_SendTo
                0x0000000020009788      0x148 ../../../simplelink/gcc/lib/os/Debug/libsimplelink.a(socket.o)
                0x0000000020009788                sl_SendTo
 .text.sl_RecvFrom
                0x00000000200098d0      0x140 ../../../simplelink/gcc/lib/os/Debug/libsimplelink.a(socket.o)
                0x00000000200098d0                sl_RecvFrom
 .text._sl_HandleAsync_Connect
                0x0000000020009a10       0x9c ../../../simplelink/gcc/lib/os/Debug/libsimplelink.a(socket.o)
                0x0000000020009a10                _sl_HandleAsync_Connect
 .text.sl_Htonl
                0x0000000020009aac       0x4c ../../../simplelink/gcc/lib/os/Debug/libsimplelink.a(socket.o)
                0x0000000020009aac                sl_Htonl
 .text.sl_Htons
                0x0000000020009af8       0x40 ../../../simplelink/gcc/lib/os/Debug/libsimplelink.a(socket.o)
                0x0000000020009af8                sl_Htons
 .text._sl_HandleAsync_Accept
                0x0000000020009b38       0x80 ../../../simplelink/gcc/lib/os/Debug/libsimplelink.a(socket.o)
                0x0000000020009b38                _sl_HandleAsync_Accept
 .text._sl_HandleAsync_Select
                0x0000000020009bb8       0x6c ../../../simplelink/gcc/lib/os/Debug/libsimplelink.a(socket.o)
                0x0000000020009bb8                _sl_HandleAsync_Select
 .text.sl_Select
                0x0000000020009c24      0x180 ../../../simplelink/gcc/lib/os/Debug/libsimplelink.a(socket.o)
                0x0000000020009c24                sl_Select
 .text.SL_FD_SET
                0x0000000020009da4       0x2c ../../../simplelink/gcc/lib/os/Debug/libsimplelink.a(socket.o)
                0x0000000020009da4                SL_FD_SET
 .text.SL_FD_ISSET
                0x0000000020009dd0       0x34 ../../../simplelink/gcc/lib/os/Debug/libsimplelink.a(socket.o)
                0x0000000020009dd0                SL_FD_ISSET
 .text.SL_FD_ZERO
                0x0000000020009e04       0x18 ../../../simplelink/gcc/lib/os/Debug/libsimplelink.a(socket.o)
                0x0000000020009e04                SL_FD_ZERO
 .text.sl_WlanPolicySet
                0x0000000020009e1c       0x90 ../../../simplelink/gcc/lib/os/Debug/libsimplelink.a(wlan.o)
                0x0000000020009e1c                sl_WlanPolicySet
 .text.sl_WlanProfileDel
                0x0000000020009eac       0x68 ../../../simplelink/gcc/lib/os/Debug/libsimplelink.a(wlan.o)
                0x0000000020009eac                sl_WlanProfileDel
 .text.sl_WlanSmartConfigStart
                0x0000000020009f14       0xdc ../../../simplelink/gcc/lib/os/Debug/libsimplelink.a(wlan.o)
                0x0000000020009f14                sl_WlanSmartConfigStart
 .text.sl_WlanSetMode
                0x0000000020009ff0       0x68 ../../../simplelink/gcc/lib/os/Debug/libsimplelink.a(wlan.o)
                0x0000000020009ff0                sl_WlanSetMode
 .text.spi_Read_CPU
                0x000000002000a058       0x88 ../../../simplelink/gcc/lib/os/Debug/libsimplelink.a(cc_pal.o)
 .text.spi_Write_CPU
                0x000000002000a0e0       0x84 ../../../simplelink/gcc/lib/os/Debug/libsimplelink.a(cc_pal.o)
 .text.DmaSpiSwIntHandler
                0x000000002000a164       0x30 ../../../simplelink/gcc/lib/os/Debug/libsimplelink.a(cc_pal.o)
                0x000000002000a164                DmaSpiSwIntHandler
 .text.SetupDMAReceive
                0x000000002000a194       0x94 ../../../simplelink/gcc/lib/os/Debug/libsimplelink.a(cc_pal.o)
 .text.SetupDMASend
                0x000000002000a228       0x94 ../../../simplelink/gcc/lib/os/Debug/libsimplelink.a(cc_pal.o)
 .text.spi_Open
                0x000000002000a2bc      0x154 ../../../simplelink/gcc/lib/os/Debug/libsimplelink.a(cc_pal.o)
                0x000000002000a2bc                spi_Open
 .text.spi_Close
                0x000000002000a410       0x84 ../../../simplelink/gcc/lib/os/Debug/libsimplelink.a(cc_pal.o)
                0x000000002000a410                spi_Close
 .text.spi_Read
                0x000000002000a494       0xec ../../../simplelink/gcc/lib/os/Debug/libsimplelink.a(cc_pal.o)
                0x000000002000a494                spi_Read
 .text.spi_Write
                0x000000002000a580       0x9c ../../../simplelink/gcc/lib/os/Debug/libsimplelink.a(cc_pal.o)
                0x000000002000a580                spi_Write
 .text.NwpRegisterInterruptHandler
                0x000000002000a61c       0x34 ../../../simplelink/gcc/lib/os/Debug/libsimplelink.a(cc_pal.o)
                0x000000002000a61c                NwpRegisterInterruptHandler
 .text.NwpMaskInterrupt
                0x000000002000a650       0x18 ../../../simplelink/gcc/lib/os/Debug/libsimplelink.a(cc_pal.o)
                0x000000002000a650                NwpMaskInterrupt
 .text.NwpUnMaskInterrupt
                0x000000002000a668       0x18 ../../../simplelink/gcc/lib/os/Debug/libsimplelink.a(cc_pal.o)
                0x000000002000a668                NwpUnMaskInterrupt
 .text.NwpPowerOnPreamble
                0x000000002000a680       0x8c ../../../simplelink/gcc/lib/os/Debug/libsimplelink.a(cc_pal.o)
                0x000000002000a680                NwpPowerOnPreamble
 .text.NwpPowerOn
                0x000000002000a70c       0x3c ../../../simplelink/gcc/lib/os/Debug/libsimplelink.a(cc_pal.o)
                0x000000002000a70c                NwpPowerOn
 .text.NwpPowerOff
                0x000000002000a748       0x40 ../../../simplelink/gcc/lib/os/Debug/libsimplelink.a(cc_pal.o)
                0x000000002000a748                NwpPowerOff
 .text.NwpPrePowerOffTimout0
                0x000000002000a788       0x24 ../../../simplelink/gcc/lib/os/Debug/libsimplelink.a(cc_pal.o)
                0x000000002000a788                NwpPrePowerOffTimout0
 .text.cc_UDMAChannelSelect
                0x000000002000a7ac       0x28 ../../../simplelink/gcc/lib/os/Debug/libsimplelink.a(cc_pal.o)
 .text.cc_SetupTransfer
                0x000000002000a7d4       0x4c ../../../simplelink/gcc/lib/os/Debug/libsimplelink.a(cc_pal.o)
 .text.simplelink_timerA2_start
                0x000000002000a820       0x40 ../../../simplelink/gcc/lib/os/Debug/libsimplelink.a(cc_pal.o)
                0x000000002000a820                simplelink_timerA2_start
 .text.TimerGetCurrentTimestamp
                0x000000002000a860       0x28 ../../../simplelink/gcc/lib/os/Debug/libsimplelink.a(cc_pal.o)
                0x000000002000a860                TimerGetCurrentTimestamp
 .text.osi_InterruptRegister
                0x000000002000a888       0x38 ../../../oslib/gcc/free_rtos/Debug/free_rtos.a(osi_freertos.o)
                0x000000002000a888                osi_InterruptRegister
 .text.osi_InterruptDeRegister
                0x000000002000a8c0       0x20 ../../../oslib/gcc/free_rtos/Debug/free_rtos.a(osi_freertos.o)
                0x000000002000a8c0                osi_InterruptDeRegister
 .text.osi_SyncObjCreate
                0x000000002000a8e0       0x40 ../../../oslib/gcc/free_rtos/Debug/free_rtos.a(osi_freertos.o)
                0x000000002000a8e0                osi_SyncObjCreate
 .text.osi_SyncObjDelete
                0x000000002000a920       0x28 ../../../oslib/gcc/free_rtos/Debug/free_rtos.a(osi_freertos.o)
                0x000000002000a920                osi_SyncObjDelete
 .text.osi_SyncObjSignal
                0x000000002000a948       0x38 ../../../oslib/gcc/free_rtos/Debug/free_rtos.a(osi_freertos.o)
                0x000000002000a948                osi_SyncObjSignal
 .text.osi_SyncObjSignalFromISR
                0x000000002000a980       0x4c ../../../oslib/gcc/free_rtos/Debug/free_rtos.a(osi_freertos.o)
                0x000000002000a980                osi_SyncObjSignalFromISR
 .text.osi_SyncObjWait
                0x000000002000a9cc       0x38 ../../../oslib/gcc/free_rtos/Debug/free_rtos.a(osi_freertos.o)
                0x000000002000a9cc                osi_SyncObjWait
 .text.osi_LockObjCreate
                0x000000002000aa04       0x34 ../../../oslib/gcc/free_rtos/Debug/free_rtos.a(osi_freertos.o)
                0x000000002000aa04                osi_LockObjCreate
 .text.osi_TaskCreate
                0x000000002000aa38       0x48 ../../../oslib/gcc/free_rtos/Debug/free_rtos.a(osi_freertos.o)
                0x000000002000aa38                osi_TaskCreate
 .text.osi_LockObjDelete
                0x000000002000aa80       0x20 ../../../oslib/gcc/free_rtos/Debug/free_rtos.a(osi_freertos.o)
                0x000000002000aa80                osi_LockObjDelete
 .text.osi_LockObjLock
                0x000000002000aaa0       0x38 ../../../oslib/gcc/free_rtos/Debug/free_rtos.a(osi_freertos.o)
                0x000000002000aaa0                osi_LockObjLock
 .text.osi_LockObjUnlock
                0x000000002000aad8       0x38 ../../../oslib/gcc/free_rtos/Debug/free_rtos.a(osi_freertos.o)
                0x000000002000aad8                osi_LockObjUnlock
 .text.osi_Spawn
                0x000000002000ab10       0x54 ../../../oslib/gcc/free_rtos/Debug/free_rtos.a(osi_freertos.o)
                0x000000002000ab10                osi_Spawn
 .text.vSimpleLinkSpawnTask
                0x000000002000ab64       0x34 ../../../oslib/gcc/free_rtos/Debug/free_rtos.a(osi_freertos.o)
 .text.VStartSimpleLinkSpawnTask
                0x000000002000ab98       0x68 ../../../oslib/gcc/free_rtos/Debug/free_rtos.a(osi_freertos.o)
                0x000000002000ab98                VStartSimpleLinkSpawnTask
 .text.osi_MsgQCreate
                0x000000002000ac00       0x44 ../../../oslib/gcc/free_rtos/Debug/free_rtos.a(osi_freertos.o)
                0x000000002000ac00                osi_MsgQCreate
 .text.osi_MsgQDelete
                0x000000002000ac44       0x28 ../../../oslib/gcc/free_rtos/Debug/free_rtos.a(osi_freertos.o)
                0x000000002000ac44                osi_MsgQDelete
 .text.osi_MsgQWrite
                0x000000002000ac6c       0x44 ../../../oslib/gcc/free_rtos/Debug/free_rtos.a(osi_freertos.o)
                0x000000002000ac6c                osi_MsgQWrite
 .text.osi_MsgQRead
                0x000000002000acb0       0x48 ../../../oslib/gcc/free_rtos/Debug/free_rtos.a(osi_freertos.o)
                0x000000002000acb0                osi_MsgQRead
 .text.osi_start
                0x000000002000acf8        0xc ../../../oslib/gcc/free_rtos/Debug/free_rtos.a(osi_freertos.o)
                0x000000002000acf8                osi_start
 .text.osi_Sleep
                0x000000002000ad04       0x1c ../../../oslib/gcc/free_rtos/Debug/free_rtos.a(osi_freertos.o)
                0x000000002000ad04                osi_Sleep
 .text.xQueueGenericReset
                0x000000002000ad20       0xb8 ../../../oslib/gcc/free_rtos/Debug/free_rtos.a(queue.o)
                0x000000002000ad20                xQueueGenericReset
 .text.xQueueGenericCreate
                0x000000002000add8       0xac ../../../oslib/gcc/free_rtos/Debug/free_rtos.a(queue.o)
                0x000000002000add8                xQueueGenericCreate
 .text.xQueueCreateMutex
                0x000000002000ae84       0xa0 ../../../oslib/gcc/free_rtos/Debug/free_rtos.a(queue.o)
                0x000000002000ae84                xQueueCreateMutex
 .text.xQueueGenericSend
                0x000000002000af24      0x1b8 ../../../oslib/gcc/free_rtos/Debug/free_rtos.a(queue.o)
                0x000000002000af24                xQueueGenericSend
 .text.xQueueGenericSendFromISR
                0x000000002000b0dc      0x108 ../../../oslib/gcc/free_rtos/Debug/free_rtos.a(queue.o)
                0x000000002000b0dc                xQueueGenericSendFromISR
 .text.xQueueGiveFromISR
                0x000000002000b1e4       0xf0 ../../../oslib/gcc/free_rtos/Debug/free_rtos.a(queue.o)
                0x000000002000b1e4                xQueueGiveFromISR
 .text.xQueueGenericReceive
                0x000000002000b2d4      0x1c8 ../../../oslib/gcc/free_rtos/Debug/free_rtos.a(queue.o)
                0x000000002000b2d4                xQueueGenericReceive
 .text.vQueueDelete
                0x000000002000b49c       0x34 ../../../oslib/gcc/free_rtos/Debug/free_rtos.a(queue.o)
                0x000000002000b49c                vQueueDelete
 .text.prvCopyDataToQueue
                0x000000002000b4d0       0xd8 ../../../oslib/gcc/free_rtos/Debug/free_rtos.a(queue.o)
 .text.prvCopyDataFromQueue
                0x000000002000b5a8       0x4c ../../../oslib/gcc/free_rtos/Debug/free_rtos.a(queue.o)
 .text.prvUnlockQueue
                0x000000002000b5f4       0xb4 ../../../oslib/gcc/free_rtos/Debug/free_rtos.a(queue.o)
 .text.prvIsQueueEmpty
                0x000000002000b6a8       0x2c ../../../oslib/gcc/free_rtos/Debug/free_rtos.a(queue.o)
 .text.prvIsQueueFull
                0x000000002000b6d4       0x30 ../../../oslib/gcc/free_rtos/Debug/free_rtos.a(queue.o)
 .text.vQueueAddToRegistry
                0x000000002000b704       0x50 ../../../oslib/gcc/free_rtos/Debug/free_rtos.a(queue.o)
                0x000000002000b704                vQueueAddToRegistry
 .text.vQueueUnregisterQueue
                0x000000002000b754       0x44 ../../../oslib/gcc/free_rtos/Debug/free_rtos.a(queue.o)
                0x000000002000b754                vQueueUnregisterQueue
 .text.vQueueWaitForMessageRestricted
                0x000000002000b798       0x58 ../../../oslib/gcc/free_rtos/Debug/free_rtos.a(queue.o)
                0x000000002000b798                vQueueWaitForMessageRestricted
 .text.prvNotifyQueueSetContainer
                0x000000002000b7f0       0x94 ../../../oslib/gcc/free_rtos/Debug/free_rtos.a(queue.o)
 .text.xTaskGenericCreate
                0x000000002000b884      0x174 ../../../oslib/gcc/free_rtos/Debug/free_rtos.a(tasks.o)
                0x000000002000b884                xTaskGenericCreate
 .text.vTaskDelay
                0x000000002000b9f8       0x90 ../../../oslib/gcc/free_rtos/Debug/free_rtos.a(tasks.o)
                0x000000002000b9f8                vTaskDelay
 .text.vTaskStartScheduler
                0x000000002000ba88       0x7c ../../../oslib/gcc/free_rtos/Debug/free_rtos.a(tasks.o)
                0x000000002000ba88                vTaskStartScheduler
 .text.vTaskSuspendAll
                0x000000002000bb04       0x1c ../../../oslib/gcc/free_rtos/Debug/free_rtos.a(tasks.o)
                0x000000002000bb04                vTaskSuspendAll
 .text.xTaskResumeAll
                0x000000002000bb20      0x110 ../../../oslib/gcc/free_rtos/Debug/free_rtos.a(tasks.o)
                0x000000002000bb20                xTaskResumeAll
 .text.xTaskGetTickCount
                0x000000002000bc30       0x1c ../../../oslib/gcc/free_rtos/Debug/free_rtos.a(tasks.o)
                0x000000002000bc30                xTaskGetTickCount
 .text.xTaskIncrementTick
                0x000000002000bc4c      0x154 ../../../oslib/gcc/free_rtos/Debug/free_rtos.a(tasks.o)
                0x000000002000bc4c                xTaskIncrementTick
 .text.vTaskSwitchContext
                0x000000002000bda0       0xf8 ../../../oslib/gcc/free_rtos/Debug/free_rtos.a(tasks.o)
                0x000000002000bda0                vTaskSwitchContext
 .text.vTaskPlaceOnEventList
                0x000000002000be98       0x98 ../../../oslib/gcc/free_rtos/Debug/free_rtos.a(tasks.o)
                0x000000002000be98                vTaskPlaceOnEventList
 .text.vTaskPlaceOnEventListRestricted
                0x000000002000bf30       0x7c ../../../oslib/gcc/free_rtos/Debug/free_rtos.a(tasks.o)
                0x000000002000bf30                vTaskPlaceOnEventListRestricted
 .text.xTaskRemoveFromEventList
                0x000000002000bfac       0xbc ../../../oslib/gcc/free_rtos/Debug/free_rtos.a(tasks.o)
                0x000000002000bfac                xTaskRemoveFromEventList
 .text.vTaskSetTimeOutState
                0x000000002000c068       0x3c ../../../oslib/gcc/free_rtos/Debug/free_rtos.a(tasks.o)
                0x000000002000c068                vTaskSetTimeOutState
 .text.xTaskCheckForTimeOut
                0x000000002000c0a4       0xac ../../../oslib/gcc/free_rtos/Debug/free_rtos.a(tasks.o)
                0x000000002000c0a4                xTaskCheckForTimeOut
 .text.vTaskMissedYield
                0x000000002000c150       0x18 ../../../oslib/gcc/free_rtos/Debug/free_rtos.a(tasks.o)
                0x000000002000c150                vTaskMissedYield
 .text.prvIdleTask
                0x000000002000c168       0x14 ../../../oslib/gcc/free_rtos/Debug/free_rtos.a(tasks.o)
 .text.prvInitialiseTCBVariables
                0x000000002000c17c       0xa8 ../../../oslib/gcc/free_rtos/Debug/free_rtos.a(tasks.o)
 .text.prvInitialiseTaskLists
                0x000000002000c224       0x80 ../../../oslib/gcc/free_rtos/Debug/free_rtos.a(tasks.o)
 .text.prvCheckTasksWaitingTermination
                0x000000002000c2a4       0x78 ../../../oslib/gcc/free_rtos/Debug/free_rtos.a(tasks.o)
 .text.prvAddCurrentTaskToDelayedList
                0x000000002000c31c       0x6c ../../../oslib/gcc/free_rtos/Debug/free_rtos.a(tasks.o)
 .text.prvAllocateTCBAndStack
                0x000000002000c388       0x6c ../../../oslib/gcc/free_rtos/Debug/free_rtos.a(tasks.o)
 .text.prvDeleteTCB
                0x000000002000c3f4       0x20 ../../../oslib/gcc/free_rtos/Debug/free_rtos.a(tasks.o)
 .text.prvResetNextTaskUnblockTime
                0x000000002000c414       0x48 ../../../oslib/gcc/free_rtos/Debug/free_rtos.a(tasks.o)
 .text.xTaskGetSchedulerState
                0x000000002000c45c       0x3c ../../../oslib/gcc/free_rtos/Debug/free_rtos.a(tasks.o)
                0x000000002000c45c                xTaskGetSchedulerState
 .text.vTaskPriorityInherit
                0x000000002000c498       0xec ../../../oslib/gcc/free_rtos/Debug/free_rtos.a(tasks.o)
                0x000000002000c498                vTaskPriorityInherit
 .text.xTaskPriorityDisinherit
                0x000000002000c584       0xf8 ../../../oslib/gcc/free_rtos/Debug/free_rtos.a(tasks.o)
                0x000000002000c584                xTaskPriorityDisinherit
 .text.pvTaskIncrementMutexHeldCount
                0x000000002000c67c       0x28 ../../../oslib/gcc/free_rtos/Debug/free_rtos.a(tasks.o)
                0x000000002000c67c                pvTaskIncrementMutexHeldCount
 .text.pxPortInitialiseStack
                0x000000002000c6a4       0x54 ../../../oslib/gcc/free_rtos/Debug/free_rtos.a(port.o)
                0x000000002000c6a4                pxPortInitialiseStack
 .text.prvTaskExitError
                0x000000002000c6f8       0x24 ../../../oslib/gcc/free_rtos/Debug/free_rtos.a(port.o)
 .text.vPortSVCHandler
                0x000000002000c71c       0x28 ../../../oslib/gcc/free_rtos/Debug/free_rtos.a(port.o)
                0x000000002000c71c                vPortSVCHandler
 .text.prvPortStartFirstTask
                0x000000002000c744       0x20 ../../../oslib/gcc/free_rtos/Debug/free_rtos.a(port.o)
 .text.xPortStartScheduler
                0x000000002000c764       0xbc ../../../oslib/gcc/free_rtos/Debug/free_rtos.a(port.o)
                0x000000002000c764                xPortStartScheduler
 .text.vPortYield
                0x000000002000c820       0x20 ../../../oslib/gcc/free_rtos/Debug/free_rtos.a(port.o)
                0x000000002000c820                vPortYield
 .text.vPortEnterCritical
                0x000000002000c840       0x48 ../../../oslib/gcc/free_rtos/Debug/free_rtos.a(port.o)
                0x000000002000c840                vPortEnterCritical
 .text.vPortExitCritical
                0x000000002000c888       0x3c ../../../oslib/gcc/free_rtos/Debug/free_rtos.a(port.o)
                0x000000002000c888                vPortExitCritical
 .text.ulPortSetInterruptMask
                0x000000002000c8c4       0x14 ../../../oslib/gcc/free_rtos/Debug/free_rtos.a(port.o)
                0x000000002000c8c4                ulPortSetInterruptMask
 .text.vPortClearInterruptMask
                0x000000002000c8d8        0x8 ../../../oslib/gcc/free_rtos/Debug/free_rtos.a(port.o)
                0x000000002000c8d8                vPortClearInterruptMask
 .text.xPortPendSVHandler
                0x000000002000c8e0       0x48 ../../../oslib/gcc/free_rtos/Debug/free_rtos.a(port.o)
                0x000000002000c8e0                xPortPendSVHandler
 .text.xPortSysTickHandler
                0x000000002000c928       0x28 ../../../oslib/gcc/free_rtos/Debug/free_rtos.a(port.o)
                0x000000002000c928                xPortSysTickHandler
 .text.vPortSetupTimerInterrupt
                0x000000002000c950       0x24 ../../../oslib/gcc/free_rtos/Debug/free_rtos.a(port.o)
                0x000000002000c950                vPortSetupTimerInterrupt
 .text.vPortValidateInterruptPriority
                0x000000002000c974       0x68 ../../../oslib/gcc/free_rtos/Debug/free_rtos.a(port.o)
                0x000000002000c974                vPortValidateInterruptPriority
 .text.xTimerCreateTimerTask
                0x000000002000c9dc       0x64 ../../../oslib/gcc/free_rtos/Debug/free_rtos.a(timers.o)
                0x000000002000c9dc                xTimerCreateTimerTask
 .text.xTimerGenericCommand
                0x000000002000ca40       0x80 ../../../oslib/gcc/free_rtos/Debug/free_rtos.a(timers.o)
                0x000000002000ca40                xTimerGenericCommand
 .text.prvProcessExpiredTimer
                0x000000002000cac0       0x78 ../../../oslib/gcc/free_rtos/Debug/free_rtos.a(timers.o)
 .text.prvTimerTask
                0x000000002000cb38       0x24 ../../../oslib/gcc/free_rtos/Debug/free_rtos.a(timers.o)
 .text.prvProcessTimerOrBlockTask
                0x000000002000cb5c       0x6c ../../../oslib/gcc/free_rtos/Debug/free_rtos.a(timers.o)
 .text.prvGetNextExpireTime
                0x000000002000cbc8       0x48 ../../../oslib/gcc/free_rtos/Debug/free_rtos.a(timers.o)
 .text.prvSampleTimeNow
                0x000000002000cc10       0x40 ../../../oslib/gcc/free_rtos/Debug/free_rtos.a(timers.o)
 .text.prvInsertTimerInActiveList
                0x000000002000cc50       0x84 ../../../oslib/gcc/free_rtos/Debug/free_rtos.a(timers.o)
 .text.prvProcessReceivedCommands
                0x000000002000ccd4      0x140 ../../../oslib/gcc/free_rtos/Debug/free_rtos.a(timers.o)
 .text.prvSwitchTimerLists
                0x000000002000ce14       0xbc ../../../oslib/gcc/free_rtos/Debug/free_rtos.a(timers.o)
 .text.prvCheckForValidListAndQueue
                0x000000002000ced0       0x84 ../../../oslib/gcc/free_rtos/Debug/free_rtos.a(timers.o)
 .text.pvPortMalloc
                0x000000002000cf54       0x30 ../../../oslib/gcc/free_rtos/Debug/free_rtos.a(heap_3.o)
                0x000000002000cf54                pvPortMalloc
 .text.vPortFree
                0x000000002000cf84       0x24 ../../../oslib/gcc/free_rtos/Debug/free_rtos.a(heap_3.o)
                0x000000002000cf84                vPortFree
 .text.vListInitialise
                0x000000002000cfa8       0x40 ../../../oslib/gcc/free_rtos/Debug/free_rtos.a(list.o)
                0x000000002000cfa8                vListInitialise
 .text.vListInitialiseItem
                0x000000002000cfe8       0x18 ../../../oslib/gcc/free_rtos/Debug/free_rtos.a(list.o)
                0x000000002000cfe8                vListInitialiseItem
 .text.vListInsertEnd
                0x000000002000d000       0x48 ../../../oslib/gcc/free_rtos/Debug/free_rtos.a(list.o)
                0x000000002000d000                vListInsertEnd
 .text.vListInsert
                0x000000002000d048       0x70 ../../../oslib/gcc/free_rtos/Debug/free_rtos.a(list.o)
                0x000000002000d048                vListInsert
 .text.uxListRemove
                0x000000002000d0b8       0x54 ../../../oslib/gcc/free_rtos/Debug/free_rtos.a(list.o)
                0x000000002000d0b8                uxListRemove
 .text.GPIODirModeSet
                0x000000002000d10c       0x48 ../../../driverlib/gcc/lib/Debug/libdriver.a(gpio.o)
                0x000000002000d10c                GPIODirModeSet
 .text.GPIOIntTypeSet
                0x000000002000d154       0xa8 ../../../driverlib/gcc/lib/Debug/libdriver.a(gpio.o)
                0x000000002000d154                GPIOIntTypeSet
 .text.GPIOIntEnable
                0x000000002000d1fc       0x2c ../../../driverlib/gcc/lib/Debug/libdriver.a(gpio.o)
                0x000000002000d1fc                GPIOIntEnable
 .text.GPIOIntDisable
                0x000000002000d228       0x2c ../../../driverlib/gcc/lib/Debug/libdriver.a(gpio.o)
                0x000000002000d228                GPIOIntDisable
 .text.GPIOIntStatus
                0x000000002000d254       0x30 ../../../driverlib/gcc/lib/Debug/libdriver.a(gpio.o)
                0x000000002000d254                GPIOIntStatus
 .text.GPIOIntClear
                0x000000002000d284       0x20 ../../../driverlib/gcc/lib/Debug/libdriver.a(gpio.o)
                0x000000002000d284                GPIOIntClear
 .text.GPIOPinRead
                0x000000002000d2a4       0x24 ../../../driverlib/gcc/lib/Debug/libdriver.a(gpio.o)
                0x000000002000d2a4                GPIOPinRead
 .text.GPIOPinWrite
                0x000000002000d2c8       0x2c ../../../driverlib/gcc/lib/Debug/libdriver.a(gpio.o)
                0x000000002000d2c8                GPIOPinWrite
 .text.I2CMasterInitExpClk
                0x000000002000d2f4       0x9c ../../../driverlib/gcc/lib/Debug/libdriver.a(i2c.o)
                0x000000002000d2f4                I2CMasterInitExpClk
 .text.I2CMasterEnable
                0x000000002000d390       0x24 ../../../driverlib/gcc/lib/Debug/libdriver.a(i2c.o)
                0x000000002000d390                I2CMasterEnable
 .text.I2CMasterIntStatusEx
                0x000000002000d3b4       0x2c ../../../driverlib/gcc/lib/Debug/libdriver.a(i2c.o)
                0x000000002000d3b4                I2CMasterIntStatusEx
 .text.I2CMasterIntClearEx
                0x000000002000d3e0       0x20 ../../../driverlib/gcc/lib/Debug/libdriver.a(i2c.o)
                0x000000002000d3e0                I2CMasterIntClearEx
 .text.I2CMasterSlaveAddrSet
                0x000000002000d400       0x28 ../../../driverlib/gcc/lib/Debug/libdriver.a(i2c.o)
                0x000000002000d400                I2CMasterSlaveAddrSet
 .text.I2CMasterControl
                0x000000002000d428       0x20 ../../../driverlib/gcc/lib/Debug/libdriver.a(i2c.o)
                0x000000002000d428                I2CMasterControl
 .text.I2CMasterErr
                0x000000002000d448       0x3c ../../../driverlib/gcc/lib/Debug/libdriver.a(i2c.o)
                0x000000002000d448                I2CMasterErr
 .text.I2CMasterDataPut
                0x000000002000d484       0x20 ../../../driverlib/gcc/lib/Debug/libdriver.a(i2c.o)
                0x000000002000d484                I2CMasterDataPut
 .text.I2CMasterDataGet
                0x000000002000d4a4       0x18 ../../../driverlib/gcc/lib/Debug/libdriver.a(i2c.o)
                0x000000002000d4a4                I2CMasterDataGet
 .text.I2CMasterTimeoutSet
                0x000000002000d4bc       0x20 ../../../driverlib/gcc/lib/Debug/libdriver.a(i2c.o)
                0x000000002000d4bc                I2CMasterTimeoutSet
 .text.IntDefaultHandler
                0x000000002000d4dc        0x8 ../../../driverlib/gcc/lib/Debug/libdriver.a(interrupt.o)
 .text.IntMasterEnable
                0x000000002000d4e4       0x10 ../../../driverlib/gcc/lib/Debug/libdriver.a(interrupt.o)
                0x000000002000d4e4                IntMasterEnable
 .text.IntVTableBaseSet
                0x000000002000d4f4       0x1c ../../../driverlib/gcc/lib/Debug/libdriver.a(interrupt.o)
                0x000000002000d4f4                IntVTableBaseSet
 .text.IntRegister
                0x000000002000d510       0x2c ../../../driverlib/gcc/lib/Debug/libdriver.a(interrupt.o)
                0x000000002000d510                IntRegister
 .text.IntUnregister
                0x000000002000d53c       0x2c ../../../driverlib/gcc/lib/Debug/libdriver.a(interrupt.o)
                0x000000002000d53c                IntUnregister
 .text.IntPrioritySet
                0x000000002000d568       0x68 ../../../driverlib/gcc/lib/Debug/libdriver.a(interrupt.o)
                0x000000002000d568                IntPrioritySet
 .text.IntEnable
                0x000000002000d5d0       0xbc ../../../driverlib/gcc/lib/Debug/libdriver.a(interrupt.o)
                0x000000002000d5d0                IntEnable
 .text.IntDisable
                0x000000002000d68c       0xbc ../../../driverlib/gcc/lib/Debug/libdriver.a(interrupt.o)
                0x000000002000d68c                IntDisable
 .text.IntPendClear
                0x000000002000d748       0x68 ../../../driverlib/gcc/lib/Debug/libdriver.a(interrupt.o)
                0x000000002000d748                IntPendClear
 .text.I2SGBLEnable
                0x000000002000d7b0       0x3c ../../../driverlib/gcc/lib/Debug/libdriver.a(i2s.o)
 .text.I2SEnable
                0x000000002000d7ec       0xa0 ../../../driverlib/gcc/lib/Debug/libdriver.a(i2s.o)
                0x000000002000d7ec                I2SEnable
 .text.I2SConfigSetExpClk
                0x000000002000d88c      0x11c ../../../driverlib/gcc/lib/Debug/libdriver.a(i2s.o)
                0x000000002000d88c                I2SConfigSetExpClk
 .text.I2STxFIFOEnable
                0x000000002000d9a8       0x34 ../../../driverlib/gcc/lib/Debug/libdriver.a(i2s.o)
                0x000000002000d9a8                I2STxFIFOEnable
 .text.I2SRxFIFOEnable
                0x000000002000d9dc       0x34 ../../../driverlib/gcc/lib/Debug/libdriver.a(i2s.o)
                0x000000002000d9dc                I2SRxFIFOEnable
 .text.I2SSerializerConfig
                0x000000002000da10       0x60 ../../../driverlib/gcc/lib/Debug/libdriver.a(i2s.o)
                0x000000002000da10                I2SSerializerConfig
 .text.I2SIntEnable
                0x000000002000da70       0x54 ../../../driverlib/gcc/lib/Debug/libdriver.a(i2s.o)
                0x000000002000da70                I2SIntEnable
 .text.I2SIntClear
                0x000000002000dac4       0x48 ../../../driverlib/gcc/lib/Debug/libdriver.a(i2s.o)
                0x000000002000dac4                I2SIntClear
 .text.I2SIntRegister
                0x000000002000db0c       0x20 ../../../driverlib/gcc/lib/Debug/libdriver.a(i2s.o)
                0x000000002000db0c                I2SIntRegister
 .text.PinModeSet
                0x000000002000db2c       0x48 ../../../driverlib/gcc/lib/Debug/libdriver.a(pin.o)
                0x000000002000db2c                PinModeSet
 .text.PinConfigSet
                0x000000002000db74       0x98 ../../../driverlib/gcc/lib/Debug/libdriver.a(pin.o)
                0x000000002000db74                PinConfigSet
 .text.PinTypeUART
                0x000000002000dc0c       0x24 ../../../driverlib/gcc/lib/Debug/libdriver.a(pin.o)
                0x000000002000dc0c                PinTypeUART
 .text.PinTypeI2C
                0x000000002000dc30       0x28 ../../../driverlib/gcc/lib/Debug/libdriver.a(pin.o)
                0x000000002000dc30                PinTypeI2C
 .text.PinTypeI2S
                0x000000002000dc58       0x24 ../../../driverlib/gcc/lib/Debug/libdriver.a(pin.o)
                0x000000002000dc58                PinTypeI2S
 .text.PinTypeGPIO
                0x000000002000dc7c       0x3c ../../../driverlib/gcc/lib/Debug/libdriver.a(pin.o)
                0x000000002000dc7c                PinTypeGPIO
 .text.PRCMSysResetCauseGet
                0x000000002000dcb8       0x3c ../../../driverlib/gcc/lib/Debug/libdriver.a(prcm.o)
                0x000000002000dcb8                PRCMSysResetCauseGet
 .text.PRCMPeripheralClkEnable
                0x000000002000dcf4       0x5c ../../../driverlib/gcc/lib/Debug/libdriver.a(prcm.o)
                0x000000002000dcf4                PRCMPeripheralClkEnable
 .text.PRCMPeripheralClkDisable
                0x000000002000dd50       0x44 ../../../driverlib/gcc/lib/Debug/libdriver.a(prcm.o)
                0x000000002000dd50                PRCMPeripheralClkDisable
 .text.PRCMPeripheralClockGet
                0x000000002000dd94       0xa8 ../../../driverlib/gcc/lib/Debug/libdriver.a(prcm.o)
                0x000000002000dd94                PRCMPeripheralClockGet
 .text.PRCMPeripheralReset
                0x000000002000de3c       0x8c ../../../driverlib/gcc/lib/Debug/libdriver.a(prcm.o)
                0x000000002000de3c                PRCMPeripheralReset
 .text.PRCMPeripheralStatusGet
                0x000000002000dec8       0x40 ../../../driverlib/gcc/lib/Debug/libdriver.a(prcm.o)
                0x000000002000dec8                PRCMPeripheralStatusGet
 .text.PRCMI2SClockFreqSet
                0x000000002000df08       0x54 ../../../driverlib/gcc/lib/Debug/libdriver.a(prcm.o)
                0x000000002000df08                PRCMI2SClockFreqSet
 .text.PRCMCC3200MCUInit
                0x000000002000df5c      0x1a0 ../../../driverlib/gcc/lib/Debug/libdriver.a(prcm.o)
                0x000000002000df5c                PRCMCC3200MCUInit
 .text.PRCMHIBRegRead
                0x000000002000e0fc       0x20 ../../../driverlib/gcc/lib/Debug/libdriver.a(prcm.o)
                0x000000002000e0fc                PRCMHIBRegRead
 .text.PRCMHIBRegWrite
                0x000000002000e11c       0x20 ../../../driverlib/gcc/lib/Debug/libdriver.a(prcm.o)
                0x000000002000e11c                PRCMHIBRegWrite
 .text.SPIDmaMaskGet
                0x000000002000e13c       0x48 ../../../driverlib/gcc/lib/Debug/libdriver.a(spi.o)
 .text.SPIEnable
                0x000000002000e184       0x28 ../../../driverlib/gcc/lib/Debug/libdriver.a(spi.o)
                0x000000002000e184                SPIEnable
 .text.SPIDisable
                0x000000002000e1ac       0x28 ../../../driverlib/gcc/lib/Debug/libdriver.a(spi.o)
                0x000000002000e1ac                SPIDisable
 .text.SPIDmaEnable
                0x000000002000e1d4       0x2c ../../../driverlib/gcc/lib/Debug/libdriver.a(spi.o)
                0x000000002000e1d4                SPIDmaEnable
 .text.SPIDmaDisable
                0x000000002000e200       0x2c ../../../driverlib/gcc/lib/Debug/libdriver.a(spi.o)
                0x000000002000e200                SPIDmaDisable
 .text.SPIReset
                0x000000002000e22c       0x3c ../../../driverlib/gcc/lib/Debug/libdriver.a(spi.o)
                0x000000002000e22c                SPIReset
 .text.SPIConfigSetExpClk
                0x000000002000e268       0xb8 ../../../driverlib/gcc/lib/Debug/libdriver.a(spi.o)
                0x000000002000e268                SPIConfigSetExpClk
 .text.SPIFIFOEnable
                0x000000002000e320       0x2c ../../../driverlib/gcc/lib/Debug/libdriver.a(spi.o)
                0x000000002000e320                SPIFIFOEnable
 .text.SPIFIFODisable
                0x000000002000e34c       0x2c ../../../driverlib/gcc/lib/Debug/libdriver.a(spi.o)
                0x000000002000e34c                SPIFIFODisable
 .text.SPIFIFOLevelSet
                0x000000002000e378       0x44 ../../../driverlib/gcc/lib/Debug/libdriver.a(spi.o)
                0x000000002000e378                SPIFIFOLevelSet
 .text.SPIWordCountSet
                0x000000002000e3bc       0x34 ../../../driverlib/gcc/lib/Debug/libdriver.a(spi.o)
                0x000000002000e3bc                SPIWordCountSet
 .text.SPIIntEnable
                0x000000002000e3f0       0x6c ../../../driverlib/gcc/lib/Debug/libdriver.a(spi.o)
                0x000000002000e3f0                SPIIntEnable
 .text.SPIIntClear
                0x000000002000e45c       0x60 ../../../driverlib/gcc/lib/Debug/libdriver.a(spi.o)
                0x000000002000e45c                SPIIntClear
 .text.SPICSEnable
                0x000000002000e4bc       0x28 ../../../driverlib/gcc/lib/Debug/libdriver.a(spi.o)
                0x000000002000e4bc                SPICSEnable
 .text.SPICSDisable
                0x000000002000e4e4       0x28 ../../../driverlib/gcc/lib/Debug/libdriver.a(spi.o)
                0x000000002000e4e4                SPICSDisable
 .text.TimerEnable
                0x000000002000e50c       0x2c ../../../driverlib/gcc/lib/Debug/libdriver.a(timer.o)
                0x000000002000e50c                TimerEnable
 .text.TimerConfigure
                0x000000002000e538       0x58 ../../../driverlib/gcc/lib/Debug/libdriver.a(timer.o)
                0x000000002000e538                TimerConfigure
 .text.TimerPrescaleSet
                0x000000002000e590       0x3c ../../../driverlib/gcc/lib/Debug/libdriver.a(timer.o)
                0x000000002000e590                TimerPrescaleSet
 .text.TimerLoadSet
                0x000000002000e5cc       0x3c ../../../driverlib/gcc/lib/Debug/libdriver.a(timer.o)
                0x000000002000e5cc                TimerLoadSet
 .text.TimerValueGet
                0x000000002000e608       0x28 ../../../driverlib/gcc/lib/Debug/libdriver.a(timer.o)
                0x000000002000e608                TimerValueGet
 .text.UARTConfigSetExpClk
                0x000000002000e630       0x98 ../../../driverlib/gcc/lib/Debug/libdriver.a(uart.o)
                0x000000002000e630                UARTConfigSetExpClk
 .text.UARTEnable
                0x000000002000e6c8       0x3c ../../../driverlib/gcc/lib/Debug/libdriver.a(uart.o)
                0x000000002000e6c8                UARTEnable
 .text.UARTDisable
                0x000000002000e704       0x4c ../../../driverlib/gcc/lib/Debug/libdriver.a(uart.o)
                0x000000002000e704                UARTDisable
 .text.UARTCharPut
                0x000000002000e750       0x2c ../../../driverlib/gcc/lib/Debug/libdriver.a(uart.o)
                0x000000002000e750                UARTCharPut
 .text.uDMAEnable
                0x000000002000e77c       0x18 ../../../driverlib/gcc/lib/Debug/libdriver.a(udma.o)
                0x000000002000e77c                uDMAEnable
 .text.uDMAChannelEnable
                0x000000002000e794       0x28 ../../../driverlib/gcc/lib/Debug/libdriver.a(udma.o)
                0x000000002000e794                uDMAChannelEnable
 .text.uDMAControlBaseSet
                0x000000002000e7bc       0x1c ../../../driverlib/gcc/lib/Debug/libdriver.a(udma.o)
                0x000000002000e7bc                uDMAControlBaseSet
 .text.uDMAControlBaseGet
                0x000000002000e7d8       0x14 ../../../driverlib/gcc/lib/Debug/libdriver.a(udma.o)
                0x000000002000e7d8                uDMAControlBaseGet
 .text.uDMAChannelAttributeEnable
                0x000000002000e7ec       0x84 ../../../driverlib/gcc/lib/Debug/libdriver.a(udma.o)
                0x000000002000e7ec                uDMAChannelAttributeEnable
 .text.uDMAChannelAttributeDisable
                0x000000002000e870       0x84 ../../../driverlib/gcc/lib/Debug/libdriver.a(udma.o)
                0x000000002000e870                uDMAChannelAttributeDisable
 .text.uDMAChannelControlSet
                0x000000002000e8f4       0x48 ../../../driverlib/gcc/lib/Debug/libdriver.a(udma.o)
                0x000000002000e8f4                uDMAChannelControlSet
 .text.uDMAChannelTransferSet
                0x000000002000e93c      0x104 ../../../driverlib/gcc/lib/Debug/libdriver.a(udma.o)
                0x000000002000e93c                uDMAChannelTransferSet
 .text.uDMAIntStatus
                0x000000002000ea40       0x14 ../../../driverlib/gcc/lib/Debug/libdriver.a(udma.o)
                0x000000002000ea40                uDMAIntStatus
 .text.uDMAIntClear
                0x000000002000ea54       0x1c ../../../driverlib/gcc/lib/Debug/libdriver.a(udma.o)
                0x000000002000ea54                uDMAIntClear
 .text.uDMAChannelAssign
                0x000000002000ea70       0x58 ../../../driverlib/gcc/lib/Debug/libdriver.a(udma.o)
                0x000000002000ea70                uDMAChannelAssign
 .text.UtilsDelay
                0x000000002000eac8        0xc ../../../driverlib/gcc/lib/Debug/libdriver.a(utils.o)
                0x000000002000eac8                UtilsDelay
 .text.CPUcpsie
                0x000000002000ead4       0x18 ../../../driverlib/gcc/lib/Debug/libdriver.a(cpu.o)
                0x000000002000ead4                CPUcpsie
 .text.malloc   0x000000002000eaec       0x10 /usr/lib/gcc/arm-none-eabi/5.2.0/../../../../arm-none-eabi/lib/armv7e-m/libc_nano.a(lib_a-malloc.o)
                0x000000002000eaec                malloc
 .text.free     0x000000002000eafc       0x10 /usr/lib/gcc/arm-none-eabi/5.2.0/../../../../arm-none-eabi/lib/armv7e-m/libc_nano.a(lib_a-malloc.o)
                0x000000002000eafc                free
 .text.memcmp   0x000000002000eb0c       0x1e /usr/lib/gcc/arm-none-eabi/5.2.0/../../../../arm-none-eabi/lib/armv7e-m/libc_nano.a(lib_a-memcmp.o)
                0x000000002000eb0c                memcmp
 .text.memcpy   0x000000002000eb2a       0x16 /usr/lib/gcc/arm-none-eabi/5.2.0/../../../../arm-none-eabi/lib/armv7e-m/libc_nano.a(lib_a-memcpy.o)
                0x000000002000eb2a                memcpy
 .text.memmove  0x000000002000eb40       0x36 /usr/lib/gcc/arm-none-eabi/5.2.0/../../../../arm-none-eabi/lib/armv7e-m/libc_nano.a(lib_a-memmove.o)
                0x000000002000eb40                memmove
 .text.memset   0x000000002000eb76       0x10 /usr/lib/gcc/arm-none-eabi/5.2.0/../../../../arm-none-eabi/lib/armv7e-m/libc_nano.a(lib_a-memset.o)
                0x000000002000eb76                memset
 *fill*         0x000000002000eb86        0x2 
 .text._free_r  0x000000002000eb88       0x8c /usr/lib/gcc/arm-none-eabi/5.2.0/../../../../arm-none-eabi/lib/armv7e-m/libc_nano.a(lib_a-nano-freer.o)
                0x000000002000eb88                _free_r
 .text._malloc_r
                0x000000002000ec14       0xa8 /usr/lib/gcc/arm-none-eabi/5.2.0/../../../../arm-none-eabi/lib/armv7e-m/libc_nano.a(lib_a-nano-mallocr.o)
                0x000000002000ec14                _malloc_r
 .text.realloc  0x000000002000ecbc       0x10 /usr/lib/gcc/arm-none-eabi/5.2.0/../../../../arm-none-eabi/lib/armv7e-m/libc_nano.a(lib_a-realloc.o)
                0x000000002000ecbc                realloc
 .text._sbrk_r  0x000000002000eccc       0x20 /usr/lib/gcc/arm-none-eabi/5.2.0/../../../../arm-none-eabi/lib/armv7e-m/libc_nano.a(lib_a-sbrkr.o)
                0x000000002000eccc                _sbrk_r
 .text._vsnprintf_r
                0x000000002000ecec       0x56 /usr/lib/gcc/arm-none-eabi/5.2.0/../../../../arm-none-eabi/lib/armv7e-m/libc_nano.a(lib_a-vsnprintf.o)
                0x000000002000ecec                _vsnprintf_r
                0x000000002000ecec                _vsniprintf_r
 *fill*         0x000000002000ed42        0x2 
 .text.vsnprintf
                0x000000002000ed44       0x1c /usr/lib/gcc/arm-none-eabi/5.2.0/../../../../arm-none-eabi/lib/armv7e-m/libc_nano.a(lib_a-vsnprintf.o)
                0x000000002000ed44                vsnprintf
                0x000000002000ed44                vsniprintf
 .text._realloc_r
                0x000000002000ed60       0x4c /usr/lib/gcc/arm-none-eabi/5.2.0/../../../../arm-none-eabi/lib/armv7e-m/libc_nano.a(lib_a-nano-reallocr.o)
                0x000000002000ed60                _realloc_r
 .text.__ssputs_r
                0x000000002000edac       0xb2 /usr/lib/gcc/arm-none-eabi/5.2.0/../../../../arm-none-eabi/lib/armv7e-m/libc_nano.a(lib_a-nano-svfprintf.o)
                0x000000002000edac                __ssputs_r
 *fill*         0x000000002000ee5e        0x2 
 .text._svfprintf_r
                0x000000002000ee60      0x1e8 /usr/lib/gcc/arm-none-eabi/5.2.0/../../../../arm-none-eabi/lib/armv7e-m/libc_nano.a(lib_a-nano-svfprintf.o)
                0x000000002000ee60                _svfprintf_r
                0x000000002000ee60                _svfiprintf_r
 .text._printf_common
                0x000000002000f048       0xec /usr/lib/gcc/arm-none-eabi/5.2.0/../../../../arm-none-eabi/lib/armv7e-m/libc_nano.a(lib_a-nano-vfprintf_i.o)
                0x000000002000f048                _printf_common
 .text._printf_i
                0x000000002000f134      0x24c /usr/lib/gcc/arm-none-eabi/5.2.0/../../../../arm-none-eabi/lib/armv7e-m/libc_nano.a(lib_a-nano-vfprintf_i.o)
                0x000000002000f134                _printf_i
 .text.memchr   0x000000002000f380       0x1e /usr/lib/gcc/arm-none-eabi/5.2.0/../../../../arm-none-eabi/lib/armv7e-m/libc_nano.a(lib_a-memchr.o)
                0x000000002000f380                memchr
 .text._malloc_usable_size_r
                0x000000002000f39e       0x14 /usr/lib/gcc/arm-none-eabi/5.2.0/../../../../arm-none-eabi/lib/armv7e-m/libc_nano.a(lib_a-nano-msizer.o)
                0x000000002000f39e                _malloc_usable_size_r
 *fill*         0x000000002000f3b2        0x2 
 .text          0x000000002000f3b4       0x30 /usr/lib/gcc/arm-none-eabi/5.2.0/armv7e-m/libgcc.a(_aeabi_uldivmod.o)
                0x000000002000f3b4                __aeabi_uldivmod
 .text          0x000000002000f3e4      0x2e4 /usr/lib/gcc/arm-none-eabi/5.2.0/armv7e-m/libgcc.a(_udivmoddi4.o)
                0x000000002000f3e4                __udivmoddi4
 .text          0x000000002000f6c8        0x4 /usr/lib/gcc/arm-none-eabi/5.2.0/armv7e-m/libgcc.a(_dvmd_tls.o)
                0x000000002000f6c8                __aeabi_ldiv0
                0x000000002000f6c8                __aeabi_idiv0
 *(.rodata*)
 .rodata        0x000000002000f6cc       0x70 obj/Unicast/Debug/audiocodec.o
 .rodata        0x000000002000f73c       0xec obj/Unicast/Debug/control.o
 .rodata.__FUNCTION__.6345
                0x000000002000f828        0xc obj/Unicast/Debug/control.o
 .rodata.__FUNCTION__.6355
                0x000000002000f834       0x14 obj/Unicast/Debug/control.o
 .rodata        0x000000002000f848       0xa8 obj/Unicast/Debug/main.o
 .rodata.__FUNCTION__.6381
                0x000000002000f8f0        0x8 obj/Unicast/Debug/main.o
 .rodata        0x000000002000f8f8       0x30 obj/Unicast/Debug/microphone.o
 .rodata        0x000000002000f928      0x294 obj/Unicast/Debug/network.o
 .rodata.__FUNCTION__.6290
                0x000000002000fbbc       0x10 obj/Unicast/Debug/network.o
 .rodata.__FUNCTION__.6295
                0x000000002000fbcc       0x14 obj/Unicast/Debug/network.o
 .rodata.__FUNCTION__.6310
                0x000000002000fbe0       0x10 obj/Unicast/Debug/network.o
 .rodata        0x000000002000fbf0       0x30 obj/Unicast/Debug/smartconfig.o
 .rodata.__FUNCTION__.5477
                0x000000002000fc20       0x14 obj/Unicast/Debug/smartconfig.o
 .rodata        0x000000002000fc34       0x18 obj/Unicast/Debug/speaker.o
 .rodata        0x000000002000fc4c       0x2c obj/Unicast/Debug/uart_if.o
 .rodata.StartResponseLUT
                0x000000002000fc78        0x8 ../../../simplelink/gcc/lib/os/Debug/libsimplelink.a(device.o)
 .rodata._SlStopCmdCtrl
                0x000000002000fc80        0x4 ../../../simplelink/gcc/lib/os/Debug/libsimplelink.a(device.o)
 .rodata.g_H2NSyncPattern
                0x000000002000fc84        0x8 ../../../simplelink/gcc/lib/os/Debug/libsimplelink.a(driver.o)
 .rodata.g_H2NCnysPattern
                0x000000002000fc8c        0x8 ../../../simplelink/gcc/lib/os/Debug/libsimplelink.a(driver.o)
 .rodata._SlActionLookupTable
                0x000000002000fc94       0x38 ../../../simplelink/gcc/lib/os/Debug/libsimplelink.a(driver.o)
                0x000000002000fc94                _SlActionLookupTable
 .rodata.OpcodeTranslateTable
                0x000000002000fccc       0x3c ../../../simplelink/gcc/lib/os/Debug/libsimplelink.a(driver.o)
                0x000000002000fccc                OpcodeTranslateTable
 .rodata.RxMsgClassLUT
                0x000000002000fd08       0x20 ../../../simplelink/gcc/lib/os/Debug/libsimplelink.a(driver.o)
 .rodata._SlRegisterServiceCtrl
                0x000000002000fd28        0x4 ../../../simplelink/gcc/lib/os/Debug/libsimplelink.a(netapp.o)
 .rodata._SlGetHostByServiceCtrl
                0x000000002000fd2c        0x4 ../../../simplelink/gcc/lib/os/Debug/libsimplelink.a(netapp.o)
 .rodata._SlNetAppSendTokenValueCmdCtrl
                0x000000002000fd30        0x4 ../../../simplelink/gcc/lib/os/Debug/libsimplelink.a(netapp.o)
                0x000000002000fd30                _SlNetAppSendTokenValueCmdCtrl
 .rodata._SlPayloadByProtocolLUT
                0x000000002000fd34       0x10 ../../../simplelink/gcc/lib/os/Debug/libsimplelink.a(socket.o)
 .rodata._SlSockSocketCmdCtrl
                0x000000002000fd44        0x4 ../../../simplelink/gcc/lib/os/Debug/libsimplelink.a(socket.o)
 .rodata._SlRecvfomCmdCtrl
                0x000000002000fd48        0x4 ../../../simplelink/gcc/lib/os/Debug/libsimplelink.a(socket.o)
 .rodata._SlSelectCmdCtrl
                0x000000002000fd4c        0x4 ../../../simplelink/gcc/lib/os/Debug/libsimplelink.a(socket.o)
 .rodata._SlPolicySetCmdCtrl
                0x000000002000fd50        0x4 ../../../simplelink/gcc/lib/os/Debug/libsimplelink.a(wlan.o)
 .rodata._SlProfileDelCmdCtrl
                0x000000002000fd54        0x4 ../../../simplelink/gcc/lib/os/Debug/libsimplelink.a(wlan.o)
 .rodata._SlSmartConfigStartCmdCtrl
                0x000000002000fd58        0x4 ../../../simplelink/gcc/lib/os/Debug/libsimplelink.a(wlan.o)
 .rodata._SlWlanSetModeCmdCtrl
                0x000000002000fd5c        0x4 ../../../simplelink/gcc/lib/os/Debug/libsimplelink.a(wlan.o)
 .rodata        0x000000002000fd60        0xc ../../../simplelink/gcc/lib/os/Debug/libsimplelink.a(cc_pal.o)
 .rodata        0x000000002000fd6c        0x8 ../../../oslib/gcc/free_rtos/Debug/free_rtos.a(osi_freertos.o)
 .rodata        0x000000002000fd74       0x2c ../../../oslib/gcc/free_rtos/Debug/free_rtos.a(queue.o)
 .rodata        0x000000002000fda0       0x44 ../../../oslib/gcc/free_rtos/Debug/free_rtos.a(tasks.o)
 .rodata.ucExpectedStackBytes.5776
                0x000000002000fde4       0x14 ../../../oslib/gcc/free_rtos/Debug/free_rtos.a(tasks.o)
 .rodata        0x000000002000fdf8       0x40 ../../../oslib/gcc/free_rtos/Debug/free_rtos.a(port.o)
 .rodata        0x000000002000fe38       0x3c ../../../oslib/gcc/free_rtos/Debug/free_rtos.a(timers.o)
 .rodata.g_pulRegs
                0x000000002000fe74       0xd4 ../../../driverlib/gcc/lib/Debug/libdriver.a(interrupt.o)
 .rodata.g_pulEnRegs
                0x000000002000ff48       0x18 ../../../driverlib/gcc/lib/Debug/libdriver.a(interrupt.o)
 .rodata.g_pulDisRegs
                0x000000002000ff60       0x18 ../../../driverlib/gcc/lib/Debug/libdriver.a(interrupt.o)
 .rodata.g_pulUnpendRegs
                0x000000002000ff78       0x18 ../../../driverlib/gcc/lib/Debug/libdriver.a(interrupt.o)
 .rodata.g_ulPinToPadMap
                0x000000002000ff90      0x100 ../../../driverlib/gcc/lib/Debug/libdriver.a(pin.o)
 .rodata.PRCM_PeriphRegsList
                0x0000000020010090       0xa8 ../../../driverlib/gcc/lib/Debug/libdriver.a(prcm.o)
 .rodata.g_ulSPIDmaMaskMap
                0x0000000020010138       0x18 ../../../driverlib/gcc/lib/Debug/libdriver.a(spi.o)
 .rodata.str1.1
                0x0000000020010150        0x2 /usr/lib/gcc/arm-none-eabi/5.2.0/../../../../arm-none-eabi/lib/armv7e-m/libc_nano.a(lib_a-impure.o)
 .rodata.str1.1
                0x0000000020010152       0x11 /usr/lib/gcc/arm-none-eabi/5.2.0/../../../../arm-none-eabi/lib/armv7e-m/libc_nano.a(lib_a-nano-svfprintf.o)
 .rodata.str1.1
                0x0000000020010163       0x22 /usr/lib/gcc/arm-none-eabi/5.2.0/../../../../arm-none-eabi/lib/armv7e-m/libc_nano.a(lib_a-nano-vfprintf_i.o)
 *(.ARM.extab* .gnu.linkonce.armextab.*)
                0x0000000020010188                . = ALIGN (0x8)
 *fill*         0x0000000020010185        0x3 
                0x0000000020010188                _etext = .

.glue_7         0x0000000020010188        0x0
 .glue_7        0x0000000000000000        0x0 linker stubs

.glue_7t        0x0000000020010188        0x0
 .glue_7t       0x0000000000000000        0x0 linker stubs

.vfp11_veneer   0x0000000020010188        0x0
 .vfp11_veneer  0x0000000000000000        0x0 linker stubs

.v4_bx          0x0000000020010188        0x0
 .v4_bx         0x0000000000000000        0x0 linker stubs

.iplt           0x0000000020010188        0x0
 .iplt          0x0000000000000000        0x0 obj/Unicast/Debug/audiocodec.o

.ARM            0x0000000020010188        0x8
                0x0000000020010188                __exidx_start = .
 *(.ARM.exidx*)
 .ARM.exidx     0x0000000020010188        0x8 /usr/lib/gcc/arm-none-eabi/5.2.0/armv7e-m/libgcc.a(_udivmoddi4.o)
                0x0000000020010190                __exidx_end = .
                0x0000000020010190                __init_data = .

.rel.dyn        0x0000000020010190        0x0
 .rel.iplt      0x0000000000000000        0x0 obj/Unicast/Debug/audiocodec.o

.data           0x0000000020010190       0x88
                0x0000000020010190                _data = .
 *(.data*)
 .data.g_loopback
                0x0000000020010190        0x1 obj/Unicast/Debug/main.o
                0x0000000020010190                g_loopback
 *fill*         0x0000000020010191        0x3 
 .data.ulReg    0x0000000020010194       0x14 obj/Unicast/Debug/gpio_if.o
 .data.xNextTaskUnblockTime
                0x00000000200101a8        0x4 ../../../oslib/gcc/free_rtos/Debug/free_rtos.a(tasks.o)
 .data.uxCriticalNesting
                0x00000000200101ac        0x4 ../../../oslib/gcc/free_rtos/Debug/free_rtos.a(port.o)
 .data.impure_data
                0x00000000200101b0       0x60 /usr/lib/gcc/arm-none-eabi/5.2.0/../../../../arm-none-eabi/lib/armv7e-m/libc_nano.a(lib_a-impure.o)
 .data._impure_ptr
                0x0000000020010210        0x4 /usr/lib/gcc/arm-none-eabi/5.2.0/../../../../arm-none-eabi/lib/armv7e-m/libc_nano.a(lib_a-impure.o)
                0x0000000020010210                _impure_ptr
                0x0000000020010218                . = ALIGN (0x8)
 *fill*         0x0000000020010214        0x4 
                0x0000000020010218                _edata = .

.igot.plt       0x0000000020010218        0x0
 .igot.plt      0x0000000000000000        0x0 obj/Unicast/Debug/audiocodec.o

.bss            0x0000000020010400     0x60b4
                0x0000000020010400                _bss = .
 *(.bss*)
 .bss.val       0x0000000020010400        0x4 obj/Unicast/Debug/audiocodec.o
 .bss.I         0x0000000020010404        0x1 obj/Unicast/Debug/audiocodec.o
 .bss.J         0x0000000020010405        0x1 obj/Unicast/Debug/audiocodec.o
 .bss.vol.5018  0x0000000020010406        0x1 obj/Unicast/Debug/audiocodec.o
 .bss.g_ucMicStartFlag
                0x0000000020010407        0x1 obj/Unicast/Debug/control.o
                0x0000000020010407                g_ucMicStartFlag
 .bss.g_ucSpkrStartFlag
                0x0000000020010408        0x1 obj/Unicast/Debug/control.o
                0x0000000020010408                g_ucSpkrStartFlag
 *fill*         0x0000000020010409        0x3 
 .bss.g_SpeakerTask
                0x000000002001040c        0x4 obj/Unicast/Debug/main.o
                0x000000002001040c                g_SpeakerTask
 .bss.g_MicTask
                0x0000000020010410        0x4 obj/Unicast/Debug/main.o
                0x0000000020010410                g_MicTask
 .bss.g_NetworkTask
                0x0000000020010414        0x4 obj/Unicast/Debug/main.o
                0x0000000020010414                g_NetworkTask
 .bss.g_iSentCount
                0x0000000020010418        0x4 obj/Unicast/Debug/microphone.o
                0x0000000020010418                g_iSentCount
 .bss.g_ulStatus
                0x000000002001041c        0x4 obj/Unicast/Debug/network.o
                0x000000002001041c                g_ulStatus
 .bss.g_uiIpAddress
                0x0000000020010420        0x4 obj/Unicast/Debug/network.o
                0x0000000020010420                g_uiIpAddress
 .bss.g_uiPlayWaterMark
                0x0000000020010424        0x4 obj/Unicast/Debug/pcm_handler.o
                0x0000000020010424                g_uiPlayWaterMark
 .bss.g_iReceiveCount
                0x0000000020010428        0x4 obj/Unicast/Debug/speaker.o
                0x0000000020010428                g_iReceiveCount
 .bss.g_iRetVal
                0x000000002001042c        0x4 obj/Unicast/Debug/speaker.o
                0x000000002001042c                g_iRetVal
 .bss.__Errorlog
                0x0000000020010430        0x4 obj/Unicast/Debug/uart_if.o
 .bss.g_uiLED1Port
                0x0000000020010434        0x4 obj/Unicast/Debug/gpio_if.o
                0x0000000020010434                g_uiLED1Port
 .bss.g_uiLED2Port
                0x0000000020010438        0x4 obj/Unicast/Debug/gpio_if.o
                0x0000000020010438                g_uiLED2Port
 .bss.g_uiLED3Port
                0x000000002001043c        0x4 obj/Unicast/Debug/gpio_if.o
                0x000000002001043c                g_uiLED3Port
 .bss.heap_end  0x0000000020010440        0x4 obj/Unicast/Debug/startup_gcc.o
 .bss.heap2_end
                0x0000000020010444        0x4 obj/Unicast/Debug/startup_gcc.o
 .bss.pui32Stack
                0x0000000020010448     0x1000 obj/Unicast/Debug/startup_gcc.o
 .bss.g_SlDeviceStatus
                0x0000000020011448        0x2 ../../../simplelink/gcc/lib/os/Debug/libsimplelink.a(driver.o)
                0x0000000020011448                g_SlDeviceStatus
 *fill*         0x000000002001144a        0x2 
 .bss.g_StatMem
                0x000000002001144c      0x178 ../../../simplelink/gcc/lib/os/Debug/libsimplelink.a(driver.o)
 .bss.g_pCB     0x00000000200115c4        0x4 ../../../simplelink/gcc/lib/os/Debug/libsimplelink.a(driver.o)
                0x00000000200115c4                g_pCB
 .bss.pPingCallBackFunc
                0x00000000200115c8        0x4 ../../../simplelink/gcc/lib/os/Debug/libsimplelink.a(driver.o)
                0x00000000200115c8                pPingCallBackFunc
 .bss.gFirstCmdMode
                0x00000000200115cc        0x1 ../../../simplelink/gcc/lib/os/Debug/libsimplelink.a(driver.o)
 *fill*         0x00000000200115cd        0x3 
 .bss.g_SpiFd   0x00000000200115d0        0x4 ../../../simplelink/gcc/lib/os/Debug/libsimplelink.a(cc_pal.o)
                0x00000000200115d0                g_SpiFd
 .bss.g_ucDMAEnabled
                0x00000000200115d4        0x1 ../../../simplelink/gcc/lib/os/Debug/libsimplelink.a(cc_pal.o)
                0x00000000200115d4                g_ucDMAEnabled
 *fill*         0x00000000200115d5        0x3 
 .bss.xHigherPriorityTaskWoken
                0x00000000200115d8        0x4 ../../../oslib/gcc/free_rtos/Debug/free_rtos.a(osi_freertos.o)
                0x00000000200115d8                xHigherPriorityTaskWoken
 .bss.xSimpleLinkSpawnQueue
                0x00000000200115dc        0x4 ../../../oslib/gcc/free_rtos/Debug/free_rtos.a(osi_freertos.o)
                0x00000000200115dc                xSimpleLinkSpawnQueue
 .bss.xSimpleLinkSpawnTaskHndl
                0x00000000200115e0        0x4 ../../../oslib/gcc/free_rtos/Debug/free_rtos.a(osi_freertos.o)
                0x00000000200115e0                xSimpleLinkSpawnTaskHndl
 .bss.pxCurrentTCB
                0x00000000200115e4        0x4 ../../../oslib/gcc/free_rtos/Debug/free_rtos.a(tasks.o)
                0x00000000200115e4                pxCurrentTCB
 .bss.pxReadyTasksLists
                0x00000000200115e8       0xc8 ../../../oslib/gcc/free_rtos/Debug/free_rtos.a(tasks.o)
 .bss.xDelayedTaskList1
                0x00000000200116b0       0x14 ../../../oslib/gcc/free_rtos/Debug/free_rtos.a(tasks.o)
 .bss.xDelayedTaskList2
                0x00000000200116c4       0x14 ../../../oslib/gcc/free_rtos/Debug/free_rtos.a(tasks.o)
 .bss.pxDelayedTaskList
                0x00000000200116d8        0x4 ../../../oslib/gcc/free_rtos/Debug/free_rtos.a(tasks.o)
 .bss.pxOverflowDelayedTaskList
                0x00000000200116dc        0x4 ../../../oslib/gcc/free_rtos/Debug/free_rtos.a(tasks.o)
 .bss.xPendingReadyList
                0x00000000200116e0       0x14 ../../../oslib/gcc/free_rtos/Debug/free_rtos.a(tasks.o)
 .bss.xTasksWaitingTermination
                0x00000000200116f4       0x14 ../../../oslib/gcc/free_rtos/Debug/free_rtos.a(tasks.o)
 .bss.uxTasksDeleted
                0x0000000020011708        0x4 ../../../oslib/gcc/free_rtos/Debug/free_rtos.a(tasks.o)
 .bss.xSuspendedTaskList
                0x000000002001170c       0x14 ../../../oslib/gcc/free_rtos/Debug/free_rtos.a(tasks.o)
 .bss.xIdleTaskHandle
                0x0000000020011720        0x4 ../../../oslib/gcc/free_rtos/Debug/free_rtos.a(tasks.o)
 .bss.uxCurrentNumberOfTasks
                0x0000000020011724        0x4 ../../../oslib/gcc/free_rtos/Debug/free_rtos.a(tasks.o)
 .bss.xTickCount
                0x0000000020011728        0x4 ../../../oslib/gcc/free_rtos/Debug/free_rtos.a(tasks.o)
 .bss.uxTopReadyPriority
                0x000000002001172c        0x4 ../../../oslib/gcc/free_rtos/Debug/free_rtos.a(tasks.o)
 .bss.xSchedulerRunning
                0x0000000020011730        0x4 ../../../oslib/gcc/free_rtos/Debug/free_rtos.a(tasks.o)
 .bss.uxPendedTicks
                0x0000000020011734        0x4 ../../../oslib/gcc/free_rtos/Debug/free_rtos.a(tasks.o)
 .bss.xYieldPending
                0x0000000020011738        0x4 ../../../oslib/gcc/free_rtos/Debug/free_rtos.a(tasks.o)
 .bss.xNumOfOverflows
                0x000000002001173c        0x4 ../../../oslib/gcc/free_rtos/Debug/free_rtos.a(tasks.o)
 .bss.uxTaskNumber
                0x0000000020011740        0x4 ../../../oslib/gcc/free_rtos/Debug/free_rtos.a(tasks.o)
 .bss.uxSchedulerSuspended
                0x0000000020011744        0x4 ../../../oslib/gcc/free_rtos/Debug/free_rtos.a(tasks.o)
 .bss.ucMaxSysCallPriority
                0x0000000020011748        0x1 ../../../oslib/gcc/free_rtos/Debug/free_rtos.a(port.o)
 *fill*         0x0000000020011749        0x3 
 .bss.ulMaxPRIGROUPValue
                0x000000002001174c        0x4 ../../../oslib/gcc/free_rtos/Debug/free_rtos.a(port.o)
 .bss.xActiveTimerList1
                0x0000000020011750       0x14 ../../../oslib/gcc/free_rtos/Debug/free_rtos.a(timers.o)
 .bss.xActiveTimerList2
                0x0000000020011764       0x14 ../../../oslib/gcc/free_rtos/Debug/free_rtos.a(timers.o)
 .bss.pxCurrentTimerList
                0x0000000020011778        0x4 ../../../oslib/gcc/free_rtos/Debug/free_rtos.a(timers.o)
 .bss.pxOverflowTimerList
                0x000000002001177c        0x4 ../../../oslib/gcc/free_rtos/Debug/free_rtos.a(timers.o)
 .bss.xTimerQueue
                0x0000000020011780        0x4 ../../../oslib/gcc/free_rtos/Debug/free_rtos.a(timers.o)
 .bss.xTimerTaskHandle
                0x0000000020011784        0x4 ../../../oslib/gcc/free_rtos/Debug/free_rtos.a(timers.o)
 .bss.xLastTime.4980
                0x0000000020011788        0x4 ../../../oslib/gcc/free_rtos/Debug/free_rtos.a(timers.o)
 .bss.__malloc_sbrk_start
                0x000000002001178c        0x4 /usr/lib/gcc/arm-none-eabi/5.2.0/../../../../arm-none-eabi/lib/armv7e-m/libc_nano.a(lib_a-nano-mallocr.o)
                0x000000002001178c                __malloc_sbrk_start
 .bss.__malloc_free_list
                0x0000000020011790        0x4 /usr/lib/gcc/arm-none-eabi/5.2.0/../../../../arm-none-eabi/lib/armv7e-m/libc_nano.a(lib_a-nano-mallocr.o)
                0x0000000020011790                __malloc_free_list
 *(COMMON)
 COMMON         0x0000000020011794       0x10 obj/Unicast/Debug/control.o
                0x0000000020011794                g_ControlMsgQueue
                0x0000000020011798                g_pAudioOutControlHdl
                0x000000002001179c                g_pAudioInControlHdl
                0x00000000200117a0                g_AudioControlTask
 COMMON         0x00000000200117a4       0x34 obj/Unicast/Debug/main.o
                0x00000000200117a4                pPlayBuffer
                0x00000000200117a8                pRecordBuffer
                0x00000000200117ac                g_UdpSock
 COMMON         0x00000000200117d8       0x29 obj/Unicast/Debug/network.o
                0x00000000200117d8                g_ucConnectionBSSID
                0x00000000200117e0                g_ucConnectionSSID
 *fill*         0x0000000020011801        0x3 
 COMMON         0x0000000020011804      0x208 obj/Unicast/Debug/pcm_handler.o
                0x0000000020011804                g_pPlayBuffer
                0x0000000020011808                g_pRecordBuffer
                0x000000002001180c                gaucZeroBuffer
 COMMON         0x0000000020011a0c     0x4000 obj/Unicast/Debug/speaker.o
                0x0000000020011a0c                speaker_data
 *fill*         0x0000000020015a0c      0x1f4 
 COMMON         0x0000000020015c00      0x800 obj/Unicast/Debug/udma_if.o
                0x0000000020015c00                gfpAppCallbackHndl
                0x0000000020015d00                iDone
                0x0000000020016000                gpCtlTbl
 COMMON         0x0000000020016400        0x3 obj/Unicast/Debug/gpio_if.o
                0x0000000020016400                g_ucLED1Pin
                0x0000000020016401                g_ucLED2Pin
                0x0000000020016402                g_ucLED3Pin
 COMMON         0x0000000020016403        0x2 ../../../simplelink/gcc/lib/os/Debug/libsimplelink.a(driver.o)
                0x0000000020016403                g_bDeviceRestartIsRequired
                0x0000000020016404                RxIrqCnt
 *fill*         0x0000000020016405        0x3 
 COMMON         0x0000000020016408       0x58 ../../../simplelink/gcc/lib/os/Debug/libsimplelink.a(cc_pal.o)
                0x0000000020016408                g_cDummy
                0x000000002001640c                DMAMsgQ
                0x0000000020016410                g_ucDinDout
 COMMON         0x0000000020016460       0x50 ../../../oslib/gcc/free_rtos/Debug/free_rtos.a(queue.o)
                0x0000000020016460                xQueueRegistry
 COMMON         0x00000000200164b0        0x4 /usr/lib/gcc/arm-none-eabi/5.2.0/../../../../arm-none-eabi/lib/armv7e-m/libc_nano.a(lib_a-reent.o)
                0x00000000200164b0                errno
                0x00000000200164b4                _ebss = .

.heap           0x00000000200164b4    0x29b4c
                0x00000000200164b4                _heap = .
                0x000000002003fde8                . = (((((((. + 0x40000) - SIZEOF (.bss)) - SIZEOF (.data)) - SIZEOF (.ARM)) - SIZEOF (.text)) - SIZEOF (.bootloader)) - 0x400)
 *fill*         0x00000000200164b4    0x29934 
                0x0000000020040000                . = ALIGN (0x400)
 *fill*         0x000000002003fde8      0x218 
                0x0000000020040000                _eheap = .
LOAD obj/Unicast/Debug/audiocodec.o
LOAD obj/Unicast/Debug/circ_buff.o
LOAD obj/Unicast/Debug/control.o
LOAD obj/Unicast/Debug/main.o
LOAD obj/Unicast/Debug/microphone.o
LOAD obj/Unicast/Debug/network.o
LOAD obj/Unicast/Debug/pcm_handler.o
LOAD obj/Unicast/Debug/pinmux.o
LOAD obj/Unicast/Debug/smartconfig.o
LOAD obj/Unicast/Debug/speaker.o
LOAD obj/Unicast/Debug/uart_if.o
LOAD obj/Unicast/Debug/i2c_if.o
LOAD obj/Unicast/Debug/i2s_if.o
LOAD obj/Unicast/Debug/udma_if.o
LOAD obj/Unicast/Debug/gpio_if.o
LOAD obj/Unicast/Debug/startup_gcc.o
LOAD ../../../simplelink/gcc/lib/os/Debug/libsimplelink.a
LOAD ../../../oslib/gcc/free_rtos/Debug/free_rtos.a
LOAD ../../../driverlib/gcc/lib/Debug/libdriver.a
LOAD /usr/lib/gcc/arm-none-eabi/5.2.0/../../../../arm-none-eabi/lib/armv7e-m/libm.a
LOAD /usr/lib/gcc/arm-none-eabi/5.2.0/../../../../arm-none-eabi/lib/armv7e-m/libc_nano.a
LOAD /usr/lib/gcc/arm-none-eabi/5.2.0/armv7e-m/libgcc.a
LOAD /usr/lib/gcc/arm-none-eabi/5.2.0/../../../../arm-none-eabi/lib/armv7e-m/libnosys.a
OUTPUT(bin/Unicast/Debug/wifi_audio_app.elf elf32-littlearm)

.debug_info     0x0000000000000000    0x1b142
 .debug_info    0x0000000000000000      0x3f3 obj/Unicast/Debug/audiocodec.o
 .debug_info    0x00000000000003f3      0x461 obj/Unicast/Debug/circ_buff.o
 .debug_info    0x0000000000000854      0x4c4 obj/Unicast/Debug/control.o
 .debug_info    0x0000000000000d18      0x3e6 obj/Unicast/Debug/main.o
 .debug_info    0x00000000000010fe      0x294 obj/Unicast/Debug/microphone.o
 .debug_info    0x0000000000001392      0xdf6 obj/Unicast/Debug/network.o
 .debug_info    0x0000000000002188      0x229 obj/Unicast/Debug/pcm_handler.o
 .debug_info    0x00000000000023b1       0x45 obj/Unicast/Debug/pinmux.o
 .debug_info    0x00000000000023f6      0x120 obj/Unicast/Debug/smartconfig.o
 .debug_info    0x0000000000002516      0x357 obj/Unicast/Debug/speaker.o
 .debug_info    0x000000000000286d      0x2ac obj/Unicast/Debug/uart_if.o
 .debug_info    0x0000000000002b19      0x2cb obj/Unicast/Debug/i2c_if.o
 .debug_info    0x0000000000002de4      0x190 obj/Unicast/Debug/i2s_if.o
 .debug_info    0x0000000000002f74      0x377 obj/Unicast/Debug/udma_if.o
 .debug_info    0x00000000000032eb      0x3e6 obj/Unicast/Debug/gpio_if.o
 .debug_info    0x00000000000036d1      0x20f obj/Unicast/Debug/startup_gcc.o
 .debug_info    0x00000000000038e0      0xf4e ../../../simplelink/gcc/lib/os/Debug/libsimplelink.a(device.o)
 .debug_info    0x000000000000482e     0x1bd5 ../../../simplelink/gcc/lib/os/Debug/libsimplelink.a(driver.o)
 .debug_info    0x0000000000006403     0x1943 ../../../simplelink/gcc/lib/os/Debug/libsimplelink.a(netapp.o)
 .debug_info    0x0000000000007d46     0x1a88 ../../../simplelink/gcc/lib/os/Debug/libsimplelink.a(socket.o)
 .debug_info    0x00000000000097ce     0x1aaa ../../../simplelink/gcc/lib/os/Debug/libsimplelink.a(wlan.o)
 .debug_info    0x000000000000b278      0x6db ../../../simplelink/gcc/lib/os/Debug/libsimplelink.a(cc_pal.o)
 .debug_info    0x000000000000b953      0x8d9 ../../../oslib/gcc/free_rtos/Debug/free_rtos.a(osi_freertos.o)
 .debug_info    0x000000000000c22c      0xd88 ../../../oslib/gcc/free_rtos/Debug/free_rtos.a(queue.o)
 .debug_info    0x000000000000cfb4     0x1790 ../../../oslib/gcc/free_rtos/Debug/free_rtos.a(tasks.o)
 .debug_info    0x000000000000e744      0x317 ../../../oslib/gcc/free_rtos/Debug/free_rtos.a(port.o)
 .debug_info    0x000000000000ea5b      0x9f1 ../../../oslib/gcc/free_rtos/Debug/free_rtos.a(timers.o)
 .debug_info    0x000000000000f44c       0xed ../../../oslib/gcc/free_rtos/Debug/free_rtos.a(heap_3.o)
 .debug_info    0x000000000000f539      0x29d ../../../oslib/gcc/free_rtos/Debug/free_rtos.a(list.o)
 .debug_info    0x000000000000f7d6      0x3b0 ../../../driverlib/gcc/lib/Debug/libdriver.a(gpio.o)
 .debug_info    0x000000000000fb86      0xba8 ../../../driverlib/gcc/lib/Debug/libdriver.a(i2c.o)
 .debug_info    0x000000000001072e      0x383 ../../../driverlib/gcc/lib/Debug/libdriver.a(interrupt.o)
 .debug_info    0x0000000000010ab1      0x595 ../../../driverlib/gcc/lib/Debug/libdriver.a(i2s.o)
 .debug_info    0x0000000000011046      0x3eb ../../../driverlib/gcc/lib/Debug/libdriver.a(pin.o)
 .debug_info    0x0000000000011431      0xa3d ../../../driverlib/gcc/lib/Debug/libdriver.a(prcm.o)
 .debug_info    0x0000000000011e6e      0x9be ../../../driverlib/gcc/lib/Debug/libdriver.a(spi.o)
 .debug_info    0x000000000001282c      0x5c1 ../../../driverlib/gcc/lib/Debug/libdriver.a(timer.o)
 .debug_info    0x0000000000012ded      0x82e ../../../driverlib/gcc/lib/Debug/libdriver.a(uart.o)
 .debug_info    0x000000000001361b      0x53f ../../../driverlib/gcc/lib/Debug/libdriver.a(udma.o)
 .debug_info    0x0000000000013b5a       0x50 ../../../driverlib/gcc/lib/Debug/libdriver.a(utils.o)
 .debug_info    0x0000000000013baa       0xfe ../../../driverlib/gcc/lib/Debug/libdriver.a(cpu.o)
 .debug_info    0x0000000000013ca8      0x7b2 /usr/lib/gcc/arm-none-eabi/5.2.0/../../../../arm-none-eabi/lib/armv7e-m/libc_nano.a(lib_a-malloc.o)