Archive member included to satisfy reference by file (symbol)

../../../netapps/mqtt/gcc/lib/client_server/Release/libmqtt.a(sl_mqtt_client.o)
                              obj/Release/main.o (sl_ExtLib_MqttClientCtxCreate)
../../../netapps/mqtt/gcc/lib/client_server/Release/libmqtt.a(sl_mqtt_server.o)
                              obj/Release/main.o (sl_ExtLib_MqttServerSend)
../../../netapps/mqtt/gcc/lib/client_server/Release/libmqtt.a(cc32xx_sl_net.o)
                              ../../../netapps/mqtt/gcc/lib/client_server/Release/libmqtt.a(sl_mqtt_client.o) (comm_open)
../../../netapps/mqtt/gcc/lib/client_server/Release/libmqtt.a(cc32xx_platform.o)
                              ../../../netapps/mqtt/gcc/lib/client_server/Release/libmqtt.a(cc32xx_sl_net.o) (platform_timer_init)
../../../netapps/mqtt/gcc/lib/client_server/Release/libmqtt.a(mqtt_client.o)
                              ../../../netapps/mqtt/gcc/lib/client_server/Release/libmqtt.a(sl_mqtt_client.o) (mqtt_disconn_send)
../../../netapps/mqtt/gcc/lib/client_server/Release/libmqtt.a(mqtt_common.o)
                              ../../../netapps/mqtt/gcc/lib/client_server/Release/libmqtt.a(mqtt_client.o) (mqp_free)
../../../netapps/mqtt/gcc/lib/client_server/Release/libmqtt.a(server_core.o)
                              ../../../netapps/mqtt/gcc/lib/client_server/Release/libmqtt.a(sl_mqtt_server.o) (mqtt_server_init)
../../../netapps/mqtt/gcc/lib/client_server/Release/libmqtt.a(server_pkts.o)
                              ../../../netapps/mqtt/gcc/lib/client_server/Release/libmqtt.a(sl_mqtt_server.o) (mqtt_server_pause_locked)
../../../netapps/mqtt/gcc/lib/client_server/Release/libmqtt.a(server_plug.o)
                              ../../../netapps/mqtt/gcc/lib/client_server/Release/libmqtt.a(server_core.o) (plugin_connect)
../../../netapps/mqtt/gcc/lib/client_server/Release/libmqtt.a(server_util.o)
                              ../../../netapps/mqtt/gcc/lib/client_server/Release/libmqtt.a(server_core.o) (mqp_new_id_server)
../../../netapps/mqtt/gcc/lib/client_server/Release/libmqtt.a(client_mgmt.o)
                              ../../../netapps/mqtt/gcc/lib/client_server/Release/libmqtt.a(server_core.o) (cl_sub_count_add)
../../../simplelink/gcc/lib/os/Release/libsimplelink.a(device.o)
                              obj/Release/network_if.o (sl_Start)
../../../simplelink/gcc/lib/os/Release/libsimplelink.a(driver.o)
                              ../../../simplelink/gcc/lib/os/Release/libsimplelink.a(device.o) (g_bDeviceRestartIsRequired)
../../../simplelink/gcc/lib/os/Release/libsimplelink.a(netapp.o)
                              obj/Release/network_if.o (sl_NetAppMDNSUnRegisterService)
../../../simplelink/gcc/lib/os/Release/libsimplelink.a(netcfg.o)
                              obj/Release/network_if.o (sl_NetCfgSet)
../../../simplelink/gcc/lib/os/Release/libsimplelink.a(socket.o)
                              ../../../netapps/mqtt/gcc/lib/client_server/Release/libmqtt.a(cc32xx_sl_net.o) (sl_Socket)
../../../simplelink/gcc/lib/os/Release/libsimplelink.a(wlan.o)
                              obj/Release/network_if.o (sl_WlanConnect)
../../../simplelink/gcc/lib/os/Release/libsimplelink.a(cc_pal.o)
                              ../../../simplelink/gcc/lib/os/Release/libsimplelink.a(device.o) (spi_Open)
../../../oslib/gcc/free_rtos/Release/free_rtos.a(osi_freertos.o)
                              obj/Release/gpio_if.o (osi_InterruptRegister)
../../../oslib/gcc/free_rtos/Release/free_rtos.a(queue.o)
                              ../../../oslib/gcc/free_rtos/Release/free_rtos.a(osi_freertos.o) (xQueueGenericCreate)
../../../oslib/gcc/free_rtos/Release/free_rtos.a(tasks.o)
                              ../../../oslib/gcc/free_rtos/Release/free_rtos.a(osi_freertos.o) (xTaskGenericCreate)
../../../oslib/gcc/free_rtos/Release/free_rtos.a(port.o)
                              ../../../oslib/gcc/free_rtos/Release/free_rtos.a(tasks.o) (pxPortInitialiseStack)
../../../oslib/gcc/free_rtos/Release/free_rtos.a(timers.o)
                              ../../../oslib/gcc/free_rtos/Release/free_rtos.a(tasks.o) (xTimerCreateTimerTask)
../../../oslib/gcc/free_rtos/Release/free_rtos.a(heap_3.o)
                              ../../../oslib/gcc/free_rtos/Release/free_rtos.a(osi_freertos.o) (pvPortMalloc)
../../../oslib/gcc/free_rtos/Release/free_rtos.a(list.o)
                              ../../../oslib/gcc/free_rtos/Release/free_rtos.a(queue.o) (vListInitialise)
../../../driverlib/gcc/lib/Release/libdriver.a(gpio.o)
                              obj/Release/button_if.o (GPIOIntStatus)
../../../driverlib/gcc/lib/Release/libdriver.a(interrupt.o)
                              obj/Release/main.o (IntMasterEnable)
../../../driverlib/gcc/lib/Release/libdriver.a(prcm.o)
                              obj/Release/pinmux.o (PRCMPeripheralClkEnable)
../../../driverlib/gcc/lib/Release/libdriver.a(spi.o)
[...]
Memory Configuration

Name             Origin             Length             Attributes
SRAM             0x0000000020000000 0x0000000000040000 xrw
*default*        0x0000000000000000 0xffffffffffffffff

Linker script and memory map

                0x0000000000004000                BOOTLOADER_SIZE = 0x4000

.bootloader     0x0000000020000000     0x4000
                0x0000000020000000                _heap2 = .
                0x0000000020004000                . = (. + BOOTLOADER_SIZE)
 *fill*         0x0000000020000000     0x4000 
                0x0000000020004000                . = ALIGN (0x8)
                0x0000000020004000                _eheap2 = .

.text           0x0000000020004000     0xd9b8
                0x0000000020004000                _text = .
 *(.intvecs)
 .intvecs       0x0000000020004000      0x400 obj/Release/startup_gcc.o
                0x0000000020004000                g_pfnVectors
 *(.text*)
 .text.pushButtonInterruptHandler2
                0x0000000020004400       0x1c obj/Release/main.o
                0x0000000020004400                pushButtonInterruptHandler2
 .text.pushButtonInterruptHandler3
                0x000000002000441c       0x1c obj/Release/main.o
                0x000000002000441c                pushButtonInterruptHandler3
 .text.TimerPeriodicIntHandler
                0x0000000020004438       0x3c obj/Release/main.o
                0x0000000020004438                TimerPeriodicIntHandler
 .text.LedTimerConfigNStart
                0x0000000020004474       0x38 obj/Release/main.o
                0x0000000020004474                LedTimerConfigNStart
 .text.LedTimerDeinitStop
                0x00000000200044ac       0x1c obj/Release/main.o
                0x00000000200044ac                LedTimerDeinitStop
 .text.MqttClientServer
                0x00000000200044c8      0x2dc obj/Release/main.o
                0x00000000200044c8                MqttClientServer
 .text.BoardInit
                0x00000000200047a4       0x20 obj/Release/main.o
                0x00000000200047a4                BoardInit
 .text.startup.main
                0x00000000200047c4       0xac obj/Release/main.o
                0x00000000200047c4                main
 .text.PinMuxConfig
                0x0000000020004870       0xbc obj/Release/pinmux.o
                0x0000000020004870                PinMuxConfig
 .text.connect_cb
                0x000000002000492c       0x44 obj/Release/server_client_cbs.o
                0x000000002000492c                connect_cb
 .text.disconnectbridge_cb
                0x0000000020004970        0xc obj/Release/server_client_cbs.o
                0x0000000020004970                disconnectbridge_cb
 .text.recv_cb  0x000000002000497c       0xdc obj/Release/server_client_cbs.o
                0x000000002000497c                recv_cb
 .text.disconnect_cb
                0x0000000020004a58       0x2c obj/Release/server_client_cbs.o
                0x0000000020004a58                disconnect_cb
 .text.recv_client_cb
                0x0000000020004a84       0xe0 obj/Release/server_client_cbs.o
                0x0000000020004a84                recv_client_cb
 .text.event_client_cb
                0x0000000020004b64       0x6c obj/Release/server_client_cbs.o
                0x0000000020004b64                event_client_cb
 .text.InitTerm
                0x0000000020004bd0       0x34 obj/Release/uart_if.o
                0x0000000020004bd0                InitTerm
 .text.Message  0x0000000020004c04       0x20 obj/Release/uart_if.o
                0x0000000020004c04                Message
 .text.TrimSpace
                0x0000000020004c24       0x4e obj/Release/uart_if.o
                0x0000000020004c24                TrimSpace
 *fill*         0x0000000020004c72        0x2 
 .text.Report   0x0000000020004c74       0x68 obj/Release/uart_if.o
                0x0000000020004c74                Report
 .text.GetCmd   0x0000000020004cdc       0xa0 obj/Release/uart_if.o
                0x0000000020004cdc                GetCmd
 .text.vAssertCalled
                0x0000000020004d7c        0x2 obj/Release/network_if.o
                0x0000000020004d7c                vAssertCalled
 .text.vApplicationIdleHook
                0x0000000020004d7e        0x2 obj/Release/network_if.o
                0x0000000020004d7e                vApplicationIdleHook
 .text.vApplicationMallocFailedHook
                0x0000000020004d80        0x2 obj/Release/network_if.o
                0x0000000020004d80                vApplicationMallocFailedHook
 .text.vApplicationStackOverflowHook
                0x0000000020004d82        0x2 obj/Release/network_if.o
                0x0000000020004d82                vApplicationStackOverflowHook
 .text.SimpleLinkWlanEventHandler
                0x0000000020004d84      0x13c obj/Release/network_if.o
                0x0000000020004d84                SimpleLinkWlanEventHandler
 .text.SimpleLinkNetAppEventHandler
                0x0000000020004ec0       0x70 obj/Release/network_if.o
                0x0000000020004ec0                SimpleLinkNetAppEventHandler
 .text.SimpleLinkGeneralEventHandler
                0x0000000020004f30       0x14 obj/Release/network_if.o
                0x0000000020004f30                SimpleLinkGeneralEventHandler
 .text.SimpleLinkSockEventHandler
                0x0000000020004f44       0x6c obj/Release/network_if.o
                0x0000000020004f44                SimpleLinkSockEventHandler
 .text.SimpleLinkHttpServerCallback
                0x0000000020004fb0        0x2 obj/Release/network_if.o
                0x0000000020004fb0                SimpleLinkHttpServerCallback
 *fill*         0x0000000020004fb2        0x2 
 .text.InitializeAppVariables
                0x0000000020004fb4       0x38 obj/Release/network_if.o
                0x0000000020004fb4                InitializeAppVariables
 .text.ConfigureSimpleLinkToDefaultState
                0x0000000020004fec      0x228 obj/Release/network_if.o
                0x0000000020004fec                ConfigureSimpleLinkToDefaultState
 .text.Network_IF_InitDriver
                0x0000000020005214      0x148 obj/Release/network_if.o
                0x0000000020005214                Network_IF_InitDriver
 .text.Network_IF_DisconnectFromAP
                0x000000002000535c       0x2c obj/Release/network_if.o
                0x000000002000535c                Network_IF_DisconnectFromAP
 .text.Network_IF_IpConfigGet
                0x0000000020005388       0x58 obj/Release/network_if.o
                0x0000000020005388                Network_IF_IpConfigGet
 .text.Network_IF_ConnectAP
                0x00000000200053e0      0x1c8 obj/Release/network_if.o
                0x00000000200053e0                Network_IF_ConnectAP
 .text.Network_IF_ResetMCUStateMachine
                0x00000000200055a8        0xc obj/Release/network_if.o
                0x00000000200055a8                Network_IF_ResetMCUStateMachine
 .text.GPIO_IF_LedConfigure
                0x00000000200055b4       0x50 obj/Release/gpio_if.o
                0x00000000200055b4                GPIO_IF_LedConfigure
 .text.GPIO_IF_Set
                0x0000000020005604       0x1e obj/Release/gpio_if.o
                0x0000000020005604                GPIO_IF_Set
 *fill*         0x0000000020005622        0x2 
 .text.GPIO_IF_LedOn
                0x0000000020005624       0x84 obj/Release/gpio_if.o
                0x0000000020005624                GPIO_IF_LedOn
 .text.GPIO_IF_LedOff
                0x00000000200056a8       0x84 obj/Release/gpio_if.o
                0x00000000200056a8                GPIO_IF_LedOff
 .text.Timer_IF_Init
                0x000000002000572c       0x38 obj/Release/timer_if.o
                0x000000002000572c                Timer_IF_Init
 .text.Timer_IF_IntSetup
                0x0000000020005764       0xe8 obj/Release/timer_if.o
                0x0000000020005764                Timer_IF_IntSetup
 .text.Timer_IF_Start
                0x000000002000584c       0x28 obj/Release/timer_if.o
                0x000000002000584c                Timer_IF_Start
 .text.Timer_IF_Stop
                0x0000000020005874        0xa obj/Release/timer_if.o
                0x0000000020005874                Timer_IF_Stop
 .text.Timer_IF_DeInit
                0x000000002000587e       0x22 obj/Release/timer_if.o
                0x000000002000587e                Timer_IF_DeInit
 .text.Button_IF_Init
                0x00000000200058a0       0x8c obj/Release/button_if.o
                0x00000000200058a0                Button_IF_Init
 .text.Button_IF_EnableInterrupt
                0x000000002000592c       0x70 obj/Release/button_if.o
                0x000000002000592c                Button_IF_EnableInterrupt
 .text.Button_IF_DisableInterrupt
                0x000000002000599c       0x58 obj/Release/button_if.o
                0x000000002000599c                Button_IF_DisableInterrupt
 .text.GPIOs3IntHandler
                0x00000000200059f4       0x28 obj/Release/button_if.o
                0x00000000200059f4                GPIOs3IntHandler
 .text.GPIOs2IntHandler
                0x0000000020005a1c       0x28 obj/Release/button_if.o
                0x0000000020005a1c                GPIOs2IntHandler
 .text.NmiSR    0x0000000020005a44        0x2 obj/Release/startup_gcc.o
 .text.FaultISR
                0x0000000020005a46        0x2 obj/Release/startup_gcc.o
 .text.BusFaultHandler
                0x0000000020005a48        0x2 obj/Release/startup_gcc.o
 .text.IntDefaultHandler
                0x0000000020005a4a        0x2 obj/Release/startup_gcc.o
 .text.ResetISR
                0x0000000020005a4c       0x5c obj/Release/startup_gcc.o
                0x0000000020005a4c                ResetISR
 .text._sbrk    0x0000000020005aa8       0x3c obj/Release/startup_gcc.o
                0x0000000020005aa8                _sbrk
 .text.mutex_lockup
                0x0000000020005ae4        0x8 ../../../netapps/mqtt/gcc/lib/client_server/Release/libmqtt.a(sl_mqtt_client.o)
                0x0000000020005ae4                mutex_lockup
 .text.process_publish_rx_cb
                0x0000000020005aec       0x74 ../../../netapps/mqtt/gcc/lib/client_server/Release/libmqtt.a(sl_mqtt_client.o)
 .text.mutex_unlock
                0x0000000020005b60        0x4 ../../../netapps/mqtt/gcc/lib/client_server/Release/libmqtt.a(sl_mqtt_client.o)
                0x0000000020005b60                mutex_unlock
 .text.VMqttRecvTask
                0x0000000020005b64       0x40 ../../../netapps/mqtt/gcc/lib/client_server/Release/libmqtt.a(sl_mqtt_client.o)
                0x0000000020005b64                VMqttRecvTask
 .text.process_disconn_cb
                0x0000000020005ba4       0x34 ../../../netapps/mqtt/gcc/lib/client_server/Release/libmqtt.a(sl_mqtt_client.o)
 .text.process_notify_ack_cb
                0x0000000020005bd8       0x8c ../../../netapps/mqtt/gcc/lib/client_server/Release/libmqtt.a(sl_mqtt_client.o)
 .text._sl_ExtLib_ServerAckLockedWait
                0x0000000020005c64       0x4c ../../../netapps/mqtt/gcc/lib/client_server/Release/libmqtt.a(sl_mqtt_client.o)
                0x0000000020005c64                _sl_ExtLib_ServerAckLockedWait
 .text._sl_ExtLib_AwaitedAckLockedSet
                0x0000000020005cb0       0x2c ../../../netapps/mqtt/gcc/lib/client_server/Release/libmqtt.a(sl_mqtt_client.o)
                0x0000000020005cb0                _sl_ExtLib_AwaitedAckLockedSet
 .text.sl_ExtLib_MqttClientCtxCreate
                0x0000000020005cdc      0x11c ../../../netapps/mqtt/gcc/lib/client_server/Release/libmqtt.a(sl_mqtt_client.o)
                0x0000000020005cdc                sl_ExtLib_MqttClientCtxCreate
 .text.sl_ExtLib_MqttClientCtxDelete
                0x0000000020005df8       0x2a ../../../netapps/mqtt/gcc/lib/client_server/Release/libmqtt.a(sl_mqtt_client.o)
                0x0000000020005df8                sl_ExtLib_MqttClientCtxDelete
 *fill*         0x0000000020005e22        0x2 
 .text.sl_ExtLib_MqttClientInit
                0x0000000020005e24       0xd8 ../../../netapps/mqtt/gcc/lib/client_server/Release/libmqtt.a(sl_mqtt_client.o)
                0x0000000020005e24                sl_ExtLib_MqttClientInit
 .text.sl_ExtLib_MqttClientExit
                0x0000000020005efc       0x58 ../../../netapps/mqtt/gcc/lib/client_server/Release/libmqtt.a(sl_mqtt_client.o)
                0x0000000020005efc                sl_ExtLib_MqttClientExit
 .text.sl_ExtLib_MqttClientSet
                0x0000000020005f54       0x2a ../../../netapps/mqtt/gcc/lib/client_server/Release/libmqtt.a(sl_mqtt_client.o)
                0x0000000020005f54                sl_ExtLib_MqttClientSet
 *fill*         0x0000000020005f7e        0x2 
 .text.sl_ExtLib_MqttClientConnect
                0x0000000020005f80      0x138 ../../../netapps/mqtt/gcc/lib/client_server/Release/libmqtt.a(sl_mqtt_client.o)
                0x0000000020005f80                sl_ExtLib_MqttClientConnect
 .text.sl_ExtLib_MqttClientDisconnect
                0x00000000200060b8       0x2e ../../../netapps/mqtt/gcc/lib/client_server/Release/libmqtt.a(sl_mqtt_client.o)
                0x00000000200060b8                sl_ExtLib_MqttClientDisconnect
 *fill*         0x00000000200060e6        0x2 
 .text.sl_ExtLib_MqttClientSub
                0x00000000200060e8       0xb8 ../../../netapps/mqtt/gcc/lib/client_server/Release/libmqtt.a(sl_mqtt_client.o)
                0x00000000200060e8                sl_ExtLib_MqttClientSub
 .text.sl_ExtLib_MqttClientUnsub
                0x00000000200061a0       0x80 ../../../netapps/mqtt/gcc/lib/client_server/Release/libmqtt.a(sl_mqtt_client.o)
                0x00000000200061a0                sl_ExtLib_MqttClientUnsub
 .text.sl_ExtLib_MqttClientSend
                0x0000000020006220       0xac ../../../netapps/mqtt/gcc/lib/client_server/Release/libmqtt.a(sl_mqtt_client.o)
                0x0000000020006220                sl_ExtLib_MqttClientSend
 .text.sl_server_connect_cb
                0x00000000200062cc       0x44 ../../../netapps/mqtt/gcc/lib/client_server/Release/libmqtt.a(sl_mqtt_server.o)
                0x00000000200062cc                sl_server_connect_cb
 .text.sl_server_publish_cb
                0x0000000020006310       0x34 ../../../netapps/mqtt/gcc/lib/client_server/Release/libmqtt.a(sl_mqtt_server.o)
                0x0000000020006310                sl_server_publish_cb
 .text.sl_server_disconn_cb
                0x0000000020006344        0xc ../../../netapps/mqtt/gcc/lib/client_server/Release/libmqtt.a(sl_mqtt_server.o)
                0x0000000020006344                sl_server_disconn_cb
 .text.mutex_unlock
                0x0000000020006350        0x4 ../../../netapps/mqtt/gcc/lib/client_server/Release/libmqtt.a(sl_mqtt_server.o)
 .text.mutex_lock
                0x0000000020006354        0x8 ../../../netapps/mqtt/gcc/lib/client_server/Release/libmqtt.a(sl_mqtt_server.o)
 .text._sl_MqttServerStateSet
                0x000000002000635c       0x18 ../../../netapps/mqtt/gcc/lib/client_server/Release/libmqtt.a(sl_mqtt_server.o)
 .text._sl_MqttServerStateGet
                0x0000000020006374       0x18 ../../../netapps/mqtt/gcc/lib/client_server/Release/libmqtt.a(sl_mqtt_server.o)
 .text.VMqttServerRunTask
                0x000000002000638c       0x64 ../../../netapps/mqtt/gcc/lib/client_server/Release/libmqtt.a(sl_mqtt_server.o)
 .text.sl_ExtLib_MqttServerSend
                0x00000000200063f0       0x2c ../../../netapps/mqtt/gcc/lib/client_server/Release/libmqtt.a(sl_mqtt_server.o)
                0x00000000200063f0                sl_ExtLib_MqttServerSend
 .text.sl_ExtLib_MqttTopicEnroll
                0x000000002000641c       0x28 ../../../netapps/mqtt/gcc/lib/client_server/Release/libmqtt.a(sl_mqtt_server.o)
                0x000000002000641c                sl_ExtLib_MqttTopicEnroll
 .text.sl_ExtLib_MqttServerInit
                0x0000000020006444      0x114 ../../../netapps/mqtt/gcc/lib/client_server/Release/libmqtt.a(sl_mqtt_server.o)
                0x0000000020006444                sl_ExtLib_MqttServerInit
 .text.sl_ExtLib_MqttServerActivate
                0x0000000020006558       0x50 ../../../netapps/mqtt/gcc/lib/client_server/Release/libmqtt.a(sl_mqtt_server.o)
                0x0000000020006558                sl_ExtLib_MqttServerActivate
 .text.comm_open
                0x00000000200065a8      0x218 ../../../netapps/mqtt/gcc/lib/client_server/Release/libmqtt.a(cc32xx_sl_net.o)
                0x00000000200065a8                comm_open
 .text.tcp_send
                0x00000000200067c0        0xe ../../../netapps/mqtt/gcc/lib/client_server/Release/libmqtt.a(cc32xx_sl_net.o)
                0x00000000200067c0                tcp_send
 .text.tcp_recv
                0x00000000200067ce       0x42 ../../../netapps/mqtt/gcc/lib/client_server/Release/libmqtt.a(cc32xx_sl_net.o)
                0x00000000200067ce                tcp_recv
 .text.comm_close
                0x0000000020006810       0x16 ../../../netapps/mqtt/gcc/lib/client_server/Release/libmqtt.a(cc32xx_sl_net.o)
                0x0000000020006810                comm_close
 .text.rtc_secs
                0x0000000020006826        0x4 ../../../netapps/mqtt/gcc/lib/client_server/Release/libmqtt.a(cc32xx_sl_net.o)
                0x0000000020006826                rtc_secs
 .text.tcp_listen
                0x000000002000682a       0x4e ../../../netapps/mqtt/gcc/lib/client_server/Release/libmqtt.a(cc32xx_sl_net.o)
                0x000000002000682a                tcp_listen
 .text.tcp_select
                0x0000000020006878       0x7a ../../../netapps/mqtt/gcc/lib/client_server/Release/libmqtt.a(cc32xx_sl_net.o)
                0x0000000020006878                tcp_select
 .text.tcp_accept
                0x00000000200068f2       0x4a ../../../netapps/mqtt/gcc/lib/client_server/Release/libmqtt.a(cc32xx_sl_net.o)
                0x00000000200068f2                tcp_accept
 .text.send_dest
                0x000000002000693c       0x64 ../../../netapps/mqtt/gcc/lib/client_server/Release/libmqtt.a(cc32xx_sl_net.o)
                0x000000002000693c                send_dest
 .text.recv_from
                0x00000000200069a0       0x72 ../../../netapps/mqtt/gcc/lib/client_server/Release/libmqtt.a(cc32xx_sl_net.o)
                0x00000000200069a0                recv_from
 .text.platform_timer_init
                0x0000000020006a12        0x4 ../../../netapps/mqtt/gcc/lib/client_server/Release/libmqtt.a(cc32xx_platform.o)
                0x0000000020006a12                platform_timer_init
 .text.platform_get_time_in_secs
                0x0000000020006a16       0x1a ../../../netapps/mqtt/gcc/lib/client_server/Release/libmqtt.a(cc32xx_platform.o)
                0x0000000020006a16                platform_get_time_in_secs
 .text.loopb_trigger
                0x0000000020006a30       0x48 ../../../netapps/mqtt/gcc/lib/client_server/Release/libmqtt.a(mqtt_client.o)
 .text.is_valid_utf8_string
                0x0000000020006a78       0x12 ../../../netapps/mqtt/gcc/lib/client_server/Release/libmqtt.a(mqtt_client.o)
 *fill*         0x0000000020006a8a        0x2 
 .text.grp_net_setup_create
                0x0000000020006a8c       0x48 ../../../netapps/mqtt/gcc/lib/client_server/Release/libmqtt.a(mqtt_client.o)
 .text.free_mqp
                0x0000000020006ad4       0x10 ../../../netapps/mqtt/gcc/lib/client_server/Release/libmqtt.a(mqtt_client.o)
 .text.mqp_free_locked
                0x0000000020006ae4       0x34 ../../../netapps/mqtt/gcc/lib/client_server/Release/libmqtt.a(mqtt_client.o)
 .text.session_delete
                0x0000000020006b18       0x3c ../../../netapps/mqtt/gcc/lib/client_server/Release/libmqtt.a(mqtt_client.o)
 .text.do_net_close
                0x0000000020006b54       0x98 ../../../netapps/mqtt/gcc/lib/client_server/Release/libmqtt.a(mqtt_client.o)
 .text.do_net_close_tx
                0x0000000020006bec       0x48 ../../../netapps/mqtt/gcc/lib/client_server/Release/libmqtt.a(mqtt_client.o)
 .text.cl_ctx_seg1_send
                0x0000000020006c34      0x164 ../../../netapps/mqtt/gcc/lib/client_server/Release/libmqtt.a(mqtt_client.o)
 .text.pingreq_send
                0x0000000020006d98       0x2c ../../../netapps/mqtt/gcc/lib/client_server/Release/libmqtt.a(mqtt_client.o)
 .text.do_net_close_rx
                0x0000000020006dc4       0x50 ../../../netapps/mqtt/gcc/lib/client_server/Release/libmqtt.a(mqtt_client.o)
 .text._msg_dispatch
                0x0000000020006e14       0x90 ../../../netapps/mqtt/gcc/lib/client_server/Release/libmqtt.a(mqtt_client.o)
 .text.single_ctx_adj_wait_secs_get.isra.4
                0x0000000020006ea4       0x2c ../../../netapps/mqtt/gcc/lib/client_server/Release/libmqtt.a(mqtt_client.o)
 .text.single_ctx_rx_prep_locked
                0x0000000020006ed0       0xc4 ../../../netapps/mqtt/gcc/lib/client_server/Release/libmqtt.a(mqtt_client.o)
 .text.ack1_wl_rmfree
                0x0000000020006f94       0x2c ../../../netapps/mqtt/gcc/lib/client_server/Release/libmqtt.a(mqtt_client.o)
 .text.vh_msg_send.constprop.9
                0x0000000020006fc0       0x32 ../../../netapps/mqtt/gcc/lib/client_server/Release/libmqtt.a(mqtt_client.o)
 .text.client_reset
                0x0000000020006ff2       0x70 ../../../netapps/mqtt/gcc/lib/client_server/Release/libmqtt.a(mqtt_client.o)
 *fill*         0x0000000020007062        0x2 
 .text.mqtt_disconn_send
                0x0000000020007064       0x58 ../../../netapps/mqtt/gcc/lib/client_server/Release/libmqtt.a(mqtt_client.o)
                0x0000000020007064                mqtt_disconn_send
 .text.mqp_client_alloc
                0x00000000200070bc       0x78 ../../../netapps/mqtt/gcc/lib/client_server/Release/libmqtt.a(mqtt_client.o)
                0x00000000200070bc                mqp_client_alloc
 .text.utf8_array_send
                0x0000000020007134      0x130 ../../../netapps/mqtt/gcc/lib/client_server/Release/libmqtt.a(mqtt_client.o)
 .text.mqtt_sub_msg_send
                0x0000000020007264        0x8 ../../../netapps/mqtt/gcc/lib/client_server/Release/libmqtt.a(mqtt_client.o)
                0x0000000020007264                mqtt_sub_msg_send
 .text.mqtt_unsub_msg_send
                0x000000002000726c        0xa ../../../netapps/mqtt/gcc/lib/client_server/Release/libmqtt.a(mqtt_client.o)
                0x000000002000726c                mqtt_unsub_msg_send
 *fill*         0x0000000020007276        0x2 
 .text.mqp_setup_proc_ctx_data_recv
                0x0000000020007278      0x450 ../../../netapps/mqtt/gcc/lib/client_server/Release/libmqtt.a(mqtt_client.o)
 .text.cl_ctx_recv
                0x00000000200076c8       0x46 ../../../netapps/mqtt/gcc/lib/client_server/Release/libmqtt.a(mqtt_client.o)
 .text.mqtt_client_ctx_run
                0x000000002000770e       0x1e ../../../netapps/mqtt/gcc/lib/client_server/Release/libmqtt.a(mqtt_client.o)
                0x000000002000770e                mqtt_client_ctx_run
 .text.cl_recv  0x000000002000772c      0x148 ../../../netapps/mqtt/gcc/lib/client_server/Release/libmqtt.a(mqtt_client.o)
 .text.mqtt_client_run
                0x0000000020007874       0x3c ../../../netapps/mqtt/gcc/lib/client_server/Release/libmqtt.a(mqtt_client.o)
                0x0000000020007874                mqtt_client_run
 .text.mqtt_client_pub_msg_send
                0x00000000200078b0       0x98 ../../../netapps/mqtt/gcc/lib/client_server/Release/libmqtt.a(mqtt_client.o)
                0x00000000200078b0                mqtt_client_pub_msg_send
 .text.mqtt_connect_msg_send
                0x0000000020007948      0x25c ../../../netapps/mqtt/gcc/lib/client_server/Release/libmqtt.a(mqtt_client.o)
                0x0000000020007948                mqtt_connect_msg_send
 .text.mqtt_client_buffers_register
                0x0000000020007ba4       0x44 ../../../netapps/mqtt/gcc/lib/client_server/Release/libmqtt.a(mqtt_client.o)
                0x0000000020007ba4                mqtt_client_buffers_register
 .text.mqtt_client_ctx_will_register
                0x0000000020007be8       0x44 ../../../netapps/mqtt/gcc/lib/client_server/Release/libmqtt.a(mqtt_client.o)
                0x0000000020007be8                mqtt_client_ctx_will_register
 .text.mqtt_client_ctx_info_register
                0x0000000020007c2c       0x3a ../../../netapps/mqtt/gcc/lib/client_server/Release/libmqtt.a(mqtt_client.o)
                0x0000000020007c2c                mqtt_client_ctx_info_register
 *fill*         0x0000000020007c66        0x2 
 .text.mqtt_client_net_svc_register
                0x0000000020007c68       0x34 ../../../netapps/mqtt/gcc/lib/client_server/Release/libmqtt.a(mqtt_client.o)
                0x0000000020007c68                mqtt_client_net_svc_register
 .text.mqtt_client_ctx_create
                0x0000000020007c9c       0xc0 ../../../netapps/mqtt/gcc/lib/client_server/Release/libmqtt.a(mqtt_client.o)
                0x0000000020007c9c                mqtt_client_ctx_create
 .text.mqtt_client_ctx_delete
                0x0000000020007d5c       0x64 ../../../netapps/mqtt/gcc/lib/client_server/Release/libmqtt.a(mqtt_client.o)
                0x0000000020007d5c                mqtt_client_ctx_delete
 .text.mqtt_client_lib_init
                0x0000000020007dc0      0x108 ../../../netapps/mqtt/gcc/lib/client_server/Release/libmqtt.a(mqtt_client.o)
                0x0000000020007dc0                mqtt_client_lib_init
 .text.mqtt_client_lib_exit
                0x0000000020007ec8       0x28 ../../../netapps/mqtt/gcc/lib/client_server/Release/libmqtt.a(mqtt_client.o)
                0x0000000020007ec8                mqtt_client_lib_exit
 .text.free_mqp
                0x0000000020007ef0       0x12 ../../../netapps/mqtt/gcc/lib/client_server/Release/libmqtt.a(mqtt_common.o)
 .text.proc_vh_msg_id_rx
                0x0000000020007f02       0x30 ../../../netapps/mqtt/gcc/lib/client_server/Release/libmqtt.a(mqtt_common.o)
 .text.buf_wr_utf8
                0x0000000020007f32       0x26 ../../../netapps/mqtt/gcc/lib/client_server/Release/libmqtt.a(mqtt_common.o)
 .text.buf_tail_wr_remlen
                0x0000000020007f58       0x3a ../../../netapps/mqtt/gcc/lib/client_server/Release/libmqtt.a(mqtt_common.o)
 .text.mqp_free
                0x0000000020007f92        0x4 ../../../netapps/mqtt/gcc/lib/client_server/Release/libmqtt.a(mqtt_common.o)
                0x0000000020007f92                mqp_free
 .text.mqp_reset
                0x0000000020007f96       0x12 ../../../netapps/mqtt/gcc/lib/client_server/Release/libmqtt.a(mqtt_common.o)
                0x0000000020007f96                mqp_reset
 .text.mqp_init
                0x0000000020007fa8       0x1a ../../../netapps/mqtt/gcc/lib/client_server/Release/libmqtt.a(mqtt_common.o)
                0x0000000020007fa8                mqp_init
 .text.mqp_buf_wr_utf8
                0x0000000020007fc2        0x4 ../../../netapps/mqtt/gcc/lib/client_server/Release/libmqtt.a(mqtt_common.o)
                0x0000000020007fc2                mqp_buf_wr_utf8
 .text.mqp_buf_tail_wr_remlen
                0x0000000020007fc6        0x4 ../../../netapps/mqtt/gcc/lib/client_server/Release/libmqtt.a(mqtt_common.o)
                0x0000000020007fc6                mqp_buf_tail_wr_remlen
 .text.mqp_buf_rd_remlen
                0x0000000020007fca       0x34 ../../../netapps/mqtt/gcc/lib/client_server/Release/libmqtt.a(mqtt_common.o)
                0x0000000020007fca                mqp_buf_rd_remlen
 .text.mqp_pub_append_topic
                0x0000000020007ffe       0x64 ../../../netapps/mqtt/gcc/lib/client_server/Release/libmqtt.a(mqtt_common.o)
                0x0000000020007ffe                mqp_pub_append_topic
 .text.mqp_pub_append_data
                0x0000000020008062       0x56 ../../../netapps/mqtt/gcc/lib/client_server/Release/libmqtt.a(mqtt_common.o)
                0x0000000020008062                mqp_pub_append_data
 .text.mqp_proc_msg_id_ack_rx
                0x00000000200080b8       0x1c ../../../netapps/mqtt/gcc/lib/client_server/Release/libmqtt.a(mqtt_common.o)
                0x00000000200080b8                mqp_proc_msg_id_ack_rx
 .text.mqp_proc_pub_rx
                0x00000000200080d4       0x52 ../../../netapps/mqtt/gcc/lib/client_server/Release/libmqtt.a(mqtt_common.o)
                0x00000000200080d4                mqp_proc_pub_rx
 .text.mqp_ack_wlist_append
                0x0000000020008126       0x16 ../../../netapps/mqtt/gcc/lib/client_server/Release/libmqtt.a(mqtt_common.o)
                0x0000000020008126                mqp_ack_wlist_append
 .text.mqp_ack_wlist_remove
                0x000000002000813c       0x32 ../../../netapps/mqtt/gcc/lib/client_server/Release/libmqtt.a(mqtt_common.o)
                0x000000002000813c                mqp_ack_wlist_remove
 .text.mqp_ack_wlist_purge
                0x000000002000816e       0x18 ../../../netapps/mqtt/gcc/lib/client_server/Release/libmqtt.a(mqtt_common.o)
                0x000000002000816e                mqp_ack_wlist_purge
 .text.secure_conn_struct_init
                0x0000000020008186       0x10 ../../../netapps/mqtt/gcc/lib/client_server/Release/libmqtt.a(mqtt_common.o)
                0x0000000020008186                secure_conn_struct_init
 .text.mqp_prep_fh
                0x0000000020008196       0x36 ../../../netapps/mqtt/gcc/lib/client_server/Release/libmqtt.a(mqtt_common.o)
                0x0000000020008196                mqp_prep_fh
 .text.mqp_recv
                0x00000000200081cc       0xfa ../../../netapps/mqtt/gcc/lib/client_server/Release/libmqtt.a(mqtt_common.o)
                0x00000000200081cc                mqp_recv
 .text.qos2_pub_cq_reset
                0x00000000200082c6       0x22 ../../../netapps/mqtt/gcc/lib/client_server/Release/libmqtt.a(mqtt_common.o)
                0x00000000200082c6                qos2_pub_cq_reset
 .text.qos2_pub_cq_logup
                0x00000000200082e8       0x1e ../../../netapps/mqtt/gcc/lib/client_server/Release/libmqtt.a(mqtt_common.o)
                0x00000000200082e8                qos2_pub_cq_logup
 .text.qos2_pub_cq_unlog
                0x0000000020008306       0x2a ../../../netapps/mqtt/gcc/lib/client_server/Release/libmqtt.a(mqtt_common.o)
                0x0000000020008306                qos2_pub_cq_unlog
 .text.qos2_pub_cq_check
                0x0000000020008330       0x30 ../../../netapps/mqtt/gcc/lib/client_server/Release/libmqtt.a(mqtt_common.o)
                0x0000000020008330                qos2_pub_cq_check
 .text.cl_ctx_reset
                0x0000000020008360       0x16 ../../../netapps/mqtt/gcc/lib/client_server/Release/libmqtt.a(mqtt_common.o)
                0x0000000020008360                cl_ctx_reset
 .text.cl_ctx_timeout_insert
                0x0000000020008376       0x2e ../../../netapps/mqtt/gcc/lib/client_server/Release/libmqtt.a(mqtt_common.o)
                0x0000000020008376                cl_ctx_timeout_insert
 .text.cl_ctx_remove
                0x00000000200083a4       0x22 ../../../netapps/mqtt/gcc/lib/client_server/Release/libmqtt.a(mqtt_common.o)
                0x00000000200083a4                cl_ctx_remove
 .text.cl_ctx_timeout_update
                0x00000000200083c6       0x16 ../../../netapps/mqtt/gcc/lib/client_server/Release/libmqtt.a(mqtt_common.o)
                0x00000000200083c6                cl_ctx_timeout_update
 .text.stack_add
                0x00000000200083dc       0x24 ../../../netapps/mqtt/gcc/lib/client_server/Release/libmqtt.a(server_core.o)
 .text.stack_pop
                0x0000000020008400       0x1c ../../../netapps/mqtt/gcc/lib/client_server/Release/libmqtt.a(server_core.o)
 .text.free_node
                0x000000002000841c       0x30 ../../../netapps/mqtt/gcc/lib/client_server/Release/libmqtt.a(server_core.o)
 .text.node_delete
                0x000000002000844c       0x6c ../../../netapps/mqtt/gcc/lib/client_server/Release/libmqtt.a(server_core.o)
 .text.try_node_delete
                0x00000000200084b8       0x2c ../../../netapps/mqtt/gcc/lib/client_server/Release/libmqtt.a(server_core.o)
 .text.proc_forward_slash
                0x00000000200084e4       0x44 ../../../netapps/mqtt/gcc/lib/client_server/Release/libmqtt.a(server_core.o)
 .text.leaf_un_sub
                0x0000000020008528       0x3c ../../../netapps/mqtt/gcc/lib/client_server/Release/libmqtt.a(server_core.o)
 .text.pub_msg_send
                0x0000000020008564       0x6e ../../../netapps/mqtt/gcc/lib/client_server/Release/libmqtt.a(server_core.o)
 .text.proc_pub_leaf
                0x00000000200085d2       0x3c ../../../netapps/mqtt/gcc/lib/client_server/Release/libmqtt.a(server_core.o)
 .text.proc_notify_ack_locked
                0x000000002000860e        0x4 ../../../netapps/mqtt/gcc/lib/client_server/Release/libmqtt.a(server_core.o)
 *fill*         0x0000000020008612        0x2 
 .text.subtop_read
                0x0000000020008614       0x74 ../../../netapps/mqtt/gcc/lib/client_server/Release/libmqtt.a(server_core.o)
 .text.topbuf_add
                0x0000000020008688       0x4c ../../../netapps/mqtt/gcc/lib/client_server/Release/libmqtt.a(server_core.o)
 .text.pub_hier_search
                0x00000000200086d4       0x9c ../../../netapps/mqtt/gcc/lib/client_server/Release/libmqtt.a(server_core.o)
 .text.proc_pub_tree_SUBtop
                0x0000000020008770       0x6c ../../../netapps/mqtt/gcc/lib/client_server/Release/libmqtt.a(server_core.o)
 .text.proc_sub_tree_topPUB
                0x00000000200087dc      0x118 ../../../netapps/mqtt/gcc/lib/client_server/Release/libmqtt.a(server_core.o)
 .text.node_data_update
                0x00000000200088f4       0x86 ../../../netapps/mqtt/gcc/lib/client_server/Release/libmqtt.a(server_core.o)
 *fill*         0x000000002000897a        0x2 
 .text.utf8_str_rd.constprop.12
                0x000000002000897c       0x3c ../../../netapps/mqtt/gcc/lib/client_server/Release/libmqtt.a(server_core.o)
 .text.is_first_subtop
                0x00000000200089b8       0x3c ../../../netapps/mqtt/gcc/lib/client_server/Release/libmqtt.a(server_core.o)
                0x00000000200089b8                is_first_subtop
 .text.subtop_nhbr_node_find
                0x00000000200089f4       0x20 ../../../netapps/mqtt/gcc/lib/client_server/Release/libmqtt.a(server_core.o)
                0x00000000200089f4                subtop_nhbr_node_find
 .text.nhbr_node_find
                0x0000000020008a14       0x14 ../../../netapps/mqtt/gcc/lib/client_server/Release/libmqtt.a(server_core.o)
                0x0000000020008a14                nhbr_node_find
 .text.leaf_node_find
                0x0000000020008a28       0x38 ../../../netapps/mqtt/gcc/lib/client_server/Release/libmqtt.a(server_core.o)
                0x0000000020008a28                leaf_node_find
 .text.proc_topic_cancel_locked
                0x0000000020008a60       0x5c ../../../netapps/mqtt/gcc/lib/client_server/Release/libmqtt.a(server_core.o)
 .text.proc_un_sub_msg_locked
                0x0000000020008abc       0x98 ../../../netapps/mqtt/gcc/lib/client_server/Release/libmqtt.a(server_core.o)
 .text.topic_node_create
                0x0000000020008b54      0x17c ../../../netapps/mqtt/gcc/lib/client_server/Release/libmqtt.a(server_core.o)
                0x0000000020008b54                topic_node_create
 .text._proc_pub_msg_rx
                0x0000000020008cd0      0x120 ../../../netapps/mqtt/gcc/lib/client_server/Release/libmqtt.a(server_core.o)
 .text.proc_app_pub_send_locked
                0x0000000020008df0       0x3a ../../../netapps/mqtt/gcc/lib/client_server/Release/libmqtt.a(server_core.o)
 .text.proc_pub_msg_rx_locked
                0x0000000020008e2a       0x1c ../../../netapps/mqtt/gcc/lib/client_server/Release/libmqtt.a(server_core.o)
 *fill*         0x0000000020008e46        0x2 
 .text.proc_topic_enroll_locked
                0x0000000020008e48       0x74 ../../../netapps/mqtt/gcc/lib/client_server/Release/libmqtt.a(server_core.o)
 .text.SUB_node_create
                0x0000000020008ebc       0x50 ../../../netapps/mqtt/gcc/lib/client_server/Release/libmqtt.a(server_core.o)
 .text.proc_sub_msg_rx_locked
                0x0000000020008f0c      0x3b0 ../../../netapps/mqtt/gcc/lib/client_server/Release/libmqtt.a(server_core.o)
 .text.proc_connect_rx_locked
                0x00000000200092bc       0xcc ../../../netapps/mqtt/gcc/lib/client_server/Release/libmqtt.a(server_core.o)
 .text.session_tree_delete
                0x0000000020009388       0x84 ../../../netapps/mqtt/gcc/lib/client_server/Release/libmqtt.a(server_core.o)
                0x0000000020009388                session_tree_delete
 .text.on_connack_send_locked
                0x000000002000940c       0x18 ../../../netapps/mqtt/gcc/lib/client_server/Release/libmqtt.a(server_core.o)
 .text.on_cl_net_close_locked
                0x0000000020009424       0xc0 ../../../netapps/mqtt/gcc/lib/client_server/Release/libmqtt.a(server_core.o)
 .text.mqtt_server_init
                0x00000000200094e4       0xb4 ../../../netapps/mqtt/gcc/lib/client_server/Release/libmqtt.a(server_core.o)
                0x00000000200094e4                mqtt_server_init
 .text.mqp_buf_rd_utf8
                0x0000000020009598       0x30 ../../../netapps/mqtt/gcc/lib/client_server/Release/libmqtt.a(server_pkts.o)
 .text.mqp_proc_vh_msg_id_rx.constprop.16
                0x00000000200095c8       0x38 ../../../netapps/mqtt/gcc/lib/client_server/Release/libmqtt.a(server_pkts.o)
 .text.loopb_trigger.constprop.19
                0x0000000020009600       0x74 ../../../netapps/mqtt/gcc/lib/client_server/Release/libmqtt.a(server_pkts.o)
 .text.cl_ctx_send
                0x0000000020009674       0x7c ../../../netapps/mqtt/gcc/lib/client_server/Release/libmqtt.a(server_pkts.o)
 .text.vh_msg_send
                0x00000000200096f0       0x48 ../../../netapps/mqtt/gcc/lib/client_server/Release/libmqtt.a(server_pkts.o)
 .text._mqtt_server_pub_dispatch
                0x0000000020009738       0x2c ../../../netapps/mqtt/gcc/lib/client_server/Release/libmqtt.a(server_pkts.o)
 .text.rx_timeout_update
                0x0000000020009764       0x38 ../../../netapps/mqtt/gcc/lib/client_server/Release/libmqtt.a(server_pkts.o)
 .text.do_net_close_rx
                0x000000002000979c       0x68 ../../../netapps/mqtt/gcc/lib/client_server/Release/libmqtt.a(server_pkts.o)
 .text.mqtt_vh_msg_send
                0x0000000020009804       0x18 ../../../netapps/mqtt/gcc/lib/client_server/Release/libmqtt.a(server_pkts.o)
                0x0000000020009804                mqtt_vh_msg_send
 .text.mqtt_server_pub_dispatch
                0x000000002000981c        0x4 ../../../netapps/mqtt/gcc/lib/client_server/Release/libmqtt.a(server_pkts.o)
                0x000000002000981c                mqtt_server_pub_dispatch
 .text.proc_connect_pl_rx
                0x0000000020009820       0x90 ../../../netapps/mqtt/gcc/lib/client_server/Release/libmqtt.a(server_pkts.o)
                0x0000000020009820                proc_connect_pl_rx
 .text.mqtt_server_run
                0x00000000200098b0      0x7c0 ../../../netapps/mqtt/gcc/lib/client_server/Release/libmqtt.a(server_pkts.o)
                0x00000000200098b0                mqtt_server_run
 .text.mqtt_server_register_net_svc
                0x000000002000a070       0x2c ../../../netapps/mqtt/gcc/lib/client_server/Release/libmqtt.a(server_pkts.o)
                0x000000002000a070                mqtt_server_register_net_svc
 .text.mqtt_server_lib_init
                0x000000002000a09c      0x108 ../../../netapps/mqtt/gcc/lib/client_server/Release/libmqtt.a(server_pkts.o)
                0x000000002000a09c                mqtt_server_lib_init
 .text.plugin_connect
                0x000000002000a1a4       0x20 ../../../netapps/mqtt/gcc/lib/client_server/Release/libmqtt.a(server_plug.o)
                0x000000002000a1a4                plugin_connect
 .text.plugin_publish
                0x000000002000a1c4       0x88 ../../../netapps/mqtt/gcc/lib/client_server/Release/libmqtt.a(server_plug.o)
                0x000000002000a1c4                plugin_publish
 .text.plugin_disconn
                0x000000002000a24c       0x14 ../../../netapps/mqtt/gcc/lib/client_server/Release/libmqtt.a(server_plug.o)
                0x000000002000a24c                plugin_disconn
 .text.mqtt_server_topic_enroll
                0x000000002000a260       0x18 ../../../netapps/mqtt/gcc/lib/client_server/Release/libmqtt.a(server_plug.o)
                0x000000002000a260                mqtt_server_topic_enroll
 .text.mqtt_server_app_pub_send
                0x000000002000a278       0x18 ../../../netapps/mqtt/gcc/lib/client_server/Release/libmqtt.a(server_plug.o)
                0x000000002000a278                mqtt_server_app_pub_send
 .text.mqtt_server_app_register
                0x000000002000a290       0xc4 ../../../netapps/mqtt/gcc/lib/client_server/Release/libmqtt.a(server_plug.o)
                0x000000002000a290                mqtt_server_app_register
 .text.plugin_init
                0x000000002000a354       0x88 ../../../netapps/mqtt/gcc/lib/client_server/Release/libmqtt.a(server_plug.o)
                0x000000002000a354                plugin_init
 .text.server_mqp_alloc
                0x000000002000a3dc       0x60 ../../../netapps/mqtt/gcc/lib/client_server/Release/libmqtt.a(server_util.o)
 .text.my_pkt_free
                0x000000002000a43c        0x4 ../../../netapps/mqtt/gcc/lib/client_server/Release/libmqtt.a(server_util.o)
 .text.mqp_new_id_server
                0x000000002000a440       0x10 ../../../netapps/mqtt/gcc/lib/client_server/Release/libmqtt.a(server_util.o)
                0x000000002000a440                mqp_new_id_server
 .text.mqp_server_alloc
                0x000000002000a450        0x6 ../../../netapps/mqtt/gcc/lib/client_server/Release/libmqtt.a(server_util.o)
                0x000000002000a450                mqp_server_alloc
 .text.mqp_server_copy
                0x000000002000a456       0x42 ../../../netapps/mqtt/gcc/lib/client_server/Release/libmqtt.a(server_util.o)
                0x000000002000a456                mqp_server_copy
 .text.util_mutex_lockin
                0x000000002000a498       0x18 ../../../netapps/mqtt/gcc/lib/client_server/Release/libmqtt.a(server_util.o)
                0x000000002000a498                util_mutex_lockin
 .text.util_mutex_unlock
                0x000000002000a4b0       0x18 ../../../netapps/mqtt/gcc/lib/client_server/Release/libmqtt.a(server_util.o)
                0x000000002000a4b0                util_mutex_unlock
 .text.util_params_set
                0x000000002000a4c8       0x24 ../../../netapps/mqtt/gcc/lib/client_server/Release/libmqtt.a(server_util.o)
                0x000000002000a4c8                util_params_set
 .text.wl_remove
                0x000000002000a4ec       0x1a ../../../netapps/mqtt/gcc/lib/client_server/Release/libmqtt.a(client_mgmt.o)
 *fill*         0x000000002000a506        0x2 
 .text.has_session_data
                0x000000002000a508       0x3c ../../../netapps/mqtt/gcc/lib/client_server/Release/libmqtt.a(client_mgmt.o)
 .text.cl_usr_free
                0x000000002000a544       0x2a ../../../netapps/mqtt/gcc/lib/client_server/Release/libmqtt.a(client_mgmt.o)
 .text.wl_qos2_mqp_count.isra.6
                0x000000002000a56e       0x24 ../../../netapps/mqtt/gcc/lib/client_server/Release/libmqtt.a(client_mgmt.o)
 *fill*         0x000000002000a592        0x2 
 .text.pub_dispatch
                0x000000002000a594      0x11c ../../../netapps/mqtt/gcc/lib/client_server/Release/libmqtt.a(client_mgmt.o)
 .text.wl_purge.isra.9
                0x000000002000a6b0       0x3c ../../../netapps/mqtt/gcc/lib/client_server/Release/libmqtt.a(client_mgmt.o)
 .text.session_delete
                0x000000002000a6ec       0x30 ../../../netapps/mqtt/gcc/lib/client_server/Release/libmqtt.a(client_mgmt.o)
 .text.cl_sub_count_add
                0x000000002000a71c       0x24 ../../../netapps/mqtt/gcc/lib/client_server/Release/libmqtt.a(client_mgmt.o)
                0x000000002000a71c                cl_sub_count_add
 .text.cl_sub_count_del
                0x000000002000a740       0x24 ../../../netapps/mqtt/gcc/lib/client_server/Release/libmqtt.a(client_mgmt.o)
                0x000000002000a740                cl_sub_count_del
 .text.cl_mgmt_qos2_pub_rx_update
                0x000000002000a764       0x2c ../../../netapps/mqtt/gcc/lib/client_server/Release/libmqtt.a(client_mgmt.o)
                0x000000002000a764                cl_mgmt_qos2_pub_rx_update
 .text.cl_bmap_get
                0x000000002000a790       0x18 ../../../netapps/mqtt/gcc/lib/client_server/Release/libmqtt.a(client_mgmt.o)
                0x000000002000a790                cl_bmap_get
 .text.cl_app_hndl_get
                0x000000002000a7a8       0x12 ../../../netapps/mqtt/gcc/lib/client_server/Release/libmqtt.a(client_mgmt.o)
                0x000000002000a7a8                cl_app_hndl_get
 .text.cl_will_hndl_get
                0x000000002000a7ba       0x12 ../../../netapps/mqtt/gcc/lib/client_server/Release/libmqtt.a(client_mgmt.o)
                0x000000002000a7ba                cl_will_hndl_get
 .text.cl_pub_dispatch
                0x000000002000a7cc        0x4 ../../../netapps/mqtt/gcc/lib/client_server/Release/libmqtt.a(client_mgmt.o)
                0x000000002000a7cc                cl_pub_dispatch
 .text.cl_can_session_delete
                0x000000002000a7d0       0x20 ../../../netapps/mqtt/gcc/lib/client_server/Release/libmqtt.a(client_mgmt.o)
                0x000000002000a7d0                cl_can_session_delete
 .text.cl_on_net_close
                0x000000002000a7f0       0x36 ../../../netapps/mqtt/gcc/lib/client_server/Release/libmqtt.a(client_mgmt.o)
                0x000000002000a7f0                cl_on_net_close
 *fill*         0x000000002000a826        0x2 
 .text.cl_notify_ack
                0x000000002000a828       0xf0 ../../../netapps/mqtt/gcc/lib/client_server/Release/libmqtt.a(client_mgmt.o)
                0x000000002000a828                cl_notify_ack
 .text.cl_connect_rx
                0x000000002000a918      0x114 ../../../netapps/mqtt/gcc/lib/client_server/Release/libmqtt.a(client_mgmt.o)
                0x000000002000a918                cl_connect_rx
 .text.cl_on_connack_send
                0x000000002000aa2c      0x120 ../../../netapps/mqtt/gcc/lib/client_server/Release/libmqtt.a(client_mgmt.o)
                0x000000002000aa2c                cl_on_connack_send
 .text.cl_mgmt_init
                0x000000002000ab4c       0x44 ../../../netapps/mqtt/gcc/lib/client_server/Release/libmqtt.a(client_mgmt.o)
                0x000000002000ab4c                cl_mgmt_init
 .text.sl_Start
                0x000000002000ab90       0xcc ../../../simplelink/gcc/lib/os/Release/libsimplelink.a(device.o)
                0x000000002000ab90                sl_Start
 .text._sl_HandleAsync_InitComplete
                0x000000002000ac5c       0x6c ../../../simplelink/gcc/lib/os/Release/libsimplelink.a(device.o)
                0x000000002000ac5c                _sl_HandleAsync_InitComplete
 .text._sl_HandleAsync_Stop
                0x000000002000acc8       0x38 ../../../simplelink/gcc/lib/os/Release/libsimplelink.a(device.o)
                0x000000002000acc8                _sl_HandleAsync_Stop
 .text.sl_Stop  0x000000002000ad00       0xa0 ../../../simplelink/gcc/lib/os/Release/libsimplelink.a(device.o)
                0x000000002000ad00                sl_Stop
 .text.sl_DevGet
                0x000000002000ada0       0x8c ../../../simplelink/gcc/lib/os/Release/libsimplelink.a(device.o)
                0x000000002000ada0                sl_DevGet
 .text._SlDrvDeviceEventHandler
                0x000000002000ae2c       0x66 ../../../simplelink/gcc/lib/os/Release/libsimplelink.a(device.o)
                0x000000002000ae2c                _SlDrvDeviceEventHandler
 *fill*         0x000000002000ae92        0x2 
 .text._SlAsyncEventGenericHandler
                0x000000002000ae94       0x54 ../../../simplelink/gcc/lib/os/Release/libsimplelink.a(driver.o)
 .text._SlRemoveFromList
                0x000000002000aee8       0x44 ../../../simplelink/gcc/lib/os/Release/libsimplelink.a(driver.o)
 .text._SlFindAndSetActiveObj
                0x000000002000af2c       0x94 ../../../simplelink/gcc/lib/os/Release/libsimplelink.a(driver.o)
 .text._SlDrvObjGlobalLockWaitForever
                0x000000002000afc0       0x2c ../../../simplelink/gcc/lib/os/Release/libsimplelink.a(driver.o)
 .text._SlDrvMsgWrite
                0x000000002000afec      0x108 ../../../simplelink/gcc/lib/os/Release/libsimplelink.a(driver.o)
 .text._SlDrvDriverCBDeinit
                0x000000002000b0f4       0xa0 ../../../simplelink/gcc/lib/os/Release/libsimplelink.a(driver.o)
                0x000000002000b0f4                _SlDrvDriverCBDeinit
 .text._SlDrvRxIrqHandler
                0x000000002000b194       0x44 ../../../simplelink/gcc/lib/os/Release/libsimplelink.a(driver.o)
                0x000000002000b194                _SlDrvRxIrqHandler
 .text._SlDrvCmdSend
                0x000000002000b1d8       0x74 ../../../simplelink/gcc/lib/os/Release/libsimplelink.a(driver.o)
                0x000000002000b1d8                _SlDrvCmdSend
 .text._SlDrvDispatchHttpServerEvents
                0x000000002000b24c        0x4 ../../../simplelink/gcc/lib/os/Release/libsimplelink.a(driver.o)
                0x000000002000b24c                _SlDrvDispatchHttpServerEvents
 .text._SlDrvSyncObjSignal
                0x000000002000b250        0x8 ../../../simplelink/gcc/lib/os/Release/libsimplelink.a(driver.o)
                0x000000002000b250                _SlDrvSyncObjSignal
 .text._SlDrvObjLockWaitForever
                0x000000002000b258        0xc ../../../simplelink/gcc/lib/os/Release/libsimplelink.a(driver.o)
                0x000000002000b258                _SlDrvObjLockWaitForever
 .text._SlDrvProtectionObjLockWaitForever
                0x000000002000b264       0x18 ../../../simplelink/gcc/lib/os/Release/libsimplelink.a(driver.o)
                0x000000002000b264                _SlDrvProtectionObjLockWaitForever
 .text._SlDrvObjUnLock
                0x000000002000b27c        0x8 ../../../simplelink/gcc/lib/os/Release/libsimplelink.a(driver.o)
                0x000000002000b27c                _SlDrvObjUnLock
 .text._SlDrvProtectionObjUnLock
                0x000000002000b284       0x14 ../../../simplelink/gcc/lib/os/Release/libsimplelink.a(driver.o)
                0x000000002000b284                _SlDrvProtectionObjUnLock
 .text._SlDrvReleasePoolObj
                0x000000002000b298       0xc0 ../../../simplelink/gcc/lib/os/Release/libsimplelink.a(driver.o)
                0x000000002000b298                _SlDrvReleasePoolObj
 .text._SlDrvGlobalObjUnLock
                0x000000002000b358       0x14 ../../../simplelink/gcc/lib/os/Release/libsimplelink.a(driver.o)
                0x000000002000b358                _SlDrvGlobalObjUnLock
 .text._SlDrvMemZero
                0x000000002000b36c        0x8 ../../../simplelink/gcc/lib/os/Release/libsimplelink.a(driver.o)
                0x000000002000b36c                _SlDrvMemZero
 .text._SlDrvDriverCBInit
                0x000000002000b374       0xe0 ../../../simplelink/gcc/lib/os/Release/libsimplelink.a(driver.o)
                0x000000002000b374                _SlDrvDriverCBInit
 .text._SlDrvResetCmdExt
                0x000000002000b454        0x6 ../../../simplelink/gcc/lib/os/Release/libsimplelink.a(driver.o)
                0x000000002000b454                _SlDrvResetCmdExt
 *fill*         0x000000002000b45a        0x2 
 .text._SlDrvSyncObjWaitForever
                0x000000002000b45c       0x20 ../../../simplelink/gcc/lib/os/Release/libsimplelink.a(driver.o)
                0x000000002000b45c                _SlDrvSyncObjWaitForever
 .text._SlDrvDataWriteOp
                0x000000002000b47c       0xe0 ../../../simplelink/gcc/lib/os/Release/libsimplelink.a(driver.o)
                0x000000002000b47c                _SlDrvDataWriteOp
 .text._SlDrvWaitForPoolObj
                0x000000002000b55c       0xc8 ../../../simplelink/gcc/lib/os/Release/libsimplelink.a(driver.o)
                0x000000002000b55c                _SlDrvWaitForPoolObj
 .text._SlDrvProtectAsyncRespSetting
                0x000000002000b624       0x30 ../../../simplelink/gcc/lib/os/Release/libsimplelink.a(driver.o)
                0x000000002000b624                _SlDrvProtectAsyncRespSetting
 .text._SlDriverHandleError
                0x000000002000b654       0x68 ../../../simplelink/gcc/lib/os/Release/libsimplelink.a(driver.o)
                0x000000002000b654                _SlDriverHandleError
 .text._SlDrvSyncObjWaitTimeout
                0x000000002000b6bc       0x34 ../../../simplelink/gcc/lib/os/Release/libsimplelink.a(driver.o)
                0x000000002000b6bc                _SlDrvSyncObjWaitTimeout
 .text._SlDrvDataReadOp
                0x000000002000b6f0      0x128 ../../../simplelink/gcc/lib/os/Release/libsimplelink.a(driver.o)
                0x000000002000b6f0                _SlDrvDataReadOp
 .text._SlDrvIsTimeoutExpired
                0x000000002000b818       0x48 ../../../simplelink/gcc/lib/os/Release/libsimplelink.a(driver.o)
                0x000000002000b818                _SlDrvIsTimeoutExpired
 .text._SlDrvMsgRead
                0x000000002000b860      0x520 ../../../simplelink/gcc/lib/os/Release/libsimplelink.a(driver.o)
 .text._SlDrvCmdOp
                0x000000002000bd80      0x158 ../../../simplelink/gcc/lib/os/Release/libsimplelink.a(driver.o)
                0x000000002000bd80                _SlDrvCmdOp
 .text._SlDrvBasicCmd
                0x000000002000bed8       0x32 ../../../simplelink/gcc/lib/os/Release/libsimplelink.a(driver.o)
                0x000000002000bed8                _SlDrvBasicCmd
 *fill*         0x000000002000bf0a        0x2 
 .text._SlDrvMsgReadSpawnCtx
                0x000000002000bf0c       0x78 ../../../simplelink/gcc/lib/os/Release/libsimplelink.a(driver.o)
                0x000000002000bf0c                _SlDrvMsgReadSpawnCtx
 .text.sl_NetAppMDNSRegisterUnregisterService
                0x000000002000bf84       0x98 ../../../simplelink/gcc/lib/os/Release/libsimplelink.a(netapp.o)
                0x000000002000bf84                sl_NetAppMDNSRegisterUnregisterService
 .text.sl_NetAppMDNSUnRegisterService
                0x000000002000c01c       0x38 ../../../simplelink/gcc/lib/os/Release/libsimplelink.a(netapp.o)
                0x000000002000c01c                sl_NetAppMDNSUnRegisterService
 .text._sl_HandleAsync_DnsGetHostByService
                0x000000002000c054       0x5c ../../../simplelink/gcc/lib/os/Release/libsimplelink.a(netapp.o)
                0x000000002000c054                _sl_HandleAsync_DnsGetHostByService
 .text.sl_NetAppDnsGetHostByName
                0x000000002000c0b0       0xcc ../../../simplelink/gcc/lib/os/Release/libsimplelink.a(netapp.o)
                0x000000002000c0b0                sl_NetAppDnsGetHostByName
 .text._sl_HandleAsync_DnsGetHostByName
                0x000000002000c17c       0x5c ../../../simplelink/gcc/lib/os/Release/libsimplelink.a(netapp.o)
                0x000000002000c17c                _sl_HandleAsync_DnsGetHostByName
 .text._sl_HandleAsync_PingResponse
                0x000000002000c1d8       0x7c ../../../simplelink/gcc/lib/os/Release/libsimplelink.a(netapp.o)
                0x000000002000c1d8                _sl_HandleAsync_PingResponse
 .text._sl_NetAppSendTokenValue
                0x000000002000c254       0x50 ../../../simplelink/gcc/lib/os/Release/libsimplelink.a(netapp.o)
                0x000000002000c254                _sl_NetAppSendTokenValue
 .text._SlDrvNetAppEventHandler
                0x000000002000c2a4       0xdc ../../../simplelink/gcc/lib/os/Release/libsimplelink.a(netapp.o)
                0x000000002000c2a4                _SlDrvNetAppEventHandler
 .text.sl_NetCfgSet
                0x000000002000c380       0x64 ../../../simplelink/gcc/lib/os/Release/libsimplelink.a(netcfg.o)
                0x000000002000c380                sl_NetCfgSet
 .text.sl_NetCfgGet
                0x000000002000c3e4       0x94 ../../../simplelink/gcc/lib/os/Release/libsimplelink.a(netcfg.o)
                0x000000002000c3e4                sl_NetCfgGet
 .text._sl_BuildAddress
                0x000000002000c478       0x28 ../../../simplelink/gcc/lib/os/Release/libsimplelink.a(socket.o)
 .text.sl_Socket
                0x000000002000c4a0       0x50 ../../../simplelink/gcc/lib/os/Release/libsimplelink.a(socket.o)
                0x000000002000c4a0                sl_Socket
 .text.sl_Close
                0x000000002000c4f0       0x40 ../../../simplelink/gcc/lib/os/Release/libsimplelink.a(socket.o)
                0x000000002000c4f0                sl_Close
 .text.sl_Bind  0x000000002000c530       0x80 ../../../simplelink/gcc/lib/os/Release/libsimplelink.a(socket.o)
                0x000000002000c530                sl_Bind
 .text.sl_SendTo
                0x000000002000c5b0       0xe8 ../../../simplelink/gcc/lib/os/Release/libsimplelink.a(socket.o)
                0x000000002000c5b0                sl_SendTo
 .text.sl_RecvFrom
                0x000000002000c698       0xc8 ../../../simplelink/gcc/lib/os/Release/libsimplelink.a(socket.o)
                0x000000002000c698                sl_RecvFrom
 .text.sl_Connect
                0x000000002000c760       0xf8 ../../../simplelink/gcc/lib/os/Release/libsimplelink.a(socket.o)
                0x000000002000c760                sl_Connect
 .text._sl_HandleAsync_Connect
                0x000000002000c858       0x54 ../../../simplelink/gcc/lib/os/Release/libsimplelink.a(socket.o)
                0x000000002000c858                _sl_HandleAsync_Connect
 .text.sl_Send  0x000000002000c8ac       0xd8 ../../../simplelink/gcc/lib/os/Release/libsimplelink.a(socket.o)
                0x000000002000c8ac                sl_Send
 .text.sl_Listen
                0x000000002000c984       0x44 ../../../simplelink/gcc/lib/os/Release/libsimplelink.a(socket.o)
                0x000000002000c984                sl_Listen
 .text.sl_Accept
                0x000000002000c9c8      0x114 ../../../simplelink/gcc/lib/os/Release/libsimplelink.a(socket.o)
                0x000000002000c9c8                sl_Accept
 .text.sl_Htonl
                0x000000002000cadc       0x22 ../../../simplelink/gcc/lib/os/Release/libsimplelink.a(socket.o)
                0x000000002000cadc                sl_Htonl
 .text.sl_Htons
                0x000000002000cafe       0x14 ../../../simplelink/gcc/lib/os/Release/libsimplelink.a(socket.o)
                0x000000002000cafe                sl_Htons
 *fill*         0x000000002000cb12        0x2 
 .text._sl_HandleAsync_Accept
                0x000000002000cb14       0x54 ../../../simplelink/gcc/lib/os/Release/libsimplelink.a(socket.o)
                0x000000002000cb14                _sl_HandleAsync_Accept
 .text._sl_HandleAsync_Select
                0x000000002000cb68       0x40 ../../../simplelink/gcc/lib/os/Release/libsimplelink.a(socket.o)
                0x000000002000cb68                _sl_HandleAsync_Select
 .text.sl_Recv  0x000000002000cba8       0x64 ../../../simplelink/gcc/lib/os/Release/libsimplelink.a(socket.o)
                0x000000002000cba8                sl_Recv
 .text.sl_SetSockOpt
                0x000000002000cc0c       0x6c ../../../simplelink/gcc/lib/os/Release/libsimplelink.a(socket.o)
                0x000000002000cc0c                sl_SetSockOpt
 .text.sl_Select
                0x000000002000cc78       0xf4 ../../../simplelink/gcc/lib/os/Release/libsimplelink.a(socket.o)
                0x000000002000cc78                sl_Select
 .text.SL_FD_SET
                0x000000002000cd6c       0x12 ../../../simplelink/gcc/lib/os/Release/libsimplelink.a(socket.o)
                0x000000002000cd6c                SL_FD_SET
 .text.SL_FD_ISSET
                0x000000002000cd7e       0x16 ../../../simplelink/gcc/lib/os/Release/libsimplelink.a(socket.o)
                0x000000002000cd7e                SL_FD_ISSET
 .text.SL_FD_ZERO
                0x000000002000cd94        0x6 ../../../simplelink/gcc/lib/os/Release/libsimplelink.a(socket.o)
                0x000000002000cd94                SL_FD_ZERO
 *fill*         0x000000002000cd9a        0x2 
 .text.sl_WlanConnect
                0x000000002000cd9c      0x1c0 ../../../simplelink/gcc/lib/os/Release/libsimplelink.a(wlan.o)
                0x000000002000cd9c                sl_WlanConnect
 .text.sl_WlanDisconnect
                0x000000002000cf5c       0x28 ../../../simplelink/gcc/lib/os/Release/libsimplelink.a(wlan.o)
                0x000000002000cf5c                sl_WlanDisconnect
 .text.sl_WlanPolicySet
                0x000000002000cf84       0x5c ../../../simplelink/gcc/lib/os/Release/libsimplelink.a(wlan.o)
                0x000000002000cf84                sl_WlanPolicySet
 .text.sl_WlanProfileDel
                0x000000002000cfe0       0x40 ../../../simplelink/gcc/lib/os/Release/libsimplelink.a(wlan.o)
                0x000000002000cfe0                sl_WlanProfileDel
 .text.sl_WlanRxFilterSet
                0x000000002000d020       0x58 ../../../simplelink/gcc/lib/os/Release/libsimplelink.a(wlan.o)
                0x000000002000d020                sl_WlanRxFilterSet
 .text.sl_WlanSetMode
                0x000000002000d078       0x40 ../../../simplelink/gcc/lib/os/Release/libsimplelink.a(wlan.o)
                0x000000002000d078                sl_WlanSetMode
 .text.sl_WlanSet
                0x000000002000d0b8       0x64 ../../../simplelink/gcc/lib/os/Release/libsimplelink.a(wlan.o)
                0x000000002000d0b8                sl_WlanSet
 .text.DmaSpiSwIntHandler
                0x000000002000d11c       0x38 ../../../simplelink/gcc/lib/os/Release/libsimplelink.a(cc_pal.o)
                0x000000002000d11c                DmaSpiSwIntHandler
 .text.cc_UDMAChannelSelect.part.0
                0x000000002000d154       0x1c ../../../simplelink/gcc/lib/os/Release/libsimplelink.a(cc_pal.o)
 .text.cc_SetupTransfer.constprop.1
                0x000000002000d170       0x48 ../../../simplelink/gcc/lib/os/Release/libsimplelink.a(cc_pal.o)
 .text.SetupDMAReceive
                0x000000002000d1b8       0x5c ../../../simplelink/gcc/lib/os/Release/libsimplelink.a(cc_pal.o)
 .text.spi_Open
                0x000000002000d214      0x13c ../../../simplelink/gcc/lib/os/Release/libsimplelink.a(cc_pal.o)
                0x000000002000d214                spi_Open
 .text.spi_Close
                0x000000002000d350       0x84 ../../../simplelink/gcc/lib/os/Release/libsimplelink.a(cc_pal.o)
                0x000000002000d350                spi_Close
 .text.spi_Read
                0x000000002000d3d4      0x100 ../../../simplelink/gcc/lib/os/Release/libsimplelink.a(cc_pal.o)
                0x000000002000d3d4                spi_Read
 .text.spi_Write
                0x000000002000d4d4       0xec ../../../simplelink/gcc/lib/os/Release/libsimplelink.a(cc_pal.o)
                0x000000002000d4d4                spi_Write
 .text.NwpRegisterInterruptHandler
                0x000000002000d5c0       0x28 ../../../simplelink/gcc/lib/os/Release/libsimplelink.a(cc_pal.o)
                0x000000002000d5c0                NwpRegisterInterruptHandler
 .text.NwpMaskInterrupt
                0x000000002000d5e8        0xc ../../../simplelink/gcc/lib/os/Release/libsimplelink.a(cc_pal.o)
                0x000000002000d5e8                NwpMaskInterrupt
 .text.NwpUnMaskInterrupt
                0x000000002000d5f4        0xc ../../../simplelink/gcc/lib/os/Release/libsimplelink.a(cc_pal.o)
                0x000000002000d5f4                NwpUnMaskInterrupt
 .text.NwpPowerOn
                0x000000002000d600       0x38 ../../../simplelink/gcc/lib/os/Release/libsimplelink.a(cc_pal.o)
                0x000000002000d600                NwpPowerOn
 .text.NwpPowerOff
                0x000000002000d638       0x3c ../../../simplelink/gcc/lib/os/Release/libsimplelink.a(cc_pal.o)
                0x000000002000d638                NwpPowerOff
 .text.NwpPowerOnPreamble
                0x000000002000d674       0x60 ../../../simplelink/gcc/lib/os/Release/libsimplelink.a(cc_pal.o)
                0x000000002000d674                NwpPowerOnPreamble
 .text.NwpPrePowerOffTimout0
                0x000000002000d6d4       0x20 ../../../simplelink/gcc/lib/os/Release/libsimplelink.a(cc_pal.o)
                0x000000002000d6d4                NwpPrePowerOffTimout0
 .text.simplelink_timerA2_start
                0x000000002000d6f4       0x4c ../../../simplelink/gcc/lib/os/Release/libsimplelink.a(cc_pal.o)
                0x000000002000d6f4                simplelink_timerA2_start
 .text.TimerGetCurrentTimestamp
                0x000000002000d740       0x24 ../../../simplelink/gcc/lib/os/Release/libsimplelink.a(cc_pal.o)
                0x000000002000d740                TimerGetCurrentTimestamp
 .text.vSimpleLinkSpawnTask
                0x000000002000d764       0x24 ../../../oslib/gcc/free_rtos/Release/free_rtos.a(osi_freertos.o)
 .text.osi_InterruptRegister
                0x000000002000d788       0x24 ../../../oslib/gcc/free_rtos/Release/free_rtos.a(osi_freertos.o)
                0x000000002000d788                osi_InterruptRegister
 .text.osi_InterruptDeRegister
                0x000000002000d7ac       0x18 ../../../oslib/gcc/free_rtos/Release/free_rtos.a(osi_freertos.o)
                0x000000002000d7ac                osi_InterruptDeRegister
 .text.osi_SyncObjCreate
                0x000000002000d7c4       0x22 ../../../oslib/gcc/free_rtos/Release/free_rtos.a(osi_freertos.o)
                0x000000002000d7c4                osi_SyncObjCreate
 .text.osi_SyncObjSignal
                0x000000002000d7e6       0x1a ../../../oslib/gcc/free_rtos/Release/free_rtos.a(osi_freertos.o)
                0x000000002000d7e6                osi_SyncObjSignal
 .text.osi_SyncObjSignalFromISR
                0x000000002000d800       0x30 ../../../oslib/gcc/free_rtos/Release/free_rtos.a(osi_freertos.o)
                0x000000002000d800                osi_SyncObjSignalFromISR
 .text.osi_LockObjCreate
                0x000000002000d830       0x18 ../../../oslib/gcc/free_rtos/Release/free_rtos.a(osi_freertos.o)
                0x000000002000d830                osi_LockObjCreate
 .text.osi_TaskCreate
                0x000000002000d848       0x24 ../../../oslib/gcc/free_rtos/Release/free_rtos.a(osi_freertos.o)
                0x000000002000d848                osi_TaskCreate
 .text.osi_TaskDelete
                0x000000002000d86c        0x6 ../../../oslib/gcc/free_rtos/Release/free_rtos.a(osi_freertos.o)
                0x000000002000d86c                osi_TaskDelete
 .text.osi_LockObjDelete
                0x000000002000d872        0xc ../../../oslib/gcc/free_rtos/Release/free_rtos.a(osi_freertos.o)
                0x000000002000d872                osi_LockObjDelete
 .text.osi_LockObjLock
                0x000000002000d87e       0x20 ../../../oslib/gcc/free_rtos/Release/free_rtos.a(osi_freertos.o)
                0x000000002000d87e                osi_LockObjLock
 .text.osi_SyncObjWait
                0x000000002000d89e        0x4 ../../../oslib/gcc/free_rtos/Release/free_rtos.a(osi_freertos.o)
                0x000000002000d89e                osi_SyncObjWait
 .text.osi_LockObjUnlock
                0x000000002000d8a2       0x20 ../../../oslib/gcc/free_rtos/Release/free_rtos.a(osi_freertos.o)
                0x000000002000d8a2                osi_LockObjUnlock
 *fill*         0x000000002000d8c2        0x2 
 .text.osi_Spawn
                0x000000002000d8c4       0x3c ../../../oslib/gcc/free_rtos/Release/free_rtos.a(osi_freertos.o)
                0x000000002000d8c4                osi_Spawn
 .text.VStartSimpleLinkSpawnTask
                0x000000002000d900       0x50 ../../../oslib/gcc/free_rtos/Release/free_rtos.a(osi_freertos.o)
                0x000000002000d900                VStartSimpleLinkSpawnTask
 .text.osi_MsgQCreate
                0x000000002000d950       0x22 ../../../oslib/gcc/free_rtos/Release/free_rtos.a(osi_freertos.o)
                0x000000002000d950                osi_MsgQCreate
 .text.osi_MsgQDelete
                0x000000002000d972       0x14 ../../../oslib/gcc/free_rtos/Release/free_rtos.a(osi_freertos.o)
                0x000000002000d972                osi_MsgQDelete
 .text.osi_SyncObjDelete
                0x000000002000d986        0x4 ../../../oslib/gcc/free_rtos/Release/free_rtos.a(osi_freertos.o)
                0x000000002000d986                osi_SyncObjDelete
 *fill*         0x000000002000d98a        0x2 
 .text.osi_MsgQWrite
                0x000000002000d98c       0x28 ../../../oslib/gcc/free_rtos/Release/free_rtos.a(osi_freertos.o)
                0x000000002000d98c                osi_MsgQWrite
 .text.osi_MsgQRead
                0x000000002000d9b4       0x1c ../../../oslib/gcc/free_rtos/Release/free_rtos.a(osi_freertos.o)
                0x000000002000d9b4                osi_MsgQRead
 .text.osi_EnterCritical
                0x000000002000d9d0        0xa ../../../oslib/gcc/free_rtos/Release/free_rtos.a(osi_freertos.o)
                0x000000002000d9d0                osi_EnterCritical
 .text.osi_ExitCritical
                0x000000002000d9da        0x4 ../../../oslib/gcc/free_rtos/Release/free_rtos.a(osi_freertos.o)
                0x000000002000d9da                osi_ExitCritical
 .text.osi_start
                0x000000002000d9de        0x4 ../../../oslib/gcc/free_rtos/Release/free_rtos.a(osi_freertos.o)
                0x000000002000d9de                osi_start
 .text.osi_Sleep
                0x000000002000d9e2        0x4 ../../../oslib/gcc/free_rtos/Release/free_rtos.a(osi_freertos.o)
                0x000000002000d9e2                osi_Sleep
 .text.prvCopyDataToQueue
                0x000000002000d9e6       0x6a ../../../oslib/gcc/free_rtos/Release/free_rtos.a(queue.o)
 .text.prvNotifyQueueSetContainer
                0x000000002000da50       0x68 ../../../oslib/gcc/free_rtos/Release/free_rtos.a(queue.o)
 .text.prvCopyDataFromQueue
                0x000000002000dab8       0x26 ../../../oslib/gcc/free_rtos/Release/free_rtos.a(queue.o)
 .text.prvUnlockQueue
                0x000000002000dade       0x7c ../../../oslib/gcc/free_rtos/Release/free_rtos.a(queue.o)
 *fill*         0x000000002000db5a        0x2 
 .text.xQueueGenericReset
                0x000000002000db5c       0x6c ../../../oslib/gcc/free_rtos/Release/free_rtos.a(queue.o)
                0x000000002000db5c                xQueueGenericReset
 .text.xQueueGenericCreate
                0x000000002000dbc8       0x60 ../../../oslib/gcc/free_rtos/Release/free_rtos.a(queue.o)
                0x000000002000dbc8                xQueueGenericCreate
 .text.xQueueGenericSend
                0x000000002000dc28      0x144 ../../../oslib/gcc/free_rtos/Release/free_rtos.a(queue.o)
                0x000000002000dc28                xQueueGenericSend
 .text.xQueueCreateMutex
                0x000000002000dd6c       0x5c ../../../oslib/gcc/free_rtos/Release/free_rtos.a(queue.o)
                0x000000002000dd6c                xQueueCreateMutex
 .text.xQueueGenericSendFromISR
                0x000000002000ddc8       0xb4 ../../../oslib/gcc/free_rtos/Release/free_rtos.a(queue.o)
                0x000000002000ddc8                xQueueGenericSendFromISR
 .text.xQueueGiveFromISR
                0x000000002000de7c       0x98 ../../../oslib/gcc/free_rtos/Release/free_rtos.a(queue.o)
                0x000000002000de7c                xQueueGiveFromISR
 .text.xQueueGenericReceive
                0x000000002000df14      0x14c ../../../oslib/gcc/free_rtos/Release/free_rtos.a(queue.o)
                0x000000002000df14                xQueueGenericReceive
 .text.vQueueAddToRegistry
                0x000000002000e060       0x28 ../../../oslib/gcc/free_rtos/Release/free_rtos.a(queue.o)
                0x000000002000e060                vQueueAddToRegistry
 .text.vQueueUnregisterQueue
                0x000000002000e088       0x24 ../../../oslib/gcc/free_rtos/Release/free_rtos.a(queue.o)
                0x000000002000e088                vQueueUnregisterQueue
 .text.vQueueDelete
                0x000000002000e0ac       0x24 ../../../oslib/gcc/free_rtos/Release/free_rtos.a(queue.o)
                0x000000002000e0ac                vQueueDelete
 .text.vQueueWaitForMessageRestricted
                0x000000002000e0d0       0x3a ../../../oslib/gcc/free_rtos/Release/free_rtos.a(queue.o)
                0x000000002000e0d0                vQueueWaitForMessageRestricted
 *fill*         0x000000002000e10a        0x2 
 .text.prvResetNextTaskUnblockTime
                0x000000002000e10c       0x24 ../../../oslib/gcc/free_rtos/Release/free_rtos.a(tasks.o)
 .text.prvAddCurrentTaskToDelayedList
                0x000000002000e130       0x50 ../../../oslib/gcc/free_rtos/Release/free_rtos.a(tasks.o)
 .text.xTaskGenericCreate
                0x000000002000e180      0x1d4 ../../../oslib/gcc/free_rtos/Release/free_rtos.a(tasks.o)
                0x000000002000e180                xTaskGenericCreate
 .text.vTaskDelete
                0x000000002000e354       0xb8 ../../../oslib/gcc/free_rtos/Release/free_rtos.a(tasks.o)
                0x000000002000e354                vTaskDelete
 .text.vTaskStartScheduler
                0x000000002000e40c       0x70 ../../../oslib/gcc/free_rtos/Release/free_rtos.a(tasks.o)
                0x000000002000e40c                vTaskStartScheduler
 .text.vTaskSuspendAll
                0x000000002000e47c       0x10 ../../../oslib/gcc/free_rtos/Release/free_rtos.a(tasks.o)
                0x000000002000e47c                vTaskSuspendAll
 .text.xTaskGetTickCount
                0x000000002000e48c        0xc ../../../oslib/gcc/free_rtos/Release/free_rtos.a(tasks.o)
                0x000000002000e48c                xTaskGetTickCount
 .text.xTaskIncrementTick
                0x000000002000e498      0x104 ../../../oslib/gcc/free_rtos/Release/free_rtos.a(tasks.o)
                0x000000002000e498                xTaskIncrementTick
 .text.xTaskResumeAll
                0x000000002000e59c       0xd8 ../../../oslib/gcc/free_rtos/Release/free_rtos.a(tasks.o)
                0x000000002000e59c                xTaskResumeAll
 .text.vTaskDelay
                0x000000002000e674       0x6c ../../../oslib/gcc/free_rtos/Release/free_rtos.a(tasks.o)
                0x000000002000e674                vTaskDelay
 .text.prvIdleTask
                0x000000002000e6e0       0x5c ../../../oslib/gcc/free_rtos/Release/free_rtos.a(tasks.o)
 .text.vTaskSwitchContext
                0x000000002000e73c       0xa8 ../../../oslib/gcc/free_rtos/Release/free_rtos.a(tasks.o)
                0x000000002000e73c                vTaskSwitchContext
 .text.vTaskPlaceOnEventList
                0x000000002000e7e4       0x70 ../../../oslib/gcc/free_rtos/Release/free_rtos.a(tasks.o)
                0x000000002000e7e4                vTaskPlaceOnEventList
 .text.vTaskPlaceOnEventListRestricted
                0x000000002000e854       0x58 ../../../oslib/gcc/free_rtos/Release/free_rtos.a(tasks.o)
                0x000000002000e854                vTaskPlaceOnEventListRestricted
 .text.xTaskRemoveFromEventList
                0x000000002000e8ac       0x80 ../../../oslib/gcc/free_rtos/Release/free_rtos.a(tasks.o)
                0x000000002000e8ac                xTaskRemoveFromEventList
 .text.vTaskSetTimeOutState
                0x000000002000e92c       0x2c ../../../oslib/gcc/free_rtos/Release/free_rtos.a(tasks.o)
                0x000000002000e92c                vTaskSetTimeOutState
 .text.xTaskCheckForTimeOut
                0x000000002000e958       0x68 ../../../oslib/gcc/free_rtos/Release/free_rtos.a(tasks.o)
                0x000000002000e958                xTaskCheckForTimeOut
 .text.vTaskMissedYield
                0x000000002000e9c0        0xc ../../../oslib/gcc/free_rtos/Release/free_rtos.a(tasks.o)
                0x000000002000e9c0                vTaskMissedYield
 .text.xTaskGetSchedulerState
                0x000000002000e9cc       0x20 ../../../oslib/gcc/free_rtos/Release/free_rtos.a(tasks.o)
                0x000000002000e9cc                xTaskGetSchedulerState
 .text.vTaskPriorityInherit
                0x000000002000e9ec       0x8c ../../../oslib/gcc/free_rtos/Release/free_rtos.a(tasks.o)
                0x000000002000e9ec                vTaskPriorityInherit
 .text.xTaskPriorityDisinherit
                0x000000002000ea78       0x98 ../../../oslib/gcc/free_rtos/Release/free_rtos.a(tasks.o)
                0x000000002000ea78                xTaskPriorityDisinherit
 .text.pvTaskIncrementMutexHeldCount
                0x000000002000eb10       0x18 ../../../oslib/gcc/free_rtos/Release/free_rtos.a(tasks.o)
                0x000000002000eb10                pvTaskIncrementMutexHeldCount
 .text.prvPortStartFirstTask
                0x000000002000eb28       0x20 ../../../oslib/gcc/free_rtos/Release/free_rtos.a(port.o)
 .text.pxPortInitialiseStack
                0x000000002000eb48       0x1c ../../../oslib/gcc/free_rtos/Release/free_rtos.a(port.o)
                0x000000002000eb48                pxPortInitialiseStack
 .text.vPortSVCHandler
                0x000000002000eb64       0x24 ../../../oslib/gcc/free_rtos/Release/free_rtos.a(port.o)
                0x000000002000eb64                vPortSVCHandler
 .text.vPortYield
                0x000000002000eb88       0x18 ../../../oslib/gcc/free_rtos/Release/free_rtos.a(port.o)
                0x000000002000eb88                vPortYield
 .text.ulPortSetInterruptMask
                0x000000002000eba0       0x10 ../../../oslib/gcc/free_rtos/Release/free_rtos.a(port.o)
                0x000000002000eba0                ulPortSetInterruptMask
 .text.prvTaskExitError
                0x000000002000ebb0       0x20 ../../../oslib/gcc/free_rtos/Release/free_rtos.a(port.o)
 .text.vPortEnterCritical
                0x000000002000ebd0       0x40 ../../../oslib/gcc/free_rtos/Release/free_rtos.a(port.o)
                0x000000002000ebd0                vPortEnterCritical
 .text.vPortClearInterruptMask
                0x000000002000ec10        0x6 ../../../oslib/gcc/free_rtos/Release/free_rtos.a(port.o)
                0x000000002000ec10                vPortClearInterruptMask
 *fill*         0x000000002000ec16        0x2 
 .text.vPortExitCritical
                0x000000002000ec18       0x2c ../../../oslib/gcc/free_rtos/Release/free_rtos.a(port.o)
                0x000000002000ec18                vPortExitCritical
 .text.xPortPendSVHandler
                0x000000002000ec44       0x44 ../../../oslib/gcc/free_rtos/Release/free_rtos.a(port.o)
                0x000000002000ec44                xPortPendSVHandler
 .text.xPortSysTickHandler
                0x000000002000ec88       0x24 ../../../oslib/gcc/free_rtos/Release/free_rtos.a(port.o)
                0x000000002000ec88                xPortSysTickHandler
 .text.vPortSetupTimerInterrupt
                0x000000002000ecac       0x18 ../../../oslib/gcc/free_rtos/Release/free_rtos.a(port.o)
                0x000000002000ecac                vPortSetupTimerInterrupt
 .text.xPortStartScheduler
                0x000000002000ecc4       0x98 ../../../oslib/gcc/free_rtos/Release/free_rtos.a(port.o)
                0x000000002000ecc4                xPortStartScheduler
 .text.vPortValidateInterruptPriority
                0x000000002000ed5c       0x54 ../../../oslib/gcc/free_rtos/Release/free_rtos.a(port.o)
                0x000000002000ed5c                vPortValidateInterruptPriority
 .text.prvCheckForValidListAndQueue
                0x000000002000edb0       0x6c ../../../oslib/gcc/free_rtos/Release/free_rtos.a(timers.o)
 .text.prvInsertTimerInActiveList
                0x000000002000ee1c       0x3c ../../../oslib/gcc/free_rtos/Release/free_rtos.a(timers.o)
 .text.xTimerCreateTimerTask
                0x000000002000ee58       0x50 ../../../oslib/gcc/free_rtos/Release/free_rtos.a(timers.o)
                0x000000002000ee58                xTimerCreateTimerTask
 .text.xTimerGenericCommand
                0x000000002000eea8       0x44 ../../../oslib/gcc/free_rtos/Release/free_rtos.a(timers.o)
                0x000000002000eea8                xTimerGenericCommand
 .text.prvSwitchTimerLists
                0x000000002000eeec       0x7c ../../../oslib/gcc/free_rtos/Release/free_rtos.a(timers.o)
 .text.prvTimerTask
                0x000000002000ef68      0x190 ../../../oslib/gcc/free_rtos/Release/free_rtos.a(timers.o)
 .text.pvPortMalloc
                0x000000002000f0f8       0x1e ../../../oslib/gcc/free_rtos/Release/free_rtos.a(heap_3.o)
                0x000000002000f0f8                pvPortMalloc
 .text.vPortFree
                0x000000002000f116       0x1a ../../../oslib/gcc/free_rtos/Release/free_rtos.a(heap_3.o)
                0x000000002000f116                vPortFree
 .text.vListInitialise
                0x000000002000f130       0x16 ../../../oslib/gcc/free_rtos/Release/free_rtos.a(list.o)
                0x000000002000f130                vListInitialise
 .text.vListInitialiseItem
                0x000000002000f146        0x6 ../../../oslib/gcc/free_rtos/Release/free_rtos.a(list.o)
                0x000000002000f146                vListInitialiseItem
 .text.vListInsertEnd
                0x000000002000f14c       0x18 ../../../oslib/gcc/free_rtos/Release/free_rtos.a(list.o)
                0x000000002000f14c                vListInsertEnd
 .text.vListInsert
                0x000000002000f164       0x30 ../../../oslib/gcc/free_rtos/Release/free_rtos.a(list.o)
                0x000000002000f164                vListInsert
 .text.uxListRemove
                0x000000002000f194       0x20 ../../../oslib/gcc/free_rtos/Release/free_rtos.a(list.o)
                0x000000002000f194                uxListRemove
 .text.GPIOIntStatus
                0x000000002000f1b4        0xe ../../../driverlib/gcc/lib/Release/libdriver.a(gpio.o)
                0x000000002000f1b4                GPIOIntStatus
 .text.IntMasterEnable
                0x000000002000f1c2        0xa ../../../driverlib/gcc/lib/Release/libdriver.a(interrupt.o)
                0x000000002000f1c2                IntMasterEnable
 .text.IntVTableBaseSet
                0x000000002000f1cc        0xc ../../../driverlib/gcc/lib/Release/libdriver.a(interrupt.o)
                0x000000002000f1cc                IntVTableBaseSet
 .text.IntEnable
                0x000000002000f1d8       0x68 ../../../driverlib/gcc/lib/Release/libdriver.a(interrupt.o)
                0x000000002000f1d8                IntEnable
 .text.IntDisable
                0x000000002000f240       0x68 ../../../driverlib/gcc/lib/Release/libdriver.a(interrupt.o)
                0x000000002000f240                IntDisable
 .text.IsRTCUsed
                0x000000002000f2a8       0x18 ../../../driverlib/gcc/lib/Release/libdriver.a(prcm.o)
 .text.PRCMSysResetCauseGet
                0x000000002000f2c0       0x2c ../../../driverlib/gcc/lib/Release/libdriver.a(prcm.o)
                0x000000002000f2c0                PRCMSysResetCauseGet
 .text.PRCMPeripheralClkEnable
                0x000000002000f2ec       0x2c ../../../driverlib/gcc/lib/Release/libdriver.a(prcm.o)
                0x000000002000f2ec                PRCMPeripheralClkEnable
 .text.PRCMPeripheralClkDisable
                0x000000002000f318       0x1c ../../../driverlib/gcc/lib/Release/libdriver.a(prcm.o)
                0x000000002000f318                PRCMPeripheralClkDisable
 .text.PRCMPeripheralReset
                0x000000002000f334       0x40 ../../../driverlib/gcc/lib/Release/libdriver.a(prcm.o)
                0x000000002000f334                PRCMPeripheralReset
 .text.PRCMPeripheralStatusGet
                0x000000002000f374       0x1c ../../../driverlib/gcc/lib/Release/libdriver.a(prcm.o)
                0x000000002000f374                PRCMPeripheralStatusGet
 .text.PRCMSlowClkCtrGet
                0x000000002000f390       0x40 ../../../driverlib/gcc/lib/Release/libdriver.a(prcm.o)
                0x000000002000f390                PRCMSlowClkCtrGet
 .text.PRCMRTCInUseSet
                0x000000002000f3d0       0x20 ../../../driverlib/gcc/lib/Release/libdriver.a(prcm.o)
                0x000000002000f3d0                PRCMRTCInUseSet
 .text.PRCMRTCGet
                0x000000002000f3f0       0x64 ../../../driverlib/gcc/lib/Release/libdriver.a(prcm.o)
                0x000000002000f3f0                PRCMRTCGet
 .text.PRCMCC3200MCUInit
                0x000000002000f454      0x150 ../../../driverlib/gcc/lib/Release/libdriver.a(prcm.o)
                0x000000002000f454                PRCMCC3200MCUInit
 .text.SPIConfigSetExpClk
                0x000000002000f5a4       0x5a ../../../driverlib/gcc/lib/Release/libdriver.a(spi.o)
                0x000000002000f5a4                SPIConfigSetExpClk
 .text.SPIFIFODisable
                0x000000002000f5fe        0xe ../../../driverlib/gcc/lib/Release/libdriver.a(spi.o)
                0x000000002000f5fe                SPIFIFODisable
 .text.SPIDmaDisable
                0x000000002000f60c        0x4 ../../../driverlib/gcc/lib/Release/libdriver.a(spi.o)
                0x000000002000f60c                SPIDmaDisable
 .text.TimerConfigure
                0x000000002000f610       0x28 ../../../driverlib/gcc/lib/Release/libdriver.a(timer.o)
                0x000000002000f610                TimerConfigure
 .text.TimerIntStatus
                0x000000002000f638        0xa ../../../driverlib/gcc/lib/Release/libdriver.a(timer.o)
                0x000000002000f638                TimerIntStatus
 .text.TimerIntClear
                0x000000002000f642        0x4 ../../../driverlib/gcc/lib/Release/libdriver.a(timer.o)
                0x000000002000f642                TimerIntClear
 .text.UtilsDelay
                0x000000002000f646        0x8 ../../../driverlib/gcc/lib/Release/libdriver.a(utils.o)
                0x000000002000f646                UtilsDelay
 .text.CPUcpsie
                0x000000002000f64e       0x10 ../../../driverlib/gcc/lib/Release/libdriver.a(cpu.o)
                0x000000002000f64e                CPUcpsie
 .text.atoi     0x000000002000f65e        0x8 /usr/lib/gcc/arm-none-eabi/5.2.0/../../../../arm-none-eabi/lib/armv7e-m/libc_nano.a(lib_a-atoi.o)
                0x000000002000f65e                atoi
 *fill*         0x000000002000f666        0x2 
 .text.malloc   0x000000002000f668       0x10 /usr/lib/gcc/arm-none-eabi/5.2.0/../../../../arm-none-eabi/lib/armv7e-m/libc_nano.a(lib_a-malloc.o)
                0x000000002000f668                malloc
 .text.free     0x000000002000f678       0x10 /usr/lib/gcc/arm-none-eabi/5.2.0/../../../../arm-none-eabi/lib/armv7e-m/libc_nano.a(lib_a-malloc.o)
                0x000000002000f678                free
 .text.memcmp   0x000000002000f688       0x1e /usr/lib/gcc/arm-none-eabi/5.2.0/../../../../arm-none-eabi/lib/armv7e-m/libc_nano.a(lib_a-memcmp.o)
                0x000000002000f688                memcmp
 .text.memcpy   0x000000002000f6a6       0x16 /usr/lib/gcc/arm-none-eabi/5.2.0/../../../../arm-none-eabi/lib/armv7e-m/libc_nano.a(lib_a-memcpy.o)
                0x000000002000f6a6                memcpy
 .text.memmove  0x000000002000f6bc       0x36 /usr/lib/gcc/arm-none-eabi/5.2.0/../../../../arm-none-eabi/lib/armv7e-m/libc_nano.a(lib_a-memmove.o)
                0x000000002000f6bc                memmove
 .text.memset   0x000000002000f6f2       0x10 /usr/lib/gcc/arm-none-eabi/5.2.0/../../../../arm-none-eabi/lib/armv7e-m/libc_nano.a(lib_a-memset.o)
                0x000000002000f6f2                memset
 *fill*         0x000000002000f702        0x2 
 .text._free_r  0x000000002000f704       0x8c /usr/lib/gcc/arm-none-eabi/5.2.0/../../../../arm-none-eabi/lib/armv7e-m/libc_nano.a(lib_a-nano-freer.o)
                0x000000002000f704                _free_r
 .text._malloc_r
                0x000000002000f790       0xa8 /usr/lib/gcc/arm-none-eabi/5.2.0/../../../../arm-none-eabi/lib/armv7e-m/libc_nano.a(lib_a-nano-mallocr.o)
                0x000000002000f790                _malloc_r
 .text.realloc  0x000000002000f838       0x10 /usr/lib/gcc/arm-none-eabi/5.2.0/../../../../arm-none-eabi/lib/armv7e-m/libc_nano.a(lib_a-realloc.o)
                0x000000002000f838                realloc
 .text._sbrk_r  0x000000002000f848       0x20 /usr/lib/gcc/arm-none-eabi/5.2.0/../../../../arm-none-eabi/lib/armv7e-m/libc_nano.a(lib_a-sbrkr.o)
                0x000000002000f848                _sbrk_r
 .text          0x000000002000f868       0x14 /usr/lib/gcc/arm-none-eabi/5.2.0/../../../../arm-none-eabi/lib/armv7e-m/libc_nano.a(lib_a-strcmp.o)
                0x000000002000f868                strcmp
 .text.strcpy   0x000000002000f87c       0x10 /usr/lib/gcc/arm-none-eabi/5.2.0/../../../../arm-none-eabi/lib/armv7e-m/libc_nano.a(lib_a-strcpy.o)
                0x000000002000f87c                strcpy
 .text.strlen   0x000000002000f88c       0x10 /usr/lib/gcc/arm-none-eabi/5.2.0/../../../../arm-none-eabi/lib/armv7e-m/libc_nano.a(lib_a-strlen.o)
                0x000000002000f88c                strlen
 .text.strncmp  0x000000002000f89c       0x2a /usr/lib/gcc/arm-none-eabi/5.2.0/../../../../arm-none-eabi/lib/armv7e-m/libc_nano.a(lib_a-strncmp.o)
                0x000000002000f89c                strncmp
 .text.strncpy  0x000000002000f8c6       0x26 /usr/lib/gcc/arm-none-eabi/5.2.0/../../../../arm-none-eabi/lib/armv7e-m/libc_nano.a(lib_a-strncpy.o)
                0x000000002000f8c6                strncpy
 .text.strtok   0x000000002000f8ec       0x64 /usr/lib/gcc/arm-none-eabi/5.2.0/../../../../arm-none-eabi/lib/armv7e-m/libc_nano.a(lib_a-strtok.o)
                0x000000002000f8ec                strtok
 .text.__strtok_r
                0x000000002000f950       0x56 /usr/lib/gcc/arm-none-eabi/5.2.0/../../../../arm-none-eabi/lib/armv7e-m/libc_nano.a(lib_a-strtok_r.o)
                0x000000002000f950                __strtok_r
 *fill*         0x000000002000f9a6        0x2 
 .text._strtol_r
                0x000000002000f9a8      0x10c /usr/lib/gcc/arm-none-eabi/5.2.0/../../../../arm-none-eabi/lib/armv7e-m/libc_nano.a(lib_a-strtol.o)
                0x000000002000f9a8                _strtol_r
 .text.strtol   0x000000002000fab4       0x14 /usr/lib/gcc/arm-none-eabi/5.2.0/../../../../arm-none-eabi/lib/armv7e-m/libc_nano.a(lib_a-strtol.o)
                0x000000002000fab4                strtol
 .text._vsnprintf_r
                0x000000002000fac8       0x56 /usr/lib/gcc/arm-none-eabi/5.2.0/../../../../arm-none-eabi/lib/armv7e-m/libc_nano.a(lib_a-vsnprintf.o)
                0x000000002000fac8                _vsnprintf_r
                0x000000002000fac8                _vsniprintf_r
 *fill*         0x000000002000fb1e        0x2 
 .text.vsnprintf
                0x000000002000fb20       0x1c /usr/lib/gcc/arm-none-eabi/5.2.0/../../../../arm-none-eabi/lib/armv7e-m/libc_nano.a(lib_a-vsnprintf.o)
                0x000000002000fb20                vsnprintf
                0x000000002000fb20                vsniprintf
 .text._realloc_r
                0x000000002000fb3c       0x4c /usr/lib/gcc/arm-none-eabi/5.2.0/../../../../arm-none-eabi/lib/armv7e-m/libc_nano.a(lib_a-nano-reallocr.o)
                0x000000002000fb3c                _realloc_r
 .text.__ssputs_r
                0x000000002000fb88       0xb2 /usr/lib/gcc/arm-none-eabi/5.2.0/../../../../arm-none-eabi/lib/armv7e-m/libc_nano.a(lib_a-nano-svfprintf.o)
                0x000000002000fb88                __ssputs_r
 *fill*         0x000000002000fc3a        0x2 
 .text._svfprintf_r
                0x000000002000fc3c      0x1e8 /usr/lib/gcc/arm-none-eabi/5.2.0/../../../../arm-none-eabi/lib/armv7e-m/libc_nano.a(lib_a-nano-svfprintf.o)
                0x000000002000fc3c                _svfprintf_r
                0x000000002000fc3c                _svfiprintf_r
 .text._printf_common
                0x000000002000fe24       0xec /usr/lib/gcc/arm-none-eabi/5.2.0/../../../../arm-none-eabi/lib/armv7e-m/libc_nano.a(lib_a-nano-vfprintf_i.o)
                0x000000002000fe24                _printf_common
 .text._printf_i
                0x000000002000ff10      0x24c /usr/lib/gcc/arm-none-eabi/5.2.0/../../../../arm-none-eabi/lib/armv7e-m/libc_nano.a(lib_a-nano-vfprintf_i.o)
                0x000000002000ff10                _printf_i
 .text.memchr   0x000000002001015c       0x1e /usr/lib/gcc/arm-none-eabi/5.2.0/../../../../arm-none-eabi/lib/armv7e-m/libc_nano.a(lib_a-memchr.o)
                0x000000002001015c                memchr
 .text._malloc_usable_size_r
                0x000000002001017a       0x14 /usr/lib/gcc/arm-none-eabi/5.2.0/../../../../arm-none-eabi/lib/armv7e-m/libc_nano.a(lib_a-nano-msizer.o)
                0x000000002001017a                _malloc_usable_size_r
 *(.rodata*)
 .rodata.str1.1
                0x000000002001018e      0x331 obj/Release/main.o
                                        0x332 (size before relaxing)
 .rodata.__FUNCTION__.7330
                0x00000000200104bf        0x5 obj/Release/main.o
 .rodata.str1.1
                0x00000000200104c4      0x117 obj/Release/server_client_cbs.o
                                        0x139 (size before relaxing)
 .rodata.str1.1
                0x00000000200105db       0x24 obj/Release/uart_if.o
                                         0x27 (size before relaxing)
 .rodata.__FUNCTION__.5920
                0x00000000200105ff       0x22 obj/Release/network_if.o
 .rodata.__FUNCTION__.5983
                0x0000000020010621       0x17 obj/Release/network_if.o
 .rodata.str1.1
                0x0000000020010638      0x689 obj/Release/network_if.o
                                        0x6b7 (size before relaxing)
 .rodata.__FUNCTION__.5933
                0x0000000020010cc1       0x16 obj/Release/network_if.o
 .rodata.__FUNCTION__.5953
                0x0000000020010cd7       0x15 obj/Release/network_if.o
 .rodata        0x0000000020010cec        0x3 ../../../netapps/mqtt/gcc/lib/client_server/Release/libmqtt.a(sl_mqtt_client.o)
 .rodata.str1.1
                0x0000000020010cef       0x22 ../../../netapps/mqtt/gcc/lib/client_server/Release/libmqtt.a(sl_mqtt_client.o)
 .rodata.qos    0x0000000020010d11        0x3 ../../../netapps/mqtt/gcc/lib/client_server/Release/libmqtt.a(sl_mqtt_client.o)
 .rodata.str1.1
                0x0000000020010d14       0x13 ../../../netapps/mqtt/gcc/lib/client_server/Release/libmqtt.a(sl_mqtt_server.o)
 .rodata.str1.1
                0x0000000020010d27        0x2 ../../../netapps/mqtt/gcc/lib/client_server/Release/libmqtt.a(cc32xx_sl_net.o)
 .rodata        0x0000000020010d29        0x9 ../../../netapps/mqtt/gcc/lib/client_server/Release/libmqtt.a(mqtt_client.o)
 .rodata.str1.1