Archive member included to satisfy reference by file (symbol)

../../../simplelink/gcc/lib/os_PM/Debug/libsimplelink.a(device.o)
                              obj/Debug/network_if.o (sl_Start)
../../../simplelink/gcc/lib/os_PM/Debug/libsimplelink.a(driver.o)
                              ../../../simplelink/gcc/lib/os_PM/Debug/libsimplelink.a(device.o) (g_SlDeviceStatus)
../../../simplelink/gcc/lib/os_PM/Debug/libsimplelink.a(netapp.o)
                              obj/Debug/network_if.o (sl_NetAppMDNSUnRegisterService)
../../../simplelink/gcc/lib/os_PM/Debug/libsimplelink.a(netcfg.o)
                              obj/Debug/network_if.o (sl_NetCfgSet)
../../../simplelink/gcc/lib/os_PM/Debug/libsimplelink.a(socket.o)
                              obj/Debug/main.o (sl_Socket)
../../../simplelink/gcc/lib/os_PM/Debug/libsimplelink.a(wlan.o)
                              obj/Debug/network_if.o (sl_WlanConnect)
../../../simplelink/gcc/lib/os_PM/Debug/libsimplelink.a(cc_pal_pm.o)
                              ../../../simplelink/gcc/lib/os_PM/Debug/libsimplelink.a(device.o) (spi_Open)
../../../middleware/gcc/lib/Debug/middleware.a(spi_drv.o)
                              ../../../simplelink/gcc/lib/os_PM/Debug/libsimplelink.a(cc_pal_pm.o) (spi_open)
../../../middleware/gcc/lib/Debug/middleware.a(cc_pm.o)
                              ../../../middleware/gcc/lib/Debug/middleware.a(spi_drv.o) (cc_module_drv_register)
../../../middleware/gcc/lib/Debug/middleware.a(dma_hal.o)
                              ../../../middleware/gcc/lib/Debug/middleware.a(spi_drv.o) (cc_dma_alloc)
../../../middleware/gcc/lib/Debug/middleware.a(interrupt_hal.o)
                              ../../../middleware/gcc/lib/Debug/middleware.a(spi_drv.o) (register_isr)
../../../middleware/gcc/lib/Debug/middleware.a(spi_hal.o)
                              ../../../middleware/gcc/lib/Debug/middleware.a(spi_drv.o) (cc_spi_init)
../../../oslib/gcc/free_rtos/Debug/free_rtos.a(osi_freertos.o)
                              obj/Debug/timer_if.o (osi_InterruptRegister)
../../../oslib/gcc/free_rtos/Debug/free_rtos.a(queue.o)
                              ../../../oslib/gcc/free_rtos/Debug/free_rtos.a(osi_freertos.o) (xQueueGenericCreate)
../../../oslib/gcc/free_rtos/Debug/free_rtos.a(tasks.o)
                              ../../../oslib/gcc/free_rtos/Debug/free_rtos.a(osi_freertos.o) (xTaskGenericCreate)
../../../oslib/gcc/free_rtos/Debug/free_rtos.a(port.o)
                              ../../../oslib/gcc/free_rtos/Debug/free_rtos.a(tasks.o) (pxPortInitialiseStack)
../../../oslib/gcc/free_rtos/Debug/free_rtos.a(timers.o)
                              ../../../oslib/gcc/free_rtos/Debug/free_rtos.a(tasks.o) (xTimerCreateTimerTask)
../../../oslib/gcc/free_rtos/Debug/free_rtos.a(heap_3.o)
                              ../../../oslib/gcc/free_rtos/Debug/free_rtos.a(osi_freertos.o) (pvPortMalloc)
../../../oslib/gcc/free_rtos/Debug/free_rtos.a(list.o)
                              ../../../oslib/gcc/free_rtos/Debug/free_rtos.a(queue.o) (vListInitialise)
../../../driverlib/gcc/lib/Debug/libdriver.a(gpio.o)
                              obj/Debug/pinmux.o (GPIODirModeSet)
../../../driverlib/gcc/lib/Debug/libdriver.a(hwspinlock.o)
                              obj/Debug/utils_if.o (HwSpinLockTryAcquire)
../../../driverlib/gcc/lib/Debug/libdriver.a(interrupt.o)
                              obj/Debug/main.o (IntMasterEnable)
../../../driverlib/gcc/lib/Debug/libdriver.a(pin.o)
                              obj/Debug/pinmux.o (PinTypeUART)
../../../driverlib/gcc/lib/Debug/libdriver.a(prcm.o)
                              obj/Debug/main.o (PRCMSysResetCauseGet)
../../../driverlib/gcc/lib/Debug/libdriver.a(spi.o)
                              obj/Debug/utils_if.o (SPIEnable)
../../../driverlib/gcc/lib/Debug/libdriver.a(timer.o)
                              obj/Debug/timer_if.o (TimerEnable)
../../../driverlib/gcc/lib/Debug/libdriver.a(uart.o)
                              obj/Debug/uart_if.o (UARTConfigSetExpClk)
../../../driverlib/gcc/lib/Debug/libdriver.a(udma.o)
                              ../../../middleware/gcc/lib/Debug/middleware.a(dma_hal.o) (uDMAEnable)
../../../driverlib/gcc/lib/Debug/libdriver.a(utils.o)
                              obj/Debug/main.o (UtilsDelay)
../../../driverlib/gcc/lib/Debug/libdriver.a(cpu.o)
                              ../../../driverlib/gcc/lib/Debug/libdriver.a(interrupt.o) (CPUcpsid)
../../../driverlib/gcc/lib/Debug/libdriver.a(flash.o)
                              ../../../driverlib/gcc/lib/Debug/libdriver.a(prcm.o) (FlashDisable)
/usr/lib/gcc/arm-none-eabi/5.2.0/../../../../arm-none-eabi/lib/armv7e-m/libc_nano.a(lib_a-malloc.o)
                              obj/Debug/uart_if.o (malloc)
/usr/lib/gcc/arm-none-eabi/5.2.0/../../../../arm-none-eabi/lib/armv7e-m/libc_nano.a(lib_a-memcmp.o)
                              ../../../oslib/gcc/free_rtos/Debug/free_rtos.a(tasks.o) (memcmp)
[...]
Memory Configuration

Name             Origin             Length             Attributes
SRAM             0x0000000020000000 0x0000000000040000 xrw
*default*        0x0000000000000000 0xffffffffffffffff

Linker script and memory map

                0x0000000000004000                BOOTLOADER_SIZE = 0x4000

.bootloader     0x0000000020000000     0x4000
                0x0000000020000000                _heap2 = .
                0x0000000020004000                . = (. + BOOTLOADER_SIZE)
 *fill*         0x0000000020000000     0x4000 
                0x0000000020004000                . = ALIGN (0x8)
                0x0000000020004000                _eheap2 = .

.text           0x0000000020004000     0xb770
                0x0000000020004000                _text = .
 *(.intvecs)
 .intvecs       0x0000000020004000      0x400 obj/Debug/startup_gcc.o
                0x0000000020004000                g_pfnVectors
 *(.text*)
 .text.TimerPeriodicIntHandler
                0x0000000020004400       0x50 obj/Debug/main.o
                0x0000000020004400                TimerPeriodicIntHandler
 .text.LedTimerConfigNStart
                0x0000000020004450       0x38 obj/Debug/main.o
                0x0000000020004450                LedTimerConfigNStart
 .text.LedTimerDeinitStop
                0x0000000020004488       0x1c obj/Debug/main.o
                0x0000000020004488                LedTimerDeinitStop
 .text.DisplayBanner
                0x00000000200044a4       0x3c obj/Debug/main.o
 .text.HIBUDPBroadcastTask
                0x00000000200044e0      0x1a4 obj/Debug/main.o
                0x00000000200044e0                HIBUDPBroadcastTask
 .text.EnterHIBernate
                0x0000000020004684       0x38 obj/Debug/main.o
                0x0000000020004684                EnterHIBernate
 .text.BoardInit
                0x00000000200046bc       0x24 obj/Debug/main.o
 .text.main     0x00000000200046e0       0x88 obj/Debug/main.o
                0x00000000200046e0                main
 .text.PinMuxConfig
                0x0000000020004768       0x40 obj/Debug/pinmux.o
                0x0000000020004768                PinMuxConfig
 .text.InitTerm
                0x00000000200047a8       0x2c obj/Debug/uart_if.o
                0x00000000200047a8                InitTerm
 .text.Message  0x00000000200047d4       0x34 obj/Debug/uart_if.o
                0x00000000200047d4                Message
 .text.GetCmd   0x0000000020004808       0xc4 obj/Debug/uart_if.o
                0x0000000020004808                GetCmd
 .text.TrimSpace
                0x00000000200048cc       0x90 obj/Debug/uart_if.o
                0x00000000200048cc                TrimSpace
 .text.Report   0x000000002000495c       0x98 obj/Debug/uart_if.o
                0x000000002000495c                Report
 .text.GetPeripheralIntNum
                0x00000000200049f4       0xa4 obj/Debug/timer_if.o
 .text.Timer_IF_Init
                0x0000000020004a98       0x38 obj/Debug/timer_if.o
                0x0000000020004a98                Timer_IF_Init
 .text.Timer_IF_IntSetup
                0x0000000020004ad0       0x8c obj/Debug/timer_if.o
                0x0000000020004ad0                Timer_IF_IntSetup
 .text.Timer_IF_Start
                0x0000000020004b5c       0x34 obj/Debug/timer_if.o
                0x0000000020004b5c                Timer_IF_Start
 .text.Timer_IF_Stop
                0x0000000020004b90       0x1c obj/Debug/timer_if.o
                0x0000000020004b90                Timer_IF_Stop
 .text.Timer_IF_DeInit
                0x0000000020004bac       0x24 obj/Debug/timer_if.o
                0x0000000020004bac                Timer_IF_DeInit
 .text.GPIO_IF_LedConfigure
                0x0000000020004bd0       0x68 obj/Debug/gpio_if.o
                0x0000000020004bd0                GPIO_IF_LedConfigure
 .text.GPIO_IF_LedOn
                0x0000000020004c38       0xd4 obj/Debug/gpio_if.o
                0x0000000020004c38                GPIO_IF_LedOn
 .text.GPIO_IF_LedOff
                0x0000000020004d0c       0xd4 obj/Debug/gpio_if.o
                0x0000000020004d0c                GPIO_IF_LedOff
 .text.GPIO_IF_GetPortNPin
                0x0000000020004de0       0x48 obj/Debug/gpio_if.o
                0x0000000020004de0                GPIO_IF_GetPortNPin
 .text.GPIO_IF_Set
                0x0000000020004e28       0x3c obj/Debug/gpio_if.o
                0x0000000020004e28                GPIO_IF_Set
 .text.Utils_SpiFlashDeepPowerDown
                0x0000000020004e64       0xd0 obj/Debug/utils_if.o
                0x0000000020004e64                Utils_SpiFlashDeepPowerDown
 .text.vAssertCalled
                0x0000000020004f34        0xc obj/Debug/network_if.o
                0x0000000020004f34                vAssertCalled
 .text.vApplicationIdleHook
                0x0000000020004f40        0xc obj/Debug/network_if.o
                0x0000000020004f40                vApplicationIdleHook
 .text.vApplicationMallocFailedHook
                0x0000000020004f4c        0x8 obj/Debug/network_if.o
                0x0000000020004f4c                vApplicationMallocFailedHook
 .text.vApplicationStackOverflowHook
                0x0000000020004f54        0xc obj/Debug/network_if.o
                0x0000000020004f54                vApplicationStackOverflowHook
 .text.SimpleLinkWlanEventHandler
                0x0000000020004f60      0x210 obj/Debug/network_if.o
                0x0000000020004f60                SimpleLinkWlanEventHandler
 .text.SimpleLinkNetAppEventHandler
                0x0000000020005170       0xa8 obj/Debug/network_if.o
                0x0000000020005170                SimpleLinkNetAppEventHandler
 .text.SimpleLinkGeneralEventHandler
                0x0000000020005218       0x30 obj/Debug/network_if.o
                0x0000000020005218                SimpleLinkGeneralEventHandler
 .text.SimpleLinkSockEventHandler
                0x0000000020005248       0xcc obj/Debug/network_if.o
                0x0000000020005248                SimpleLinkSockEventHandler
 .text.SimpleLinkHttpServerCallback
                0x0000000020005314       0x14 obj/Debug/network_if.o
                0x0000000020005314                SimpleLinkHttpServerCallback
 .text.InitializeAppVariables
                0x0000000020005328       0x44 obj/Debug/network_if.o
                0x0000000020005328                InitializeAppVariables
 .text.ConfigureSimpleLinkToDefaultState
                0x000000002000536c      0x364 obj/Debug/network_if.o
                0x000000002000536c                ConfigureSimpleLinkToDefaultState
 .text.Network_IF_InitDriver
                0x00000000200056d0      0x1b4 obj/Debug/network_if.o
                0x00000000200056d0                Network_IF_InitDriver
 .text.Network_IF_DeInitDriver
                0x0000000020005884       0x30 obj/Debug/network_if.o
                0x0000000020005884                Network_IF_DeInitDriver
 .text.Network_IF_ConnectAP
                0x00000000200058b4      0x27c obj/Debug/network_if.o
                0x00000000200058b4                Network_IF_ConnectAP
 .text.Network_IF_DisconnectFromAP
                0x0000000020005b30       0x50 obj/Debug/network_if.o
                0x0000000020005b30                Network_IF_DisconnectFromAP
 .text.Network_IF_IpConfigGet
                0x0000000020005b80       0x80 obj/Debug/network_if.o
                0x0000000020005b80                Network_IF_IpConfigGet
 .text.Network_IF_ResetMCUStateMachine
                0x0000000020005c00       0x18 obj/Debug/network_if.o
                0x0000000020005c00                Network_IF_ResetMCUStateMachine
 .text.ResetISR
                0x0000000020005c18       0x78 obj/Debug/startup_gcc.o
                0x0000000020005c18                ResetISR
 .text.NmiSR    0x0000000020005c90        0x8 obj/Debug/startup_gcc.o
 .text.FaultISR
                0x0000000020005c98        0x8 obj/Debug/startup_gcc.o
 .text.BusFaultHandler
                0x0000000020005ca0        0x8 obj/Debug/startup_gcc.o
 .text.IntDefaultHandler
                0x0000000020005ca8        0x8 obj/Debug/startup_gcc.o
 .text._sbrk    0x0000000020005cb0       0x70 obj/Debug/startup_gcc.o
                0x0000000020005cb0                _sbrk
 .text._sl_GetStartResponseConvert
                0x0000000020005d20       0x24 ../../../simplelink/gcc/lib/os_PM/Debug/libsimplelink.a(device.o)
 .text.sl_Start
                0x0000000020005d44      0x10c ../../../simplelink/gcc/lib/os_PM/Debug/libsimplelink.a(device.o)
                0x0000000020005d44                sl_Start
 .text._sl_HandleAsync_InitComplete
                0x0000000020005e50       0xb8 ../../../simplelink/gcc/lib/os_PM/Debug/libsimplelink.a(device.o)
                0x0000000020005e50                _sl_HandleAsync_InitComplete
 .text._sl_HandleAsync_Stop
                0x0000000020005f08       0x68 ../../../simplelink/gcc/lib/os_PM/Debug/libsimplelink.a(device.o)
                0x0000000020005f08                _sl_HandleAsync_Stop
 .text.sl_Stop  0x0000000020005f70       0xec ../../../simplelink/gcc/lib/os_PM/Debug/libsimplelink.a(device.o)
                0x0000000020005f70                sl_Stop
 .text.sl_DevGet
                0x000000002000605c       0xe0 ../../../simplelink/gcc/lib/os_PM/Debug/libsimplelink.a(device.o)
                0x000000002000605c                sl_DevGet
 .text._SlDrvDeviceEventHandler
                0x000000002000613c       0xa8 ../../../simplelink/gcc/lib/os_PM/Debug/libsimplelink.a(device.o)
                0x000000002000613c                _SlDrvDeviceEventHandler
 .text._SlDrvProtectAsyncRespSetting
                0x00000000200061e4       0x54 ../../../simplelink/gcc/lib/os_PM/Debug/libsimplelink.a(driver.o)
                0x00000000200061e4                _SlDrvProtectAsyncRespSetting
 .text._SlDrvDriverCBInit
                0x0000000020006238      0x1a8 ../../../simplelink/gcc/lib/os_PM/Debug/libsimplelink.a(driver.o)
                0x0000000020006238                _SlDrvDriverCBInit
 .text._SlDrvDriverCBDeinit
                0x00000000200063e0      0x134 ../../../simplelink/gcc/lib/os_PM/Debug/libsimplelink.a(driver.o)
                0x00000000200063e0                _SlDrvDriverCBDeinit
 .text._SlDrvRxIrqHandler
                0x0000000020006514       0x64 ../../../simplelink/gcc/lib/os_PM/Debug/libsimplelink.a(driver.o)
                0x0000000020006514                _SlDrvRxIrqHandler
 .text._SlDrvCmdOp
                0x0000000020006578       0xc4 ../../../simplelink/gcc/lib/os_PM/Debug/libsimplelink.a(driver.o)
                0x0000000020006578                _SlDrvCmdOp
 .text._SlDrvDataWriteOp
                0x000000002000663c      0x168 ../../../simplelink/gcc/lib/os_PM/Debug/libsimplelink.a(driver.o)
                0x000000002000663c                _SlDrvDataWriteOp
 .text._SlDrvMsgWrite
                0x00000000200067a4      0x1d4 ../../../simplelink/gcc/lib/os_PM/Debug/libsimplelink.a(driver.o)
 .text._SlDrvMsgRead
                0x0000000020006978      0x5cc ../../../simplelink/gcc/lib/os_PM/Debug/libsimplelink.a(driver.o)
 .text._SlAsyncEventGenericHandler
                0x0000000020006f44       0xd8 ../../../simplelink/gcc/lib/os_PM/Debug/libsimplelink.a(driver.o)
 .text._SlDrvMsgReadCmdCtx
                0x000000002000701c      0x158 ../../../simplelink/gcc/lib/os_PM/Debug/libsimplelink.a(driver.o)
 .text._SlDrvMsgReadSpawnCtx
                0x0000000020007174       0xf4 ../../../simplelink/gcc/lib/os_PM/Debug/libsimplelink.a(driver.o)
                0x0000000020007174                _SlDrvMsgReadSpawnCtx
 .text._SlDrvClassifyRxMsg
                0x0000000020007268       0xd0 ../../../simplelink/gcc/lib/os_PM/Debug/libsimplelink.a(driver.o)
 .text._SlDrvRxHdrRead
                0x0000000020007338      0x2ac ../../../simplelink/gcc/lib/os_PM/Debug/libsimplelink.a(driver.o)
 .text._SlDrvBasicCmd
                0x00000000200075e4       0x50 ../../../simplelink/gcc/lib/os_PM/Debug/libsimplelink.a(driver.o)
                0x00000000200075e4                _SlDrvBasicCmd
 .text._SlDrvCmdSend
                0x0000000020007634       0x74 ../../../simplelink/gcc/lib/os_PM/Debug/libsimplelink.a(driver.o)
                0x0000000020007634                _SlDrvCmdSend
 .text._SlDrvWaitForPoolObj
                0x00000000200076a8      0x1a4 ../../../simplelink/gcc/lib/os_PM/Debug/libsimplelink.a(driver.o)
                0x00000000200076a8                _SlDrvWaitForPoolObj
 .text._SlDrvReleasePoolObj
                0x000000002000784c      0x200 ../../../simplelink/gcc/lib/os_PM/Debug/libsimplelink.a(driver.o)
                0x000000002000784c                _SlDrvReleasePoolObj
 .text._SlRemoveFromList
                0x0000000020007a4c       0xd0 ../../../simplelink/gcc/lib/os_PM/Debug/libsimplelink.a(driver.o)
 .text._SlFindAndSetActiveObj
                0x0000000020007b1c      0x16c ../../../simplelink/gcc/lib/os_PM/Debug/libsimplelink.a(driver.o)
 .text._SlDrvDispatchHttpServerEvents
                0x0000000020007c88       0x1c ../../../simplelink/gcc/lib/os_PM/Debug/libsimplelink.a(driver.o)
                0x0000000020007c88                _SlDrvDispatchHttpServerEvents
 .text._SlDrvSyncObjSignal
                0x0000000020007ca4       0x2c ../../../simplelink/gcc/lib/os_PM/Debug/libsimplelink.a(driver.o)
                0x0000000020007ca4                _SlDrvSyncObjSignal
 .text._SlDrvObjLockWaitForever
                0x0000000020007cd0       0x30 ../../../simplelink/gcc/lib/os_PM/Debug/libsimplelink.a(driver.o)
                0x0000000020007cd0                _SlDrvObjLockWaitForever
 .text._SlDrvProtectionObjLockWaitForever
                0x0000000020007d00       0x38 ../../../simplelink/gcc/lib/os_PM/Debug/libsimplelink.a(driver.o)
                0x0000000020007d00                _SlDrvProtectionObjLockWaitForever
 .text._SlDrvObjUnLock
                0x0000000020007d38       0x2c ../../../simplelink/gcc/lib/os_PM/Debug/libsimplelink.a(driver.o)
                0x0000000020007d38                _SlDrvObjUnLock
 .text._SlDrvProtectionObjUnLock
                0x0000000020007d64       0x34 ../../../simplelink/gcc/lib/os_PM/Debug/libsimplelink.a(driver.o)
                0x0000000020007d64                _SlDrvProtectionObjUnLock
 .text._SlDrvObjGlobalLockWaitForever
                0x0000000020007d98       0x38 ../../../simplelink/gcc/lib/os_PM/Debug/libsimplelink.a(driver.o)
 .text._SlDrvGlobalObjUnLock
                0x0000000020007dd0       0x34 ../../../simplelink/gcc/lib/os_PM/Debug/libsimplelink.a(driver.o)
                0x0000000020007dd0                _SlDrvGlobalObjUnLock
 .text._SlDrvMemZero
                0x0000000020007e04       0x20 ../../../simplelink/gcc/lib/os_PM/Debug/libsimplelink.a(driver.o)
                0x0000000020007e04                _SlDrvMemZero
 .text._SlDrvResetCmdExt
                0x0000000020007e24       0x18 ../../../simplelink/gcc/lib/os_PM/Debug/libsimplelink.a(driver.o)
                0x0000000020007e24                _SlDrvResetCmdExt
 .text._SlDrvSyncObjWaitForever
                0x0000000020007e3c       0x34 ../../../simplelink/gcc/lib/os_PM/Debug/libsimplelink.a(driver.o)
                0x0000000020007e3c                _SlDrvSyncObjWaitForever
 .text._SlDrvSyncObjWaitTimeout
                0x0000000020007e70       0x50 ../../../simplelink/gcc/lib/os_PM/Debug/libsimplelink.a(driver.o)
                0x0000000020007e70                _SlDrvSyncObjWaitTimeout
 .text._SlDriverHandleError
                0x0000000020007ec0       0x98 ../../../simplelink/gcc/lib/os_PM/Debug/libsimplelink.a(driver.o)
                0x0000000020007ec0                _SlDriverHandleError
 .text._SlDrvStartMeasureTimeout
                0x0000000020007f58       0x30 ../../../simplelink/gcc/lib/os_PM/Debug/libsimplelink.a(driver.o)
                0x0000000020007f58                _SlDrvStartMeasureTimeout
 .text._SlDrvIsTimeoutExpired
                0x0000000020007f88       0xa8 ../../../simplelink/gcc/lib/os_PM/Debug/libsimplelink.a(driver.o)
                0x0000000020007f88                _SlDrvIsTimeoutExpired
 .text.sl_NetAppMDNSRegisterUnregisterService
                0x0000000020008030      0x140 ../../../simplelink/gcc/lib/os_PM/Debug/libsimplelink.a(netapp.o)
                0x0000000020008030                sl_NetAppMDNSRegisterUnregisterService
 .text.sl_NetAppMDNSUnRegisterService
                0x0000000020008170       0x68 ../../../simplelink/gcc/lib/os_PM/Debug/libsimplelink.a(netapp.o)
                0x0000000020008170                sl_NetAppMDNSUnRegisterService
 .text._sl_HandleAsync_DnsGetHostByService
                0x00000000200081d8       0xd4 ../../../simplelink/gcc/lib/os_PM/Debug/libsimplelink.a(netapp.o)
                0x00000000200081d8                _sl_HandleAsync_DnsGetHostByService
 .text._sl_HandleAsync_DnsGetHostByName
                0x00000000200082ac       0xb8 ../../../simplelink/gcc/lib/os_PM/Debug/libsimplelink.a(netapp.o)
                0x00000000200082ac                _sl_HandleAsync_DnsGetHostByName
 .text.CopyPingResultsToReport
                0x0000000020008364       0x44 ../../../simplelink/gcc/lib/os_PM/Debug/libsimplelink.a(netapp.o)
 .text._sl_HandleAsync_PingResponse
                0x00000000200083a8       0xb4 ../../../simplelink/gcc/lib/os_PM/Debug/libsimplelink.a(netapp.o)
                0x00000000200083a8                _sl_HandleAsync_PingResponse
 .text._sl_NetAppSendTokenValue
                0x000000002000845c       0x7c ../../../simplelink/gcc/lib/os_PM/Debug/libsimplelink.a(netapp.o)
                0x000000002000845c                _sl_NetAppSendTokenValue
 .text._SlDrvNetAppEventHandler
                0x00000000200084d8      0x134 ../../../simplelink/gcc/lib/os_PM/Debug/libsimplelink.a(netapp.o)
                0x00000000200084d8                _SlDrvNetAppEventHandler
 .text.sl_NetCfgSet
                0x000000002000860c       0xa0 ../../../simplelink/gcc/lib/os_PM/Debug/libsimplelink.a(netcfg.o)
                0x000000002000860c                sl_NetCfgSet
 .text.sl_NetCfgGet
                0x00000000200086ac       0xe8 ../../../simplelink/gcc/lib/os_PM/Debug/libsimplelink.a(netcfg.o)
                0x00000000200086ac                sl_NetCfgGet
 .text._sl_BuildAddress
                0x0000000020008794       0x58 ../../../simplelink/gcc/lib/os_PM/Debug/libsimplelink.a(socket.o)
 .text._sl_TruncatePayloadByProtocol
                0x00000000200087ec       0x40 ../../../simplelink/gcc/lib/os_PM/Debug/libsimplelink.a(socket.o)
 .text.sl_Socket
                0x000000002000882c       0x8c ../../../simplelink/gcc/lib/os_PM/Debug/libsimplelink.a(socket.o)
                0x000000002000882c                sl_Socket
 .text.sl_Close
                0x00000000200088b8       0x68 ../../../simplelink/gcc/lib/os_PM/Debug/libsimplelink.a(socket.o)
                0x00000000200088b8                sl_Close
 .text.sl_SendTo
                0x0000000020008920      0x148 ../../../simplelink/gcc/lib/os_PM/Debug/libsimplelink.a(socket.o)
                0x0000000020008920                sl_SendTo
 .text._sl_HandleAsync_Connect
                0x0000000020008a68       0x9c ../../../simplelink/gcc/lib/os_PM/Debug/libsimplelink.a(socket.o)
                0x0000000020008a68                _sl_HandleAsync_Connect
 .text.sl_Htonl
                0x0000000020008b04       0x4c ../../../simplelink/gcc/lib/os_PM/Debug/libsimplelink.a(socket.o)
                0x0000000020008b04                sl_Htonl
 .text.sl_Htons
                0x0000000020008b50       0x40 ../../../simplelink/gcc/lib/os_PM/Debug/libsimplelink.a(socket.o)
                0x0000000020008b50                sl_Htons
 .text._sl_HandleAsync_Accept
                0x0000000020008b90       0x80 ../../../simplelink/gcc/lib/os_PM/Debug/libsimplelink.a(socket.o)
                0x0000000020008b90                _sl_HandleAsync_Accept
 .text._sl_HandleAsync_Select
                0x0000000020008c10       0x6c ../../../simplelink/gcc/lib/os_PM/Debug/libsimplelink.a(socket.o)
                0x0000000020008c10                _sl_HandleAsync_Select
 .text.sl_WlanConnect
                0x0000000020008c7c      0x2cc ../../../simplelink/gcc/lib/os_PM/Debug/libsimplelink.a(wlan.o)
                0x0000000020008c7c                sl_WlanConnect
 .text.sl_WlanDisconnect
                0x0000000020008f48       0x40 ../../../simplelink/gcc/lib/os_PM/Debug/libsimplelink.a(wlan.o)
                0x0000000020008f48                sl_WlanDisconnect
 .text.sl_WlanPolicySet
                0x0000000020008f88       0x90 ../../../simplelink/gcc/lib/os_PM/Debug/libsimplelink.a(wlan.o)
                0x0000000020008f88                sl_WlanPolicySet
 .text.sl_WlanProfileDel
                0x0000000020009018       0x68 ../../../simplelink/gcc/lib/os_PM/Debug/libsimplelink.a(wlan.o)
                0x0000000020009018                sl_WlanProfileDel
 .text.sl_WlanRxFilterSet
                0x0000000020009080       0x88 ../../../simplelink/gcc/lib/os_PM/Debug/libsimplelink.a(wlan.o)
                0x0000000020009080                sl_WlanRxFilterSet
 .text.sl_WlanSetMode
                0x0000000020009108       0x68 ../../../simplelink/gcc/lib/os_PM/Debug/libsimplelink.a(wlan.o)
                0x0000000020009108                sl_WlanSetMode
 .text.sl_WlanSet
                0x0000000020009170       0x98 ../../../simplelink/gcc/lib/os_PM/Debug/libsimplelink.a(wlan.o)
                0x0000000020009170                sl_WlanSet
 .text.spi_Open
                0x0000000020009208       0x28 ../../../simplelink/gcc/lib/os_PM/Debug/libsimplelink.a(cc_pal_pm.o)
                0x0000000020009208                spi_Open
 .text.spi_Close
                0x0000000020009230       0x1c ../../../simplelink/gcc/lib/os_PM/Debug/libsimplelink.a(cc_pal_pm.o)
                0x0000000020009230                spi_Close
 .text.spi_Read
                0x000000002000924c       0x74 ../../../simplelink/gcc/lib/os_PM/Debug/libsimplelink.a(cc_pal_pm.o)
                0x000000002000924c                spi_Read
 .text.spi_Write
                0x00000000200092c0       0x34 ../../../simplelink/gcc/lib/os_PM/Debug/libsimplelink.a(cc_pal_pm.o)
                0x00000000200092c0                spi_Write
 .text.NwpRegisterInterruptHandler
                0x00000000200092f4       0x34 ../../../simplelink/gcc/lib/os_PM/Debug/libsimplelink.a(cc_pal_pm.o)
                0x00000000200092f4                NwpRegisterInterruptHandler
 .text.NwpMaskInterrupt
                0x0000000020009328       0x18 ../../../simplelink/gcc/lib/os_PM/Debug/libsimplelink.a(cc_pal_pm.o)
                0x0000000020009328                NwpMaskInterrupt
 .text.NwpUnMaskInterrupt
                0x0000000020009340       0x18 ../../../simplelink/gcc/lib/os_PM/Debug/libsimplelink.a(cc_pal_pm.o)
                0x0000000020009340                NwpUnMaskInterrupt
 .text.NwpPowerOnPreamble
                0x0000000020009358       0x8c ../../../simplelink/gcc/lib/os_PM/Debug/libsimplelink.a(cc_pal_pm.o)
                0x0000000020009358                NwpPowerOnPreamble
 .text.NwpPowerOn
                0x00000000200093e4       0x30 ../../../simplelink/gcc/lib/os_PM/Debug/libsimplelink.a(cc_pal_pm.o)
                0x00000000200093e4                NwpPowerOn
 .text.NwpPowerOff
                0x0000000020009414       0x40 ../../../simplelink/gcc/lib/os_PM/Debug/libsimplelink.a(cc_pal_pm.o)
                0x0000000020009414                NwpPowerOff
 .text.NwpPrePowerOffTimout0
                0x0000000020009454       0x24 ../../../simplelink/gcc/lib/os_PM/Debug/libsimplelink.a(cc_pal_pm.o)
                0x0000000020009454                NwpPrePowerOffTimout0
 .text.simplelink_timerA2_start
                0x0000000020009478       0x40 ../../../simplelink/gcc/lib/os_PM/Debug/libsimplelink.a(cc_pal_pm.o)
                0x0000000020009478                simplelink_timerA2_start
 .text.TimerGetCurrentTimestamp
                0x00000000200094b8       0x28 ../../../simplelink/gcc/lib/os_PM/Debug/libsimplelink.a(cc_pal_pm.o)
                0x00000000200094b8                TimerGetCurrentTimestamp
 .text.check_spi_rtosdrv_inuse
                0x00000000200094e0       0x54 ../../../middleware/gcc/lib/Debug/middleware.a(spi_drv.o)
 .text.setup_dma_desc
                0x0000000020009534       0x6c ../../../middleware/gcc/lib/Debug/middleware.a(spi_drv.o)
 .text.setup_spi_dma
                0x00000000200095a0       0x94 ../../../middleware/gcc/lib/Debug/middleware.a(spi_drv.o)
 .text.setup_dma_transfer
                0x0000000020009634      0x164 ../../../middleware/gcc/lib/Debug/middleware.a(spi_drv.o)
 .text.trigger_spi_dma_transfer
                0x0000000020009798       0x44 ../../../middleware/gcc/lib/Debug/middleware.a(spi_drv.o)
 .text.spi_open
                0x00000000200097dc       0xb4 ../../../middleware/gcc/lib/Debug/middleware.a(spi_drv.o)
                0x00000000200097dc                spi_open
 .text.spi_close
                0x0000000020009890       0x38 ../../../middleware/gcc/lib/Debug/middleware.a(spi_drv.o)
                0x0000000020009890                spi_close
 .text.spi_write
                0x00000000200098c8       0xa0 ../../../middleware/gcc/lib/Debug/middleware.a(spi_drv.o)
                0x00000000200098c8                spi_write
 .text.spi_read
                0x0000000020009968       0xa0 ../../../middleware/gcc/lib/Debug/middleware.a(spi_drv.o)
                0x0000000020009968                spi_read
 .text.dma_type_bitmap
                0x0000000020009a08       0x40 ../../../middleware/gcc/lib/Debug/middleware.a(dma_hal.o)
 .text.incr_bitmap
                0x0000000020009a48       0x80 ../../../middleware/gcc/lib/Debug/middleware.a(dma_hal.o)
 .text.src_incr_bitmap
                0x0000000020009ac8       0x20 ../../../middleware/gcc/lib/Debug/middleware.a(dma_hal.o)
 .text.dst_incr_bitmap
                0x0000000020009ae8       0x20 ../../../middleware/gcc/lib/Debug/middleware.a(dma_hal.o)
 .text.dma_mode_bitmap
                0x0000000020009b08       0x5c ../../../middleware/gcc/lib/Debug/middleware.a(dma_hal.o)
 .text.dma_arbt_bitmap
                0x0000000020009b64       0xac ../../../middleware/gcc/lib/Debug/middleware.a(dma_hal.o)
 .text.cc_dma_desc_config
                0x0000000020009c10       0x90 ../../../middleware/gcc/lib/Debug/middleware.a(dma_hal.o)
                0x0000000020009c10                cc_dma_desc_config
 .text.dma_submit_endp
                0x0000000020009ca0       0x84 ../../../middleware/gcc/lib/Debug/middleware.a(dma_hal.o)
 .text.cc_dma_submit_endp
                0x0000000020009d24       0xd4 ../../../middleware/gcc/lib/Debug/middleware.a(dma_hal.o)
                0x0000000020009d24                cc_dma_submit_endp
 .text.setup_spi_dma_reg
                0x0000000020009df8       0x64 ../../../middleware/gcc/lib/Debug/middleware.a(spi_hal.o)
 .text.cc_spi_configure
                0x0000000020009e5c       0x90 ../../../middleware/gcc/lib/Debug/middleware.a(spi_hal.o)
                0x0000000020009e5c                cc_spi_configure
 .text.cc_spi_wr_submit
                0x0000000020009eec       0x74 ../../../middleware/gcc/lib/Debug/middleware.a(spi_hal.o)
                0x0000000020009eec                cc_spi_wr_submit
 .text.cc_spi_rd_submit
                0x0000000020009f60       0x74 ../../../middleware/gcc/lib/Debug/middleware.a(spi_hal.o)
                0x0000000020009f60                cc_spi_rd_submit
 .text.get_dma_info
                0x0000000020009fd4       0x38 ../../../middleware/gcc/lib/Debug/middleware.a(spi_hal.o)
 .text.cc_spi_control
                0x000000002000a00c       0xc4 ../../../middleware/gcc/lib/Debug/middleware.a(spi_hal.o)
                0x000000002000a00c                cc_spi_control
 .text.osi_InterruptRegister
                0x000000002000a0d0       0x38 ../../../oslib/gcc/free_rtos/Debug/free_rtos.a(osi_freertos.o)
                0x000000002000a0d0                osi_InterruptRegister
 .text.osi_InterruptDeRegister
                0x000000002000a108       0x20 ../../../oslib/gcc/free_rtos/Debug/free_rtos.a(osi_freertos.o)
                0x000000002000a108                osi_InterruptDeRegister
 .text.osi_SyncObjCreate
                0x000000002000a128       0x40 ../../../oslib/gcc/free_rtos/Debug/free_rtos.a(osi_freertos.o)
                0x000000002000a128                osi_SyncObjCreate
 .text.osi_SyncObjDelete
                0x000000002000a168       0x28 ../../../oslib/gcc/free_rtos/Debug/free_rtos.a(osi_freertos.o)
                0x000000002000a168                osi_SyncObjDelete
 .text.osi_SyncObjSignal
                0x000000002000a190       0x38 ../../../oslib/gcc/free_rtos/Debug/free_rtos.a(osi_freertos.o)
                0x000000002000a190                osi_SyncObjSignal
 .text.osi_SyncObjSignalFromISR
                0x000000002000a1c8       0x4c ../../../oslib/gcc/free_rtos/Debug/free_rtos.a(osi_freertos.o)
                0x000000002000a1c8                osi_SyncObjSignalFromISR
 .text.osi_SyncObjWait
                0x000000002000a214       0x38 ../../../oslib/gcc/free_rtos/Debug/free_rtos.a(osi_freertos.o)
                0x000000002000a214                osi_SyncObjWait
 .text.osi_LockObjCreate
                0x000000002000a24c       0x34 ../../../oslib/gcc/free_rtos/Debug/free_rtos.a(osi_freertos.o)
                0x000000002000a24c                osi_LockObjCreate
 .text.osi_TaskCreate
                0x000000002000a280       0x48 ../../../oslib/gcc/free_rtos/Debug/free_rtos.a(osi_freertos.o)
                0x000000002000a280                osi_TaskCreate
 .text.osi_LockObjDelete
                0x000000002000a2c8       0x20 ../../../oslib/gcc/free_rtos/Debug/free_rtos.a(osi_freertos.o)
                0x000000002000a2c8                osi_LockObjDelete
 .text.osi_LockObjLock
                0x000000002000a2e8       0x38 ../../../oslib/gcc/free_rtos/Debug/free_rtos.a(osi_freertos.o)
                0x000000002000a2e8                osi_LockObjLock
 .text.osi_LockObjUnlock
                0x000000002000a320       0x38 ../../../oslib/gcc/free_rtos/Debug/free_rtos.a(osi_freertos.o)
                0x000000002000a320                osi_LockObjUnlock
 .text.osi_Spawn
                0x000000002000a358       0x54 ../../../oslib/gcc/free_rtos/Debug/free_rtos.a(osi_freertos.o)
                0x000000002000a358                osi_Spawn
 .text.vSimpleLinkSpawnTask
                0x000000002000a3ac       0x34 ../../../oslib/gcc/free_rtos/Debug/free_rtos.a(osi_freertos.o)
 .text.VStartSimpleLinkSpawnTask
                0x000000002000a3e0       0x68 ../../../oslib/gcc/free_rtos/Debug/free_rtos.a(osi_freertos.o)
                0x000000002000a3e0                VStartSimpleLinkSpawnTask
 .text.osi_start
                0x000000002000a448        0xc ../../../oslib/gcc/free_rtos/Debug/free_rtos.a(osi_freertos.o)
                0x000000002000a448                osi_start
 .text.osi_Sleep
                0x000000002000a454       0x1c ../../../oslib/gcc/free_rtos/Debug/free_rtos.a(osi_freertos.o)
                0x000000002000a454                osi_Sleep
 .text.xQueueGenericReset
                0x000000002000a470       0xb8 ../../../oslib/gcc/free_rtos/Debug/free_rtos.a(queue.o)
                0x000000002000a470                xQueueGenericReset
 .text.xQueueGenericCreate
                0x000000002000a528       0xac ../../../oslib/gcc/free_rtos/Debug/free_rtos.a(queue.o)
                0x000000002000a528                xQueueGenericCreate
 .text.xQueueCreateMutex
                0x000000002000a5d4       0xa0 ../../../oslib/gcc/free_rtos/Debug/free_rtos.a(queue.o)
                0x000000002000a5d4                xQueueCreateMutex
 .text.xQueueGenericSend
                0x000000002000a674      0x1b8 ../../../oslib/gcc/free_rtos/Debug/free_rtos.a(queue.o)
                0x000000002000a674                xQueueGenericSend
 .text.xQueueGenericSendFromISR
                0x000000002000a82c      0x108 ../../../oslib/gcc/free_rtos/Debug/free_rtos.a(queue.o)
                0x000000002000a82c                xQueueGenericSendFromISR
 .text.xQueueGiveFromISR
                0x000000002000a934       0xf0 ../../../oslib/gcc/free_rtos/Debug/free_rtos.a(queue.o)
                0x000000002000a934                xQueueGiveFromISR
 .text.xQueueGenericReceive
                0x000000002000aa24      0x1c8 ../../../oslib/gcc/free_rtos/Debug/free_rtos.a(queue.o)
                0x000000002000aa24                xQueueGenericReceive
 .text.vQueueDelete
                0x000000002000abec       0x34 ../../../oslib/gcc/free_rtos/Debug/free_rtos.a(queue.o)
                0x000000002000abec                vQueueDelete
 .text.prvCopyDataToQueue
                0x000000002000ac20       0xd8 ../../../oslib/gcc/free_rtos/Debug/free_rtos.a(queue.o)
 .text.prvCopyDataFromQueue
                0x000000002000acf8       0x4c ../../../oslib/gcc/free_rtos/Debug/free_rtos.a(queue.o)
 .text.prvUnlockQueue
                0x000000002000ad44       0xb4 ../../../oslib/gcc/free_rtos/Debug/free_rtos.a(queue.o)
 .text.prvIsQueueEmpty
                0x000000002000adf8       0x2c ../../../oslib/gcc/free_rtos/Debug/free_rtos.a(queue.o)
 .text.prvIsQueueFull
                0x000000002000ae24       0x30 ../../../oslib/gcc/free_rtos/Debug/free_rtos.a(queue.o)
 .text.vQueueAddToRegistry
                0x000000002000ae54       0x50 ../../../oslib/gcc/free_rtos/Debug/free_rtos.a(queue.o)
                0x000000002000ae54                vQueueAddToRegistry
 .text.vQueueUnregisterQueue
                0x000000002000aea4       0x44 ../../../oslib/gcc/free_rtos/Debug/free_rtos.a(queue.o)
                0x000000002000aea4                vQueueUnregisterQueue
 .text.vQueueWaitForMessageRestricted
                0x000000002000aee8       0x58 ../../../oslib/gcc/free_rtos/Debug/free_rtos.a(queue.o)
                0x000000002000aee8                vQueueWaitForMessageRestricted
 .text.prvNotifyQueueSetContainer
                0x000000002000af40       0x94 ../../../oslib/gcc/free_rtos/Debug/free_rtos.a(queue.o)
 .text.xTaskGenericCreate
                0x000000002000afd4      0x174 ../../../oslib/gcc/free_rtos/Debug/free_rtos.a(tasks.o)
                0x000000002000afd4                xTaskGenericCreate
 .text.vTaskDelay
                0x000000002000b148       0x90 ../../../oslib/gcc/free_rtos/Debug/free_rtos.a(tasks.o)
                0x000000002000b148                vTaskDelay
 .text.vTaskStartScheduler
                0x000000002000b1d8       0x7c ../../../oslib/gcc/free_rtos/Debug/free_rtos.a(tasks.o)
                0x000000002000b1d8                vTaskStartScheduler
 .text.vTaskSuspendAll
                0x000000002000b254       0x1c ../../../oslib/gcc/free_rtos/Debug/free_rtos.a(tasks.o)
                0x000000002000b254                vTaskSuspendAll
 .text.xTaskResumeAll
                0x000000002000b270      0x110 ../../../oslib/gcc/free_rtos/Debug/free_rtos.a(tasks.o)
                0x000000002000b270                xTaskResumeAll
 .text.xTaskGetTickCount
                0x000000002000b380       0x1c ../../../oslib/gcc/free_rtos/Debug/free_rtos.a(tasks.o)
                0x000000002000b380                xTaskGetTickCount
 .text.xTaskIncrementTick
                0x000000002000b39c      0x154 ../../../oslib/gcc/free_rtos/Debug/free_rtos.a(tasks.o)
                0x000000002000b39c                xTaskIncrementTick
 .text.vTaskSwitchContext
                0x000000002000b4f0       0xf8 ../../../oslib/gcc/free_rtos/Debug/free_rtos.a(tasks.o)
                0x000000002000b4f0                vTaskSwitchContext
 .text.vTaskPlaceOnEventList
                0x000000002000b5e8       0x98 ../../../oslib/gcc/free_rtos/Debug/free_rtos.a(tasks.o)
                0x000000002000b5e8                vTaskPlaceOnEventList
 .text.vTaskPlaceOnEventListRestricted
                0x000000002000b680       0x7c ../../../oslib/gcc/free_rtos/Debug/free_rtos.a(tasks.o)
                0x000000002000b680                vTaskPlaceOnEventListRestricted
 .text.xTaskRemoveFromEventList
                0x000000002000b6fc       0xbc ../../../oslib/gcc/free_rtos/Debug/free_rtos.a(tasks.o)
                0x000000002000b6fc                xTaskRemoveFromEventList
 .text.vTaskSetTimeOutState
                0x000000002000b7b8       0x3c ../../../oslib/gcc/free_rtos/Debug/free_rtos.a(tasks.o)
                0x000000002000b7b8                vTaskSetTimeOutState
 .text.xTaskCheckForTimeOut
                0x000000002000b7f4       0xac ../../../oslib/gcc/free_rtos/Debug/free_rtos.a(tasks.o)
                0x000000002000b7f4                xTaskCheckForTimeOut
 .text.vTaskMissedYield
                0x000000002000b8a0       0x18 ../../../oslib/gcc/free_rtos/Debug/free_rtos.a(tasks.o)
                0x000000002000b8a0                vTaskMissedYield
 .text.prvIdleTask
                0x000000002000b8b8       0x14 ../../../oslib/gcc/free_rtos/Debug/free_rtos.a(tasks.o)
 .text.prvInitialiseTCBVariables
                0x000000002000b8cc       0xa8 ../../../oslib/gcc/free_rtos/Debug/free_rtos.a(tasks.o)
 .text.prvInitialiseTaskLists
                0x000000002000b974       0x80 ../../../oslib/gcc/free_rtos/Debug/free_rtos.a(tasks.o)
 .text.prvCheckTasksWaitingTermination
                0x000000002000b9f4       0x78 ../../../oslib/gcc/free_rtos/Debug/free_rtos.a(tasks.o)
 .text.prvAddCurrentTaskToDelayedList
                0x000000002000ba6c       0x6c ../../../oslib/gcc/free_rtos/Debug/free_rtos.a(tasks.o)
 .text.prvAllocateTCBAndStack
                0x000000002000bad8       0x6c ../../../oslib/gcc/free_rtos/Debug/free_rtos.a(tasks.o)
 .text.prvDeleteTCB
                0x000000002000bb44       0x20 ../../../oslib/gcc/free_rtos/Debug/free_rtos.a(tasks.o)
 .text.prvResetNextTaskUnblockTime
                0x000000002000bb64       0x48 ../../../oslib/gcc/free_rtos/Debug/free_rtos.a(tasks.o)
 .text.xTaskGetSchedulerState
                0x000000002000bbac       0x3c ../../../oslib/gcc/free_rtos/Debug/free_rtos.a(tasks.o)
                0x000000002000bbac                xTaskGetSchedulerState
 .text.vTaskPriorityInherit
                0x000000002000bbe8       0xec ../../../oslib/gcc/free_rtos/Debug/free_rtos.a(tasks.o)
                0x000000002000bbe8                vTaskPriorityInherit
 .text.xTaskPriorityDisinherit
                0x000000002000bcd4       0xf8 ../../../oslib/gcc/free_rtos/Debug/free_rtos.a(tasks.o)
                0x000000002000bcd4                xTaskPriorityDisinherit
 .text.pvTaskIncrementMutexHeldCount
                0x000000002000bdcc       0x28 ../../../oslib/gcc/free_rtos/Debug/free_rtos.a(tasks.o)
                0x000000002000bdcc                pvTaskIncrementMutexHeldCount
 .text.pxPortInitialiseStack
                0x000000002000bdf4       0x54 ../../../oslib/gcc/free_rtos/Debug/free_rtos.a(port.o)
                0x000000002000bdf4                pxPortInitialiseStack
 .text.prvTaskExitError
                0x000000002000be48       0x24 ../../../oslib/gcc/free_rtos/Debug/free_rtos.a(port.o)
 .text.vPortSVCHandler
                0x000000002000be6c       0x28 ../../../oslib/gcc/free_rtos/Debug/free_rtos.a(port.o)
                0x000000002000be6c                vPortSVCHandler
 .text.prvPortStartFirstTask
                0x000000002000be94       0x20 ../../../oslib/gcc/free_rtos/Debug/free_rtos.a(port.o)
 .text.xPortStartScheduler
                0x000000002000beb4       0xbc ../../../oslib/gcc/free_rtos/Debug/free_rtos.a(port.o)
                0x000000002000beb4                xPortStartScheduler
 .text.vPortYield
                0x000000002000bf70       0x20 ../../../oslib/gcc/free_rtos/Debug/free_rtos.a(port.o)
                0x000000002000bf70                vPortYield
 .text.vPortEnterCritical
                0x000000002000bf90       0x48 ../../../oslib/gcc/free_rtos/Debug/free_rtos.a(port.o)
                0x000000002000bf90                vPortEnterCritical
 .text.vPortExitCritical
                0x000000002000bfd8       0x3c ../../../oslib/gcc/free_rtos/Debug/free_rtos.a(port.o)
                0x000000002000bfd8                vPortExitCritical
 .text.ulPortSetInterruptMask
                0x000000002000c014       0x14 ../../../oslib/gcc/free_rtos/Debug/free_rtos.a(port.o)
                0x000000002000c014                ulPortSetInterruptMask
 .text.vPortClearInterruptMask
                0x000000002000c028        0x8 ../../../oslib/gcc/free_rtos/Debug/free_rtos.a(port.o)
                0x000000002000c028                vPortClearInterruptMask
 .text.xPortPendSVHandler
                0x000000002000c030       0x48 ../../../oslib/gcc/free_rtos/Debug/free_rtos.a(port.o)
                0x000000002000c030                xPortPendSVHandler
 .text.xPortSysTickHandler
                0x000000002000c078       0x28 ../../../oslib/gcc/free_rtos/Debug/free_rtos.a(port.o)
                0x000000002000c078                xPortSysTickHandler
 .text.vPortSetupTimerInterrupt
                0x000000002000c0a0       0x24 ../../../oslib/gcc/free_rtos/Debug/free_rtos.a(port.o)
                0x000000002000c0a0                vPortSetupTimerInterrupt
 .text.vPortValidateInterruptPriority
                0x000000002000c0c4       0x68 ../../../oslib/gcc/free_rtos/Debug/free_rtos.a(port.o)
                0x000000002000c0c4                vPortValidateInterruptPriority
 .text.xTimerCreateTimerTask
                0x000000002000c12c       0x64 ../../../oslib/gcc/free_rtos/Debug/free_rtos.a(timers.o)
                0x000000002000c12c                xTimerCreateTimerTask
 .text.xTimerGenericCommand
                0x000000002000c190       0x80 ../../../oslib/gcc/free_rtos/Debug/free_rtos.a(timers.o)
                0x000000002000c190                xTimerGenericCommand
 .text.prvProcessExpiredTimer
                0x000000002000c210       0x78 ../../../oslib/gcc/free_rtos/Debug/free_rtos.a(timers.o)
 .text.prvTimerTask
                0x000000002000c288       0x24 ../../../oslib/gcc/free_rtos/Debug/free_rtos.a(timers.o)
 .text.prvProcessTimerOrBlockTask
                0x000000002000c2ac       0x6c ../../../oslib/gcc/free_rtos/Debug/free_rtos.a(timers.o)
 .text.prvGetNextExpireTime
                0x000000002000c318       0x48 ../../../oslib/gcc/free_rtos/Debug/free_rtos.a(timers.o)
 .text.prvSampleTimeNow
                0x000000002000c360       0x40 ../../../oslib/gcc/free_rtos/Debug/free_rtos.a(timers.o)
 .text.prvInsertTimerInActiveList
                0x000000002000c3a0       0x84 ../../../oslib/gcc/free_rtos/Debug/free_rtos.a(timers.o)
 .text.prvProcessReceivedCommands
                0x000000002000c424      0x140 ../../../oslib/gcc/free_rtos/Debug/free_rtos.a(timers.o)
 .text.prvSwitchTimerLists
                0x000000002000c564       0xbc ../../../oslib/gcc/free_rtos/Debug/free_rtos.a(timers.o)
 .text.prvCheckForValidListAndQueue
                0x000000002000c620       0x84 ../../../oslib/gcc/free_rtos/Debug/free_rtos.a(timers.o)
 .text.pvPortMalloc
                0x000000002000c6a4       0x30 ../../../oslib/gcc/free_rtos/Debug/free_rtos.a(heap_3.o)
                0x000000002000c6a4                pvPortMalloc
 .text.vPortFree
                0x000000002000c6d4       0x24 ../../../oslib/gcc/free_rtos/Debug/free_rtos.a(heap_3.o)
                0x000000002000c6d4                vPortFree
 .text.vListInitialise
                0x000000002000c6f8       0x40 ../../../oslib/gcc/free_rtos/Debug/free_rtos.a(list.o)
                0x000000002000c6f8                vListInitialise
 .text.vListInitialiseItem
                0x000000002000c738       0x18 ../../../oslib/gcc/free_rtos/Debug/free_rtos.a(list.o)
                0x000000002000c738                vListInitialiseItem
 .text.vListInsertEnd
                0x000000002000c750       0x48 ../../../oslib/gcc/free_rtos/Debug/free_rtos.a(list.o)
                0x000000002000c750                vListInsertEnd
 .text.vListInsert
                0x000000002000c798       0x70 ../../../oslib/gcc/free_rtos/Debug/free_rtos.a(list.o)
                0x000000002000c798                vListInsert
 .text.uxListRemove
                0x000000002000c808       0x54 ../../../oslib/gcc/free_rtos/Debug/free_rtos.a(list.o)
                0x000000002000c808                uxListRemove
 .text.GPIODirModeSet
                0x000000002000c85c       0x48 ../../../driverlib/gcc/lib/Debug/libdriver.a(gpio.o)
                0x000000002000c85c                GPIODirModeSet
 .text.GPIOPinWrite
                0x000000002000c8a4       0x2c ../../../driverlib/gcc/lib/Debug/libdriver.a(gpio.o)
                0x000000002000c8a4                GPIOPinWrite
 .text.HwSpinLockTryAcquire
                0x000000002000c8d0       0x7c ../../../driverlib/gcc/lib/Debug/libdriver.a(hwspinlock.o)
                0x000000002000c8d0                HwSpinLockTryAcquire
 .text.HwSpinLockRelease
                0x000000002000c94c       0x44 ../../../driverlib/gcc/lib/Debug/libdriver.a(hwspinlock.o)
                0x000000002000c94c                HwSpinLockRelease
 .text.IntDefaultHandler
                0x000000002000c990        0x8 ../../../driverlib/gcc/lib/Debug/libdriver.a(interrupt.o)
 .text.IntMasterEnable
                0x000000002000c998       0x10 ../../../driverlib/gcc/lib/Debug/libdriver.a(interrupt.o)
                0x000000002000c998                IntMasterEnable
 .text.IntVTableBaseSet
                0x000000002000c9a8       0x1c ../../../driverlib/gcc/lib/Debug/libdriver.a(interrupt.o)
                0x000000002000c9a8                IntVTableBaseSet
 .text.IntRegister
                0x000000002000c9c4       0x2c ../../../driverlib/gcc/lib/Debug/libdriver.a(interrupt.o)
                0x000000002000c9c4                IntRegister
 .text.IntUnregister
                0x000000002000c9f0       0x2c ../../../driverlib/gcc/lib/Debug/libdriver.a(interrupt.o)
                0x000000002000c9f0                IntUnregister
 .text.IntPrioritySet
                0x000000002000ca1c       0x68 ../../../driverlib/gcc/lib/Debug/libdriver.a(interrupt.o)
                0x000000002000ca1c                IntPrioritySet
 .text.IntEnable
                0x000000002000ca84       0xbc ../../../driverlib/gcc/lib/Debug/libdriver.a(interrupt.o)
                0x000000002000ca84                IntEnable
 .text.IntDisable
                0x000000002000cb40       0xbc ../../../driverlib/gcc/lib/Debug/libdriver.a(interrupt.o)
                0x000000002000cb40                IntDisable
 .text.IntPendClear
                0x000000002000cbfc       0x68 ../../../driverlib/gcc/lib/Debug/libdriver.a(interrupt.o)
                0x000000002000cbfc                IntPendClear
 .text.PinModeSet
                0x000000002000cc64       0x48 ../../../driverlib/gcc/lib/Debug/libdriver.a(pin.o)
                0x000000002000cc64                PinModeSet
 .text.PinConfigSet
                0x000000002000ccac       0x98 ../../../driverlib/gcc/lib/Debug/libdriver.a(pin.o)
                0x000000002000ccac                PinConfigSet
 .text.PinTypeUART
                0x000000002000cd44       0x24 ../../../driverlib/gcc/lib/Debug/libdriver.a(pin.o)
                0x000000002000cd44                PinTypeUART
 .text.PinTypeGPIO
                0x000000002000cd68       0x3c ../../../driverlib/gcc/lib/Debug/libdriver.a(pin.o)
                0x000000002000cd68                PinTypeGPIO
 .text.PRCMSysResetCauseGet
                0x000000002000cda4       0x3c ../../../driverlib/gcc/lib/Debug/libdriver.a(prcm.o)
                0x000000002000cda4                PRCMSysResetCauseGet
 .text.PRCMPeripheralClkEnable
                0x000000002000cde0       0x5c ../../../driverlib/gcc/lib/Debug/libdriver.a(prcm.o)
                0x000000002000cde0                PRCMPeripheralClkEnable
 .text.PRCMPeripheralClkDisable
                0x000000002000ce3c       0x44 ../../../driverlib/gcc/lib/Debug/libdriver.a(prcm.o)
                0x000000002000ce3c                PRCMPeripheralClkDisable
 .text.PRCMPeripheralClockGet
                0x000000002000ce80       0xa8 ../../../driverlib/gcc/lib/Debug/libdriver.a(prcm.o)
                0x000000002000ce80                PRCMPeripheralClockGet
 .text.PRCMPeripheralReset
                0x000000002000cf28       0x8c ../../../driverlib/gcc/lib/Debug/libdriver.a(prcm.o)
                0x000000002000cf28                PRCMPeripheralReset
 .text.PRCMPeripheralStatusGet
                0x000000002000cfb4       0x40 ../../../driverlib/gcc/lib/Debug/libdriver.a(prcm.o)
                0x000000002000cfb4                PRCMPeripheralStatusGet
 .text.PRCMHibernateWakeupSourceEnable
                0x000000002000cff4       0x50 ../../../driverlib/gcc/lib/Debug/libdriver.a(prcm.o)
                0x000000002000cff4                PRCMHibernateWakeupSourceEnable
 .text.PRCMHibernateIntervalSet
                0x000000002000d044       0x9c ../../../driverlib/gcc/lib/Debug/libdriver.a(prcm.o)
                0x000000002000d044                PRCMHibernateIntervalSet
 .text.PRCMHibernateEnter
                0x000000002000d0e0       0x14 ../../../driverlib/gcc/lib/Debug/libdriver.a(prcm.o)
                0x000000002000d0e0                PRCMHibernateEnter
 .text.PRCMCC3200MCUInit
                0x000000002000d0f4      0x1a0 ../../../driverlib/gcc/lib/Debug/libdriver.a(prcm.o)
                0x000000002000d0f4                PRCMCC3200MCUInit
 .text.PRCMHIBRegRead
                0x000000002000d294       0x20 ../../../driverlib/gcc/lib/Debug/libdriver.a(prcm.o)
                0x000000002000d294                PRCMHIBRegRead
 .text.PRCMHIBRegWrite
                0x000000002000d2b4       0x20 ../../../driverlib/gcc/lib/Debug/libdriver.a(prcm.o)
                0x000000002000d2b4                PRCMHIBRegWrite
 .text.SPITransfer8
                0x000000002000d2d4       0xec ../../../driverlib/gcc/lib/Debug/libdriver.a(spi.o)
 .text.SPITransfer16
                0x000000002000d3c0      0x108 ../../../driverlib/gcc/lib/Debug/libdriver.a(spi.o)
 .text.SPITransfer32
                0x000000002000d4c8      0x104 ../../../driverlib/gcc/lib/Debug/libdriver.a(spi.o)
 .text.SPIDmaMaskGet
                0x000000002000d5cc       0x48 ../../../driverlib/gcc/lib/Debug/libdriver.a(spi.o)
 .text.SPIEnable
                0x000000002000d614       0x28 ../../../driverlib/gcc/lib/Debug/libdriver.a(spi.o)
                0x000000002000d614                SPIEnable
 .text.SPIDisable
                0x000000002000d63c       0x28 ../../../driverlib/gcc/lib/Debug/libdriver.a(spi.o)
                0x000000002000d63c                SPIDisable
 .text.SPIDmaEnable
                0x000000002000d664       0x2c ../../../driverlib/gcc/lib/Debug/libdriver.a(spi.o)
                0x000000002000d664                SPIDmaEnable
 .text.SPIReset
                0x000000002000d690       0x3c ../../../driverlib/gcc/lib/Debug/libdriver.a(spi.o)
                0x000000002000d690                SPIReset
 .text.SPIConfigSetExpClk
                0x000000002000d6cc       0xb8 ../../../driverlib/gcc/lib/Debug/libdriver.a(spi.o)
                0x000000002000d6cc                SPIConfigSetExpClk
 .text.SPIDataGet
                0x000000002000d784       0x34 ../../../driverlib/gcc/lib/Debug/libdriver.a(spi.o)
                0x000000002000d784                SPIDataGet
 .text.SPIDataPut
                0x000000002000d7b8       0x34 ../../../driverlib/gcc/lib/Debug/libdriver.a(spi.o)
                0x000000002000d7b8                SPIDataPut
 .text.SPIFIFOEnable
                0x000000002000d7ec       0x2c ../../../driverlib/gcc/lib/Debug/libdriver.a(spi.o)
                0x000000002000d7ec                SPIFIFOEnable
 .text.SPIFIFOLevelSet
                0x000000002000d818       0x44 ../../../driverlib/gcc/lib/Debug/libdriver.a(spi.o)
                0x000000002000d818                SPIFIFOLevelSet
 .text.SPIWordCountSet
                0x000000002000d85c       0x34 ../../../driverlib/gcc/lib/Debug/libdriver.a(spi.o)
                0x000000002000d85c                SPIWordCountSet
 .text.SPIIntEnable
                0x000000002000d890       0x6c ../../../driverlib/gcc/lib/Debug/libdriver.a(spi.o)
                0x000000002000d890                SPIIntEnable
 .text.SPICSEnable
                0x000000002000d8fc       0x28 ../../../driverlib/gcc/lib/Debug/libdriver.a(spi.o)
                0x000000002000d8fc                SPICSEnable
 .text.SPICSDisable
                0x000000002000d924       0x28 ../../../driverlib/gcc/lib/Debug/libdriver.a(spi.o)
                0x000000002000d924                SPICSDisable
 .text.SPITransfer
                0x000000002000d94c       0x90 ../../../driverlib/gcc/lib/Debug/libdriver.a(spi.o)
                0x000000002000d94c                SPITransfer
 .text.TimerEnable
                0x000000002000d9dc       0x2c ../../../driverlib/gcc/lib/Debug/libdriver.a(timer.o)
                0x000000002000d9dc                TimerEnable
 .text.TimerDisable
                0x000000002000da08       0x30 ../../../driverlib/gcc/lib/Debug/libdriver.a(timer.o)
                0x000000002000da08                TimerDisable
 .text.TimerConfigure
                0x000000002000da38       0x58 ../../../driverlib/gcc/lib/Debug/libdriver.a(timer.o)
                0x000000002000da38                TimerConfigure
 .text.TimerPrescaleSet
                0x000000002000da90       0x3c ../../../driverlib/gcc/lib/Debug/libdriver.a(timer.o)
                0x000000002000da90                TimerPrescaleSet
 .text.TimerLoadSet
                0x000000002000dacc       0x3c ../../../driverlib/gcc/lib/Debug/libdriver.a(timer.o)
                0x000000002000dacc                TimerLoadSet
 .text.TimerValueGet
                0x000000002000db08       0x28 ../../../driverlib/gcc/lib/Debug/libdriver.a(timer.o)
                0x000000002000db08                TimerValueGet
 .text.TimerIntUnregister
                0x000000002000db30       0x78 ../../../driverlib/gcc/lib/Debug/libdriver.a(timer.o)
                0x000000002000db30                TimerIntUnregister
 .text.TimerIntEnable
                0x000000002000dba8       0x28 ../../../driverlib/gcc/lib/Debug/libdriver.a(timer.o)
                0x000000002000dba8                TimerIntEnable
 .text.TimerIntDisable
                0x000000002000dbd0       0x28 ../../../driverlib/gcc/lib/Debug/libdriver.a(timer.o)
                0x000000002000dbd0                TimerIntDisable
 .text.TimerIntStatus
                0x000000002000dbf8       0x2c ../../../driverlib/gcc/lib/Debug/libdriver.a(timer.o)
                0x000000002000dbf8                TimerIntStatus
 .text.TimerIntClear
                0x000000002000dc24       0x20 ../../../driverlib/gcc/lib/Debug/libdriver.a(timer.o)
                0x000000002000dc24                TimerIntClear
 .text.UARTConfigSetExpClk
                0x000000002000dc44       0x98 ../../../driverlib/gcc/lib/Debug/libdriver.a(uart.o)
                0x000000002000dc44                UARTConfigSetExpClk
 .text.UARTEnable
                0x000000002000dcdc       0x3c ../../../driverlib/gcc/lib/Debug/libdriver.a(uart.o)
                0x000000002000dcdc                UARTEnable
 .text.UARTDisable
                0x000000002000dd18       0x4c ../../../driverlib/gcc/lib/Debug/libdriver.a(uart.o)
                0x000000002000dd18                UARTDisable
 .text.UARTCharsAvail
                0x000000002000dd64       0x28 ../../../driverlib/gcc/lib/Debug/libdriver.a(uart.o)
                0x000000002000dd64                UARTCharsAvail
 .text.UARTCharGetNonBlocking
                0x000000002000dd8c       0x2c ../../../driverlib/gcc/lib/Debug/libdriver.a(uart.o)
                0x000000002000dd8c                UARTCharGetNonBlocking
 .text.UARTCharPut
                0x000000002000ddb8       0x2c ../../../driverlib/gcc/lib/Debug/libdriver.a(uart.o)
                0x000000002000ddb8                UARTCharPut
 .text.uDMAChannelEnable
                0x000000002000dde4       0x28 ../../../driverlib/gcc/lib/Debug/libdriver.a(udma.o)
                0x000000002000dde4                uDMAChannelEnable
 .text.uDMAChannelRequest
                0x000000002000de0c       0x28 ../../../driverlib/gcc/lib/Debug/libdriver.a(udma.o)
                0x000000002000de0c                uDMAChannelRequest
 .text.uDMAChannelControlSet
                0x000000002000de34       0x48 ../../../driverlib/gcc/lib/Debug/libdriver.a(udma.o)
                0x000000002000de34                uDMAChannelControlSet
 .text.uDMAChannelTransferSet
                0x000000002000de7c      0x104 ../../../driverlib/gcc/lib/Debug/libdriver.a(udma.o)
                0x000000002000de7c                uDMAChannelTransferSet
 .text.UtilsDelay
                0x000000002000df80        0xc ../../../driverlib/gcc/lib/Debug/libdriver.a(utils.o)
                0x000000002000df80                UtilsDelay
 .text.CPUcpsie
                0x000000002000df8c       0x18 ../../../driverlib/gcc/lib/Debug/libdriver.a(cpu.o)
                0x000000002000df8c                CPUcpsie
 .text.malloc   0x000000002000dfa4       0x10 /usr/lib/gcc/arm-none-eabi/5.2.0/../../../../arm-none-eabi/lib/armv7e-m/libc_nano.a(lib_a-malloc.o)
                0x000000002000dfa4                malloc
 .text.free     0x000000002000dfb4       0x10 /usr/lib/gcc/arm-none-eabi/5.2.0/../../../../arm-none-eabi/lib/armv7e-m/libc_nano.a(lib_a-malloc.o)
                0x000000002000dfb4                free
 .text.memcmp   0x000000002000dfc4       0x1e /usr/lib/gcc/arm-none-eabi/5.2.0/../../../../arm-none-eabi/lib/armv7e-m/libc_nano.a(lib_a-memcmp.o)
                0x000000002000dfc4                memcmp
 .text.memcpy   0x000000002000dfe2       0x16 /usr/lib/gcc/arm-none-eabi/5.2.0/../../../../arm-none-eabi/lib/armv7e-m/libc_nano.a(lib_a-memcpy.o)
                0x000000002000dfe2                memcpy
 .text.memmove  0x000000002000dff8       0x36 /usr/lib/gcc/arm-none-eabi/5.2.0/../../../../arm-none-eabi/lib/armv7e-m/libc_nano.a(lib_a-memmove.o)
                0x000000002000dff8                memmove
 .text.memset   0x000000002000e02e       0x10 /usr/lib/gcc/arm-none-eabi/5.2.0/../../../../arm-none-eabi/lib/armv7e-m/libc_nano.a(lib_a-memset.o)
                0x000000002000e02e                memset
 *fill*         0x000000002000e03e        0x2 
 .text._free_r  0x000000002000e040       0x8c /usr/lib/gcc/arm-none-eabi/5.2.0/../../../../arm-none-eabi/lib/armv7e-m/libc_nano.a(lib_a-nano-freer.o)
                0x000000002000e040                _free_r
 .text._malloc_r
                0x000000002000e0cc       0xa8 /usr/lib/gcc/arm-none-eabi/5.2.0/../../../../arm-none-eabi/lib/armv7e-m/libc_nano.a(lib_a-nano-mallocr.o)
                0x000000002000e0cc                _malloc_r
 .text.realloc  0x000000002000e174       0x10 /usr/lib/gcc/arm-none-eabi/5.2.0/../../../../arm-none-eabi/lib/armv7e-m/libc_nano.a(lib_a-realloc.o)
                0x000000002000e174                realloc
 .text._sbrk_r  0x000000002000e184       0x20 /usr/lib/gcc/arm-none-eabi/5.2.0/../../../../arm-none-eabi/lib/armv7e-m/libc_nano.a(lib_a-sbrkr.o)
                0x000000002000e184                _sbrk_r
 .text.strlen   0x000000002000e1a4       0x10 /usr/lib/gcc/arm-none-eabi/5.2.0/../../../../arm-none-eabi/lib/armv7e-m/libc_nano.a(lib_a-strlen.o)
                0x000000002000e1a4                strlen
 .text.strncpy  0x000000002000e1b4       0x26 /usr/lib/gcc/arm-none-eabi/5.2.0/../../../../arm-none-eabi/lib/armv7e-m/libc_nano.a(lib_a-strncpy.o)
                0x000000002000e1b4                strncpy
 .text._vsnprintf_r
                0x000000002000e1da       0x56 /usr/lib/gcc/arm-none-eabi/5.2.0/../../../../arm-none-eabi/lib/armv7e-m/libc_nano.a(lib_a-vsnprintf.o)
                0x000000002000e1da                _vsnprintf_r
                0x000000002000e1da                _vsniprintf_r
 .text.vsnprintf
                0x000000002000e230       0x1c /usr/lib/gcc/arm-none-eabi/5.2.0/../../../../arm-none-eabi/lib/armv7e-m/libc_nano.a(lib_a-vsnprintf.o)
                0x000000002000e230                vsnprintf
                0x000000002000e230                vsniprintf
 .text._realloc_r
                0x000000002000e24c       0x4c /usr/lib/gcc/arm-none-eabi/5.2.0/../../../../arm-none-eabi/lib/armv7e-m/libc_nano.a(lib_a-nano-reallocr.o)
                0x000000002000e24c                _realloc_r
 .text.__ssputs_r
                0x000000002000e298       0xb2 /usr/lib/gcc/arm-none-eabi/5.2.0/../../../../arm-none-eabi/lib/armv7e-m/libc_nano.a(lib_a-nano-svfprintf.o)
                0x000000002000e298                __ssputs_r
 *fill*         0x000000002000e34a        0x2 
 .text._svfprintf_r
                0x000000002000e34c      0x1e8 /usr/lib/gcc/arm-none-eabi/5.2.0/../../../../arm-none-eabi/lib/armv7e-m/libc_nano.a(lib_a-nano-svfprintf.o)
                0x000000002000e34c                _svfprintf_r
                0x000000002000e34c                _svfiprintf_r
 .text._printf_common
                0x000000002000e534       0xec /usr/lib/gcc/arm-none-eabi/5.2.0/../../../../arm-none-eabi/lib/armv7e-m/libc_nano.a(lib_a-nano-vfprintf_i.o)
                0x000000002000e534                _printf_common
 .text._printf_i
                0x000000002000e620      0x24c /usr/lib/gcc/arm-none-eabi/5.2.0/../../../../arm-none-eabi/lib/armv7e-m/libc_nano.a(lib_a-nano-vfprintf_i.o)
                0x000000002000e620                _printf_i
 .text.memchr   0x000000002000e86c       0x1e /usr/lib/gcc/arm-none-eabi/5.2.0/../../../../arm-none-eabi/lib/armv7e-m/libc_nano.a(lib_a-memchr.o)
                0x000000002000e86c                memchr
 .text._malloc_usable_size_r
                0x000000002000e88a       0x14 /usr/lib/gcc/arm-none-eabi/5.2.0/../../../../arm-none-eabi/lib/armv7e-m/libc_nano.a(lib_a-nano-msizer.o)
                0x000000002000e88a                _malloc_usable_size_r
 *(.rodata*)
 *fill*         0x000000002000e89e        0x2 
 .rodata        0x000000002000e8a0      0x220 obj/Debug/main.o
 .rodata.__FUNCTION__.6502
                0x000000002000eac0       0x14 obj/Debug/main.o
 .rodata.__FUNCTION__.6514
                0x000000002000ead4        0x8 obj/Debug/main.o
 .rodata        0x000000002000eadc       0x2c obj/Debug/uart_if.o
 .rodata        0x000000002000eb08      0x6ec obj/Debug/network_if.o
 .rodata.__FUNCTION__.5920
                0x000000002000f1f4       0x24 obj/Debug/network_if.o
 .rodata.__FUNCTION__.5933
                0x000000002000f218       0x18 obj/Debug/network_if.o
 .rodata.__FUNCTION__.5953
                0x000000002000f230       0x18 obj/Debug/network_if.o
 .rodata.__FUNCTION__.5981
                0x000000002000f248       0x18 obj/Debug/network_if.o
 .rodata.StartResponseLUT
                0x000000002000f260        0x8 ../../../simplelink/gcc/lib/os_PM/Debug/libsimplelink.a(device.o)
 .rodata._SlStopCmdCtrl
                0x000000002000f268        0x4 ../../../simplelink/gcc/lib/os_PM/Debug/libsimplelink.a(device.o)
 .rodata._SlDeviceGetCmdCtrl
                0x000000002000f26c        0x4 ../../../simplelink/gcc/lib/os_PM/Debug/libsimplelink.a(device.o)
 .rodata.g_H2NSyncPattern
                0x000000002000f270        0x8 ../../../simplelink/gcc/lib/os_PM/Debug/libsimplelink.a(driver.o)
 .rodata.g_H2NCnysPattern
                0x000000002000f278        0x8 ../../../simplelink/gcc/lib/os_PM/Debug/libsimplelink.a(driver.o)
 .rodata._SlActionLookupTable
                0x000000002000f280       0x38 ../../../simplelink/gcc/lib/os_PM/Debug/libsimplelink.a(driver.o)
                0x000000002000f280                _SlActionLookupTable
 .rodata.OpcodeTranslateTable
                0x000000002000f2b8       0x3c ../../../simplelink/gcc/lib/os_PM/Debug/libsimplelink.a(driver.o)
                0x000000002000f2b8                OpcodeTranslateTable
 .rodata.RxMsgClassLUT
                0x000000002000f2f4       0x20 ../../../simplelink/gcc/lib/os_PM/Debug/libsimplelink.a(driver.o)
 .rodata._SlRegisterServiceCtrl
                0x000000002000f314        0x4 ../../../simplelink/gcc/lib/os_PM/Debug/libsimplelink.a(netapp.o)
 .rodata._SlNetAppSendTokenValueCmdCtrl
                0x000000002000f318        0x4 ../../../simplelink/gcc/lib/os_PM/Debug/libsimplelink.a(netapp.o)
                0x000000002000f318                _SlNetAppSendTokenValueCmdCtrl
 .rodata._SlNetCfgSetCmdCtrl
                0x000000002000f31c        0x4 ../../../simplelink/gcc/lib/os_PM/Debug/libsimplelink.a(netcfg.o)
 .rodata._SlNetCfgGetCmdCtrl
                0x000000002000f320        0x4 ../../../simplelink/gcc/lib/os_PM/Debug/libsimplelink.a(netcfg.o)
 .rodata._SlPayloadByProtocolLUT
                0x000000002000f324       0x10 ../../../simplelink/gcc/lib/os_PM/Debug/libsimplelink.a(socket.o)
 .rodata._SlSockSocketCmdCtrl
                0x000000002000f334        0x4 ../../../simplelink/gcc/lib/os_PM/Debug/libsimplelink.a(socket.o)
 .rodata._SlSockCloseCmdCtrl
                0x000000002000f338        0x4 ../../../simplelink/gcc/lib/os_PM/Debug/libsimplelink.a(socket.o)
 .rodata._SlPolicySetCmdCtrl
                0x000000002000f33c        0x4 ../../../simplelink/gcc/lib/os_PM/Debug/libsimplelink.a(wlan.o)
 .rodata._SlProfileDelCmdCtrl
                0x000000002000f340        0x4 ../../../simplelink/gcc/lib/os_PM/Debug/libsimplelink.a(wlan.o)
 .rodata._SlRxFilterSetCmdCtrl
                0x000000002000f344        0x4 ../../../simplelink/gcc/lib/os_PM/Debug/libsimplelink.a(wlan.o)
 .rodata._SlWlanSetModeCmdCtrl
                0x000000002000f348        0x4 ../../../simplelink/gcc/lib/os_PM/Debug/libsimplelink.a(wlan.o)
 .rodata._SlWlanCfgSetCmdCtrl
                0x000000002000f34c        0x4 ../../../simplelink/gcc/lib/os_PM/Debug/libsimplelink.a(wlan.o)
 .rodata        0x000000002000f350        0x8 ../../../oslib/gcc/free_rtos/Debug/free_rtos.a(osi_freertos.o)
 .rodata        0x000000002000f358       0x2c ../../../oslib/gcc/free_rtos/Debug/free_rtos.a(queue.o)
 .rodata        0x000000002000f384       0x44 ../../../oslib/gcc/free_rtos/Debug/free_rtos.a(tasks.o)
 .rodata.ucExpectedStackBytes.5776
                0x000000002000f3c8       0x14 ../../../oslib/gcc/free_rtos/Debug/free_rtos.a(tasks.o)
 .rodata        0x000000002000f3dc       0x40 ../../../oslib/gcc/free_rtos/Debug/free_rtos.a(port.o)
 .rodata        0x000000002000f41c       0x3c ../../../oslib/gcc/free_rtos/Debug/free_rtos.a(timers.o)
 .rodata.g_pulRegs
                0x000000002000f458       0xd4 ../../../driverlib/gcc/lib/Debug/libdriver.a(interrupt.o)
 .rodata.g_pulEnRegs
                0x000000002000f52c       0x18 ../../../driverlib/gcc/lib/Debug/libdriver.a(interrupt.o)
 .rodata.g_pulDisRegs
                0x000000002000f544       0x18 ../../../driverlib/gcc/lib/Debug/libdriver.a(interrupt.o)
 .rodata.g_pulUnpendRegs
                0x000000002000f55c       0x18 ../../../driverlib/gcc/lib/Debug/libdriver.a(interrupt.o)
 .rodata.g_ulPinToPadMap
                0x000000002000f574      0x100 ../../../driverlib/gcc/lib/Debug/libdriver.a(pin.o)
 .rodata.PRCM_PeriphRegsList
                0x000000002000f674       0xa8 ../../../driverlib/gcc/lib/Debug/libdriver.a(prcm.o)
 .rodata.g_ulSPIDmaMaskMap
                0x000000002000f71c       0x18 ../../../driverlib/gcc/lib/Debug/libdriver.a(spi.o)
 .rodata.str1.1
                0x000000002000f734        0x2 /usr/lib/gcc/arm-none-eabi/5.2.0/../../../../arm-none-eabi/lib/armv7e-m/libc_nano.a(lib_a-impure.o)
 .rodata.str1.1
                0x000000002000f736       0x11 /usr/lib/gcc/arm-none-eabi/5.2.0/../../../../arm-none-eabi/lib/armv7e-m/libc_nano.a(lib_a-nano-svfprintf.o)
 .rodata.str1.1
                0x000000002000f747       0x22 /usr/lib/gcc/arm-none-eabi/5.2.0/../../../../arm-none-eabi/lib/armv7e-m/libc_nano.a(lib_a-nano-vfprintf_i.o)
 *(.ARM.extab* .gnu.linkonce.armextab.*)
                0x000000002000f770                . = ALIGN (0x8)
 *fill*         0x000000002000f769        0x7 
                0x000000002000f770                _etext = .

.glue_7         0x000000002000f770        0x0
 .glue_7        0x0000000000000000        0x0 linker stubs

.glue_7t        0x000000002000f770        0x0
 .glue_7t       0x0000000000000000        0x0 linker stubs

.vfp11_veneer   0x000000002000f770        0x0
 .vfp11_veneer  0x0000000000000000        0x0 linker stubs

.v4_bx          0x000000002000f770        0x0
 .v4_bx         0x0000000000000000        0x0 linker stubs

.iplt           0x000000002000f770        0x0
 .iplt          0x0000000000000000        0x0 obj/Debug/main.o

.rel.dyn        0x000000002000f770        0x0
 .rel.iplt      0x0000000000000000        0x0 obj/Debug/main.o

.ARM            0x000000002000f770        0x0
                0x000000002000f770                __exidx_start = .
 *(.ARM.exidx*)
                0x000000002000f770                __exidx_end = .
                0x000000002000f770                __init_data = .

.data           0x000000002000f770       0x80
                0x000000002000f770                _data = .
 *(.data*)
 .data.ulReg    0x000000002000f770       0x14 obj/Debug/gpio_if.o
 .data.xNextTaskUnblockTime
                0x000000002000f784        0x4 ../../../oslib/gcc/free_rtos/Debug/free_rtos.a(tasks.o)
 .data.uxCriticalNesting
                0x000000002000f788        0x4 ../../../oslib/gcc/free_rtos/Debug/free_rtos.a(port.o)
 .data.impure_data
                0x000000002000f78c       0x60 /usr/lib/gcc/arm-none-eabi/5.2.0/../../../../arm-none-eabi/lib/armv7e-m/libc_nano.a(lib_a-impure.o)
 .data._impure_ptr
                0x000000002000f7ec        0x4 /usr/lib/gcc/arm-none-eabi/5.2.0/../../../../arm-none-eabi/lib/armv7e-m/libc_nano.a(lib_a-impure.o)
                0x000000002000f7ec                _impure_ptr
                0x000000002000f7f0                . = ALIGN (0x8)
                0x000000002000f7f0                _edata = .

.igot.plt       0x000000002000f7f0        0x0
 .igot.plt      0x0000000000000000        0x0 obj/Debug/main.o

.bss            0x000000002000f7f0     0x149c
                0x000000002000f7f0                _bss = .
 *(.bss*)
 .bss.SecurityParams
                0x000000002000f7f0        0xc obj/Debug/main.o
                0x000000002000f7f0                SecurityParams
 .bss.g_usTimerInts
                0x000000002000f7fc        0x2 obj/Debug/main.o
                0x000000002000f7fc                g_usTimerInts
 *fill*         0x000000002000f7fe        0x2 
 .bss.__Errorlog
                0x000000002000f800        0x4 obj/Debug/uart_if.o
 .bss.g_uiLED1Port
                0x000000002000f804        0x4 obj/Debug/gpio_if.o
                0x000000002000f804                g_uiLED1Port
 .bss.g_uiLED2Port
                0x000000002000f808        0x4 obj/Debug/gpio_if.o
                0x000000002000f808                g_uiLED2Port
 .bss.g_uiLED3Port
                0x000000002000f80c        0x4 obj/Debug/gpio_if.o
                0x000000002000f80c                g_uiLED3Port
 .bss.g_ulStatus
                0x000000002000f810        0x4 obj/Debug/network_if.o
                0x000000002000f810                g_ulStatus
 .bss.g_ulStaIp
                0x000000002000f814        0x4 obj/Debug/network_if.o
                0x000000002000f814                g_ulStaIp
 .bss.g_ulGatewayIP
                0x000000002000f818        0x4 obj/Debug/network_if.o
                0x000000002000f818                g_ulGatewayIP
 .bss.heap_end  0x000000002000f81c        0x4 obj/Debug/startup_gcc.o
 .bss.heap2_end
                0x000000002000f820        0x4 obj/Debug/startup_gcc.o
 .bss.pui32Stack
                0x000000002000f824     0x1000 obj/Debug/startup_gcc.o
 .bss.g_SlDeviceStatus
                0x0000000020010824        0x2 ../../../simplelink/gcc/lib/os_PM/Debug/libsimplelink.a(driver.o)
                0x0000000020010824                g_SlDeviceStatus
 *fill*         0x0000000020010826        0x2 
 .bss.g_StatMem
                0x0000000020010828      0x178 ../../../simplelink/gcc/lib/os_PM/Debug/libsimplelink.a(driver.o)
 .bss.g_pCB     0x00000000200109a0        0x4 ../../../simplelink/gcc/lib/os_PM/Debug/libsimplelink.a(driver.o)
                0x00000000200109a0                g_pCB
 .bss.pPingCallBackFunc
                0x00000000200109a4        0x4 ../../../simplelink/gcc/lib/os_PM/Debug/libsimplelink.a(driver.o)
                0x00000000200109a4                pPingCallBackFunc
 .bss.gFirstCmdMode
                0x00000000200109a8        0x1 ../../../simplelink/gcc/lib/os_PM/Debug/libsimplelink.a(driver.o)
 *fill*         0x00000000200109a9        0x3 
 .bss.xHigherPriorityTaskWoken
                0x00000000200109ac        0x4 ../../../oslib/gcc/free_rtos/Debug/free_rtos.a(osi_freertos.o)
                0x00000000200109ac                xHigherPriorityTaskWoken
 .bss.xSimpleLinkSpawnQueue
                0x00000000200109b0        0x4 ../../../oslib/gcc/free_rtos/Debug/free_rtos.a(osi_freertos.o)
                0x00000000200109b0                xSimpleLinkSpawnQueue
 .bss.xSimpleLinkSpawnTaskHndl
                0x00000000200109b4        0x4 ../../../oslib/gcc/free_rtos/Debug/free_rtos.a(osi_freertos.o)
                0x00000000200109b4                xSimpleLinkSpawnTaskHndl
 .bss.pxCurrentTCB
                0x00000000200109b8        0x4 ../../../oslib/gcc/free_rtos/Debug/free_rtos.a(tasks.o)
                0x00000000200109b8                pxCurrentTCB
 .bss.pxReadyTasksLists
                0x00000000200109bc       0xc8 ../../../oslib/gcc/free_rtos/Debug/free_rtos.a(tasks.o)
 .bss.xDelayedTaskList1
                0x0000000020010a84       0x14 ../../../oslib/gcc/free_rtos/Debug/free_rtos.a(tasks.o)
 .bss.xDelayedTaskList2
                0x0000000020010a98       0x14 ../../../oslib/gcc/free_rtos/Debug/free_rtos.a(tasks.o)
 .bss.pxDelayedTaskList
                0x0000000020010aac        0x4 ../../../oslib/gcc/free_rtos/Debug/free_rtos.a(tasks.o)
 .bss.pxOverflowDelayedTaskList
                0x0000000020010ab0        0x4 ../../../oslib/gcc/free_rtos/Debug/free_rtos.a(tasks.o)
 .bss.xPendingReadyList
                0x0000000020010ab4       0x14 ../../../oslib/gcc/free_rtos/Debug/free_rtos.a(tasks.o)
 .bss.xTasksWaitingTermination
                0x0000000020010ac8       0x14 ../../../oslib/gcc/free_rtos/Debug/free_rtos.a(tasks.o)
 .bss.uxTasksDeleted
                0x0000000020010adc        0x4 ../../../oslib/gcc/free_rtos/Debug/free_rtos.a(tasks.o)
 .bss.xSuspendedTaskList
                0x0000000020010ae0       0x14 ../../../oslib/gcc/free_rtos/Debug/free_rtos.a(tasks.o)
 .bss.xIdleTaskHandle
                0x0000000020010af4        0x4 ../../../oslib/gcc/free_rtos/Debug/free_rtos.a(tasks.o)
 .bss.uxCurrentNumberOfTasks
                0x0000000020010af8        0x4 ../../../oslib/gcc/free_rtos/Debug/free_rtos.a(tasks.o)
 .bss.xTickCount
                0x0000000020010afc        0x4 ../../../oslib/gcc/free_rtos/Debug/free_rtos.a(tasks.o)
 .bss.uxTopReadyPriority
                0x0000000020010b00        0x4 ../../../oslib/gcc/free_rtos/Debug/free_rtos.a(tasks.o)
 .bss.xSchedulerRunning
                0x0000000020010b04        0x4 ../../../oslib/gcc/free_rtos/Debug/free_rtos.a(tasks.o)
 .bss.uxPendedTicks
                0x0000000020010b08        0x4 ../../../oslib/gcc/free_rtos/Debug/free_rtos.a(tasks.o)
 .bss.xYieldPending
                0x0000000020010b0c        0x4 ../../../oslib/gcc/free_rtos/Debug/free_rtos.a(tasks.o)
 .bss.xNumOfOverflows
                0x0000000020010b10        0x4 ../../../oslib/gcc/free_rtos/Debug/free_rtos.a(tasks.o)
 .bss.uxTaskNumber
                0x0000000020010b14        0x4 ../../../oslib/gcc/free_rtos/Debug/free_rtos.a(tasks.o)
 .bss.uxSchedulerSuspended
                0x0000000020010b18        0x4 ../../../oslib/gcc/free_rtos/Debug/free_rtos.a(tasks.o)
 .bss.ucMaxSysCallPriority
                0x0000000020010b1c        0x1 ../../../oslib/gcc/free_rtos/Debug/free_rtos.a(port.o)
 *fill*         0x0000000020010b1d        0x3 
 .bss.ulMaxPRIGROUPValue
                0x0000000020010b20        0x4 ../../../oslib/gcc/free_rtos/Debug/free_rtos.a(port.o)
 .bss.xActiveTimerList1
                0x0000000020010b24       0x14 ../../../oslib/gcc/free_rtos/Debug/free_rtos.a(timers.o)
 .bss.xActiveTimerList2
                0x0000000020010b38       0x14 ../../../oslib/gcc/free_rtos/Debug/free_rtos.a(timers.o)
 .bss.pxCurrentTimerList
                0x0000000020010b4c        0x4 ../../../oslib/gcc/free_rtos/Debug/free_rtos.a(timers.o)
 .bss.pxOverflowTimerList
                0x0000000020010b50        0x4 ../../../oslib/gcc/free_rtos/Debug/free_rtos.a(timers.o)
 .bss.xTimerQueue
                0x0000000020010b54        0x4 ../../../oslib/gcc/free_rtos/Debug/free_rtos.a(timers.o)
 .bss.xTimerTaskHandle
                0x0000000020010b58        0x4 ../../../oslib/gcc/free_rtos/Debug/free_rtos.a(timers.o)
 .bss.xLastTime.4980
                0x0000000020010b5c        0x4 ../../../oslib/gcc/free_rtos/Debug/free_rtos.a(timers.o)
 .bss.__malloc_sbrk_start
                0x0000000020010b60        0x4 /usr/lib/gcc/arm-none-eabi/5.2.0/../../../../arm-none-eabi/lib/armv7e-m/libc_nano.a(lib_a-nano-mallocr.o)
                0x0000000020010b60                __malloc_sbrk_start
 .bss.__malloc_free_list
                0x0000000020010b64        0x4 /usr/lib/gcc/arm-none-eabi/5.2.0/../../../../arm-none-eabi/lib/armv7e-m/libc_nano.a(lib_a-nano-mallocr.o)
                0x0000000020010b64                __malloc_free_list
 *(COMMON)
 COMMON         0x0000000020010b68        0x3 obj/Debug/gpio_if.o
                0x0000000020010b68                g_ucLED1Pin
                0x0000000020010b69                g_ucLED2Pin
                0x0000000020010b6a                g_ucLED3Pin
 *fill*         0x0000000020010b6b        0x1 
 COMMON         0x0000000020010b6c       0x2d obj/Debug/network_if.o
                0x0000000020010b6c                g_usConnectIndex
                0x0000000020010b70                g_ucConnectionBSSID
                0x0000000020010b78                g_ucConnectionSSID
 COMMON         0x0000000020010b99        0x2 ../../../simplelink/gcc/lib/os_PM/Debug/libsimplelink.a(driver.o)
                0x0000000020010b99                g_bDeviceRestartIsRequired
                0x0000000020010b9a                RxIrqCnt
 *fill*         0x0000000020010b9b        0x1 
 COMMON         0x0000000020010b9c       0x9c ../../../middleware/gcc/lib/Debug/middleware.a(spi_drv.o)
                0x0000000020010b9c                spi_rtos_drv
 COMMON         0x0000000020010c38       0x50 ../../../oslib/gcc/free_rtos/Debug/free_rtos.a(queue.o)
                0x0000000020010c38                xQueueRegistry
 COMMON         0x0000000020010c88        0x4 /usr/lib/gcc/arm-none-eabi/5.2.0/../../../../arm-none-eabi/lib/armv7e-m/libc_nano.a(lib_a-reent.o)
                0x0000000020010c88                errno
                0x0000000020010c8c                _ebss = .

.heap           0x0000000020010c8c    0x2ef74
                0x0000000020010c8c                _heap = .
                0x000000002003fc00                . = (((((((. + 0x40000) - SIZEOF (.bss)) - SIZEOF (.data)) - SIZEOF (.ARM)) - SIZEOF (.text)) - SIZEOF (.bootloader)) - 0x400)
 *fill*         0x0000000020010c8c    0x2ef74 
                0x000000002003fc00                . = ALIGN (0x400)
                0x000000002003fc00                _eheap = .
LOAD obj/Debug/main.o
LOAD obj/Debug/pinmux.o
LOAD obj/Debug/uart_if.o
LOAD obj/Debug/timer_if.o
LOAD obj/Debug/gpio_if.o
LOAD obj/Debug/utils_if.o
LOAD obj/Debug/network_if.o
LOAD obj/Debug/startup_gcc.o
LOAD ../../../simplelink/gcc/lib/os_PM/Debug/libsimplelink.a
LOAD ../../../middleware/gcc/lib/Debug/middleware.a
LOAD ../../../oslib/gcc/free_rtos/Debug/free_rtos.a
LOAD ../../../driverlib/gcc/lib/Debug/libdriver.a
LOAD /usr/lib/gcc/arm-none-eabi/5.2.0/../../../../arm-none-eabi/lib/armv7e-m/libc_nano.a
LOAD /usr/lib/gcc/arm-none-eabi/5.2.0/../../../../arm-none-eabi/lib/armv7e-m/libm.a
LOAD /usr/lib/gcc/arm-none-eabi/5.2.0/armv7e-m/libgcc.a
LOAD /usr/lib/gcc/arm-none-eabi/5.2.0/../../../../arm-none-eabi/lib/armv7e-m/libnosys.a
OUTPUT(bin/Debug/hib.elf elf32-littlearm)

.debug_info     0x0000000000000000    0x1a8d5
 .debug_info    0x0000000000000000      0x3f2 obj/Debug/main.o
 .debug_info    0x00000000000003f2       0x45 obj/Debug/pinmux.o
 .debug_info    0x0000000000000437      0x2ac obj/Debug/uart_if.o
 .debug_info    0x00000000000006e3      0x2b4 obj/Debug/timer_if.o
 .debug_info    0x0000000000000997      0x3e6 obj/Debug/gpio_if.o
 .debug_info    0x0000000000000d7d       0xa5 obj/Debug/utils_if.o
 .debug_info    0x0000000000000e22     0x1191 obj/Debug/network_if.o
 .debug_info    0x0000000000001fb3      0x20f obj/Debug/startup_gcc.o
 .debug_info    0x00000000000021c2      0xf4e ../../../simplelink/gcc/lib/os_PM/Debug/libsimplelink.a(device.o)
 .debug_info    0x0000000000003110     0x1bd5 ../../../simplelink/gcc/lib/os_PM/Debug/libsimplelink.a(driver.o)
 .debug_info    0x0000000000004ce5     0x1943 ../../../simplelink/gcc/lib/os_PM/Debug/libsimplelink.a(netapp.o)
 .debug_info    0x0000000000006628      0x3ec ../../../simplelink/gcc/lib/os_PM/Debug/libsimplelink.a(netcfg.o)
 .debug_info    0x0000000000006a14     0x1a88 ../../../simplelink/gcc/lib/os_PM/Debug/libsimplelink.a(socket.o)
 .debug_info    0x000000000000849c     0x1aaa ../../../simplelink/gcc/lib/os_PM/Debug/libsimplelink.a(wlan.o)
 .debug_info    0x0000000000009f46      0x31f ../../../simplelink/gcc/lib/os_PM/Debug/libsimplelink.a(cc_pal_pm.o)
 .debug_info    0x000000000000a265      0xe84 ../../../middleware/gcc/lib/Debug/middleware.a(spi_drv.o)
 .debug_info    0x000000000000b0e9      0x9cf ../../../middleware/gcc/lib/Debug/middleware.a(dma_hal.o)
 .debug_info    0x000000000000bab8      0x934 ../../../middleware/gcc/lib/Debug/middleware.a(spi_hal.o)
 .debug_info    0x000000000000c3ec      0x8d9 ../../../oslib/gcc/free_rtos/Debug/free_rtos.a(osi_freertos.o)
 .debug_info    0x000000000000ccc5      0xd88 ../../../oslib/gcc/free_rtos/Debug/free_rtos.a(queue.o)
 .debug_info    0x000000000000da4d     0x1790 ../../../oslib/gcc/free_rtos/Debug/free_rtos.a(tasks.o)
 .debug_info    0x000000000000f1dd      0x317 ../../../oslib/gcc/free_rtos/Debug/free_rtos.a(port.o)
 .debug_info    0x000000000000f4f4      0x9f1 ../../../oslib/gcc/free_rtos/Debug/free_rtos.a(timers.o)
 .debug_info    0x000000000000fee5       0xed ../../../oslib/gcc/free_rtos/Debug/free_rtos.a(heap_3.o)
 .debug_info    0x000000000000ffd2      0x29d ../../../oslib/gcc/free_rtos/Debug/free_rtos.a(list.o)
 .debug_info    0x000000000001026f      0x3b0 ../../../driverlib/gcc/lib/Debug/libdriver.a(gpio.o)
 .debug_info    0x000000000001061f      0x20c ../../../driverlib/gcc/lib/Debug/libdriver.a(hwspinlock.o)
 .debug_info    0x000000000001082b      0x383 ../../../driverlib/gcc/lib/Debug/libdriver.a(interrupt.o)
 .debug_info    0x0000000000010bae      0x3eb ../../../driverlib/gcc/lib/Debug/libdriver.a(pin.o)
 .debug_info    0x0000000000010f99      0xa3d ../../../driverlib/gcc/lib/Debug/libdriver.a(prcm.o)
 .debug_info    0x00000000000119d6      0x9be ../../../driverlib/gcc/lib/Debug/libdriver.a(spi.o)
 .debug_info    0x0000000000012394      0x5c1 ../../../driverlib/gcc/lib/Debug/libdriver.a(timer.o)
 .debug_info    0x0000000000012955      0x82e ../../../driverlib/gcc/lib/Debug/libdriver.a(uart.o)
 .debug_info    0x0000000000013183      0x53f ../../../driverlib/gcc/lib/Debug/libdriver.a(udma.o)
 .debug_info    0x00000000000136c2       0x50 ../../../driverlib/gcc/lib/Debug/libdriver.a(utils.o)
 .debug_info    0x0000000000013712       0xfe ../../../driverlib/gcc/lib/Debug/libdriver.a(cpu.o)
 .debug_info    0x0000000000013810      0x7b2 /usr/lib/gcc/arm-none-eabi/5.2.0/../../../../arm-none-eabi/lib/armv7e-m/libc_nano.a(lib_a-malloc.o)
 .debug_info    0x0000000000013fc2       0xf8 /usr/lib/gcc/arm-none-eabi/5.2.0/../../../../arm-none-eabi/lib/armv7e-m/libc_nano.a(lib_a-memcmp.o)
 .debug_info    0x00000000000140ba      0x115 /usr/lib/gcc/arm-none-eabi/5.2.0/../../../../arm-none-eabi/lib/armv7e-m/libc_nano.a(lib_a-memcpy.o)
 .debug_info    0x00000000000141cf      0x109 /usr/lib/gcc/arm-none-eabi/5.2.0/../../../../arm-none-eabi/lib/armv7e-m/libc_nano.a(lib_a-memmove.o)
 .debug_info    0x00000000000142d8       0xda /usr/lib/gcc/arm-none-eabi/5.2.0/../../../../arm-none-eabi/lib/armv7e-m/libc_nano.a(lib_a-memset.o)
 .debug_info    0x00000000000143b2      0x821 /usr/lib/gcc/arm-none-eabi/5.2.0/../../../../arm-none-eabi/lib/armv7e-m/libc_nano.a(lib_a-nano-freer.o)
 .debug_info    0x0000000000014bd3      0x8ec /usr/lib/gcc/arm-none-eabi/5.2.0/../../../../arm-none-eabi/lib/armv7e-m/libc_nano.a(lib_a-nano-mallocr.o)
 .debug_info    0x00000000000154bf      0x786 /usr/lib/gcc/arm-none-eabi/5.2.0/../../../../arm-none-eabi/lib/armv7e-m/libc_nano.a(lib_a-realloc.o)
 .debug_info    0x0000000000015c45      0x7a1 /usr/lib/gcc/arm-none-eabi/5.2.0/../../../../arm-none-eabi/lib/armv7e-m/libc_nano.a(lib_a-sbrkr.o)
 .debug_info    0x00000000000163e6       0xd4 /usr/lib/gcc/arm-none-eabi/5.2.0/../../../../arm-none-eabi/lib/armv7e-m/libc_nano.a(lib_a-strlen.o)
 .debug_info    0x00000000000164ba      0x10a /usr/lib/gcc/arm-none-eabi/5.2.0/../../../../arm-none-eabi/lib/armv7e-m/libc_nano.a(lib_a-strncpy.o)
 .debug_info    0x00000000000165c4      0x892 /usr/lib/gcc/arm-none-eabi/5.2.0/../../../../arm-none-eabi/lib/armv7e-m/libc_nano.a(lib_a-vsnprintf.o)
 .debug_info    0x0000000000016e56      0x7da /usr/lib/gcc/arm-none-eabi/5.2.0/../../../../arm-none-eabi/lib/armv7e-m/libc_nano.a(lib_a-impure.o)
 .debug_info    0x0000000000017630      0x878 /usr/lib/gcc/arm-none-eabi/5.2.0/../../../../arm-none-eabi/lib/armv7e-m/libc_nano.a(lib_a-nano-reallocr.o)
 .debug_info    0x0000000000017ea8      0xd40 /usr/lib/gcc/arm-none-eabi/5.2.0/../../../../arm-none-eabi/lib/armv7e-m/libc_nano.a(lib_a-nano-svfprintf.o)
 .debug_info    0x0000000000018be8      0xb33 /usr/lib/gcc/arm-none-eabi/5.2.0/../../../../arm-none-eabi/lib/armv7e-m/libc_nano.a(lib_a-nano-vfprintf_i.o)
 .debug_info    0x000000000001971b      0x8fb /usr/lib/gcc/arm-none-eabi/5.2.0/../../../../arm-none-eabi/lib/armv7e-m/libc_nano.a(lib_a-reent.o)
 .debug_info    0x000000000001a016       0xff /usr/lib/gcc/arm-none-eabi/5.2.0/../../../../arm-none-eabi/lib/armv7e-m/libc_nano.a(lib_a-memchr.o)
 .debug_info    0x000000000001a115      0x7c0 /usr/lib/gcc/arm-none-eabi/5.2.0/../../../../arm-none-eabi/lib/armv7e-m/libc_nano.a(lib_a-nano-msizer.o)

.debug_abbrev   0x0000000000000000     0x4fa8
 .debug_abbrev  0x0000000000000000      0x1cd obj/Debug/main.o
 .debug_abbrev  0x00000000000001cd       0x37 obj/Debug/pinmux.o
 .debug_abbrev  0x0000000000000204      0x147 obj/Debug/uart_if.o
 .debug_abbrev  0x000000000000034b       0xde obj/Debug/timer_if.o
 .debug_abbrev  0x0000000000000429      0x135 obj/Debug/gpio_if.o
 .debug_abbrev  0x000000000000055e       0x6d obj/Debug/utils_if.o
 .debug_abbrev  0x00000000000005cb      0x2f7 obj/Debug/network_if.o
 .debug_abbrev  0x00000000000008c2      0x10b obj/Debug/startup_gcc.o
 .debug_abbrev  0x00000000000009cd      0x25e ../../../simplelink/gcc/lib/os_PM/Debug/libsimplelink.a(device.o)
 .debug_abbrev  0x0000000000000c2b      0x28e ../../../simplelink/gcc/lib/os_PM/Debug/libsimplelink.a(driver.o)
 .debug_abbrev  0x0000000000000eb9      0x29d ../../../simplelink/gcc/lib/os_PM/Debug/libsimplelink.a(netapp.o)
 .debug_abbrev  0x0000000000001156      0x142 ../../../simplelink/gcc/lib/os_PM/Debug/libsimplelink.a(netcfg.o)
 .debug_abbrev  0x0000000000001298      0x2d4 ../../../simplelink/gcc/lib/os_PM/Debug/libsimplelink.a(socket.o)
 .debug_abbrev  0x000000000000156c      0x252 ../../../simplelink/gcc/lib/os_PM/Debug/libsimplelink.a(wlan.o)
 .debug_abbrev  0x00000000000017be      0x138 ../../../simplelink/gcc/lib/os_PM/Debug/libsimplelink.a(cc_pal_pm.o)
 .debug_abbrev  0x00000000000018f6      0x27e ../../../middleware/gcc/lib/Debug/middleware.a(spi_drv.o)
 .debug_abbrev  0x0000000000001b74      0x236 ../../../middleware/gcc/lib/Debug/middleware.a(dma_hal.o)
 .debug_abbrev  0x0000000000001daa      0x257 ../../../middleware/gcc/lib/Debug/middleware.a(spi_hal.o)
 .debug_abbrev  0x0000000000002001      0x207 ../../../oslib/gcc/free_rtos/Debug/free_rtos.a(osi_freertos.o)
 .debug_abbrev  0x0000000000002208      0x18f ../../../oslib/gcc/free_rtos/Debug/free_rtos.a(queue.o)
 .debug_abbrev  0x0000000000002397      0x2a3 ../../../oslib/gcc/free_rtos/Debug/free_rtos.a(tasks.o)
 .debug_abbrev  0x000000000000263a      0x1a4 ../../../oslib/gcc/free_rtos/Debug/free_rtos.a(port.o)
 .debug_abbrev  0x00000000000027de      0x1c5 ../../../oslib/gcc/free_rtos/Debug/free_rtos.a(timers.o)
 .debug_abbrev  0x00000000000029a3       0xb9 ../../../oslib/gcc/free_rtos/Debug/free_rtos.a(heap_3.o)
 .debug_abbrev  0x0000000000002a5c       0xbe ../../../oslib/gcc/free_rtos/Debug/free_rtos.a(list.o)
 .debug_abbrev  0x0000000000002b1a      0x130 ../../../driverlib/gcc/lib/Debug/libdriver.a(gpio.o)
 .debug_abbrev  0x0000000000002c4a       0xa4 ../../../driverlib/gcc/lib/Debug/libdriver.a(hwspinlock.o)
 .debug_abbrev  0x0000000000002cee      0x145 ../../../driverlib/gcc/lib/Debug/libdriver.a(interrupt.o)
 .debug_abbrev  0x0000000000002e33       0xf4 ../../../driverlib/gcc/lib/Debug/libdriver.a(pin.o)
 .debug_abbrev  0x0000000000002f27      0x1cc ../../../driverlib/gcc/lib/Debug/libdriver.a(prcm.o)
 .debug_abbrev  0x00000000000030f3      0x131 ../../../driverlib/gcc/lib/Debug/libdriver.a(spi.o)
 .debug_abbrev  0x0000000000003224       0xde ../../../driverlib/gcc/lib/Debug/libdriver.a(timer.o)
 .debug_abbrev  0x0000000000003302      0x131 ../../../driverlib/gcc/lib/Debug/libdriver.a(uart.o)
 .debug_abbrev  0x0000000000003433      0x182 ../../../driverlib/gcc/lib/Debug/libdriver.a(udma.o)
 .debug_abbrev  0x00000000000035b5       0x48 ../../../driverlib/gcc/lib/Debug/libdriver.a(utils.o)
 .debug_abbrev  0x00000000000035fd       0xb4 ../../../driverlib/gcc/lib/Debug/libdriver.a(cpu.o)
 .debug_abbrev  0x00000000000036b1      0x18a /usr/lib/gcc/arm-none-eabi/5.2.0/../../../../arm-none-eabi/lib/armv7e-m/libc_nano.a(lib_a-malloc.o)
 .debug_abbrev  0x000000000000383b       0x7f /usr/lib/gcc/arm-none-eabi/5.2.0/../../../../arm-none-eabi/lib/armv7e-m/libc_nano.a(lib_a-memcmp.o)
 .debug_abbrev  0x00000000000038ba       0xab /usr/lib/gcc/arm-none-eabi/5.2.0/../../../../arm-none-eabi/lib/armv7e-m/libc_nano.a(lib_a-memcpy.o)
 .debug_abbrev  0x0000000000003965       0x9c /usr/lib/gcc/arm-none-eabi/5.2.0/../../../../arm-none-eabi/lib/armv7e-m/libc_nano.a(lib_a-memmove.o)
 .debug_abbrev  0x0000000000003a01       0x8e /usr/lib/gcc/arm-none-eabi/5.2.0/../../../../arm-none-eabi/lib/armv7e-m/libc_nano.a(lib_a-memset.o)
 .debug_abbrev  0x0000000000003a8f      0x1b6 /usr/lib/gcc/arm-none-eabi/5.2.0/../../../../arm-none-eabi/lib/armv7e-m/libc_nano.a(lib_a-nano-freer.o)
 .debug_abbrev  0x0000000000003c45      0x24e /usr/lib/gcc/arm-none-eabi/5.2.0/../../../../arm-none-eabi/lib/armv7e-m/libc_nano.a(lib_a-nano-mallocr.o)
 .debug_abbrev  0x0000000000003e93      0x17f /usr/lib/gcc/arm-none-eabi/5.2.0/../../../../arm-none-eabi/lib/armv7e-m/libc_nano.a(lib_a-realloc.o)
 .debug_abbrev  0x0000000000004012      0x1a0 /usr/lib/gcc/arm-none-eabi/5.2.0/../../../../arm-none-eabi/lib/armv7e-m/libc_nano.a(lib_a-sbrkr.o)
 .debug_abbrev  0x00000000000041b2       0x8c /usr/lib/gcc/arm-none-eabi/5.2.0/../../../../arm-none-eabi/lib/armv7e-m/libc_nano.a(lib_a-strlen.o)
 .debug_abbrev  0x000000000000423e       0x97 /usr/lib/gcc/arm-none-eabi/5.2.0/../../../../arm-none-eabi/lib/armv7e-m/libc_nano.a(lib_a-strncpy.o)
 .debug_abbrev  0x00000000000042d5      0x1bd /usr/lib/gcc/arm-none-eabi/5.2.0/../../../../arm-none-eabi/lib/armv7e-m/libc_nano.a(lib_a-vsnprintf.o)
 .debug_abbrev  0x0000000000004492      0x136 /usr/lib/gcc/arm-none-eabi/5.2.0/../../../../arm-none-eabi/lib/armv7e-m/libc_nano.a(lib_a-impure.o)
 .debug_abbrev  0x00000000000045c8      0x1af /usr/lib/gcc/arm-none-eabi/5.2.0/../../../../arm-none-eabi/lib/armv7e-m/libc_nano.a(lib_a-nano-reallocr.o)
 .debug_abbrev  0x0000000000004777      0x23f /usr/lib/gcc/arm-none-eabi/5.2.0/../../../../arm-none-eabi/lib/armv7e-m/libc_nano.a(lib_a-nano-svfprintf.o)
 .debug_abbrev  0x00000000000049b6      0x1f4 /usr/lib/gcc/arm-none-eabi/5.2.0/../../../../arm-none-eabi/lib/armv7e-m/libc_nano.a(lib_a-nano-vfprintf_i.o)
 .debug_abbrev  0x0000000000004baa      0x1f2 /usr/lib/gcc/arm-none-eabi/5.2.0/../../../../arm-none-eabi/lib/armv7e-m/libc_nano.a(lib_a-reent.o)
 .debug_abbrev  0x0000000000004d9c       0xab /usr/lib/gcc/arm-none-eabi/5.2.0/../../../../arm-none-eabi/lib/armv7e-m/libc_nano.a(lib_a-memchr.o)
 .debug_abbrev  0x0000000000004e47      0x161 /usr/lib/gcc/arm-none-eabi/5.2.0/../../../../arm-none-eabi/lib/armv7e-m/libc_nano.a(lib_a-nano-msizer.o)

.debug_aranges  0x0000000000000000     0x19a8
 .debug_aranges
                0x0000000000000000       0x58 obj/Debug/main.o
 .debug_aranges
                0x0000000000000058       0x20 obj/Debug/pinmux.o
 .debug_aranges
                0x0000000000000078       0x50 obj/Debug/uart_if.o
 .debug_aranges
                0x00000000000000c8       0x60 obj/Debug/timer_if.o
 .debug_aranges
                0x0000000000000128       0x68 obj/Debug/gpio_if.o
 .debug_aranges
                0x0000000000000190       0x28 obj/Debug/utils_if.o
 .debug_aranges
                0x00000000000001b8       0xc8 obj/Debug/network_if.o
 .debug_aranges
                0x0000000000000280       0x48 obj/Debug/startup_gcc.o
 .debug_aranges
                0x00000000000002c8       0x70 ../../../simplelink/gcc/lib/os_PM/Debug/libsimplelink.a(device.o)
 .debug_aranges
                0x0000000000000338      0x130 ../../../simplelink/gcc/lib/os_PM/Debug/libsimplelink.a(driver.o)
 .debug_aranges
                0x0000000000000468       0xa8 ../../../simplelink/gcc/lib/os_PM/Debug/libsimplelink.a(netapp.o)
 .debug_aranges
                0x0000000000000510       0x28 ../../../simplelink/gcc/lib/os_PM/Debug/libsimplelink.a(netcfg.o)
 .debug_aranges
                0x0000000000000538       0xe0 ../../../simplelink/gcc/lib/os_PM/Debug/libsimplelink.a(socket.o)
 .debug_aranges
                0x0000000000000618       0xb0 ../../../simplelink/gcc/lib/os_PM/Debug/libsimplelink.a(wlan.o)
 .debug_aranges
                0x00000000000006c8       0x88 ../../../simplelink/gcc/lib/os_PM/Debug/libsimplelink.a(cc_pal_pm.o)
 .debug_aranges
                0x0000000000000750       0xa8 ../../../middleware/gcc/lib/Debug/middleware.a(spi_drv.o)
 .debug_aranges
                0x00000000000007f8       0xc8 ../../../middleware/gcc/lib/Debug/middleware.a(dma_hal.o)
 .debug_aranges