Archive member included to satisfy reference by file (symbol)

../../../simplelink/gcc/lib/nonos/Debug/libsimplelink.a(cc_pal.o)
                              obj/Debug/lp3p0_plat_ops.o (spi_Open)
../../../simplelink/gcc/lib/nonos/Debug/libsimplelink.a(device.o)
                              obj/Debug/main.o (sl_Start)
../../../simplelink/gcc/lib/nonos/Debug/libsimplelink.a(driver.o)
                              ../../../simplelink/gcc/lib/nonos/Debug/libsimplelink.a(device.o) (g_SlDeviceStatus)
../../../simplelink/gcc/lib/nonos/Debug/libsimplelink.a(netapp.o)
                              obj/Debug/main.o (sl_NetAppStop)
../../../simplelink/gcc/lib/nonos/Debug/libsimplelink.a(netcfg.o)
                              obj/Debug/main.o (sl_NetCfgSet)
../../../simplelink/gcc/lib/nonos/Debug/libsimplelink.a(nonos.o)
                              ../../../simplelink/gcc/lib/nonos/Debug/libsimplelink.a(driver.o) (g__SlNonOsCB)
../../../simplelink/gcc/lib/nonos/Debug/libsimplelink.a(socket.o)
                              obj/Debug/main.o (sl_Socket)
../../../simplelink/gcc/lib/nonos/Debug/libsimplelink.a(wlan.o)
                              obj/Debug/main.o (sl_WlanConnect)
../../../middleware/gcc/lib/Debug/middleware.a(cc_pm.o)
                              obj/Debug/main.o (cc_idle_task_pm)
../../../middleware/gcc/lib/Debug/middleware.a(cc_io_park.o)
                              obj/Debug/lp3p0_plat_ops.o (cc_io_park_safe)
../../../middleware/gcc/lib/Debug/middleware.a(cc_pm_ops.o)
                              obj/Debug/lp3p0_board.o (wake_interrupt_handler)
../../../middleware/gcc/lib/Debug/middleware.a(gpio_hal.o)
                              ../../../middleware/gcc/lib/Debug/middleware.a(cc_pm_ops.o) (gpio_wake_interrupt_handler)
../../../middleware/gcc/lib/Debug/middleware.a(interrupt_hal.o)
                              ../../../middleware/gcc/lib/Debug/middleware.a(gpio_hal.o) (register_isr)
../../../middleware/gcc/lib/Debug/middleware.a(rtc_hal.o)
                              ../../../middleware/gcc/lib/Debug/middleware.a(cc_pm_ops.o) (cc_rtc_has_alarm)
../../../middleware/gcc/lib/Debug/middleware.a(util64.o)
                              ../../../middleware/gcc/lib/Debug/middleware.a(rtc_hal.o) (util_u64_time_add)
../../../driverlib/gcc/lib/Debug/libdriver.a(cpu.o)
                              obj/Debug/lp3p0_plat_ops.o (CPUcpsid)
../../../driverlib/gcc/lib/Debug/libdriver.a(gpio.o)
                              obj/Debug/pinmux.o (GPIODirModeSet)
../../../driverlib/gcc/lib/Debug/libdriver.a(hwspinlock.o)
                              obj/Debug/utils_if.o (HwSpinLockTryAcquire)
../../../driverlib/gcc/lib/Debug/libdriver.a(interrupt.o)
                              obj/Debug/main.o (IntMasterEnable)
../../../driverlib/gcc/lib/Debug/libdriver.a(pin.o)
                              ../../../middleware/gcc/lib/Debug/middleware.a(cc_io_park.o) (PinModeSet)
../../../driverlib/gcc/lib/Debug/libdriver.a(prcm.o)
                              obj/Debug/main.o (PRCMSysResetCauseGet)
../../../driverlib/gcc/lib/Debug/libdriver.a(spi.o)
                              obj/Debug/utils_if.o (SPIEnable)
../../../driverlib/gcc/lib/Debug/libdriver.a(timer.o)
                              ../../../simplelink/gcc/lib/nonos/Debug/libsimplelink.a(cc_pal.o) (TimerEnable)
../../../driverlib/gcc/lib/Debug/libdriver.a(uart.o)
                              obj/Debug/uart_if.o (UARTConfigSetExpClk)
../../../driverlib/gcc/lib/Debug/libdriver.a(udma.o)
                              obj/Debug/udma_if.o (uDMAEnable)
../../../driverlib/gcc/lib/Debug/libdriver.a(utils.o)
                              obj/Debug/main.o (UtilsDelay)
../../../driverlib/gcc/lib/Debug/libdriver.a(flash.o)
                              ../../../driverlib/gcc/lib/Debug/libdriver.a(prcm.o) (FlashDisable)
/usr/lib/gcc/arm-none-eabi/5.2.0/../../../../arm-none-eabi/lib/armv7e-m/libc_nano.a(lib_a-atoi.o)
                              obj/Debug/main.o (atoi)
/usr/lib/gcc/arm-none-eabi/5.2.0/../../../../arm-none-eabi/lib/armv7e-m/libc_nano.a(lib_a-malloc.o)
                              obj/Debug/uart_if.o (malloc)
/usr/lib/gcc/arm-none-eabi/5.2.0/../../../../arm-none-eabi/lib/armv7e-m/libc_nano.a(lib_a-memcpy.o)
                              obj/Debug/main.o (memcpy)
/usr/lib/gcc/arm-none-eabi/5.2.0/../../../../arm-none-eabi/lib/armv7e-m/libc_nano.a(lib_a-memmove.o)
                              obj/Debug/uart_if.o (memmove)
/usr/lib/gcc/arm-none-eabi/5.2.0/../../../../arm-none-eabi/lib/armv7e-m/libc_nano.a(lib_a-memset.o)
                              obj/Debug/main.o (memset)
/usr/lib/gcc/arm-none-eabi/5.2.0/../../../../arm-none-eabi/lib/armv7e-m/libc_nano.a(lib_a-nano-freer.o)
                              /usr/lib/gcc/arm-none-eabi/5.2.0/../../../../arm-none-eabi/lib/armv7e-m/libc_nano.a(lib_a-malloc.o) (_free_r)
/usr/lib/gcc/arm-none-eabi/5.2.0/../../../../arm-none-eabi/lib/armv7e-m/libc_nano.a(lib_a-nano-mallocr.o)
[...]
Memory Configuration

Name             Origin             Length             Attributes
SRAM             0x0000000020000000 0x0000000000040000 xrw
*default*        0x0000000000000000 0xffffffffffffffff

Linker script and memory map

                0x0000000000004000                BOOTLOADER_SIZE = 0x4000

.bootloader     0x0000000020000000     0x4000
                0x0000000020000000                _heap2 = .
                0x0000000020004000                . = (. + BOOTLOADER_SIZE)
 *fill*         0x0000000020000000     0x4000 
                0x0000000020004000                . = ALIGN (0x8)
                0x0000000020004000                _eheap2 = .

.text           0x0000000020004000     0x9f90
                0x0000000020004000                _text = .
 *(.intvecs)
 .intvecs       0x0000000020004000      0x400 obj/Debug/startup_gcc.o
                0x0000000020004000                g_pfnVectors
 *(.text*)
 .text.prcm_interrupt_handler
                0x0000000020004400       0x3c obj/Debug/lp3p0_board.o
                0x0000000020004400                prcm_interrupt_handler
 .text.platform_init
                0x000000002000443c       0x50 obj/Debug/lp3p0_board.o
                0x000000002000443c                platform_init
 .text.lp3p0_can_try_pm_state
                0x000000002000448c       0x70 obj/Debug/lp3p0_plat_ops.o
                0x000000002000448c                lp3p0_can_try_pm_state
 .text.lp3p0_back_up_soc_data
                0x00000000200044fc       0x34 obj/Debug/lp3p0_plat_ops.o
                0x00000000200044fc                lp3p0_back_up_soc_data
 .text.enable_peripherals
                0x0000000020004530       0x18 obj/Debug/lp3p0_plat_ops.o
                0x0000000020004530                enable_peripherals
 .text.lp3p0_restore_soc_data
                0x0000000020004548       0x30 obj/Debug/lp3p0_plat_ops.o
                0x0000000020004548                lp3p0_restore_soc_data
 .text.lp3p0_setup_power_policy
                0x0000000020004578       0x1c obj/Debug/lp3p0_plat_ops.o
                0x0000000020004578                lp3p0_setup_power_policy
 .text.lp3p0_enter_hibernate
                0x0000000020004594       0x14 obj/Debug/lp3p0_plat_ops.o
                0x0000000020004594                lp3p0_enter_hibernate
 .text.set_wkup_srcs
                0x00000000200045a8      0x124 obj/Debug/lp3p0_plat_ops.o
                0x00000000200045a8                set_wkup_srcs
 .text.disable_system_irq
                0x00000000200046cc       0x24 obj/Debug/lp3p0_plat_ops.o
                0x00000000200046cc                disable_system_irq
 .text.enable_system_irq
                0x00000000200046f0       0x38 obj/Debug/lp3p0_plat_ops.o
                0x00000000200046f0                enable_system_irq
 .text.lp3p0_get_pm_ops
                0x0000000020004728       0x8c obj/Debug/lp3p0_plat_ops.o
                0x0000000020004728                lp3p0_get_pm_ops
 .text.set_rtc_as_wk_src
                0x00000000200047b4       0x6c obj/Debug/lp3p0_plat_ops.o
                0x00000000200047b4                set_rtc_as_wk_src
 .text.set_host_irq_as_lpds_wk_src
                0x0000000020004820       0x3c obj/Debug/lp3p0_plat_ops.o
                0x0000000020004820                set_host_irq_as_lpds_wk_src
 .text.DisplayBanner
                0x000000002000485c       0x34 obj/Debug/main.o
 .text.SimpleLinkWlanEventHandler
                0x0000000020004890       0x28 obj/Debug/main.o
                0x0000000020004890                SimpleLinkWlanEventHandler
 .text.SimpleLinkNetAppEventHandler
                0x00000000200048b8       0x38 obj/Debug/main.o
                0x00000000200048b8                SimpleLinkNetAppEventHandler
 .text.SimpleLinkHttpServerCallback
                0x00000000200048f0       0x14 obj/Debug/main.o
                0x00000000200048f0                SimpleLinkHttpServerCallback
 .text.SimpleLinkSockEventHandler
                0x0000000020004904       0x1c obj/Debug/main.o
                0x0000000020004904                SimpleLinkSockEventHandler
 .text.SimpleLinkGeneralEventHandler
                0x0000000020004920       0x28 obj/Debug/main.o
                0x0000000020004920                SimpleLinkGeneralEventHandler
 .text.WlanConnect
                0x0000000020004948       0x94 obj/Debug/main.o
 .text.BoardInit
                0x00000000200049dc       0x24 obj/Debug/main.o
 .text.SwitchToStaMode
                0x0000000020004a00       0x3c obj/Debug/main.o
                0x0000000020004a00                SwitchToStaMode
 .text.main     0x0000000020004a3c      0x1b8 obj/Debug/main.o
                0x0000000020004a3c                main
 .text.getAPinfo
                0x0000000020004bf4       0xe0 obj/Debug/main.o
 .text.setUseCase
                0x0000000020004cd4       0xdc obj/Debug/main.o
 .text.getIpAddr
                0x0000000020004db0      0x158 obj/Debug/main.o
 .text.ConfigureSimpleLinkToDefaultState
                0x0000000020004f08      0x40c obj/Debug/main.o
 .text.interMettentConnet
                0x0000000020005314       0xe8 obj/Debug/main.o
                0x0000000020005314                interMettentConnet
 .text.alwaysConnected
                0x00000000200053fc      0x14c obj/Debug/main.o
                0x00000000200053fc                alwaysConnected
 .text.transceiverMode
                0x0000000020005548      0x100 obj/Debug/main.o
                0x0000000020005548                transceiverMode
 .text.PrepareData
                0x0000000020005648       0x54 obj/Debug/main.o
 .text.BsdUdpClient
                0x000000002000569c      0x120 obj/Debug/main.o
 .text.BsdTcpClient
                0x00000000200057bc      0x1b8 obj/Debug/main.o
 .text.BsdTcpSecClient
                0x0000000020005974      0x20c obj/Debug/main.o
 .text.SetTime  0x0000000020005b80       0x6c obj/Debug/main.o
 .text.PinMuxConfig
                0x0000000020005bec       0x7c obj/Debug/pinmux.o
                0x0000000020005bec                PinMuxConfig
 .text.InitTerm
                0x0000000020005c68       0x2c obj/Debug/uart_if.o
                0x0000000020005c68                InitTerm
 .text.Message  0x0000000020005c94       0x34 obj/Debug/uart_if.o
                0x0000000020005c94                Message
 .text.GetCmd   0x0000000020005cc8       0xb8 obj/Debug/uart_if.o
                0x0000000020005cc8                GetCmd
 .text.Report   0x0000000020005d80       0x98 obj/Debug/uart_if.o
                0x0000000020005d80                Report
 .text.DmaSwIntHandler
                0x0000000020005e18       0x24 obj/Debug/udma_if.o
                0x0000000020005e18                DmaSwIntHandler
 .text.DmaErrorIntHandler
                0x0000000020005e3c       0x14 obj/Debug/udma_if.o
                0x0000000020005e3c                DmaErrorIntHandler
 .text.UDMAInit
                0x0000000020005e50       0x80 obj/Debug/udma_if.o
                0x0000000020005e50                UDMAInit
 .text.Utils_SpiFlashDeepPowerDown
                0x0000000020005ed0       0xd0 obj/Debug/utils_if.o
                0x0000000020005ed0                Utils_SpiFlashDeepPowerDown
 .text.ResetISR
                0x0000000020005fa0       0x78 obj/Debug/startup_gcc.o
                0x0000000020005fa0                ResetISR
 .text.NmiSR    0x0000000020006018        0x8 obj/Debug/startup_gcc.o
 .text.FaultISR
                0x0000000020006020        0x8 obj/Debug/startup_gcc.o
 .text.BusFaultHandler
                0x0000000020006028        0x8 obj/Debug/startup_gcc.o
 .text.IntDefaultHandler
                0x0000000020006030        0x8 obj/Debug/startup_gcc.o
 .text._sbrk    0x0000000020006038       0x70 obj/Debug/startup_gcc.o
                0x0000000020006038                _sbrk
 .text.spi_Read_CPU
                0x00000000200060a8       0x88 ../../../simplelink/gcc/lib/nonos/Debug/libsimplelink.a(cc_pal.o)
 .text.spi_Write_CPU
                0x0000000020006130       0x84 ../../../simplelink/gcc/lib/nonos/Debug/libsimplelink.a(cc_pal.o)
 .text.DmaSpiSwIntHandler
                0x00000000200061b4       0x28 ../../../simplelink/gcc/lib/nonos/Debug/libsimplelink.a(cc_pal.o)
                0x00000000200061b4                DmaSpiSwIntHandler
 .text.SetupDMAReceive
                0x00000000200061dc       0x94 ../../../simplelink/gcc/lib/nonos/Debug/libsimplelink.a(cc_pal.o)
 .text.SetupDMASend
                0x0000000020006270       0x94 ../../../simplelink/gcc/lib/nonos/Debug/libsimplelink.a(cc_pal.o)
 .text.spi_Open
                0x0000000020006304      0x154 ../../../simplelink/gcc/lib/nonos/Debug/libsimplelink.a(cc_pal.o)
                0x0000000020006304                spi_Open
 .text.spi_Close
                0x0000000020006458       0x84 ../../../simplelink/gcc/lib/nonos/Debug/libsimplelink.a(cc_pal.o)
                0x0000000020006458                spi_Close
 .text.spi_Read
                0x00000000200064dc       0xf0 ../../../simplelink/gcc/lib/nonos/Debug/libsimplelink.a(cc_pal.o)
                0x00000000200064dc                spi_Read
 .text.spi_Write
                0x00000000200065cc       0x9c ../../../simplelink/gcc/lib/nonos/Debug/libsimplelink.a(cc_pal.o)
                0x00000000200065cc                spi_Write
 .text.NwpRegisterInterruptHandler
                0x0000000020006668       0x4c ../../../simplelink/gcc/lib/nonos/Debug/libsimplelink.a(cc_pal.o)
                0x0000000020006668                NwpRegisterInterruptHandler
 .text.NwpMaskInterrupt
                0x00000000200066b4       0x18 ../../../simplelink/gcc/lib/nonos/Debug/libsimplelink.a(cc_pal.o)
                0x00000000200066b4                NwpMaskInterrupt
 .text.NwpUnMaskInterrupt
                0x00000000200066cc       0x18 ../../../simplelink/gcc/lib/nonos/Debug/libsimplelink.a(cc_pal.o)
                0x00000000200066cc                NwpUnMaskInterrupt
 .text.NwpPowerOnPreamble
                0x00000000200066e4       0x8c ../../../simplelink/gcc/lib/nonos/Debug/libsimplelink.a(cc_pal.o)
                0x00000000200066e4                NwpPowerOnPreamble
 .text.NwpPowerOn
                0x0000000020006770       0x3c ../../../simplelink/gcc/lib/nonos/Debug/libsimplelink.a(cc_pal.o)
                0x0000000020006770                NwpPowerOn
 .text.NwpPowerOff
                0x00000000200067ac       0x40 ../../../simplelink/gcc/lib/nonos/Debug/libsimplelink.a(cc_pal.o)
                0x00000000200067ac                NwpPowerOff
 .text.NwpPrePowerOffTimout0
                0x00000000200067ec       0x24 ../../../simplelink/gcc/lib/nonos/Debug/libsimplelink.a(cc_pal.o)
                0x00000000200067ec                NwpPrePowerOffTimout0
 .text.cc_UDMAChannelSelect
                0x0000000020006810       0x28 ../../../simplelink/gcc/lib/nonos/Debug/libsimplelink.a(cc_pal.o)
 .text.cc_SetupTransfer
                0x0000000020006838       0x4c ../../../simplelink/gcc/lib/nonos/Debug/libsimplelink.a(cc_pal.o)
 .text.simplelink_timerA2_start
                0x0000000020006884       0x40 ../../../simplelink/gcc/lib/nonos/Debug/libsimplelink.a(cc_pal.o)
                0x0000000020006884                simplelink_timerA2_start
 .text.TimerGetCurrentTimestamp
                0x00000000200068c4       0x28 ../../../simplelink/gcc/lib/nonos/Debug/libsimplelink.a(cc_pal.o)
                0x00000000200068c4                TimerGetCurrentTimestamp
 .text._sl_GetStartResponseConvert
                0x00000000200068ec       0x24 ../../../simplelink/gcc/lib/nonos/Debug/libsimplelink.a(device.o)
 .text.sl_Start
                0x0000000020006910      0x10c ../../../simplelink/gcc/lib/nonos/Debug/libsimplelink.a(device.o)
                0x0000000020006910                sl_Start
 .text._sl_HandleAsync_InitComplete
                0x0000000020006a1c       0xb8 ../../../simplelink/gcc/lib/nonos/Debug/libsimplelink.a(device.o)
                0x0000000020006a1c                _sl_HandleAsync_InitComplete
 .text._sl_HandleAsync_Stop
                0x0000000020006ad4       0x68 ../../../simplelink/gcc/lib/nonos/Debug/libsimplelink.a(device.o)
                0x0000000020006ad4                _sl_HandleAsync_Stop
 .text.sl_Stop  0x0000000020006b3c       0xec ../../../simplelink/gcc/lib/nonos/Debug/libsimplelink.a(device.o)
                0x0000000020006b3c                sl_Stop
 .text.sl_DevGet
                0x0000000020006c28       0xe0 ../../../simplelink/gcc/lib/nonos/Debug/libsimplelink.a(device.o)
                0x0000000020006c28                sl_DevGet
 .text.sl_DevSet
                0x0000000020006d08       0xa0 ../../../simplelink/gcc/lib/nonos/Debug/libsimplelink.a(device.o)
                0x0000000020006d08                sl_DevSet
 .text._SlDrvDeviceEventHandler
                0x0000000020006da8       0xa8 ../../../simplelink/gcc/lib/nonos/Debug/libsimplelink.a(device.o)
                0x0000000020006da8                _SlDrvDeviceEventHandler
 .text._SlDrvProtectAsyncRespSetting
                0x0000000020006e50       0x54 ../../../simplelink/gcc/lib/nonos/Debug/libsimplelink.a(driver.o)
                0x0000000020006e50                _SlDrvProtectAsyncRespSetting
 .text._SlDrvDriverCBInit
                0x0000000020006ea4      0x1c8 ../../../simplelink/gcc/lib/nonos/Debug/libsimplelink.a(driver.o)
                0x0000000020006ea4                _SlDrvDriverCBInit
 .text._SlDrvDriverCBDeinit
                0x000000002000706c      0x140 ../../../simplelink/gcc/lib/nonos/Debug/libsimplelink.a(driver.o)
                0x000000002000706c                _SlDrvDriverCBDeinit
 .text._SlDrvRxIrqHandler
                0x00000000200071ac       0x68 ../../../simplelink/gcc/lib/nonos/Debug/libsimplelink.a(driver.o)
                0x00000000200071ac                _SlDrvRxIrqHandler
 .text._SlDrvCmdOp
                0x0000000020007214       0xc4 ../../../simplelink/gcc/lib/nonos/Debug/libsimplelink.a(driver.o)
                0x0000000020007214                _SlDrvCmdOp
 .text._SlDrvDataWriteOp
                0x00000000200072d8      0x16c ../../../simplelink/gcc/lib/nonos/Debug/libsimplelink.a(driver.o)
                0x00000000200072d8                _SlDrvDataWriteOp
 .text._SlDrvMsgWrite
                0x0000000020007444      0x1d4 ../../../simplelink/gcc/lib/nonos/Debug/libsimplelink.a(driver.o)
 .text._SlDrvMsgRead
                0x0000000020007618      0x5cc ../../../simplelink/gcc/lib/nonos/Debug/libsimplelink.a(driver.o)
 .text._SlAsyncEventGenericHandler
                0x0000000020007be4       0xd8 ../../../simplelink/gcc/lib/nonos/Debug/libsimplelink.a(driver.o)
 .text._SlDrvMsgReadCmdCtx
                0x0000000020007cbc      0x160 ../../../simplelink/gcc/lib/nonos/Debug/libsimplelink.a(driver.o)
 .text._SlDrvMsgReadSpawnCtx
                0x0000000020007e1c       0xf4 ../../../simplelink/gcc/lib/nonos/Debug/libsimplelink.a(driver.o)
                0x0000000020007e1c                _SlDrvMsgReadSpawnCtx
 .text._SlDrvClassifyRxMsg
                0x0000000020007f10       0xd0 ../../../simplelink/gcc/lib/nonos/Debug/libsimplelink.a(driver.o)
 .text._SlDrvRxHdrRead
                0x0000000020007fe0      0x2ac ../../../simplelink/gcc/lib/nonos/Debug/libsimplelink.a(driver.o)
 .text._SlDrvBasicCmd
                0x000000002000828c       0x50 ../../../simplelink/gcc/lib/nonos/Debug/libsimplelink.a(driver.o)
                0x000000002000828c                _SlDrvBasicCmd
 .text._SlDrvCmdSend
                0x00000000200082dc       0x74 ../../../simplelink/gcc/lib/nonos/Debug/libsimplelink.a(driver.o)
                0x00000000200082dc                _SlDrvCmdSend
 .text._SlDrvWaitForPoolObj
                0x0000000020008350      0x1a4 ../../../simplelink/gcc/lib/nonos/Debug/libsimplelink.a(driver.o)
                0x0000000020008350                _SlDrvWaitForPoolObj
 .text._SlDrvReleasePoolObj
                0x00000000200084f4      0x200 ../../../simplelink/gcc/lib/nonos/Debug/libsimplelink.a(driver.o)
                0x00000000200084f4                _SlDrvReleasePoolObj
 .text._SlRemoveFromList
                0x00000000200086f4       0xd0 ../../../simplelink/gcc/lib/nonos/Debug/libsimplelink.a(driver.o)
 .text._SlFindAndSetActiveObj
                0x00000000200087c4      0x16c ../../../simplelink/gcc/lib/nonos/Debug/libsimplelink.a(driver.o)
 .text._SlDrvDispatchHttpServerEvents
                0x0000000020008930       0x1c ../../../simplelink/gcc/lib/nonos/Debug/libsimplelink.a(driver.o)
                0x0000000020008930                _SlDrvDispatchHttpServerEvents
 .text._SlDrvSyncObjSignal
                0x000000002000894c       0x2c ../../../simplelink/gcc/lib/nonos/Debug/libsimplelink.a(driver.o)
                0x000000002000894c                _SlDrvSyncObjSignal
 .text._SlDrvObjLockWaitForever
                0x0000000020008978       0x34 ../../../simplelink/gcc/lib/nonos/Debug/libsimplelink.a(driver.o)
                0x0000000020008978                _SlDrvObjLockWaitForever
 .text._SlDrvProtectionObjLockWaitForever
                0x00000000200089ac       0x3c ../../../simplelink/gcc/lib/nonos/Debug/libsimplelink.a(driver.o)
                0x00000000200089ac                _SlDrvProtectionObjLockWaitForever
 .text._SlDrvObjUnLock
                0x00000000200089e8       0x2c ../../../simplelink/gcc/lib/nonos/Debug/libsimplelink.a(driver.o)
                0x00000000200089e8                _SlDrvObjUnLock
 .text._SlDrvProtectionObjUnLock
                0x0000000020008a14       0x34 ../../../simplelink/gcc/lib/nonos/Debug/libsimplelink.a(driver.o)
                0x0000000020008a14                _SlDrvProtectionObjUnLock
 .text._SlDrvObjGlobalLockWaitForever
                0x0000000020008a48       0x38 ../../../simplelink/gcc/lib/nonos/Debug/libsimplelink.a(driver.o)
 .text._SlDrvGlobalObjUnLock
                0x0000000020008a80       0x34 ../../../simplelink/gcc/lib/nonos/Debug/libsimplelink.a(driver.o)
                0x0000000020008a80                _SlDrvGlobalObjUnLock
 .text._SlDrvMemZero
                0x0000000020008ab4       0x20 ../../../simplelink/gcc/lib/nonos/Debug/libsimplelink.a(driver.o)
                0x0000000020008ab4                _SlDrvMemZero
 .text._SlDrvResetCmdExt
                0x0000000020008ad4       0x18 ../../../simplelink/gcc/lib/nonos/Debug/libsimplelink.a(driver.o)
                0x0000000020008ad4                _SlDrvResetCmdExt
 .text._SlDrvSyncObjWaitForever
                0x0000000020008aec       0x38 ../../../simplelink/gcc/lib/nonos/Debug/libsimplelink.a(driver.o)
                0x0000000020008aec                _SlDrvSyncObjWaitForever
 .text._SlDrvSyncObjWaitTimeout
                0x0000000020008b24       0x54 ../../../simplelink/gcc/lib/nonos/Debug/libsimplelink.a(driver.o)
                0x0000000020008b24                _SlDrvSyncObjWaitTimeout
 .text._SlDriverHandleError
                0x0000000020008b78       0x9c ../../../simplelink/gcc/lib/nonos/Debug/libsimplelink.a(driver.o)
                0x0000000020008b78                _SlDriverHandleError
 .text._SlDrvStartMeasureTimeout
                0x0000000020008c14       0x30 ../../../simplelink/gcc/lib/nonos/Debug/libsimplelink.a(driver.o)
                0x0000000020008c14                _SlDrvStartMeasureTimeout
 .text._SlDrvIsTimeoutExpired
                0x0000000020008c44       0xa8 ../../../simplelink/gcc/lib/nonos/Debug/libsimplelink.a(driver.o)
                0x0000000020008c44                _SlDrvIsTimeoutExpired
 .text.sl_NetAppStop
                0x0000000020008cec       0x64 ../../../simplelink/gcc/lib/nonos/Debug/libsimplelink.a(netapp.o)
                0x0000000020008cec                sl_NetAppStop
 .text.sl_NetAppMDNSRegisterUnregisterService
                0x0000000020008d50      0x140 ../../../simplelink/gcc/lib/nonos/Debug/libsimplelink.a(netapp.o)
                0x0000000020008d50                sl_NetAppMDNSRegisterUnregisterService
 .text.sl_NetAppMDNSUnRegisterService
                0x0000000020008e90       0x68 ../../../simplelink/gcc/lib/nonos/Debug/libsimplelink.a(netapp.o)
                0x0000000020008e90                sl_NetAppMDNSUnRegisterService
 .text._sl_HandleAsync_DnsGetHostByService
                0x0000000020008ef8       0xd4 ../../../simplelink/gcc/lib/nonos/Debug/libsimplelink.a(netapp.o)
                0x0000000020008ef8                _sl_HandleAsync_DnsGetHostByService
 .text._sl_HandleAsync_DnsGetHostByName
                0x0000000020008fcc       0xb8 ../../../simplelink/gcc/lib/nonos/Debug/libsimplelink.a(netapp.o)
                0x0000000020008fcc                _sl_HandleAsync_DnsGetHostByName
 .text.CopyPingResultsToReport
                0x0000000020009084       0x44 ../../../simplelink/gcc/lib/nonos/Debug/libsimplelink.a(netapp.o)
 .text._sl_HandleAsync_PingResponse
                0x00000000200090c8       0xb4 ../../../simplelink/gcc/lib/nonos/Debug/libsimplelink.a(netapp.o)
                0x00000000200090c8                _sl_HandleAsync_PingResponse
 .text._sl_NetAppSendTokenValue
                0x000000002000917c       0x7c ../../../simplelink/gcc/lib/nonos/Debug/libsimplelink.a(netapp.o)
                0x000000002000917c                _sl_NetAppSendTokenValue
 .text._SlDrvNetAppEventHandler
                0x00000000200091f8      0x134 ../../../simplelink/gcc/lib/nonos/Debug/libsimplelink.a(netapp.o)
                0x00000000200091f8                _SlDrvNetAppEventHandler
 .text.sl_NetCfgSet
                0x000000002000932c       0xa0 ../../../simplelink/gcc/lib/nonos/Debug/libsimplelink.a(netcfg.o)
                0x000000002000932c                sl_NetCfgSet
 .text._SlNonOsSemSet
                0x00000000200093cc       0x20 ../../../simplelink/gcc/lib/nonos/Debug/libsimplelink.a(nonos.o)
                0x00000000200093cc                _SlNonOsSemSet
 .text._SlNonOsSemGet
                0x00000000200093ec       0xc0 ../../../simplelink/gcc/lib/nonos/Debug/libsimplelink.a(nonos.o)
                0x00000000200093ec                _SlNonOsSemGet
 .text._SlNonOsSpawn
                0x00000000200094ac       0x68 ../../../simplelink/gcc/lib/nonos/Debug/libsimplelink.a(nonos.o)
                0x00000000200094ac                _SlNonOsSpawn
 .text._SlNonOsMainLoopTask
                0x0000000020009514       0x70 ../../../simplelink/gcc/lib/nonos/Debug/libsimplelink.a(nonos.o)
                0x0000000020009514                _SlNonOsMainLoopTask
 .text._sl_BuildAddress
                0x0000000020009584       0x58 ../../../simplelink/gcc/lib/nonos/Debug/libsimplelink.a(socket.o)
 .text._sl_TruncatePayloadByProtocol
                0x00000000200095dc       0x40 ../../../simplelink/gcc/lib/nonos/Debug/libsimplelink.a(socket.o)
 .text.sl_Socket
                0x000000002000961c       0x8c ../../../simplelink/gcc/lib/nonos/Debug/libsimplelink.a(socket.o)
                0x000000002000961c                sl_Socket
 .text.sl_Close
                0x00000000200096a8       0x68 ../../../simplelink/gcc/lib/nonos/Debug/libsimplelink.a(socket.o)
                0x00000000200096a8                sl_Close
 .text.sl_SendTo
                0x0000000020009710      0x148 ../../../simplelink/gcc/lib/nonos/Debug/libsimplelink.a(socket.o)
                0x0000000020009710                sl_SendTo
 .text.sl_Connect
                0x0000000020009858      0x194 ../../../simplelink/gcc/lib/nonos/Debug/libsimplelink.a(socket.o)
                0x0000000020009858                sl_Connect
 .text._sl_HandleAsync_Connect
                0x00000000200099ec       0x9c ../../../simplelink/gcc/lib/nonos/Debug/libsimplelink.a(socket.o)
                0x00000000200099ec                _sl_HandleAsync_Connect
 .text.sl_Send  0x0000000020009a88      0x134 ../../../simplelink/gcc/lib/nonos/Debug/libsimplelink.a(socket.o)
                0x0000000020009a88                sl_Send
 .text.sl_Htonl
                0x0000000020009bbc       0x4c ../../../simplelink/gcc/lib/nonos/Debug/libsimplelink.a(socket.o)
                0x0000000020009bbc                sl_Htonl
 .text.sl_Htons
                0x0000000020009c08       0x40 ../../../simplelink/gcc/lib/nonos/Debug/libsimplelink.a(socket.o)
                0x0000000020009c08                sl_Htons
 .text._sl_HandleAsync_Accept
                0x0000000020009c48       0x80 ../../../simplelink/gcc/lib/nonos/Debug/libsimplelink.a(socket.o)
                0x0000000020009c48                _sl_HandleAsync_Accept
 .text._sl_HandleAsync_Select
                0x0000000020009cc8       0x6c ../../../simplelink/gcc/lib/nonos/Debug/libsimplelink.a(socket.o)
                0x0000000020009cc8                _sl_HandleAsync_Select
 .text.sl_SetSockOpt
                0x0000000020009d34       0xa0 ../../../simplelink/gcc/lib/nonos/Debug/libsimplelink.a(socket.o)
                0x0000000020009d34                sl_SetSockOpt
 .text.sl_WlanConnect
                0x0000000020009dd4      0x2cc ../../../simplelink/gcc/lib/nonos/Debug/libsimplelink.a(wlan.o)
                0x0000000020009dd4                sl_WlanConnect
 .text.sl_WlanDisconnect
                0x000000002000a0a0       0x40 ../../../simplelink/gcc/lib/nonos/Debug/libsimplelink.a(wlan.o)
                0x000000002000a0a0                sl_WlanDisconnect
 .text.sl_WlanPolicySet
                0x000000002000a0e0       0x90 ../../../simplelink/gcc/lib/nonos/Debug/libsimplelink.a(wlan.o)
                0x000000002000a0e0                sl_WlanPolicySet
 .text.sl_WlanProfileDel
                0x000000002000a170       0x68 ../../../simplelink/gcc/lib/nonos/Debug/libsimplelink.a(wlan.o)
                0x000000002000a170                sl_WlanProfileDel
 .text.sl_WlanRxFilterSet
                0x000000002000a1d8       0x88 ../../../simplelink/gcc/lib/nonos/Debug/libsimplelink.a(wlan.o)
                0x000000002000a1d8                sl_WlanRxFilterSet
 .text.sl_WlanSetMode
                0x000000002000a260       0x68 ../../../simplelink/gcc/lib/nonos/Debug/libsimplelink.a(wlan.o)
                0x000000002000a260                sl_WlanSetMode
 .text.sl_WlanSet
                0x000000002000a2c8       0x98 ../../../simplelink/gcc/lib/nonos/Debug/libsimplelink.a(wlan.o)
                0x000000002000a2c8                sl_WlanSet
 .text.push_modules_to_M4_no_irq
                0x000000002000a360       0x5c ../../../middleware/gcc/lib/Debug/middleware.a(cc_pm.o)
 .text.make_modules_to_M0_no_irq
                0x000000002000a3bc       0x68 ../../../middleware/gcc/lib/Debug/middleware.a(cc_pm.o)
 .text.do_try_S4_no_irq
                0x000000002000a424       0x94 ../../../middleware/gcc/lib/Debug/middleware.a(cc_pm.o)
 .text.try_S4_no_irq
                0x000000002000a4b8       0x38 ../../../middleware/gcc/lib/Debug/middleware.a(cc_pm.o)
                0x000000002000a4b8                try_S4_no_irq
 .text.resume_from_S3
                0x000000002000a4f0       0x6c ../../../middleware/gcc/lib/Debug/middleware.a(cc_pm.o)
                0x000000002000a4f0                resume_from_S3
 .text.enter_into_S3
                0x000000002000a55c       0xa4 ../../../middleware/gcc/lib/Debug/middleware.a(cc_pm.o)
 .text.do_try_S3_no_irq
                0x000000002000a600       0x84 ../../../middleware/gcc/lib/Debug/middleware.a(cc_pm.o)
 .text.try_S3_no_irq
                0x000000002000a684       0x28 ../../../middleware/gcc/lib/Debug/middleware.a(cc_pm.o)
                0x000000002000a684                try_S3_no_irq
 .text.try_S2_no_irq
                0x000000002000a6ac       0x58 ../../../middleware/gcc/lib/Debug/middleware.a(cc_pm.o)
                0x000000002000a6ac                try_S2_no_irq
 .text.try_S1_no_irq
                0x000000002000a704       0x40 ../../../middleware/gcc/lib/Debug/middleware.a(cc_pm.o)
                0x000000002000a704                try_S1_no_irq
 .text.cc_idle_task_pm
                0x000000002000a744       0x74 ../../../middleware/gcc/lib/Debug/middleware.a(cc_pm.o)
                0x000000002000a744                cc_idle_task_pm
 .text.cc_pm_platform_ops_register
                0x000000002000a7b8       0xac ../../../middleware/gcc/lib/Debug/middleware.a(cc_pm.o)
                0x000000002000a7b8                cc_pm_platform_ops_register
 .text.cc_pm_framework_init
                0x000000002000a864       0x2c ../../../middleware/gcc/lib/Debug/middleware.a(cc_pm.o)
                0x000000002000a864                cc_pm_framework_init
 .text.apply_io_park
                0x000000002000a890       0x5c ../../../middleware/gcc/lib/Debug/middleware.a(cc_io_park.o)
 .text.cc_io_park_safe
                0x000000002000a8ec       0xec ../../../middleware/gcc/lib/Debug/middleware.a(cc_io_park.o)
                0x000000002000a8ec                cc_io_park_safe
 .text.wake_interrupt_handler
                0x000000002000a9d8       0x34 ../../../middleware/gcc/lib/Debug/middleware.a(cc_pm_ops.o)
                0x000000002000a9d8                wake_interrupt_handler
 .text.cc_handle_S3_wakeup
                0x000000002000aa0c       0x10 ../../../middleware/gcc/lib/Debug/middleware.a(cc_pm_ops.o)
                0x000000002000aa0c                cc_handle_S3_wakeup
 .text.cc_are_irqs_pending
                0x000000002000aa1c       0x50 ../../../middleware/gcc/lib/Debug/middleware.a(cc_pm_ops.o)
                0x000000002000aa1c                cc_are_irqs_pending
 .text.cc_enter_S4
                0x000000002000aa6c       0x10 ../../../middleware/gcc/lib/Debug/middleware.a(cc_pm_ops.o)
                0x000000002000aa6c                cc_enter_S4
 .text.cc_enter_S3
                0x000000002000aa7c       0x24 ../../../middleware/gcc/lib/Debug/middleware.a(cc_pm_ops.o)
                0x000000002000aa7c                cc_enter_S3
 .text.cc_enter_S2
                0x000000002000aaa0       0x10 ../../../middleware/gcc/lib/Debug/middleware.a(cc_pm_ops.o)
                0x000000002000aaa0                cc_enter_S2
 .text.cc_enter_S1
                0x000000002000aab0       0x10 ../../../middleware/gcc/lib/Debug/middleware.a(cc_pm_ops.o)
                0x000000002000aab0                cc_enter_S1
 .text.back_up_nvic_regs
                0x000000002000aac0      0x114 ../../../middleware/gcc/lib/Debug/middleware.a(cc_pm_ops.o)
                0x000000002000aac0                back_up_nvic_regs
 .text.restore_nvic_regs
                0x000000002000abd4      0x110 ../../../middleware/gcc/lib/Debug/middleware.a(cc_pm_ops.o)
                0x000000002000abd4                restore_nvic_regs
 .text.cc_back_up_soc_data
                0x000000002000ace4       0x1c ../../../middleware/gcc/lib/Debug/middleware.a(cc_pm_ops.o)
                0x000000002000ace4                cc_back_up_soc_data
 .text.cc_restore_soc_data
                0x000000002000ad00       0x54 ../../../middleware/gcc/lib/Debug/middleware.a(cc_pm_ops.o)
                0x000000002000ad00                cc_restore_soc_data
 .text.gpio_wake_interrupt_handler
                0x000000002000ad54       0x2c ../../../middleware/gcc/lib/Debug/middleware.a(gpio_hal.o)
                0x000000002000ad54                gpio_wake_interrupt_handler
 .text.CPUcpsid
                0x000000002000ad80       0x18 ../../../driverlib/gcc/lib/Debug/libdriver.a(cpu.o)
                0x000000002000ad80                CPUcpsid
 .text.CPUcpsie
                0x000000002000ad98       0x18 ../../../driverlib/gcc/lib/Debug/libdriver.a(cpu.o)
                0x000000002000ad98                CPUcpsie
 .text.CPUwfi   0x000000002000adb0       0x10 ../../../driverlib/gcc/lib/Debug/libdriver.a(cpu.o)
                0x000000002000adb0                CPUwfi
 .text.GPIODirModeSet
                0x000000002000adc0       0x48 ../../../driverlib/gcc/lib/Debug/libdriver.a(gpio.o)
                0x000000002000adc0                GPIODirModeSet
 .text.HwSpinLockTryAcquire
                0x000000002000ae08       0x7c ../../../driverlib/gcc/lib/Debug/libdriver.a(hwspinlock.o)
                0x000000002000ae08                HwSpinLockTryAcquire
 .text.HwSpinLockRelease
                0x000000002000ae84       0x44 ../../../driverlib/gcc/lib/Debug/libdriver.a(hwspinlock.o)
                0x000000002000ae84                HwSpinLockRelease
 .text.IntDefaultHandler
                0x000000002000aec8        0x8 ../../../driverlib/gcc/lib/Debug/libdriver.a(interrupt.o)
 .text.IntMasterEnable
                0x000000002000aed0       0x10 ../../../driverlib/gcc/lib/Debug/libdriver.a(interrupt.o)
                0x000000002000aed0                IntMasterEnable
 .text.IntVTableBaseSet
                0x000000002000aee0       0x1c ../../../driverlib/gcc/lib/Debug/libdriver.a(interrupt.o)
                0x000000002000aee0                IntVTableBaseSet
 .text.IntRegister
                0x000000002000aefc       0x2c ../../../driverlib/gcc/lib/Debug/libdriver.a(interrupt.o)
                0x000000002000aefc                IntRegister
 .text.IntUnregister
                0x000000002000af28       0x2c ../../../driverlib/gcc/lib/Debug/libdriver.a(interrupt.o)
                0x000000002000af28                IntUnregister
 .text.IntPrioritySet
                0x000000002000af54       0x68 ../../../driverlib/gcc/lib/Debug/libdriver.a(interrupt.o)
                0x000000002000af54                IntPrioritySet
 .text.IntEnable
                0x000000002000afbc       0xbc ../../../driverlib/gcc/lib/Debug/libdriver.a(interrupt.o)
                0x000000002000afbc                IntEnable
 .text.IntDisable
                0x000000002000b078       0xbc ../../../driverlib/gcc/lib/Debug/libdriver.a(interrupt.o)
                0x000000002000b078                IntDisable
 .text.IntPendSet
                0x000000002000b134       0x9c ../../../driverlib/gcc/lib/Debug/libdriver.a(interrupt.o)
                0x000000002000b134                IntPendSet
 .text.IntPendClear
                0x000000002000b1d0       0x68 ../../../driverlib/gcc/lib/Debug/libdriver.a(interrupt.o)
                0x000000002000b1d0                IntPendClear
 .text.PinModeSet
                0x000000002000b238       0x48 ../../../driverlib/gcc/lib/Debug/libdriver.a(pin.o)
                0x000000002000b238                PinModeSet
 .text.PinDirModeSet
                0x000000002000b280       0x44 ../../../driverlib/gcc/lib/Debug/libdriver.a(pin.o)
                0x000000002000b280                PinDirModeSet
 .text.PinConfigGet
                0x000000002000b2c4       0x50 ../../../driverlib/gcc/lib/Debug/libdriver.a(pin.o)
                0x000000002000b2c4                PinConfigGet
 .text.PinConfigSet
                0x000000002000b314       0x98 ../../../driverlib/gcc/lib/Debug/libdriver.a(pin.o)
                0x000000002000b314                PinConfigSet
 .text.PinTypeUART
                0x000000002000b3ac       0x24 ../../../driverlib/gcc/lib/Debug/libdriver.a(pin.o)
                0x000000002000b3ac                PinTypeUART
 .text.PinTypeGPIO
                0x000000002000b3d0       0x3c ../../../driverlib/gcc/lib/Debug/libdriver.a(pin.o)
                0x000000002000b3d0                PinTypeGPIO
 .text.PRCMSysResetCauseGet
                0x000000002000b40c       0x3c ../../../driverlib/gcc/lib/Debug/libdriver.a(prcm.o)
                0x000000002000b40c                PRCMSysResetCauseGet
 .text.PRCMPeripheralClkEnable
                0x000000002000b448       0x5c ../../../driverlib/gcc/lib/Debug/libdriver.a(prcm.o)
                0x000000002000b448                PRCMPeripheralClkEnable
 .text.PRCMPeripheralClkDisable
                0x000000002000b4a4       0x44 ../../../driverlib/gcc/lib/Debug/libdriver.a(prcm.o)
                0x000000002000b4a4                PRCMPeripheralClkDisable
 .text.PRCMPeripheralClockGet
                0x000000002000b4e8       0xa8 ../../../driverlib/gcc/lib/Debug/libdriver.a(prcm.o)
                0x000000002000b4e8                PRCMPeripheralClockGet
 .text.PRCMPeripheralReset
                0x000000002000b590       0x8c ../../../driverlib/gcc/lib/Debug/libdriver.a(prcm.o)
                0x000000002000b590                PRCMPeripheralReset
 .text.PRCMPeripheralStatusGet
                0x000000002000b61c       0x40 ../../../driverlib/gcc/lib/Debug/libdriver.a(prcm.o)
                0x000000002000b61c                PRCMPeripheralStatusGet
 .text.PRCMLPDSRestoreInfoSet
                0x000000002000b65c       0x28 ../../../driverlib/gcc/lib/Debug/libdriver.a(prcm.o)
                0x000000002000b65c                PRCMLPDSRestoreInfoSet
 .text.PRCMLPDSEnter
                0x000000002000b684       0x50 ../../../driverlib/gcc/lib/Debug/libdriver.a(prcm.o)
                0x000000002000b684                PRCMLPDSEnter
 .text.PRCMLPDSWakeupSourceEnable
                0x000000002000b6d4       0x30 ../../../driverlib/gcc/lib/Debug/libdriver.a(prcm.o)
                0x000000002000b6d4                PRCMLPDSWakeupSourceEnable
 .text.PRCMLPDSWakeupSourceDisable
                0x000000002000b704       0x24 ../../../driverlib/gcc/lib/Debug/libdriver.a(prcm.o)
                0x000000002000b704                PRCMLPDSWakeupSourceDisable
 .text.PRCMLPDSWakeupCauseGet
                0x000000002000b728       0x14 ../../../driverlib/gcc/lib/Debug/libdriver.a(prcm.o)
                0x000000002000b728                PRCMLPDSWakeupCauseGet
 .text.PRCMLPDSIntervalSet
                0x000000002000b73c       0x34 ../../../driverlib/gcc/lib/Debug/libdriver.a(prcm.o)
                0x000000002000b73c                PRCMLPDSIntervalSet
 .text.PRCMLPDSWakeUpGPIOSelect
                0x000000002000b770       0x2c ../../../driverlib/gcc/lib/Debug/libdriver.a(prcm.o)
                0x000000002000b770                PRCMLPDSWakeUpGPIOSelect
 .text.PRCMSleepEnter
                0x000000002000b79c        0xc ../../../driverlib/gcc/lib/Debug/libdriver.a(prcm.o)
                0x000000002000b79c                PRCMSleepEnter
 .text.PRCMSRAMRetentionEnable
                0x000000002000b7a8       0x2c ../../../driverlib/gcc/lib/Debug/libdriver.a(prcm.o)
                0x000000002000b7a8                PRCMSRAMRetentionEnable
 .text.PRCMHibernateWakeupSourceEnable
                0x000000002000b7d4       0x50 ../../../driverlib/gcc/lib/Debug/libdriver.a(prcm.o)
                0x000000002000b7d4                PRCMHibernateWakeupSourceEnable
 .text.PRCMHibernateIntervalSet
                0x000000002000b824       0x9c ../../../driverlib/gcc/lib/Debug/libdriver.a(prcm.o)
                0x000000002000b824                PRCMHibernateIntervalSet
 .text.PRCMHibernateWakeUpGPIOSelect
                0x000000002000b8c0       0x70 ../../../driverlib/gcc/lib/Debug/libdriver.a(prcm.o)
                0x000000002000b8c0                PRCMHibernateWakeUpGPIOSelect
 .text.PRCMHibernateEnter
                0x000000002000b930       0x14 ../../../driverlib/gcc/lib/Debug/libdriver.a(prcm.o)
                0x000000002000b930                PRCMHibernateEnter
 .text.PRCMIntEnable
                0x000000002000b944       0x48 ../../../driverlib/gcc/lib/Debug/libdriver.a(prcm.o)
                0x000000002000b944                PRCMIntEnable
 .text.PRCMIntStatus
                0x000000002000b98c       0x14 ../../../driverlib/gcc/lib/Debug/libdriver.a(prcm.o)
                0x000000002000b98c                PRCMIntStatus
 .text.PRCMCC3200MCUInit
                0x000000002000b9a0      0x1a0 ../../../driverlib/gcc/lib/Debug/libdriver.a(prcm.o)
                0x000000002000b9a0                PRCMCC3200MCUInit
 .text.PRCMHIBRegRead
                0x000000002000bb40       0x20 ../../../driverlib/gcc/lib/Debug/libdriver.a(prcm.o)
                0x000000002000bb40                PRCMHIBRegRead
 .text.PRCMHIBRegWrite
                0x000000002000bb60       0x20 ../../../driverlib/gcc/lib/Debug/libdriver.a(prcm.o)
                0x000000002000bb60                PRCMHIBRegWrite
 .text.SPIIntNumberGet
                0x000000002000bb80       0x58 ../../../driverlib/gcc/lib/Debug/libdriver.a(spi.o)
 .text.SPIDmaMaskGet
                0x000000002000bbd8       0x48 ../../../driverlib/gcc/lib/Debug/libdriver.a(spi.o)
 .text.SPIEnable
                0x000000002000bc20       0x28 ../../../driverlib/gcc/lib/Debug/libdriver.a(spi.o)
                0x000000002000bc20                SPIEnable
 .text.SPIDisable
                0x000000002000bc48       0x28 ../../../driverlib/gcc/lib/Debug/libdriver.a(spi.o)
                0x000000002000bc48                SPIDisable
 .text.SPIDmaEnable
                0x000000002000bc70       0x2c ../../../driverlib/gcc/lib/Debug/libdriver.a(spi.o)
                0x000000002000bc70                SPIDmaEnable
 .text.SPIDmaDisable
                0x000000002000bc9c       0x2c ../../../driverlib/gcc/lib/Debug/libdriver.a(spi.o)
                0x000000002000bc9c                SPIDmaDisable
 .text.SPIReset
                0x000000002000bcc8       0x3c ../../../driverlib/gcc/lib/Debug/libdriver.a(spi.o)
                0x000000002000bcc8                SPIReset
 .text.SPIConfigSetExpClk
                0x000000002000bd04       0xb8 ../../../driverlib/gcc/lib/Debug/libdriver.a(spi.o)
                0x000000002000bd04                SPIConfigSetExpClk
 .text.SPIDataGet
                0x000000002000bdbc       0x34 ../../../driverlib/gcc/lib/Debug/libdriver.a(spi.o)
                0x000000002000bdbc                SPIDataGet
 .text.SPIDataPut
                0x000000002000bdf0       0x34 ../../../driverlib/gcc/lib/Debug/libdriver.a(spi.o)
                0x000000002000bdf0                SPIDataPut
 .text.SPIFIFOEnable
                0x000000002000be24       0x2c ../../../driverlib/gcc/lib/Debug/libdriver.a(spi.o)
                0x000000002000be24                SPIFIFOEnable
 .text.SPIFIFODisable
                0x000000002000be50       0x2c ../../../driverlib/gcc/lib/Debug/libdriver.a(spi.o)
                0x000000002000be50                SPIFIFODisable
 .text.SPIFIFOLevelSet
                0x000000002000be7c       0x44 ../../../driverlib/gcc/lib/Debug/libdriver.a(spi.o)
                0x000000002000be7c                SPIFIFOLevelSet
 .text.SPIWordCountSet
                0x000000002000bec0       0x34 ../../../driverlib/gcc/lib/Debug/libdriver.a(spi.o)
                0x000000002000bec0                SPIWordCountSet
 .text.SPIIntUnregister
                0x000000002000bef4       0x28 ../../../driverlib/gcc/lib/Debug/libdriver.a(spi.o)
                0x000000002000bef4                SPIIntUnregister
 .text.SPIIntEnable
                0x000000002000bf1c       0x6c ../../../driverlib/gcc/lib/Debug/libdriver.a(spi.o)
                0x000000002000bf1c                SPIIntEnable
 .text.SPIIntClear
                0x000000002000bf88       0x60 ../../../driverlib/gcc/lib/Debug/libdriver.a(spi.o)
                0x000000002000bf88                SPIIntClear
 .text.SPICSEnable
                0x000000002000bfe8       0x28 ../../../driverlib/gcc/lib/Debug/libdriver.a(spi.o)
                0x000000002000bfe8                SPICSEnable
 .text.SPICSDisable
                0x000000002000c010       0x28 ../../../driverlib/gcc/lib/Debug/libdriver.a(spi.o)
                0x000000002000c010                SPICSDisable
 .text.TimerEnable
                0x000000002000c038       0x2c ../../../driverlib/gcc/lib/Debug/libdriver.a(timer.o)
                0x000000002000c038                TimerEnable
 .text.TimerConfigure
                0x000000002000c064       0x58 ../../../driverlib/gcc/lib/Debug/libdriver.a(timer.o)
                0x000000002000c064                TimerConfigure
 .text.TimerPrescaleSet
                0x000000002000c0bc       0x3c ../../../driverlib/gcc/lib/Debug/libdriver.a(timer.o)
                0x000000002000c0bc                TimerPrescaleSet
 .text.TimerLoadSet
                0x000000002000c0f8       0x3c ../../../driverlib/gcc/lib/Debug/libdriver.a(timer.o)
                0x000000002000c0f8                TimerLoadSet
 .text.TimerValueGet
                0x000000002000c134       0x28 ../../../driverlib/gcc/lib/Debug/libdriver.a(timer.o)
                0x000000002000c134                TimerValueGet
 .text.UARTConfigSetExpClk
                0x000000002000c15c       0x98 ../../../driverlib/gcc/lib/Debug/libdriver.a(uart.o)
                0x000000002000c15c                UARTConfigSetExpClk
 .text.UARTEnable
                0x000000002000c1f4       0x3c ../../../driverlib/gcc/lib/Debug/libdriver.a(uart.o)
                0x000000002000c1f4                UARTEnable
 .text.UARTDisable
                0x000000002000c230       0x4c ../../../driverlib/gcc/lib/Debug/libdriver.a(uart.o)
                0x000000002000c230                UARTDisable
 .text.UARTCharsAvail
                0x000000002000c27c       0x28 ../../../driverlib/gcc/lib/Debug/libdriver.a(uart.o)
                0x000000002000c27c                UARTCharsAvail
 .text.UARTCharGetNonBlocking
                0x000000002000c2a4       0x2c ../../../driverlib/gcc/lib/Debug/libdriver.a(uart.o)
                0x000000002000c2a4                UARTCharGetNonBlocking
 .text.UARTCharPut
                0x000000002000c2d0       0x2c ../../../driverlib/gcc/lib/Debug/libdriver.a(uart.o)
                0x000000002000c2d0                UARTCharPut
 .text.uDMAEnable
                0x000000002000c2fc       0x18 ../../../driverlib/gcc/lib/Debug/libdriver.a(udma.o)
                0x000000002000c2fc                uDMAEnable
 .text.uDMAChannelEnable
                0x000000002000c314       0x28 ../../../driverlib/gcc/lib/Debug/libdriver.a(udma.o)
                0x000000002000c314                uDMAChannelEnable
 .text.uDMAControlBaseSet
                0x000000002000c33c       0x1c ../../../driverlib/gcc/lib/Debug/libdriver.a(udma.o)
                0x000000002000c33c                uDMAControlBaseSet
 .text.uDMAChannelAttributeEnable
                0x000000002000c358       0x84 ../../../driverlib/gcc/lib/Debug/libdriver.a(udma.o)
                0x000000002000c358                uDMAChannelAttributeEnable
 .text.uDMAChannelAttributeDisable
                0x000000002000c3dc       0x84 ../../../driverlib/gcc/lib/Debug/libdriver.a(udma.o)
                0x000000002000c3dc                uDMAChannelAttributeDisable
 .text.uDMAChannelControlSet
                0x000000002000c460       0x48 ../../../driverlib/gcc/lib/Debug/libdriver.a(udma.o)
                0x000000002000c460                uDMAChannelControlSet
 .text.uDMAChannelTransferSet
                0x000000002000c4a8      0x104 ../../../driverlib/gcc/lib/Debug/libdriver.a(udma.o)
                0x000000002000c4a8                uDMAChannelTransferSet
 .text.uDMAIntRegister
                0x000000002000c5ac       0x20 ../../../driverlib/gcc/lib/Debug/libdriver.a(udma.o)
                0x000000002000c5ac                uDMAIntRegister
 .text.uDMAIntStatus
                0x000000002000c5cc       0x14 ../../../driverlib/gcc/lib/Debug/libdriver.a(udma.o)
                0x000000002000c5cc                uDMAIntStatus
 .text.uDMAIntClear
                0x000000002000c5e0       0x1c ../../../driverlib/gcc/lib/Debug/libdriver.a(udma.o)
                0x000000002000c5e0                uDMAIntClear
 .text.uDMAChannelAssign
                0x000000002000c5fc       0x58 ../../../driverlib/gcc/lib/Debug/libdriver.a(udma.o)
                0x000000002000c5fc                uDMAChannelAssign
 .text.UtilsDelay
                0x000000002000c654        0xc ../../../driverlib/gcc/lib/Debug/libdriver.a(utils.o)
                0x000000002000c654                UtilsDelay
 .text.FlashDisable
                0x000000002000c660       0x50 ../../../driverlib/gcc/lib/Debug/libdriver.a(flash.o)
                0x000000002000c660                FlashDisable
 .text.atoi     0x000000002000c6b0        0x8 /usr/lib/gcc/arm-none-eabi/5.2.0/../../../../arm-none-eabi/lib/armv7e-m/libc_nano.a(lib_a-atoi.o)
                0x000000002000c6b0                atoi
 .text.malloc   0x000000002000c6b8       0x10 /usr/lib/gcc/arm-none-eabi/5.2.0/../../../../arm-none-eabi/lib/armv7e-m/libc_nano.a(lib_a-malloc.o)
                0x000000002000c6b8                malloc
 .text.free     0x000000002000c6c8       0x10 /usr/lib/gcc/arm-none-eabi/5.2.0/../../../../arm-none-eabi/lib/armv7e-m/libc_nano.a(lib_a-malloc.o)
                0x000000002000c6c8                free
 .text.memcpy   0x000000002000c6d8       0x16 /usr/lib/gcc/arm-none-eabi/5.2.0/../../../../arm-none-eabi/lib/armv7e-m/libc_nano.a(lib_a-memcpy.o)
                0x000000002000c6d8                memcpy
 .text.memmove  0x000000002000c6ee       0x36 /usr/lib/gcc/arm-none-eabi/5.2.0/../../../../arm-none-eabi/lib/armv7e-m/libc_nano.a(lib_a-memmove.o)
                0x000000002000c6ee                memmove
 .text.memset   0x000000002000c724       0x10 /usr/lib/gcc/arm-none-eabi/5.2.0/../../../../arm-none-eabi/lib/armv7e-m/libc_nano.a(lib_a-memset.o)
                0x000000002000c724                memset
 .text._free_r  0x000000002000c734       0x8c /usr/lib/gcc/arm-none-eabi/5.2.0/../../../../arm-none-eabi/lib/armv7e-m/libc_nano.a(lib_a-nano-freer.o)
                0x000000002000c734                _free_r
 .text._malloc_r
                0x000000002000c7c0       0xa8 /usr/lib/gcc/arm-none-eabi/5.2.0/../../../../arm-none-eabi/lib/armv7e-m/libc_nano.a(lib_a-nano-mallocr.o)
                0x000000002000c7c0                _malloc_r
 .text.realloc  0x000000002000c868       0x10 /usr/lib/gcc/arm-none-eabi/5.2.0/../../../../arm-none-eabi/lib/armv7e-m/libc_nano.a(lib_a-realloc.o)
                0x000000002000c868                realloc
 .text._sbrk_r  0x000000002000c878       0x20 /usr/lib/gcc/arm-none-eabi/5.2.0/../../../../arm-none-eabi/lib/armv7e-m/libc_nano.a(lib_a-sbrkr.o)
                0x000000002000c878                _sbrk_r
 .text.strlen   0x000000002000c898       0x10 /usr/lib/gcc/arm-none-eabi/5.2.0/../../../../arm-none-eabi/lib/armv7e-m/libc_nano.a(lib_a-strlen.o)
                0x000000002000c898                strlen
 .text.strtok   0x000000002000c8a8       0x64 /usr/lib/gcc/arm-none-eabi/5.2.0/../../../../arm-none-eabi/lib/armv7e-m/libc_nano.a(lib_a-strtok.o)
                0x000000002000c8a8                strtok
 .text.__strtok_r
                0x000000002000c90c       0x56 /usr/lib/gcc/arm-none-eabi/5.2.0/../../../../arm-none-eabi/lib/armv7e-m/libc_nano.a(lib_a-strtok_r.o)
                0x000000002000c90c                __strtok_r
 *fill*         0x000000002000c962        0x2 
 .text._strtol_r
                0x000000002000c964      0x10c /usr/lib/gcc/arm-none-eabi/5.2.0/../../../../arm-none-eabi/lib/armv7e-m/libc_nano.a(lib_a-strtol.o)
                0x000000002000c964                _strtol_r
 .text.strtol   0x000000002000ca70       0x14 /usr/lib/gcc/arm-none-eabi/5.2.0/../../../../arm-none-eabi/lib/armv7e-m/libc_nano.a(lib_a-strtol.o)
                0x000000002000ca70                strtol
 .text._vsnprintf_r
                0x000000002000ca84       0x56 /usr/lib/gcc/arm-none-eabi/5.2.0/../../../../arm-none-eabi/lib/armv7e-m/libc_nano.a(lib_a-vsnprintf.o)
                0x000000002000ca84                _vsnprintf_r
                0x000000002000ca84                _vsniprintf_r
 *fill*         0x000000002000cada        0x2 
 .text.vsnprintf
                0x000000002000cadc       0x1c /usr/lib/gcc/arm-none-eabi/5.2.0/../../../../arm-none-eabi/lib/armv7e-m/libc_nano.a(lib_a-vsnprintf.o)
                0x000000002000cadc                vsnprintf
                0x000000002000cadc                vsniprintf
 .text._realloc_r
                0x000000002000caf8       0x4c /usr/lib/gcc/arm-none-eabi/5.2.0/../../../../arm-none-eabi/lib/armv7e-m/libc_nano.a(lib_a-nano-reallocr.o)
                0x000000002000caf8                _realloc_r
 .text.__ssputs_r
                0x000000002000cb44       0xb2 /usr/lib/gcc/arm-none-eabi/5.2.0/../../../../arm-none-eabi/lib/armv7e-m/libc_nano.a(lib_a-nano-svfprintf.o)
                0x000000002000cb44                __ssputs_r
 *fill*         0x000000002000cbf6        0x2 
 .text._svfprintf_r
                0x000000002000cbf8      0x1e8 /usr/lib/gcc/arm-none-eabi/5.2.0/../../../../arm-none-eabi/lib/armv7e-m/libc_nano.a(lib_a-nano-svfprintf.o)
                0x000000002000cbf8                _svfprintf_r
                0x000000002000cbf8                _svfiprintf_r
 .text._printf_common
                0x000000002000cde0       0xec /usr/lib/gcc/arm-none-eabi/5.2.0/../../../../arm-none-eabi/lib/armv7e-m/libc_nano.a(lib_a-nano-vfprintf_i.o)
                0x000000002000cde0                _printf_common
 .text._printf_i
                0x000000002000cecc      0x24c /usr/lib/gcc/arm-none-eabi/5.2.0/../../../../arm-none-eabi/lib/armv7e-m/libc_nano.a(lib_a-nano-vfprintf_i.o)
                0x000000002000cecc                _printf_i
 .text.memchr   0x000000002000d118       0x1e /usr/lib/gcc/arm-none-eabi/5.2.0/../../../../arm-none-eabi/lib/armv7e-m/libc_nano.a(lib_a-memchr.o)
                0x000000002000d118                memchr
 .text._malloc_usable_size_r
                0x000000002000d136       0x14 /usr/lib/gcc/arm-none-eabi/5.2.0/../../../../arm-none-eabi/lib/armv7e-m/libc_nano.a(lib_a-nano-msizer.o)
                0x000000002000d136                _malloc_usable_size_r
 *(.rodata*)
 *fill*         0x000000002000d14a        0x2 
 .rodata        0x000000002000d14c      0x120 obj/Debug/lp3p0_plat_ops.o
 .rodata        0x000000002000d26c      0x73c obj/Debug/main.o
 .rodata.__FUNCTION__.6716
                0x000000002000d9a8        0xc obj/Debug/main.o
 .rodata.__FUNCTION__.6737
                0x000000002000d9b4        0x8 obj/Debug/main.o
 .rodata.__FUNCTION__.6777
                0x000000002000d9bc       0x24 obj/Debug/main.o
 .rodata.__FUNCTION__.6840
                0x000000002000d9e0       0x10 obj/Debug/main.o
 .rodata.__FUNCTION__.6854
                0x000000002000d9f0       0x10 obj/Debug/main.o
 .rodata.__FUNCTION__.6870
                0x000000002000da00       0x10 obj/Debug/main.o
 .rodata.__FUNCTION__.6879
                0x000000002000da10        0x8 obj/Debug/main.o
 .rodata        0x000000002000da18       0x2c obj/Debug/uart_if.o
 .rodata.StartResponseLUT
                0x000000002000da44        0x8 ../../../simplelink/gcc/lib/nonos/Debug/libsimplelink.a(device.o)
 .rodata._SlStopCmdCtrl
                0x000000002000da4c        0x4 ../../../simplelink/gcc/lib/nonos/Debug/libsimplelink.a(device.o)
 .rodata._SlDeviceGetCmdCtrl
                0x000000002000da50        0x4 ../../../simplelink/gcc/lib/nonos/Debug/libsimplelink.a(device.o)
 .rodata._SlDeviceSetCmdCtrl
                0x000000002000da54        0x4 ../../../simplelink/gcc/lib/nonos/Debug/libsimplelink.a(device.o)
 .rodata.g_H2NSyncPattern
                0x000000002000da58        0x8 ../../../simplelink/gcc/lib/nonos/Debug/libsimplelink.a(driver.o)
 .rodata.g_H2NCnysPattern
                0x000000002000da60        0x8 ../../../simplelink/gcc/lib/nonos/Debug/libsimplelink.a(driver.o)
 .rodata._SlActionLookupTable
                0x000000002000da68       0x38 ../../../simplelink/gcc/lib/nonos/Debug/libsimplelink.a(driver.o)
                0x000000002000da68                _SlActionLookupTable
 .rodata.OpcodeTranslateTable
                0x000000002000daa0       0x3c ../../../simplelink/gcc/lib/nonos/Debug/libsimplelink.a(driver.o)
                0x000000002000daa0                OpcodeTranslateTable
 .rodata.RxMsgClassLUT
                0x000000002000dadc       0x20 ../../../simplelink/gcc/lib/nonos/Debug/libsimplelink.a(driver.o)
 .rodata._SlNetAppStopCtrl
                0x000000002000dafc        0x4 ../../../simplelink/gcc/lib/nonos/Debug/libsimplelink.a(netapp.o)
 .rodata._SlRegisterServiceCtrl
                0x000000002000db00        0x4 ../../../simplelink/gcc/lib/nonos/Debug/libsimplelink.a(netapp.o)
 .rodata._SlNetAppSendTokenValueCmdCtrl
                0x000000002000db04        0x4 ../../../simplelink/gcc/lib/nonos/Debug/libsimplelink.a(netapp.o)
                0x000000002000db04                _SlNetAppSendTokenValueCmdCtrl
 .rodata._SlNetCfgSetCmdCtrl
                0x000000002000db08        0x4 ../../../simplelink/gcc/lib/nonos/Debug/libsimplelink.a(netcfg.o)
 .rodata._SlPayloadByProtocolLUT
                0x000000002000db0c       0x10 ../../../simplelink/gcc/lib/nonos/Debug/libsimplelink.a(socket.o)
 .rodata._SlSockSocketCmdCtrl
                0x000000002000db1c        0x4 ../../../simplelink/gcc/lib/nonos/Debug/libsimplelink.a(socket.o)
 .rodata._SlSockCloseCmdCtrl
                0x000000002000db20        0x4 ../../../simplelink/gcc/lib/nonos/Debug/libsimplelink.a(socket.o)
 .rodata._SlSendCmdCtrl
                0x000000002000db24        0x4 ../../../simplelink/gcc/lib/nonos/Debug/libsimplelink.a(socket.o)
 .rodata._SlSetSockOptCmdCtrl
                0x000000002000db28        0x4 ../../../simplelink/gcc/lib/nonos/Debug/libsimplelink.a(socket.o)
 .rodata._SlPolicySetCmdCtrl
                0x000000002000db2c        0x4 ../../../simplelink/gcc/lib/nonos/Debug/libsimplelink.a(wlan.o)
 .rodata._SlProfileDelCmdCtrl
                0x000000002000db30        0x4 ../../../simplelink/gcc/lib/nonos/Debug/libsimplelink.a(wlan.o)
 .rodata._SlRxFilterSetCmdCtrl
                0x000000002000db34        0x4 ../../../simplelink/gcc/lib/nonos/Debug/libsimplelink.a(wlan.o)
 .rodata._SlWlanSetModeCmdCtrl
                0x000000002000db38        0x4 ../../../simplelink/gcc/lib/nonos/Debug/libsimplelink.a(wlan.o)
 .rodata._SlWlanCfgSetCmdCtrl
                0x000000002000db3c        0x4 ../../../simplelink/gcc/lib/nonos/Debug/libsimplelink.a(wlan.o)
 .rodata.g_pulRegs
                0x000000002000db40       0xd4 ../../../driverlib/gcc/lib/Debug/libdriver.a(interrupt.o)
 .rodata.g_pulEnRegs
                0x000000002000dc14       0x18 ../../../driverlib/gcc/lib/Debug/libdriver.a(interrupt.o)
 .rodata.g_pulDisRegs
                0x000000002000dc2c       0x18 ../../../driverlib/gcc/lib/Debug/libdriver.a(interrupt.o)
 .rodata.g_pulPendRegs
                0x000000002000dc44       0x18 ../../../driverlib/gcc/lib/Debug/libdriver.a(interrupt.o)
 .rodata.g_pulUnpendRegs
                0x000000002000dc5c       0x18 ../../../driverlib/gcc/lib/Debug/libdriver.a(interrupt.o)
 .rodata.g_ulPinToPadMap
                0x000000002000dc74      0x100 ../../../driverlib/gcc/lib/Debug/libdriver.a(pin.o)
 .rodata.PRCM_PeriphRegsList
                0x000000002000dd74       0xa8 ../../../driverlib/gcc/lib/Debug/libdriver.a(prcm.o)
 .rodata.g_ppulSPIIntMap
                0x000000002000de1c       0x24 ../../../driverlib/gcc/lib/Debug/libdriver.a(spi.o)
 .rodata.g_ulSPIDmaMaskMap
                0x000000002000de40       0x18 ../../../driverlib/gcc/lib/Debug/libdriver.a(spi.o)
 .rodata._ctype_
                0x000000002000de58      0x101 /usr/lib/gcc/arm-none-eabi/5.2.0/../../../../arm-none-eabi/lib/armv7e-m/libc_nano.a(lib_a-ctype_.o)
                0x000000002000de58                _ctype_
 .rodata.str1.1
                0x000000002000df59        0x2 /usr/lib/gcc/arm-none-eabi/5.2.0/../../../../arm-none-eabi/lib/armv7e-m/libc_nano.a(lib_a-impure.o)
 .rodata.str1.1
                0x000000002000df5b       0x11 /usr/lib/gcc/arm-none-eabi/5.2.0/../../../../arm-none-eabi/lib/armv7e-m/libc_nano.a(lib_a-nano-svfprintf.o)
 .rodata.str1.1
                0x000000002000df6c       0x22 /usr/lib/gcc/arm-none-eabi/5.2.0/../../../../arm-none-eabi/lib/armv7e-m/libc_nano.a(lib_a-nano-vfprintf_i.o)
 *(.ARM.extab* .gnu.linkonce.armextab.*)
                0x000000002000df90                . = ALIGN (0x8)
 *fill*         0x000000002000df8e        0x2 
                0x000000002000df90                _etext = .

.glue_7         0x000000002000df90        0x0
 .glue_7        0x0000000000000000        0x0 linker stubs

.glue_7t        0x000000002000df90        0x0
 .glue_7t       0x0000000000000000        0x0 linker stubs

.vfp11_veneer   0x000000002000df90        0x0
 .vfp11_veneer  0x0000000000000000        0x0 linker stubs

.v4_bx          0x000000002000df90        0x0
 .v4_bx         0x0000000000000000        0x0 linker stubs

.iplt           0x000000002000df90        0x0
 .iplt          0x0000000000000000        0x0 obj/Debug/lp3p0_board.o

.rel.dyn        0x000000002000df90        0x0
 .rel.iplt      0x0000000000000000        0x0 obj/Debug/lp3p0_board.o

.ARM            0x000000002000df90        0x0
                0x000000002000df90                __exidx_start = .
 *(.ARM.exidx*)
                0x000000002000df90                __exidx_end = .
                0x000000002000df90                __init_data = .

.data           0x000000002000df90      0x1e8
                0x000000002000df90                _data = .
 *(.data*)
 .data.cc32xx_io_park
                0x000000002000df90      0x150 obj/Debug/lp3p0_plat_ops.o
                0x000000002000df90                cc32xx_io_park
 .data.g_ActiveUseCase
                0x000000002000e0e0        0x2 obj/Debug/main.o
                0x000000002000e0e0                g_ActiveUseCase
 .data.g_SocketType
                0x000000002000e0e2        0x1 obj/Debug/main.o
                0x000000002000e0e2                g_SocketType
 .data.g_CcaBypass
                0x000000002000e0e3        0x1 obj/Debug/main.o
                0x000000002000e0e3                g_CcaBypass
 .data.g_myIpAddr
                0x000000002000e0e4        0x4 obj/Debug/main.o
                0x000000002000e0e4                g_myIpAddr
 .data.g_GwIPAddr
                0x000000002000e0e8        0x4 obj/Debug/main.o
                0x000000002000e0e8                g_GwIPAddr
 .data.cc_pm_ctrl
                0x000000002000e0ec        0x8 ../../../middleware/gcc/lib/Debug/middleware.a(cc_pm_ops.o)
                0x000000002000e0ec                cc_pm_ctrl
 .data.nvic_int_mask
                0x000000002000e0f4       0x18 ../../../middleware/gcc/lib/Debug/middleware.a(cc_pm_ops.o)
                0x000000002000e0f4                nvic_int_mask
 .data.__ctype_ptr__
                0x000000002000e10c        0x4 /usr/lib/gcc/arm-none-eabi/5.2.0/../../../../arm-none-eabi/lib/armv7e-m/libc_nano.a(lib_a-ctype_.o)
                0x000000002000e10c                __ctype_ptr__
 .data.impure_data
                0x000000002000e110       0x60 /usr/lib/gcc/arm-none-eabi/5.2.0/../../../../arm-none-eabi/lib/armv7e-m/libc_nano.a(lib_a-impure.o)
 .data._impure_ptr
                0x000000002000e170        0x4 /usr/lib/gcc/arm-none-eabi/5.2.0/../../../../arm-none-eabi/lib/armv7e-m/libc_nano.a(lib_a-impure.o)
                0x000000002000e170                _impure_ptr
                0x000000002000e178                . = ALIGN (0x8)
 *fill*         0x000000002000e174        0x4 
                0x000000002000e178                _edata = .

.igot.plt       0x000000002000e178        0x0
 .igot.plt      0x0000000000000000        0x0 obj/Debug/lp3p0_board.o

.bss            0x000000002000e400     0x25f4
                0x000000002000e400                _bss = .
 *(.bss*)
 .bss.sw_simulate_rtc
                0x000000002000e400        0x4 obj/Debug/lp3p0_board.o
                0x000000002000e400                sw_simulate_rtc
 .bss.intr_ref_cnt
                0x000000002000e404        0x4 obj/Debug/lp3p0_plat_ops.o
                0x000000002000e404                intr_ref_cnt
 .bss.g_IpV4Option
                0x000000002000e408        0x1 obj/Debug/main.o
                0x000000002000e408                g_IpV4Option
 *fill*         0x000000002000e409        0x3 
 .bss.g_ulIpAddr
                0x000000002000e40c        0x4 obj/Debug/main.o
                0x000000002000e40c                g_ulIpAddr
 .bss.g_ulStatus
                0x000000002000e410        0x4 obj/Debug/main.o
                0x000000002000e410                g_ulStatus
 .bss.g_SsidName
                0x000000002000e414       0x1c obj/Debug/main.o
                0x000000002000e414                g_SsidName
 .bss.g_PassKey
                0x000000002000e430       0x40 obj/Debug/main.o
                0x000000002000e430                g_PassKey
 .bss.__Errorlog
                0x000000002000e470        0x4 obj/Debug/uart_if.o
 .bss.heap_end  0x000000002000e474        0x4 obj/Debug/startup_gcc.o
 .bss.heap2_end
                0x000000002000e478        0x4 obj/Debug/startup_gcc.o
 .bss.pui32Stack
                0x000000002000e47c     0x1000 obj/Debug/startup_gcc.o
 .bss.g_SpiFd   0x000000002000f47c        0x4 ../../../simplelink/gcc/lib/nonos/Debug/libsimplelink.a(cc_pal.o)
                0x000000002000f47c                g_SpiFd
 .bss.g_ucDMAEnabled
                0x000000002000f480        0x1 ../../../simplelink/gcc/lib/nonos/Debug/libsimplelink.a(cc_pal.o)
                0x000000002000f480                g_ucDMAEnabled
 *fill*         0x000000002000f481        0x1 
 .bss.g_SlDeviceStatus
                0x000000002000f482        0x2 ../../../simplelink/gcc/lib/nonos/Debug/libsimplelink.a(driver.o)
                0x000000002000f482                g_SlDeviceStatus
 .bss.g_StatMem
                0x000000002000f484      0x168 ../../../simplelink/gcc/lib/nonos/Debug/libsimplelink.a(driver.o)
 .bss.g_pCB     0x000000002000f5ec        0x4 ../../../simplelink/gcc/lib/nonos/Debug/libsimplelink.a(driver.o)
                0x000000002000f5ec                g_pCB
 .bss.pPingCallBackFunc
                0x000000002000f5f0        0x4 ../../../simplelink/gcc/lib/nonos/Debug/libsimplelink.a(driver.o)
                0x000000002000f5f0                pPingCallBackFunc
 .bss.gFirstCmdMode
                0x000000002000f5f4        0x1 ../../../simplelink/gcc/lib/nonos/Debug/libsimplelink.a(driver.o)
 *fill*         0x000000002000f5f5        0x3 
 .bss.g__SlNonOsCB
                0x000000002000f5f8       0x3c ../../../simplelink/gcc/lib/nonos/Debug/libsimplelink.a(nonos.o)
                0x000000002000f5f8                g__SlNonOsCB
 .bss.pform_info
                0x000000002000f634       0x48 ../../../middleware/gcc/lib/Debug/middleware.a(cc_pm.o)
 .bss.pform     0x000000002000f67c        0x4 ../../../middleware/gcc/lib/Debug/middleware.a(cc_pm.o)
 .bss.__malloc_sbrk_start
                0x000000002000f680        0x4 /usr/lib/gcc/arm-none-eabi/5.2.0/../../../../arm-none-eabi/lib/armv7e-m/libc_nano.a(lib_a-nano-mallocr.o)
                0x000000002000f680                __malloc_sbrk_start
 .bss.__malloc_free_list
                0x000000002000f684        0x4 /usr/lib/gcc/arm-none-eabi/5.2.0/../../../../arm-none-eabi/lib/armv7e-m/libc_nano.a(lib_a-nano-mallocr.o)
                0x000000002000f684                __malloc_free_list
 *(COMMON)
 COMMON         0x000000002000f688       0x2c obj/Debug/lp3p0_plat_ops.o
                0x000000002000f688                lpds_wk_info
                0x000000002000f69c                user_sel_power_mode
                0x000000002000f6a0                hib_wk_info
 COMMON         0x000000002000f6b4      0x5e4 obj/Debug/main.o
                0x000000002000f6b4                g_ResetCause
                0x000000002000f6b8                g_SecType
                0x000000002000f6bc                g_cBsdBuf
                0x000000002000fc34                g_cErrBuff
 *fill*         0x000000002000fc98      0x368 
 COMMON         0x0000000020010000      0x800 obj/Debug/udma_if.o
                0x0000000020010000                gfpAppCallbackHndl
                0x0000000020010100                iDone
                0x0000000020010400                gpCtlTbl
 COMMON         0x0000000020010800       0x54 ../../../simplelink/gcc/lib/nonos/Debug/libsimplelink.a(cc_pal.o)
                0x0000000020010800                g_cDummy
                0x0000000020010804                g_ucDinDout
 COMMON         0x0000000020010854        0x2 ../../../simplelink/gcc/lib/nonos/Debug/libsimplelink.a(driver.o)
                0x0000000020010854                g_bDeviceRestartIsRequired
                0x0000000020010855                RxIrqCnt
 *fill*         0x0000000020010856        0x2 
 COMMON         0x0000000020010858       0x1c ../../../middleware/gcc/lib/Debug/middleware.a(cc_pm.o)
                0x0000000020010858                vault_arm_registers
 COMMON         0x0000000020010874      0x110 ../../../middleware/gcc/lib/Debug/middleware.a(cc_pm_ops.o)
                0x0000000020010874                nvic_reg_store
 COMMON         0x0000000020010984       0x6c ../../../middleware/gcc/lib/Debug/middleware.a(gpio_hal.o)
                0x0000000020010984                gpio_control
 COMMON         0x00000000200109f0        0x4 /usr/lib/gcc/arm-none-eabi/5.2.0/../../../../arm-none-eabi/lib/armv7e-m/libc_nano.a(lib_a-reent.o)
                0x00000000200109f0                errno
                0x00000000200109f4                _ebss = .

.heap           0x00000000200109f4    0x2f60c
                0x00000000200109f4                _heap = .
                0x000000002003fe88                . = (((((((. + 0x40000) - SIZEOF (.bss)) - SIZEOF (.data)) - SIZEOF (.ARM)) - SIZEOF (.text)) - SIZEOF (.bootloader)) - 0x400)
 *fill*         0x00000000200109f4    0x2f494 
                0x0000000020040000                . = ALIGN (0x400)
 *fill*         0x000000002003fe88      0x178 
                0x0000000020040000                _eheap = .
LOAD obj/Debug/lp3p0_board.o
LOAD obj/Debug/lp3p0_plat_ops.o
LOAD obj/Debug/main.o
LOAD obj/Debug/pinmux.o
LOAD obj/Debug/uart_if.o
LOAD obj/Debug/udma_if.o
LOAD obj/Debug/utils_if.o
LOAD obj/Debug/startup_gcc.o
LOAD ../../../simplelink/gcc/lib/nonos/Debug/libsimplelink.a
LOAD ../../../middleware/gcc/lib/Debug/middleware.a
LOAD ../../../driverlib/gcc/lib/Debug/libdriver.a
LOAD /usr/lib/gcc/arm-none-eabi/5.2.0/../../../../arm-none-eabi/lib/armv7e-m/libm.a
LOAD /usr/lib/gcc/arm-none-eabi/5.2.0/../../../../arm-none-eabi/lib/armv7e-m/libc_nano.a
LOAD /usr/lib/gcc/arm-none-eabi/5.2.0/armv7e-m/libgcc.a
LOAD /usr/lib/gcc/arm-none-eabi/5.2.0/../../../../arm-none-eabi/lib/armv7e-m/libnosys.a
OUTPUT(bin/Debug/power_measurement.elf elf32-littlearm)

.debug_info     0x0000000000000000    0x18baa
 .debug_info    0x0000000000000000      0x283 obj/Debug/lp3p0_board.o
 .debug_info    0x0000000000000283      0x582 obj/Debug/lp3p0_plat_ops.o
 .debug_info    0x0000000000000805     0x14ee obj/Debug/main.o
 .debug_info    0x0000000000001cf3       0x45 obj/Debug/pinmux.o
 .debug_info    0x0000000000001d38      0x2ac obj/Debug/uart_if.o
 .debug_info    0x0000000000001fe4      0x377 obj/Debug/udma_if.o
 .debug_info    0x000000000000235b       0xa5 obj/Debug/utils_if.o
 .debug_info    0x0000000000002400      0x20f obj/Debug/startup_gcc.o
 .debug_info    0x000000000000260f      0x677 ../../../simplelink/gcc/lib/nonos/Debug/libsimplelink.a(cc_pal.o)
 .debug_info    0x0000000000002c86      0xef9 ../../../simplelink/gcc/lib/nonos/Debug/libsimplelink.a(device.o)
 .debug_info    0x0000000000003b7f     0x1bec ../../../simplelink/gcc/lib/nonos/Debug/libsimplelink.a(driver.o)
 .debug_info    0x000000000000576b     0x18d2 ../../../simplelink/gcc/lib/nonos/Debug/libsimplelink.a(netapp.o)
 .debug_info    0x000000000000703d      0x3a9 ../../../simplelink/gcc/lib/nonos/Debug/libsimplelink.a(netcfg.o)
 .debug_info    0x00000000000073e6      0x670 ../../../simplelink/gcc/lib/nonos/Debug/libsimplelink.a(nonos.o)
 .debug_info    0x0000000000007a56     0x1a22 ../../../simplelink/gcc/lib/nonos/Debug/libsimplelink.a(socket.o)
 .debug_info    0x0000000000009478     0x1a67 ../../../simplelink/gcc/lib/nonos/Debug/libsimplelink.a(wlan.o)
 .debug_info    0x000000000000aedf      0x838 ../../../middleware/gcc/lib/Debug/middleware.a(cc_pm.o)
 .debug_info    0x000000000000b717      0x1ec ../../../middleware/gcc/lib/Debug/middleware.a(cc_io_park.o)
 .debug_info    0x000000000000b903      0x672 ../../../middleware/gcc/lib/Debug/middleware.a(cc_pm_ops.o)
 .debug_info    0x000000000000bf75      0xa99 ../../../middleware/gcc/lib/Debug/middleware.a(gpio_hal.o)
 .debug_info    0x000000000000ca0e       0xfe ../../../driverlib/gcc/lib/Debug/libdriver.a(cpu.o)
 .debug_info    0x000000000000cb0c      0x3b0 ../../../driverlib/gcc/lib/Debug/libdriver.a(gpio.o)
 .debug_info    0x000000000000cebc      0x20c ../../../driverlib/gcc/lib/Debug/libdriver.a(hwspinlock.o)
 .debug_info    0x000000000000d0c8      0x383 ../../../driverlib/gcc/lib/Debug/libdriver.a(interrupt.o)
 .debug_info    0x000000000000d44b      0x3eb ../../../driverlib/gcc/lib/Debug/libdriver.a(pin.o)
 .debug_info    0x000000000000d836      0xa3d ../../../driverlib/gcc/lib/Debug/libdriver.a(prcm.o)
 .debug_info    0x000000000000e273      0x9be ../../../driverlib/gcc/lib/Debug/libdriver.a(spi.o)
 .debug_info    0x000000000000ec31      0x5c1 ../../../driverlib/gcc/lib/Debug/libdriver.a(timer.o)
 .debug_info    0x000000000000f1f2      0x82e ../../../driverlib/gcc/lib/Debug/libdriver.a(uart.o)
 .debug_info    0x000000000000fa20      0x53f ../../../driverlib/gcc/lib/Debug/libdriver.a(udma.o)
 .debug_info    0x000000000000ff5f       0x50 ../../../driverlib/gcc/lib/Debug/libdriver.a(utils.o)
 .debug_info    0x000000000000ffaf      0x300 ../../../driverlib/gcc/lib/Debug/libdriver.a(flash.o)
 .debug_info    0x00000000000102af      0x7c5 /usr/lib/gcc/arm-none-eabi/5.2.0/../../../../arm-none-eabi/lib/armv7e-m/libc_nano.a(lib_a-atoi.o)
 .debug_info    0x0000000000010a74      0x7b2 /usr/lib/gcc/arm-none-eabi/5.2.0/../../../../arm-none-eabi/lib/armv7e-m/libc_nano.a(lib_a-malloc.o)
 .debug_info    0x0000000000011226      0x115 /usr/lib/gcc/arm-none-eabi/5.2.0/../../../../arm-none-eabi/lib/armv7e-m/libc_nano.a(lib_a-memcpy.o)
 .debug_info    0x000000000001133b      0x109 /usr/lib/gcc/arm-none-eabi/5.2.0/../../../../arm-none-eabi/lib/armv7e-m/libc_nano.a(lib_a-memmove.o)
 .debug_info    0x0000000000011444       0xda /usr/lib/gcc/arm-none-eabi/5.2.0/../../../../arm-none-eabi/lib/armv7e-m/libc_nano.a(lib_a-memset.o)
 .debug_info    0x000000000001151e      0x821 /usr/lib/gcc/arm-none-eabi/5.2.0/../../../../arm-none-eabi/lib/armv7e-m/libc_nano.a(lib_a-nano-freer.o)
 .debug_info    0x0000000000011d3f      0x8ec /usr/lib/gcc/arm-none-eabi/5.2.0/../../../../arm-none-eabi/lib/armv7e-m/libc_nano.a(lib_a-nano-mallocr.o)
 .debug_info    0x000000000001262b      0x786 /usr/lib/gcc/arm-none-eabi/5.2.0/../../../../arm-none-eabi/lib/armv7e-m/libc_nano.a(lib_a-realloc.o)
 .debug_info    0x0000000000012db1      0x7a1 /usr/lib/gcc/arm-none-eabi/5.2.0/../../../../arm-none-eabi/lib/armv7e-m/libc_nano.a(lib_a-sbrkr.o)
 .debug_info    0x0000000000013552       0xd4 /usr/lib/gcc/arm-none-eabi/5.2.0/../../../../arm-none-eabi/lib/armv7e-m/libc_nano.a(lib_a-strlen.o)
 .debug_info    0x0000000000013626      0x802 /usr/lib/gcc/arm-none-eabi/5.2.0/../../../../arm-none-eabi/lib/armv7e-m/libc_nano.a(lib_a-strtok.o)
 .debug_info    0x0000000000013e28      0x19e /usr/lib/gcc/arm-none-eabi/5.2.0/../../../../arm-none-eabi/lib/armv7e-m/libc_nano.a(lib_a-strtok_r.o)
 .debug_info    0x0000000000013fc6      0x864 /usr/lib/gcc/arm-none-eabi/5.2.0/../../../../arm-none-eabi/lib/armv7e-m/libc_nano.a(lib_a-strtol.o)
 .debug_info    0x000000000001482a      0x892 /usr/lib/gcc/arm-none-eabi/5.2.0/../../../../arm-none-eabi/lib/armv7e-m/libc_nano.a(lib_a-vsnprintf.o)
 .debug_info    0x00000000000150bc       0x6f /usr/lib/gcc/arm-none-eabi/5.2.0/../../../../arm-none-eabi/lib/armv7e-m/libc_nano.a(lib_a-ctype_.o)
 .debug_info    0x000000000001512b      0x7da /usr/lib/gcc/arm-none-eabi/5.2.0/../../../../arm-none-eabi/lib/armv7e-m/libc_nano.a(lib_a-impure.o)
 .debug_info    0x0000000000015905      0x878 /usr/lib/gcc/arm-none-eabi/5.2.0/../../../../arm-none-eabi/lib/armv7e-m/libc_nano.a(lib_a-nano-reallocr.o)
 .debug_info    0x000000000001617d      0xd40 /usr/lib/gcc/arm-none-eabi/5.2.0/../../../../arm-none-eabi/lib/armv7e-m/libc_nano.a(lib_a-nano-svfprintf.o)
 .debug_info    0x0000000000016ebd      0xb33 /usr/lib/gcc/arm-none-eabi/5.2.0/../../../../arm-none-eabi/lib/armv7e-m/libc_nano.a(lib_a-nano-vfprintf_i.o)
 .debug_info    0x00000000000179f0      0x8fb /usr/lib/gcc/arm-none-eabi/5.2.0/../../../../arm-none-eabi/lib/armv7e-m/libc_nano.a(lib_a-reent.o)
 .debug_info    0x00000000000182eb       0xff /usr/lib/gcc/arm-none-eabi/5.2.0/../../../../arm-none-eabi/lib/armv7e-m/libc_nano.a(lib_a-memchr.o)
 .debug_info    0x00000000000183ea      0x7c0 /usr/lib/gcc/arm-none-eabi/5.2.0/../../../../arm-none-eabi/lib/armv7e-m/libc_nano.a(lib_a-nano-msizer.o)

.debug_abbrev   0x0000000000000000     0x4dc2
 .debug_abbrev  0x0000000000000000      0x114 obj/Debug/lp3p0_board.o
 .debug_abbrev  0x0000000000000114      0x1f1 obj/Debug/lp3p0_plat_ops.o
 .debug_abbrev  0x0000000000000305      0x2e4 obj/Debug/main.o
 .debug_abbrev  0x00000000000005e9       0x37 obj/Debug/pinmux.o
 .debug_abbrev  0x0000000000000620      0x147 obj/Debug/uart_if.o
 .debug_abbrev  0x0000000000000767      0x140 obj/Debug/udma_if.o
 .debug_abbrev  0x00000000000008a7       0x6d obj/Debug/utils_if.o
 .debug_abbrev  0x0000000000000914      0x10b obj/Debug/startup_gcc.o
 .debug_abbrev  0x0000000000000a1f      0x1bd ../../../simplelink/gcc/lib/nonos/Debug/libsimplelink.a(cc_pal.o)
 .debug_abbrev  0x0000000000000bdc      0x276 ../../../simplelink/gcc/lib/nonos/Debug/libsimplelink.a(device.o)
 .debug_abbrev  0x0000000000000e52      0x296 ../../../simplelink/gcc/lib/nonos/Debug/libsimplelink.a(driver.o)
 .debug_abbrev  0x00000000000010e8      0x294 ../../../simplelink/gcc/lib/nonos/Debug/libsimplelink.a(netapp.o)
 .debug_abbrev  0x000000000000137c      0x139 ../../../simplelink/gcc/lib/nonos/Debug/libsimplelink.a(netcfg.o)
 .debug_abbrev  0x00000000000014b5      0x172 ../../../simplelink/gcc/lib/nonos/Debug/libsimplelink.a(nonos.o)
 .debug_abbrev  0x0000000000001627      0x2cb ../../../simplelink/gcc/lib/nonos/Debug/libsimplelink.a(socket.o)
 .debug_abbrev  0x00000000000018f2      0x231 ../../../simplelink/gcc/lib/nonos/Debug/libsimplelink.a(wlan.o)
 .debug_abbrev  0x0000000000001b23      0x2b4 ../../../middleware/gcc/lib/Debug/middleware.a(cc_pm.o)
 .debug_abbrev  0x0000000000001dd7       0xed ../../../middleware/gcc/lib/Debug/middleware.a(cc_io_park.o)
 .debug_abbrev  0x0000000000001ec4      0x1ee ../../../middleware/gcc/lib/Debug/middleware.a(cc_pm_ops.o)
 .debug_abbrev  0x00000000000020b2      0x1e9 ../../../middleware/gcc/lib/Debug/middleware.a(gpio_hal.o)
 .debug_abbrev  0x000000000000229b       0xb4 ../../../driverlib/gcc/lib/Debug/libdriver.a(cpu.o)
 .debug_abbrev  0x000000000000234f      0x130 ../../../driverlib/gcc/lib/Debug/libdriver.a(gpio.o)
 .debug_abbrev  0x000000000000247f       0xa4 ../../../driverlib/gcc/lib/Debug/libdriver.a(hwspinlock.o)
 .debug_abbrev  0x0000000000002523      0x145 ../../../driverlib/gcc/lib/Debug/libdriver.a(interrupt.o)
 .debug_abbrev  0x0000000000002668       0xf4 ../../../driverlib/gcc/lib/Debug/libdriver.a(pin.o)
 .debug_abbrev  0x000000000000275c      0x1cc ../../../driverlib/gcc/lib/Debug/libdriver.a(prcm.o)
 .debug_abbrev  0x0000000000002928      0x131 ../../../driverlib/gcc/lib/Debug/libdriver.a(spi.o)
 .debug_abbrev  0x0000000000002a59       0xde ../../../driverlib/gcc/lib/Debug/libdriver.a(timer.o)
 .debug_abbrev  0x0000000000002b37      0x131 ../../../driverlib/gcc/lib/Debug/libdriver.a(uart.o)
 .debug_abbrev  0x0000000000002c68      0x182 ../../../driverlib/gcc/lib/Debug/libdriver.a(udma.o)
 .debug_abbrev  0x0000000000002dea       0x48 ../../../driverlib/gcc/lib/Debug/libdriver.a(utils.o)
 .debug_abbrev  0x0000000000002e32      0x191 ../../../driverlib/gcc/lib/Debug/libdriver.a(flash.o)
 .debug_abbrev  0x0000000000002fc3      0x15f /usr/lib/gcc/arm-none-eabi/5.2.0/../../../../arm-none-eabi/lib/armv7e-m/libc_nano.a(lib_a-atoi.o)
 .debug_abbrev  0x0000000000003122      0x18a /usr/lib/gcc/arm-none-eabi/5.2.0/../../../../arm-none-eabi/lib/armv7e-m/libc_nano.a(lib_a-malloc.o)
 .debug_abbrev  0x00000000000032ac       0xab /usr/lib/gcc/arm-none-eabi/5.2.0/../../../../arm-none-eabi/lib/armv7e-m/libc_nano.a(lib_a-memcpy.o)
 .debug_abbrev  0x0000000000003357       0x9c /usr/lib/gcc/arm-none-eabi/5.2.0/../../../../arm-none-eabi/lib/armv7e-m/libc_nano.a(lib_a-memmove.o)
 .debug_abbrev  0x00000000000033f3       0x8e /usr/lib/gcc/arm-none-eabi/5.2.0/../../../../arm-none-eabi/lib/armv7e-m/libc_nano.a(lib_a-memset.o)
 .debug_abbrev  0x0000000000003481      0x1b6 /usr/lib/gcc/arm-none-eabi/5.2.0/../../../../arm-none-eabi/lib/armv7e-m/libc_nano.a(lib_a-nano-freer.o)
 .debug_abbrev  0x0000000000003637      0x24e /usr/lib/gcc/arm-none-eabi/5.2.0/../../../../arm-none-eabi/lib/armv7e-m/libc_nano.a(lib_a-nano-mallocr.o)
 .debug_abbrev  0x0000000000003885      0x17f /usr/lib/gcc/arm-none-eabi/5.2.0/../../../../arm-none-eabi/lib/armv7e-m/libc_nano.a(lib_a-realloc.o)
 .debug_abbrev  0x0000000000003a04      0x1a0 /usr/lib/gcc/arm-none-eabi/5.2.0/../../../../arm-none-eabi/lib/armv7e-m/libc_nano.a(lib_a-sbrkr.o)
 .debug_abbrev  0x0000000000003ba4       0x8c /usr/lib/gcc/arm-none-eabi/5.2.0/../../../../arm-none-eabi/lib/armv7e-m/libc_nano.a(lib_a-strlen.o)
 .debug_abbrev  0x0000000000003c30      0x1e4 /usr/lib/gcc/arm-none-eabi/5.2.0/../../../../arm-none-eabi/lib/armv7e-m/libc_nano.a(lib_a-strtok.o)
 .debug_abbrev  0x0000000000003e14       0xda /usr/lib/gcc/arm-none-eabi/5.2.0/../../../../arm-none-eabi/lib/armv7e-m/libc_nano.a(lib_a-strtok_r.o)
 .debug_abbrev  0x0000000000003eee      0x1b3 /usr/lib/gcc/arm-none-eabi/5.2.0/../../../../arm-none-eabi/lib/armv7e-m/libc_nano.a(lib_a-strtol.o)
 .debug_abbrev  0x00000000000040a1      0x1bd /usr/lib/gcc/arm-none-eabi/5.2.0/../../../../arm-none-eabi/lib/armv7e-m/libc_nano.a(lib_a-vsnprintf.o)
 .debug_abbrev  0x000000000000425e       0x4e /usr/lib/gcc/arm-none-eabi/5.2.0/../../../../arm-none-eabi/lib/armv7e-m/libc_nano.a(lib_a-ctype_.o)
 .debug_abbrev  0x00000000000042ac      0x136 /usr/lib/gcc/arm-none-eabi/5.2.0/../../../../arm-none-eabi/lib/armv7e-m/libc_nano.a(lib_a-impure.o)
 .debug_abbrev  0x00000000000043e2      0x1af /usr/lib/gcc/arm-none-eabi/5.2.0/../../../../arm-none-eabi/lib/armv7e-m/libc_nano.a(lib_a-nano-reallocr.o)
 .debug_abbrev  0x0000000000004591      0x23f /usr/lib/gcc/arm-none-eabi/5.2.0/../../../../arm-none-eabi/lib/armv7e-m/libc_nano.a(lib_a-nano-svfprintf.o)
 .debug_abbrev  0x00000000000047d0      0x1f4 /usr/lib/gcc/arm-none-eabi/5.2.0/../../../../arm-none-eabi/lib/armv7e-m/libc_nano.a(lib_a-nano-vfprintf_i.o)
 .debug_abbrev  0x00000000000049c4      0x1f2 /usr/lib/gcc/arm-none-eabi/5.2.0/../../../../arm-none-eabi/lib/armv7e-m/libc_nano.a(lib_a-reent.o)
 .debug_abbrev  0x0000000000004bb6       0xab /usr/lib/gcc/arm-none-eabi/5.2.0/../../../../arm-none-eabi/lib/armv7e-m/libc_nano.a(lib_a-memchr.o)
 .debug_abbrev  0x0000000000004c61      0x161 /usr/lib/gcc/arm-none-eabi/5.2.0/../../../../arm-none-eabi/lib/armv7e-m/libc_nano.a(lib_a-nano-msizer.o)

.debug_aranges  0x0000000000000000     0x1580
 .debug_aranges
                0x0000000000000000       0x38 obj/Debug/lp3p0_board.o
 .debug_aranges
                0x0000000000000038       0x88 obj/Debug/lp3p0_plat_ops.o
 .debug_aranges
                0x00000000000000c0       0xd0 obj/Debug/main.o
 .debug_aranges
                0x0000000000000190       0x20 obj/Debug/pinmux.o
 .debug_aranges
                0x00000000000001b0       0x50 obj/Debug/uart_if.o
 .debug_aranges
                0x0000000000000200       0x68 obj/Debug/udma_if.o
 .debug_aranges
                0x0000000000000268       0x28 obj/Debug/utils_if.o
 .debug_aranges
                0x0000000000000290       0x48 obj/Debug/startup_gcc.o
 .debug_aranges
                0x00000000000002d8       0xc0 ../../../simplelink/gcc/lib/nonos/Debug/libsimplelink.a(cc_pal.o)
 .debug_aranges
                0x0000000000000398       0x78 ../../../simplelink/gcc/lib/nonos/Debug/libsimplelink.a(device.o)
 .debug_aranges
                0x0000000000000410      0x130 ../../../simplelink/gcc/lib/nonos/Debug/libsimplelink.a(driver.o)
 .debug_aranges
                0x0000000000000540       0xa8 ../../../simplelink/gcc/lib/nonos/Debug/libsimplelink.a(netapp.o)
 .debug_aranges
                0x00000000000005e8       0x28 ../../../simplelink/gcc/lib/nonos/Debug/libsimplelink.a(netcfg.o)
 .debug_aranges
                0x0000000000000610       0x38 ../../../simplelink/gcc/lib/nonos/Debug/libsimplelink.a(nonos.o)
 .debug_aranges
                0x0000000000000648       0xe0 ../../../simplelink/gcc/lib/nonos/Debug/libsimplelink.a(socket.o)
 .debug_aranges
                0x0000000000000728       0xb0 ../../../simplelink/gcc/lib/nonos/Debug/libsimplelink.a(wlan.o)
 .debug_aranges
                0x00000000000007d8       0xb0 ../../../middleware/gcc/lib/Debug/middleware.a(cc_pm.o)
 .debug_aranges
                0x0000000000000888       0x30 ../../../middleware/gcc/lib/Debug/middleware.a(cc_io_park.o)
 .debug_aranges
                0x00000000000008b8       0xb8 ../../../middleware/gcc/lib/Debug/middleware.a(cc_pm_ops.o)
 .debug_aranges
                0x0000000000000970       0x90 ../../../middleware/gcc/lib/Debug/middleware.a(gpio_hal.o)
 .debug_aranges
                0x0000000000000a00       0x48 ../../../driverlib/gcc/lib/Debug/libdriver.a(cpu.o)
 .debug_aranges
                0x0000000000000a48       0x90 ../../../driverlib/gcc/lib/Debug/libdriver.a(gpio.o)
 .debug_aranges
                0x0000000000000ad8       0x38 ../../../driverlib/gcc/lib/Debug/libdriver.a(hwspinlock.o)
 .debug_aranges
                0x0000000000000b10       0x98 ../../../driverlib/gcc/lib/Debug/libdriver.a(interrupt.o)
 .debug_aranges
                0x0000000000000ba8       0x90 ../../../driverlib/gcc/lib/Debug/libdriver.a(pin.o)
 .debug_aranges
                0x0000000000000c38      0x1b8 ../../../driverlib/gcc/lib/Debug/libdriver.a(prcm.o)
 .debug_aranges
                0x0000000000000df0      0x100 ../../../driverlib/gcc/lib/Debug/libdriver.a(spi.o)
 .debug_aranges
                0x0000000000000ef0       0xd8 ../../../driverlib/gcc/lib/Debug/libdriver.a(timer.o)
 .debug_aranges
                0x0000000000000fc8      0x140 ../../../driverlib/gcc/lib/Debug/libdriver.a(uart.o)
 .debug_aranges
                0x0000000000001108       0xd8 ../../../driverlib/gcc/lib/Debug/libdriver.a(udma.o)
 .debug_aranges
                0x00000000000011e0       0x20 ../../../driverlib/gcc/lib/Debug/libdriver.a(utils.o)
 .debug_aranges
                0x0000000000001200       0x88 ../../../driverlib/gcc/lib/Debug/libdriver.a(flash.o)
 .debug_aranges
                0x0000000000001288       0x28 /usr/lib/gcc/arm-none-eabi/5.2.0/../../../../arm-none-eabi/lib/armv7e-m/libc_nano.a(lib_a-atoi.o)
 .debug_aranges
                0x00000000000012b0       0x28 /usr/lib/gcc/arm-none-eabi/5.2.0/../../../../arm-none-eabi/lib/armv7e-m/libc_nano.a(lib_a-malloc.o)
 .debug_aranges
                0x00000000000012d8       0x20 /usr/lib/gcc/arm-none-eabi/5.2.0/../../../../arm-none-eabi/lib/armv7e-m/libc_nano.a(lib_a-memcpy.o)
 .debug_aranges
                0x00000000000012f8       0x20 /usr/lib/gcc/arm-none-eabi/5.2.0/../../../../arm-none-eabi/lib/armv7e-m/libc_nano.a(lib_a-memmove.o)
 .debug_aranges
                0x0000000000001318       0x20 /usr/lib/gcc/arm-none-eabi/5.2.0/../../../../arm-none-eabi/lib/armv7e-m/libc_nano.a(lib_a-memset.o)
 .debug_aranges
                0x0000000000001338       0x20 /usr/lib/gcc/arm-none-eabi/5.2.0/../../../../arm-none-eabi/lib/armv7e-m/libc_nano.a(lib_a-nano-freer.o)
 .debug_aranges
                0x0000000000001358       0x20 /usr/lib/gcc/arm-none-eabi/5.2.0/../../../../arm-none-eabi/lib/armv7e-m/libc_nano.a(lib_a-nano-mallocr.o)
 .debug_aranges
                0x0000000000001378       0x20 /usr/lib/gcc/arm-none-eabi/5.2.0/../../../../arm-none-eabi/lib/armv7e-m/libc_nano.a(lib_a-realloc.o)
 .debug_aranges
                0x0000000000001398       0x20 /usr/lib/gcc/arm-none-eabi/5.2.0/../../../../arm-none-eabi/lib/armv7e-m/libc_nano.a(lib_a-sbrkr.o)
 .debug_aranges
                0x00000000000013b8       0x20 /usr/lib/gcc/arm-none-eabi/5.2.0/../../../../arm-none-eabi/lib/armv7e-m/libc_nano.a(lib_a-strlen.o)
 .debug_aranges
                0x00000000000013d8       0x20 /usr/lib/gcc/arm-none-eabi/5.2.0/../../../../arm-none-eabi/lib/armv7e-m/libc_nano.a(lib_a-strtok.o)
 .debug_aranges
                0x00000000000013f8       0x28 /usr/lib/gcc/arm-none-eabi/5.2.0/../../../../arm-none-eabi/lib/armv7e-m/libc_nano.a(lib_a-strtok_r.o)
 .debug_aranges
                0x0000000000001420       0x28 /usr/lib/gcc/arm-none-eabi/5.2.0/../../../../arm-none-eabi/lib/armv7e-m/libc_nano.a(lib_a-strtol.o)
 .debug_aranges
                0x0000000000001448       0x28 /usr/lib/gcc/arm-none-eabi/5.2.0/../../../../arm-none-eabi/lib/armv7e-m/libc_nano.a(lib_a-vsnprintf.o)
 .debug_aranges
                0x0000000000001470       0x18 /usr/lib/gcc/arm-none-eabi/5.2.0/../../../../arm-none-eabi/lib/armv7e-m/libc_nano.a(lib_a-ctype_.o)
 .debug_aranges
                0x0000000000001488       0x18 /usr/lib/gcc/arm-none-eabi/5.2.0/../../../../arm-none-eabi/lib/armv7e-m/libc_nano.a(lib_a-impure.o)
 .debug_aranges
                0x00000000000014a0       0x20 /usr/lib/gcc/arm-none-eabi/5.2.0/../../../../arm-none-eabi/lib/armv7e-m/libc_nano.a(lib_a-nano-reallocr.o)
 .debug_aranges
                0x00000000000014c0       0x30 /usr/lib/gcc/arm-none-eabi/5.2.0/../../../../arm-none-eabi/lib/armv7e-m/libc_nano.a(lib_a-nano-svfprintf.o)
 .debug_aranges
                0x00000000000014f0       0x28 /usr/lib/gcc/arm-none-eabi/5.2.0/../../../../arm-none-eabi/lib/armv7e-m/libc_nano.a(lib_a-nano-vfprintf_i.o)
 .debug_aranges
                0x0000000000001518       0x28 /usr/lib/gcc/arm-none-eabi/5.2.0/../../../../arm-none-eabi/lib/armv7e-m/libc_nano.a(lib_a-reent.o)
 .debug_aranges
                0x0000000000001540       0x20 /usr/lib/gcc/arm-none-eabi/5.2.0/../../../../arm-none-eabi/lib/armv7e-m/libc_nano.a(lib_a-memchr.o)
 .debug_aranges
                0x0000000000001560       0x20 /usr/lib/gcc/arm-none-eabi/5.2.0/../../../../arm-none-eabi/lib/armv7e-m/libc_nano.a(lib_a-nano-msizer.o)

.debug_ranges   0x0000000000000000     0x1320
 .debug_ranges  0x0000000000000000       0x28 obj/Debug/lp3p0_board.o
 .debug_ranges  0x0000000000000028       0x78 obj/Debug/lp3p0_plat_ops.o
 .debug_ranges  0x00000000000000a0       0xc0 obj/Debug/main.o
 .debug_ranges  0x0000000000000160       0x10 obj/Debug/pinmux.o
 .debug_ranges  0x0000000000000170       0x40 obj/Debug/uart_if.o
 .debug_ranges  0x00000000000001b0       0x58 obj/Debug/udma_if.o
 .debug_ranges  0x0000000000000208       0x18 obj/Debug/utils_if.o
 .debug_ranges  0x0000000000000220       0x38 obj/Debug/startup_gcc.o
 .debug_ranges  0x0000000000000258       0xb0 ../../../simplelink/gcc/lib/nonos/Debug/libsimplelink.a(cc_pal.o)
 .debug_ranges  0x0000000000000308       0x68 ../../../simplelink/gcc/lib/nonos/Debug/libsimplelink.a(device.o)
 .debug_ranges  0x0000000000000370      0x138 ../../../simplelink/gcc/lib/nonos/Debug/libsimplelink.a(driver.o)
 .debug_ranges  0x00000000000004a8       0x98 ../../../simplelink/gcc/lib/nonos/Debug/libsimplelink.a(netapp.o)
 .debug_ranges  0x0000000000000540       0x18 ../../../simplelink/gcc/lib/nonos/Debug/libsimplelink.a(netcfg.o)
 .debug_ranges  0x0000000000000558       0x28 ../../../simplelink/gcc/lib/nonos/Debug/libsimplelink.a(nonos.o)
 .debug_ranges  0x0000000000000580       0xd0 ../../../simplelink/gcc/lib/nonos/Debug/libsimplelink.a(socket.o)
 .debug_ranges  0x0000000000000650       0xa0 ../../../simplelink/gcc/lib/nonos/Debug/libsimplelink.a(wlan.o)
 .debug_ranges  0x00000000000006f0       0xd0 ../../../middleware/gcc/lib/Debug/middleware.a(cc_pm.o)
 .debug_ranges  0x00000000000007c0       0x20 ../../../middleware/gcc/lib/Debug/middleware.a(cc_io_park.o)
 .debug_ranges  0x00000000000007e0       0xa8 ../../../middleware/gcc/lib/Debug/middleware.a(cc_pm_ops.o)
 .debug_ranges  0x0000000000000888       0x80 ../../../middleware/gcc/lib/Debug/middleware.a(gpio_hal.o)
 .debug_ranges  0x0000000000000908       0x38 ../../../driverlib/gcc/lib/Debug/libdriver.a(cpu.o)
 .debug_ranges  0x0000000000000940       0x80 ../../../driverlib/gcc/lib/Debug/libdriver.a(gpio.o)
 .debug_ranges  0x00000000000009c0       0x28 ../../../driverlib/gcc/lib/Debug/libdriver.a(hwspinlock.o)
 .debug_ranges  0x00000000000009e8       0x88 ../../../driverlib/gcc/lib/Debug/libdriver.a(interrupt.o)
 .debug_ranges  0x0000000000000a70       0x80 ../../../driverlib/gcc/lib/Debug/libdriver.a(pin.o)
 .debug_ranges  0x0000000000000af0      0x1a8 ../../../driverlib/gcc/lib/Debug/libdriver.a(prcm.o)
 .debug_ranges  0x0000000000000c98       0xf0 ../../../driverlib/gcc/lib/Debug/libdriver.a(spi.o)
 .debug_ranges  0x0000000000000d88       0xc8 ../../../driverlib/gcc/lib/Debug/libdriver.a(timer.o)
 .debug_ranges  0x0000000000000e50      0x130 ../../../driverlib/gcc/lib/Debug/libdriver.a(uart.o)
 .debug_ranges  0x0000000000000f80       0xc8 ../../../driverlib/gcc/lib/Debug/libdriver.a(udma.o)
 .debug_ranges  0x0000000000001048       0x10 ../../../driverlib/gcc/lib/Debug/libdriver.a(utils.o)
 .debug_ranges  0x0000000000001058       0x78 ../../../driverlib/gcc/lib/Debug/libdriver.a(flash.o)
 .debug_ranges  0x00000000000010d0       0x18 /usr/lib/gcc/arm-none-eabi/5.2.0/../../../../arm-none-eabi/lib/armv7e-m/libc_nano.a(lib_a-atoi.o)
 .debug_ranges  0x00000000000010e8       0x18 /usr/lib/gcc/arm-none-eabi/5.2.0/../../../../arm-none-eabi/lib/armv7e-m/libc_nano.a(lib_a-malloc.o)
 .debug_ranges  0x0000000000001100       0x10 /usr/lib/gcc/arm-none-eabi/5.2.0/../../../../arm-none-eabi/lib/armv7e-m/libc_nano.a(lib_a-memcpy.o)
 .debug_ranges  0x0000000000001110       0x10 /usr/lib/gcc/arm-none-eabi/5.2.0/../../../../arm-none-eabi/lib/armv7e-m/libc_nano.a(lib_a-memmove.o)
 .debug_ranges  0x0000000000001120       0x10 /usr/lib/gcc/arm-none-eabi/5.2.0/../../../../arm-none-eabi/lib/armv7e-m/libc_nano.a(lib_a-memset.o)
 .debug_ranges  0x0000000000001130       0x28 /usr/lib/gcc/arm-none-eabi/5.2.0/../../../../arm-none-eabi/lib/armv7e-m/libc_nano.a(lib_a-nano-freer.o)
 .debug_ranges  0x0000000000001158       0x28 /usr/lib/gcc/arm-none-eabi/5.2.0/../../../../arm-none-eabi/lib/armv7e-m/libc_nano.a(lib_a-nano-mallocr.o)
 .debug_ranges  0x0000000000001180       0x10 /usr/lib/gcc/arm-none-eabi/5.2.0/../../../../arm-none-eabi/lib/armv7e-m/libc_nano.a(lib_a-realloc.o)
 .debug_ranges  0x0000000000001190       0x10 /usr/lib/gcc/arm-none-eabi/5.2.0/../../../../arm-none-eabi/lib/armv7e-m/libc_nano.a(lib_a-sbrkr.o)
 .debug_ranges  0x00000000000011a0       0x10 /usr/lib/gcc/arm-none-eabi/5.2.0/../../../../arm-none-eabi/lib/armv7e-m/libc_nano.a(lib_a-strlen.o)
 .debug_ranges  0x00000000000011b0       0x28 /usr/lib/gcc/arm-none-eabi/5.2.0/../../../../arm-none-eabi/lib/armv7e-m/libc_nano.a(lib_a-strtok.o)
 .debug_ranges  0x00000000000011d8       0x18 /usr/lib/gcc/arm-none-eabi/5.2.0/../../../../arm-none-eabi/lib/armv7e-m/libc_nano.a(lib_a-strtok_r.o)