Archive member included to satisfy reference by file (symbol)

../../../driverlib/gcc/lib/Debug/libdriver.a(interrupt.o)
                              obj/Debug/main.o (IntMasterEnable)
../../../driverlib/gcc/lib/Debug/libdriver.a(pin.o)
                              obj/Debug/main.o (PinConfigSet)
../../../driverlib/gcc/lib/Debug/libdriver.a(prcm.o)
                              obj/Debug/pinmux.o (PRCMPeripheralClkEnable)
../../../driverlib/gcc/lib/Debug/libdriver.a(timer.o)
                              obj/Debug/main.o (TimerEnable)
../../../driverlib/gcc/lib/Debug/libdriver.a(uart.o)
                              obj/Debug/uart_if.o (UARTConfigSetExpClk)
../../../driverlib/gcc/lib/Debug/libdriver.a(utils.o)
                              obj/Debug/main.o (UtilsDelay)
../../../driverlib/gcc/lib/Debug/libdriver.a(cpu.o)
                              ../../../driverlib/gcc/lib/Debug/libdriver.a(interrupt.o) (CPUcpsid)
../../../driverlib/gcc/lib/Debug/libdriver.a(flash.o)
                              ../../../driverlib/gcc/lib/Debug/libdriver.a(prcm.o) (FlashDisable)
/usr/lib/gcc/arm-none-eabi/5.2.0/../../../../arm-none-eabi/lib/armv7e-m/libc_nano.a(lib_a-malloc.o)
                              obj/Debug/uart_if.o (malloc)
/usr/lib/gcc/arm-none-eabi/5.2.0/../../../../arm-none-eabi/lib/armv7e-m/libc_nano.a(lib_a-memmove.o)
                              obj/Debug/uart_if.o (memmove)
/usr/lib/gcc/arm-none-eabi/5.2.0/../../../../arm-none-eabi/lib/armv7e-m/libc_nano.a(lib_a-nano-freer.o)
                              /usr/lib/gcc/arm-none-eabi/5.2.0/../../../../arm-none-eabi/lib/armv7e-m/libc_nano.a(lib_a-malloc.o) (_free_r)
/usr/lib/gcc/arm-none-eabi/5.2.0/../../../../arm-none-eabi/lib/armv7e-m/libc_nano.a(lib_a-nano-mallocr.o)
                              /usr/lib/gcc/arm-none-eabi/5.2.0/../../../../arm-none-eabi/lib/armv7e-m/libc_nano.a(lib_a-malloc.o) (_malloc_r)
/usr/lib/gcc/arm-none-eabi/5.2.0/../../../../arm-none-eabi/lib/armv7e-m/libc_nano.a(lib_a-realloc.o)
                              obj/Debug/uart_if.o (realloc)
/usr/lib/gcc/arm-none-eabi/5.2.0/../../../../arm-none-eabi/lib/armv7e-m/libc_nano.a(lib_a-sbrkr.o)
                              /usr/lib/gcc/arm-none-eabi/5.2.0/../../../../arm-none-eabi/lib/armv7e-m/libc_nano.a(lib_a-nano-mallocr.o) (_sbrk_r)
/usr/lib/gcc/arm-none-eabi/5.2.0/../../../../arm-none-eabi/lib/armv7e-m/libc_nano.a(lib_a-strlen.o)
                              obj/Debug/uart_if.o (strlen)
/usr/lib/gcc/arm-none-eabi/5.2.0/../../../../arm-none-eabi/lib/armv7e-m/libc_nano.a(lib_a-vsnprintf.o)
                              obj/Debug/uart_if.o (vsnprintf)
/usr/lib/gcc/arm-none-eabi/5.2.0/../../../../arm-none-eabi/lib/armv7e-m/libc_nano.a(lib_a-impure.o)
                              /usr/lib/gcc/arm-none-eabi/5.2.0/../../../../arm-none-eabi/lib/armv7e-m/libc_nano.a(lib_a-malloc.o) (_impure_ptr)
/usr/lib/gcc/arm-none-eabi/5.2.0/../../../../arm-none-eabi/lib/armv7e-m/libc_nano.a(lib_a-nano-reallocr.o)
                              /usr/lib/gcc/arm-none-eabi/5.2.0/../../../../arm-none-eabi/lib/armv7e-m/libc_nano.a(lib_a-realloc.o) (_realloc_r)
/usr/lib/gcc/arm-none-eabi/5.2.0/../../../../arm-none-eabi/lib/armv7e-m/libc_nano.a(lib_a-nano-svfprintf.o)
                              /usr/lib/gcc/arm-none-eabi/5.2.0/../../../../arm-none-eabi/lib/armv7e-m/libc_nano.a(lib_a-vsnprintf.o) (_svfprintf_r)
/usr/lib/gcc/arm-none-eabi/5.2.0/../../../../arm-none-eabi/lib/armv7e-m/libc_nano.a(lib_a-nano-vfprintf_i.o)
                              /usr/lib/gcc/arm-none-eabi/5.2.0/../../../../arm-none-eabi/lib/armv7e-m/libc_nano.a(lib_a-nano-svfprintf.o) (_printf_i)
/usr/lib/gcc/arm-none-eabi/5.2.0/../../../../arm-none-eabi/lib/armv7e-m/libc_nano.a(lib_a-reent.o)
                              /usr/lib/gcc/arm-none-eabi/5.2.0/../../../../arm-none-eabi/lib/armv7e-m/libc_nano.a(lib_a-sbrkr.o) (errno)
/usr/lib/gcc/arm-none-eabi/5.2.0/../../../../arm-none-eabi/lib/armv7e-m/libc_nano.a(lib_a-memchr.o)
                              /usr/lib/gcc/arm-none-eabi/5.2.0/../../../../arm-none-eabi/lib/armv7e-m/libc_nano.a(lib_a-nano-svfprintf.o) (memchr)
/usr/lib/gcc/arm-none-eabi/5.2.0/../../../../arm-none-eabi/lib/armv7e-m/libc_nano.a(lib_a-memcpy.o)
                              /usr/lib/gcc/arm-none-eabi/5.2.0/../../../../arm-none-eabi/lib/armv7e-m/libc_nano.a(lib_a-nano-reallocr.o) (memcpy)
/usr/lib/gcc/arm-none-eabi/5.2.0/../../../../arm-none-eabi/lib/armv7e-m/libc_nano.a(lib_a-nano-msizer.o)
                              /usr/lib/gcc/arm-none-eabi/5.2.0/../../../../arm-none-eabi/lib/armv7e-m/libc_nano.a(lib_a-nano-reallocr.o) (_malloc_usable_size_r)
/usr/lib/gcc/arm-none-eabi/5.2.0/armv7e-m/libgcc.a(_aeabi_uldivmod.o)
                              ../../../driverlib/gcc/lib/Debug/libdriver.a(prcm.o) (__aeabi_uldivmod)
/usr/lib/gcc/arm-none-eabi/5.2.0/armv7e-m/libgcc.a(_udivmoddi4.o)
                              /usr/lib/gcc/arm-none-eabi/5.2.0/armv7e-m/libgcc.a(_aeabi_uldivmod.o) (__udivmoddi4)
/usr/lib/gcc/arm-none-eabi/5.2.0/armv7e-m/libgcc.a(_dvmd_tls.o)
                              /usr/lib/gcc/arm-none-eabi/5.2.0/armv7e-m/libgcc.a(_aeabi_uldivmod.o) (__aeabi_ldiv0)

Allocating common symbols
Common symbol       size              file

errno               0x4               /usr/lib/gcc/arm-none-eabi/5.2.0/../../../../arm-none-eabi/lib/armv7e-m/libc_nano.a(lib_a-reent.o)

Discarded input sections

 .text          0x0000000000000000        0x0 obj/Debug/main.o
 .data          0x0000000000000000        0x0 obj/Debug/main.o
 .bss           0x0000000000000000        0x0 obj/Debug/main.o
 .text          0x0000000000000000        0x0 obj/Debug/pinmux.o
 .data          0x0000000000000000        0x0 obj/Debug/pinmux.o
 .bss           0x0000000000000000        0x0 obj/Debug/pinmux.o
 .text          0x0000000000000000        0x0 obj/Debug/uart_if.o
 .data          0x0000000000000000        0x0 obj/Debug/uart_if.o
 .bss           0x0000000000000000        0x0 obj/Debug/uart_if.o
 .data.ilen     0x0000000000000000        0x4 obj/Debug/uart_if.o
 .text.ClearTerm
                0x0000000000000000       0x14 obj/Debug/uart_if.o
 .text.Error    0x0000000000000000       0x4c obj/Debug/uart_if.o
 .text.GetCmd   0x0000000000000000       0xb8 obj/Debug/uart_if.o
 .text.TrimSpace
                0x0000000000000000       0x90 obj/Debug/uart_if.o
 .text          0x0000000000000000        0x0 obj/Debug/startup_gcc.o
 .data          0x0000000000000000        0x0 obj/Debug/startup_gcc.o
 .bss           0x0000000000000000        0x0 obj/Debug/startup_gcc.o
 .text          0x0000000000000000        0x0 ../../../driverlib/gcc/lib/Debug/libdriver.a(interrupt.o)
 .data          0x0000000000000000        0x0 ../../../driverlib/gcc/lib/Debug/libdriver.a(interrupt.o)
 .bss           0x0000000000000000        0x0 ../../../driverlib/gcc/lib/Debug/libdriver.a(interrupt.o)
 .rodata.g_pulPriority
                0x0000000000000000       0x20 ../../../driverlib/gcc/lib/Debug/libdriver.a(interrupt.o)
 .rodata.g_pulRegs
                0x0000000000000000       0xd4 ../../../driverlib/gcc/lib/Debug/libdriver.a(interrupt.o)
 .rodata.g_pulDisRegs
                0x0000000000000000       0x18 ../../../driverlib/gcc/lib/Debug/libdriver.a(interrupt.o)
 .rodata.g_pulPendRegs
                0x0000000000000000       0x18 ../../../driverlib/gcc/lib/Debug/libdriver.a(interrupt.o)
 .rodata.g_pulUnpendRegs
                0x0000000000000000       0x18 ../../../driverlib/gcc/lib/Debug/libdriver.a(interrupt.o)
 .text.IntDefaultHandler
                0x0000000000000000        0x8 ../../../driverlib/gcc/lib/Debug/libdriver.a(interrupt.o)
 .text.IntMasterDisable
                0x0000000000000000       0x10 ../../../driverlib/gcc/lib/Debug/libdriver.a(interrupt.o)
 .text.IntUnregister
                0x0000000000000000       0x2c ../../../driverlib/gcc/lib/Debug/libdriver.a(interrupt.o)
 .text.IntPriorityGroupingSet
                0x0000000000000000       0x30 ../../../driverlib/gcc/lib/Debug/libdriver.a(interrupt.o)
 .text.IntPriorityGroupingGet
                0x0000000000000000       0x48 ../../../driverlib/gcc/lib/Debug/libdriver.a(interrupt.o)
 .text.IntPrioritySet
                0x0000000000000000       0x68 ../../../driverlib/gcc/lib/Debug/libdriver.a(interrupt.o)
 .text.IntPriorityGet
                0x0000000000000000       0x30 ../../../driverlib/gcc/lib/Debug/libdriver.a(interrupt.o)
 .text.IntDisable
                0x0000000000000000       0xbc ../../../driverlib/gcc/lib/Debug/libdriver.a(interrupt.o)
 .text.IntPendSet
                0x0000000000000000       0x9c ../../../driverlib/gcc/lib/Debug/libdriver.a(interrupt.o)
 .text.IntPendClear
                0x0000000000000000       0x68 ../../../driverlib/gcc/lib/Debug/libdriver.a(interrupt.o)
 .text.IntPriorityMaskSet
                0x0000000000000000       0x18 ../../../driverlib/gcc/lib/Debug/libdriver.a(interrupt.o)
 .text.IntPriorityMaskGet
                0x0000000000000000       0x10 ../../../driverlib/gcc/lib/Debug/libdriver.a(interrupt.o)
 .text          0x0000000000000000        0x0 ../../../driverlib/gcc/lib/Debug/libdriver.a(pin.o)
 .data          0x0000000000000000        0x0 ../../../driverlib/gcc/lib/Debug/libdriver.a(pin.o)
 .bss           0x0000000000000000        0x0 ../../../driverlib/gcc/lib/Debug/libdriver.a(pin.o)
 .text.PinModeGet
                0x0000000000000000       0x3c ../../../driverlib/gcc/lib/Debug/libdriver.a(pin.o)
 .text.PinDirModeSet
                0x0000000000000000       0x44 ../../../driverlib/gcc/lib/Debug/libdriver.a(pin.o)
 .text.PinDirModeGet
                0x0000000000000000       0x3c ../../../driverlib/gcc/lib/Debug/libdriver.a(pin.o)
 .text.PinConfigGet
                0x0000000000000000       0x50 ../../../driverlib/gcc/lib/Debug/libdriver.a(pin.o)
 .text.PinTypeI2C
                0x0000000000000000       0x28 ../../../driverlib/gcc/lib/Debug/libdriver.a(pin.o)
 .text.PinTypeSPI
                0x0000000000000000       0x24 ../../../driverlib/gcc/lib/Debug/libdriver.a(pin.o)
 .text.PinTypeI2S
                0x0000000000000000       0x24 ../../../driverlib/gcc/lib/Debug/libdriver.a(pin.o)
 .text.PinTypeCamera
                0x0000000000000000       0x24 ../../../driverlib/gcc/lib/Debug/libdriver.a(pin.o)
 .text.PinTypeGPIO
                0x0000000000000000       0x3c ../../../driverlib/gcc/lib/Debug/libdriver.a(pin.o)
 .text.PinTypeADC
                0x0000000000000000       0x20 ../../../driverlib/gcc/lib/Debug/libdriver.a(pin.o)
 .text.PinTypeSDHost
                0x0000000000000000       0x24 ../../../driverlib/gcc/lib/Debug/libdriver.a(pin.o)
 .text          0x0000000000000000        0x0 ../../../driverlib/gcc/lib/Debug/libdriver.a(prcm.o)
 .data          0x0000000000000000        0x0 ../../../driverlib/gcc/lib/Debug/libdriver.a(prcm.o)
 .bss           0x0000000000000000        0x0 ../../../driverlib/gcc/lib/Debug/libdriver.a(prcm.o)
 .text.RTCUseSet
                0x0000000000000000       0x30 ../../../driverlib/gcc/lib/Debug/libdriver.a(prcm.o)
 .text.IsRTCUsed
                0x0000000000000000       0x28 ../../../driverlib/gcc/lib/Debug/libdriver.a(prcm.o)
 .text.RTCU16MSecRegRead
                0x0000000000000000       0x28 ../../../driverlib/gcc/lib/Debug/libdriver.a(prcm.o)
 .text.RTCU16MSecRegWrite
                0x0000000000000000       0x3c ../../../driverlib/gcc/lib/Debug/libdriver.a(prcm.o)
 .text.RTCU32SecRegRead
                0x0000000000000000       0x14 ../../../driverlib/gcc/lib/Debug/libdriver.a(prcm.o)
 .text.RTCU32SecRegWrite
                0x0000000000000000       0x1c ../../../driverlib/gcc/lib/Debug/libdriver.a(prcm.o)
 .text.PRCMMCUReset
                0x0000000000000000       0x28 ../../../driverlib/gcc/lib/Debug/libdriver.a(prcm.o)
 .text.PRCMPeripheralStatusGet
                0x0000000000000000       0x40 ../../../driverlib/gcc/lib/Debug/libdriver.a(prcm.o)
 .text.PRCMI2SClockFreqSet
                0x0000000000000000       0x54 ../../../driverlib/gcc/lib/Debug/libdriver.a(prcm.o)
 .text.PRCMLPDSRestoreInfoSet
                0x0000000000000000       0x28 ../../../driverlib/gcc/lib/Debug/libdriver.a(prcm.o)
 .text.PRCMLPDSEnter
                0x0000000000000000       0x50 ../../../driverlib/gcc/lib/Debug/libdriver.a(prcm.o)
 .text.PRCMLPDSEnterKeepDebugIf
                0x0000000000000000       0x40 ../../../driverlib/gcc/lib/Debug/libdriver.a(prcm.o)
 .text.PRCMLPDSWakeupSourceEnable
                0x0000000000000000       0x30 ../../../driverlib/gcc/lib/Debug/libdriver.a(prcm.o)
 .text.PRCMLPDSWakeupSourceDisable
                0x0000000000000000       0x24 ../../../driverlib/gcc/lib/Debug/libdriver.a(prcm.o)
 .text.PRCMLPDSWakeupCauseGet
                0x0000000000000000       0x14 ../../../driverlib/gcc/lib/Debug/libdriver.a(prcm.o)
 .text.PRCMLPDSIntervalSet
                0x0000000000000000       0x34 ../../../driverlib/gcc/lib/Debug/libdriver.a(prcm.o)
 .text.PRCMLPDSWakeUpGPIOSelect
                0x0000000000000000       0x2c ../../../driverlib/gcc/lib/Debug/libdriver.a(prcm.o)
 .text.PRCMSleepEnter
                0x0000000000000000        0xc ../../../driverlib/gcc/lib/Debug/libdriver.a(prcm.o)
 .text.PRCMSRAMRetentionEnable
                0x0000000000000000       0x2c ../../../driverlib/gcc/lib/Debug/libdriver.a(prcm.o)
 .text.PRCMSRAMRetentionDisable
                0x0000000000000000       0x34 ../../../driverlib/gcc/lib/Debug/libdriver.a(prcm.o)
 .text.PRCMHibernateWakeupSourceEnable
                0x0000000000000000       0x50 ../../../driverlib/gcc/lib/Debug/libdriver.a(prcm.o)
 .text.PRCMHibernateWakeupSourceDisable
                0x0000000000000000       0x54 ../../../driverlib/gcc/lib/Debug/libdriver.a(prcm.o)
 .text.PRCMHibernateWakeupCauseGet
                0x0000000000000000       0x1c ../../../driverlib/gcc/lib/Debug/libdriver.a(prcm.o)
 .text.PRCMHibernateIntervalSet
                0x0000000000000000       0x9c ../../../driverlib/gcc/lib/Debug/libdriver.a(prcm.o)
 .text.PRCMHibernateWakeUpGPIOSelect
                0x0000000000000000       0x70 ../../../driverlib/gcc/lib/Debug/libdriver.a(prcm.o)
 .text.PRCMHibernateEnter
                0x0000000000000000       0x14 ../../../driverlib/gcc/lib/Debug/libdriver.a(prcm.o)
 .text.PRCMSlowClkCtrGet
                0x0000000000000000       0x64 ../../../driverlib/gcc/lib/Debug/libdriver.a(prcm.o)
 .text.PRCMSlowClkCtrFastGet
                0x0000000000000000       0x50 ../../../driverlib/gcc/lib/Debug/libdriver.a(prcm.o)
 .text.PRCMSlowClkCtrMatchSet
                0x0000000000000000       0x38 ../../../driverlib/gcc/lib/Debug/libdriver.a(prcm.o)
 .text.PRCMSlowClkCtrMatchGet
                0x0000000000000000       0x58 ../../../driverlib/gcc/lib/Debug/libdriver.a(prcm.o)
 .text.PRCMOCRRegisterWrite
                0x0000000000000000       0x28 ../../../driverlib/gcc/lib/Debug/libdriver.a(prcm.o)
 .text.PRCMOCRRegisterRead
                0x0000000000000000       0x28 ../../../driverlib/gcc/lib/Debug/libdriver.a(prcm.o)
 .text.PRCMIntRegister
                0x0000000000000000       0x20 ../../../driverlib/gcc/lib/Debug/libdriver.a(prcm.o)
 .text.PRCMIntUnregister
                0x0000000000000000       0x14 ../../../driverlib/gcc/lib/Debug/libdriver.a(prcm.o)
 .text.PRCMIntEnable
                0x0000000000000000       0x48 ../../../driverlib/gcc/lib/Debug/libdriver.a(prcm.o)
 .text.PRCMIntDisable
                0x0000000000000000       0x48 ../../../driverlib/gcc/lib/Debug/libdriver.a(prcm.o)
 .text.PRCMIntStatus
                0x0000000000000000       0x14 ../../../driverlib/gcc/lib/Debug/libdriver.a(prcm.o)
 .text.PRCMRTCInUseSet
                0x0000000000000000        0xc ../../../driverlib/gcc/lib/Debug/libdriver.a(prcm.o)
 .text.PRCMRTCInUseGet
                0x0000000000000000       0x18 ../../../driverlib/gcc/lib/Debug/libdriver.a(prcm.o)
 .text.PRCMRTCSet
                0x0000000000000000       0xa8 ../../../driverlib/gcc/lib/Debug/libdriver.a(prcm.o)
 .text.PRCMRTCGet
                0x0000000000000000       0xb0 ../../../driverlib/gcc/lib/Debug/libdriver.a(prcm.o)
 .text.PRCMRTCMatchSet
                0x0000000000000000       0xd8 ../../../driverlib/gcc/lib/Debug/libdriver.a(prcm.o)
 .text.PRCMRTCMatchGet
                0x0000000000000000       0xb0 ../../../driverlib/gcc/lib/Debug/libdriver.a(prcm.o)
 .text.PRCMCameraFreqSet
                0x0000000000000000       0x50 ../../../driverlib/gcc/lib/Debug/libdriver.a(prcm.o)
 .text          0x0000000000000000        0x0 ../../../driverlib/gcc/lib/Debug/libdriver.a(timer.o)
 .data          0x0000000000000000        0x0 ../../../driverlib/gcc/lib/Debug/libdriver.a(timer.o)
 .bss           0x0000000000000000        0x0 ../../../driverlib/gcc/lib/Debug/libdriver.a(timer.o)
 .text.TimerDisable
                0x0000000000000000       0x30 ../../../driverlib/gcc/lib/Debug/libdriver.a(timer.o)
 .text.TimerControlLevel
                0x0000000000000000       0x48 ../../../driverlib/gcc/lib/Debug/libdriver.a(timer.o)
 .text.TimerControlStall
                0x0000000000000000       0x48 ../../../driverlib/gcc/lib/Debug/libdriver.a(timer.o)
 .text.TimerPrescaleSet
                0x0000000000000000       0x3c ../../../driverlib/gcc/lib/Debug/libdriver.a(timer.o)
 .text.TimerPrescaleGet
                0x0000000000000000       0x28 ../../../driverlib/gcc/lib/Debug/libdriver.a(timer.o)
 .text.TimerPrescaleMatchSet
                0x0000000000000000       0x3c ../../../driverlib/gcc/lib/Debug/libdriver.a(timer.o)
 .text.TimerPrescaleMatchGet
                0x0000000000000000       0x28 ../../../driverlib/gcc/lib/Debug/libdriver.a(timer.o)
 .text.TimerLoadGet
                0x0000000000000000       0x28 ../../../driverlib/gcc/lib/Debug/libdriver.a(timer.o)
 .text.TimerValueSet
                0x0000000000000000       0x34 ../../../driverlib/gcc/lib/Debug/libdriver.a(timer.o)
 .text.TimerMatchSet
                0x0000000000000000       0x3c ../../../driverlib/gcc/lib/Debug/libdriver.a(timer.o)
 .text.TimerMatchGet
                0x0000000000000000       0x28 ../../../driverlib/gcc/lib/Debug/libdriver.a(timer.o)
 .text.TimerIntUnregister
                0x0000000000000000       0x78 ../../../driverlib/gcc/lib/Debug/libdriver.a(timer.o)
 .text.TimerIntDisable
                0x0000000000000000       0x28 ../../../driverlib/gcc/lib/Debug/libdriver.a(timer.o)
 .text.TimerIntStatus
                0x0000000000000000       0x2c ../../../driverlib/gcc/lib/Debug/libdriver.a(timer.o)
 .text.TimerDMAEventSet
                0x0000000000000000       0x20 ../../../driverlib/gcc/lib/Debug/libdriver.a(timer.o)
 .text.TimerDMAEventGet
                0x0000000000000000       0x18 ../../../driverlib/gcc/lib/Debug/libdriver.a(timer.o)
 .text          0x0000000000000000        0x0 ../../../driverlib/gcc/lib/Debug/libdriver.a(uart.o)
 .data          0x0000000000000000        0x0 ../../../driverlib/gcc/lib/Debug/libdriver.a(uart.o)
 .bss           0x0000000000000000        0x0 ../../../driverlib/gcc/lib/Debug/libdriver.a(uart.o)
 .rodata.g_ppulUARTIntMap
                0x0000000000000000       0x10 ../../../driverlib/gcc/lib/Debug/libdriver.a(uart.o)
 .text.UARTIntNumberGet
                0x0000000000000000       0x48 ../../../driverlib/gcc/lib/Debug/libdriver.a(uart.o)
 .text.UARTParityModeSet
                0x0000000000000000       0x2c ../../../driverlib/gcc/lib/Debug/libdriver.a(uart.o)
 .text.UARTParityModeGet
                0x0000000000000000       0x1c ../../../driverlib/gcc/lib/Debug/libdriver.a(uart.o)
 .text.UARTFIFOLevelSet
                0x0000000000000000       0x24 ../../../driverlib/gcc/lib/Debug/libdriver.a(uart.o)
 .text.UARTFIFOLevelGet
                0x0000000000000000       0x34 ../../../driverlib/gcc/lib/Debug/libdriver.a(uart.o)
 .text.UARTConfigGetExpClk
                0x0000000000000000       0x64 ../../../driverlib/gcc/lib/Debug/libdriver.a(uart.o)
 .text.UARTFIFOEnable
                0x0000000000000000       0x24 ../../../driverlib/gcc/lib/Debug/libdriver.a(uart.o)
 .text.UARTFIFODisable
                0x0000000000000000       0x24 ../../../driverlib/gcc/lib/Debug/libdriver.a(uart.o)
 .text.UARTModemControlSet
                0x0000000000000000       0x34 ../../../driverlib/gcc/lib/Debug/libdriver.a(uart.o)
 .text.UARTModemControlClear
                0x0000000000000000       0x34 ../../../driverlib/gcc/lib/Debug/libdriver.a(uart.o)
 .text.UARTModemControlGet
                0x0000000000000000       0x1c ../../../driverlib/gcc/lib/Debug/libdriver.a(uart.o)
 .text.UARTModemStatusGet
                0x0000000000000000       0x1c ../../../driverlib/gcc/lib/Debug/libdriver.a(uart.o)
 .text.UARTFlowControlSet
                0x0000000000000000       0x2c ../../../driverlib/gcc/lib/Debug/libdriver.a(uart.o)
 .text.UARTFlowControlGet
                0x0000000000000000       0x1c ../../../driverlib/gcc/lib/Debug/libdriver.a(uart.o)
 .text.UARTTxIntModeSet
                0x0000000000000000       0x2c ../../../driverlib/gcc/lib/Debug/libdriver.a(uart.o)
 .text.UARTTxIntModeGet
                0x0000000000000000       0x1c ../../../driverlib/gcc/lib/Debug/libdriver.a(uart.o)
 .text.UARTCharsAvail
                0x0000000000000000       0x28 ../../../driverlib/gcc/lib/Debug/libdriver.a(uart.o)
 .text.UARTSpaceAvail
                0x0000000000000000       0x28 ../../../driverlib/gcc/lib/Debug/libdriver.a(uart.o)
 .text.UARTCharGetNonBlocking
                0x0000000000000000       0x2c ../../../driverlib/gcc/lib/Debug/libdriver.a(uart.o)
 .text.UARTCharGet
                0x0000000000000000       0x28 ../../../driverlib/gcc/lib/Debug/libdriver.a(uart.o)
 .text.UARTCharPutNonBlocking
                0x0000000000000000       0x30 ../../../driverlib/gcc/lib/Debug/libdriver.a(uart.o)
 .text.UARTBreakCtl
                0x0000000000000000       0x3c ../../../driverlib/gcc/lib/Debug/libdriver.a(uart.o)
 .text.UARTBusy
                0x0000000000000000       0x28 ../../../driverlib/gcc/lib/Debug/libdriver.a(uart.o)
 .text.UARTIntRegister
                0x0000000000000000       0x2c ../../../driverlib/gcc/lib/Debug/libdriver.a(uart.o)
 .text.UARTIntUnregister
                0x0000000000000000       0x28 ../../../driverlib/gcc/lib/Debug/libdriver.a(uart.o)
 .text.UARTIntEnable
                0x0000000000000000       0x28 ../../../driverlib/gcc/lib/Debug/libdriver.a(uart.o)
 .text.UARTIntDisable
                0x0000000000000000       0x28 ../../../driverlib/gcc/lib/Debug/libdriver.a(uart.o)
 .text.UARTIntStatus
                0x0000000000000000       0x2c ../../../driverlib/gcc/lib/Debug/libdriver.a(uart.o)
 .text.UARTIntClear
                0x0000000000000000       0x20 ../../../driverlib/gcc/lib/Debug/libdriver.a(uart.o)
 .text.UARTDMAEnable
                0x0000000000000000       0x28 ../../../driverlib/gcc/lib/Debug/libdriver.a(uart.o)
 .text.UARTDMADisable
                0x0000000000000000       0x28 ../../../driverlib/gcc/lib/Debug/libdriver.a(uart.o)
 .text.UARTRxErrorGet
                0x0000000000000000       0x1c ../../../driverlib/gcc/lib/Debug/libdriver.a(uart.o)
 .text.UARTRxErrorClear
                0x0000000000000000       0x1c ../../../driverlib/gcc/lib/Debug/libdriver.a(uart.o)
 .text          0x0000000000000000        0x0 ../../../driverlib/gcc/lib/Debug/libdriver.a(utils.o)
 .data          0x0000000000000000        0x0 ../../../driverlib/gcc/lib/Debug/libdriver.a(utils.o)
 .bss           0x0000000000000000        0x0 ../../../driverlib/gcc/lib/Debug/libdriver.a(utils.o)
 .text          0x0000000000000000        0x0 ../../../driverlib/gcc/lib/Debug/libdriver.a(cpu.o)
 .data          0x0000000000000000        0x0 ../../../driverlib/gcc/lib/Debug/libdriver.a(cpu.o)
 .bss           0x0000000000000000        0x0 ../../../driverlib/gcc/lib/Debug/libdriver.a(cpu.o)
 .text.CPUcpsid
                0x0000000000000000       0x18 ../../../driverlib/gcc/lib/Debug/libdriver.a(cpu.o)
 .text.CPUprimask
                0x0000000000000000        0xc ../../../driverlib/gcc/lib/Debug/libdriver.a(cpu.o)
 .text.CPUwfi   0x0000000000000000       0x10 ../../../driverlib/gcc/lib/Debug/libdriver.a(cpu.o)
 .text.CPUbasepriSet
                0x0000000000000000       0x10 ../../../driverlib/gcc/lib/Debug/libdriver.a(cpu.o)
 .text.CPUbasepriGet
                0x0000000000000000        0xc ../../../driverlib/gcc/lib/Debug/libdriver.a(cpu.o)
 .text          0x0000000000000000        0x0 ../../../driverlib/gcc/lib/Debug/libdriver.a(flash.o)
 .data          0x0000000000000000        0x0 ../../../driverlib/gcc/lib/Debug/libdriver.a(flash.o)
 .bss           0x0000000000000000        0x0 ../../../driverlib/gcc/lib/Debug/libdriver.a(flash.o)
 .rodata.g_pulFMPPERegs
                0x0000000000000000       0x40 ../../../driverlib/gcc/lib/Debug/libdriver.a(flash.o)
 .rodata.g_pulFMPRERegs
                0x0000000000000000       0x40 ../../../driverlib/gcc/lib/Debug/libdriver.a(flash.o)
 .text.FlashDisable
                0x0000000000000000       0x50 ../../../driverlib/gcc/lib/Debug/libdriver.a(flash.o)
 .text.FlashErase
                0x0000000000000000       0x60 ../../../driverlib/gcc/lib/Debug/libdriver.a(flash.o)
 .text.FlashEraseNonBlocking
                0x0000000000000000       0x38 ../../../driverlib/gcc/lib/Debug/libdriver.a(flash.o)
 .text.FlashMassErase
                0x0000000000000000       0x50 ../../../driverlib/gcc/lib/Debug/libdriver.a(flash.o)
 .text.FlashMassEraseNonBlocking
                0x0000000000000000       0x28 ../../../driverlib/gcc/lib/Debug/libdriver.a(flash.o)
 .text.FlashProgram
                0x0000000000000000       0xb4 ../../../driverlib/gcc/lib/Debug/libdriver.a(flash.o)
 .text.FlashProgramNonBlocking
                0x0000000000000000       0xa4 ../../../driverlib/gcc/lib/Debug/libdriver.a(flash.o)
 .text.FlashProtectGet
                0x0000000000000000       0x78 ../../../driverlib/gcc/lib/Debug/libdriver.a(flash.o)
 .text.FlashIntRegister
                0x0000000000000000       0x20 ../../../driverlib/gcc/lib/Debug/libdriver.a(flash.o)
 .text.FlashIntUnregister
                0x0000000000000000       0x14 ../../../driverlib/gcc/lib/Debug/libdriver.a(flash.o)
 .text.FlashIntEnable
                0x0000000000000000       0x24 ../../../driverlib/gcc/lib/Debug/libdriver.a(flash.o)
 .text.FlashIntDisable
                0x0000000000000000       0x24 ../../../driverlib/gcc/lib/Debug/libdriver.a(flash.o)
 .text.FlashIntStatus
                0x0000000000000000       0x2c ../../../driverlib/gcc/lib/Debug/libdriver.a(flash.o)
 .text.FlashIntClear
                0x0000000000000000       0x1c ../../../driverlib/gcc/lib/Debug/libdriver.a(flash.o)
 .debug_info    0x0000000000000000      0x300 ../../../driverlib/gcc/lib/Debug/libdriver.a(flash.o)
 .debug_abbrev  0x0000000000000000      0x191 ../../../driverlib/gcc/lib/Debug/libdriver.a(flash.o)
 .debug_aranges
                0x0000000000000000       0x88 ../../../driverlib/gcc/lib/Debug/libdriver.a(flash.o)
 .debug_ranges  0x0000000000000000       0x78 ../../../driverlib/gcc/lib/Debug/libdriver.a(flash.o)
 .debug_line    0x0000000000000000      0x1f4 ../../../driverlib/gcc/lib/Debug/libdriver.a(flash.o)
 .debug_str     0x0000000000000000      0x279 ../../../driverlib/gcc/lib/Debug/libdriver.a(flash.o)
 .comment       0x0000000000000000       0x22 ../../../driverlib/gcc/lib/Debug/libdriver.a(flash.o)
 .ARM.attributes
                0x0000000000000000       0x33 ../../../driverlib/gcc/lib/Debug/libdriver.a(flash.o)
 .debug_frame   0x0000000000000000      0x214 ../../../driverlib/gcc/lib/Debug/libdriver.a(flash.o)
 .text          0x0000000000000000        0x0 /usr/lib/gcc/arm-none-eabi/5.2.0/../../../../arm-none-eabi/lib/armv7e-m/libc_nano.a(lib_a-malloc.o)
 .data          0x0000000000000000        0x0 /usr/lib/gcc/arm-none-eabi/5.2.0/../../../../arm-none-eabi/lib/armv7e-m/libc_nano.a(lib_a-malloc.o)
 .bss           0x0000000000000000        0x0 /usr/lib/gcc/arm-none-eabi/5.2.0/../../../../arm-none-eabi/lib/armv7e-m/libc_nano.a(lib_a-malloc.o)
 .text          0x0000000000000000        0x0 /usr/lib/gcc/arm-none-eabi/5.2.0/../../../../arm-none-eabi/lib/armv7e-m/libc_nano.a(lib_a-memmove.o)
 .data          0x0000000000000000        0x0 /usr/lib/gcc/arm-none-eabi/5.2.0/../../../../arm-none-eabi/lib/armv7e-m/libc_nano.a(lib_a-memmove.o)
 .bss           0x0000000000000000        0x0 /usr/lib/gcc/arm-none-eabi/5.2.0/../../../../arm-none-eabi/lib/armv7e-m/libc_nano.a(lib_a-memmove.o)
 .text          0x0000000000000000        0x0 /usr/lib/gcc/arm-none-eabi/5.2.0/../../../../arm-none-eabi/lib/armv7e-m/libc_nano.a(lib_a-nano-freer.o)
 .data          0x0000000000000000        0x0 /usr/lib/gcc/arm-none-eabi/5.2.0/../../../../arm-none-eabi/lib/armv7e-m/libc_nano.a(lib_a-nano-freer.o)
 .bss           0x0000000000000000        0x0 /usr/lib/gcc/arm-none-eabi/5.2.0/../../../../arm-none-eabi/lib/armv7e-m/libc_nano.a(lib_a-nano-freer.o)
 .text          0x0000000000000000        0x0 /usr/lib/gcc/arm-none-eabi/5.2.0/../../../../arm-none-eabi/lib/armv7e-m/libc_nano.a(lib_a-nano-mallocr.o)
 .data          0x0000000000000000        0x0 /usr/lib/gcc/arm-none-eabi/5.2.0/../../../../arm-none-eabi/lib/armv7e-m/libc_nano.a(lib_a-nano-mallocr.o)
 .bss           0x0000000000000000        0x0 /usr/lib/gcc/arm-none-eabi/5.2.0/../../../../arm-none-eabi/lib/armv7e-m/libc_nano.a(lib_a-nano-mallocr.o)
 .text          0x0000000000000000        0x0 /usr/lib/gcc/arm-none-eabi/5.2.0/../../../../arm-none-eabi/lib/armv7e-m/libc_nano.a(lib_a-realloc.o)
 .data          0x0000000000000000        0x0 /usr/lib/gcc/arm-none-eabi/5.2.0/../../../../arm-none-eabi/lib/armv7e-m/libc_nano.a(lib_a-realloc.o)
 .bss           0x0000000000000000        0x0 /usr/lib/gcc/arm-none-eabi/5.2.0/../../../../arm-none-eabi/lib/armv7e-m/libc_nano.a(lib_a-realloc.o)
 .text          0x0000000000000000        0x0 /usr/lib/gcc/arm-none-eabi/5.2.0/../../../../arm-none-eabi/lib/armv7e-m/libc_nano.a(lib_a-sbrkr.o)
 .data          0x0000000000000000        0x0 /usr/lib/gcc/arm-none-eabi/5.2.0/../../../../arm-none-eabi/lib/armv7e-m/libc_nano.a(lib_a-sbrkr.o)
 .bss           0x0000000000000000        0x0 /usr/lib/gcc/arm-none-eabi/5.2.0/../../../../arm-none-eabi/lib/armv7e-m/libc_nano.a(lib_a-sbrkr.o)
 .text          0x0000000000000000        0x0 /usr/lib/gcc/arm-none-eabi/5.2.0/../../../../arm-none-eabi/lib/armv7e-m/libc_nano.a(lib_a-strlen.o)
 .data          0x0000000000000000        0x0 /usr/lib/gcc/arm-none-eabi/5.2.0/../../../../arm-none-eabi/lib/armv7e-m/libc_nano.a(lib_a-strlen.o)
 .bss           0x0000000000000000        0x0 /usr/lib/gcc/arm-none-eabi/5.2.0/../../../../arm-none-eabi/lib/armv7e-m/libc_nano.a(lib_a-strlen.o)
 .text.strlen   0x0000000000000000       0x10 /usr/lib/gcc/arm-none-eabi/5.2.0/../../../../arm-none-eabi/lib/armv7e-m/libc_nano.a(lib_a-strlen.o)
 .debug_info    0x0000000000000000       0xd4 /usr/lib/gcc/arm-none-eabi/5.2.0/../../../../arm-none-eabi/lib/armv7e-m/libc_nano.a(lib_a-strlen.o)
 .debug_abbrev  0x0000000000000000       0x8c /usr/lib/gcc/arm-none-eabi/5.2.0/../../../../arm-none-eabi/lib/armv7e-m/libc_nano.a(lib_a-strlen.o)
 .debug_loc     0x0000000000000000       0x21 /usr/lib/gcc/arm-none-eabi/5.2.0/../../../../arm-none-eabi/lib/armv7e-m/libc_nano.a(lib_a-strlen.o)
 .debug_aranges
                0x0000000000000000       0x20 /usr/lib/gcc/arm-none-eabi/5.2.0/../../../../arm-none-eabi/lib/armv7e-m/libc_nano.a(lib_a-strlen.o)
 .debug_ranges  0x0000000000000000       0x10 /usr/lib/gcc/arm-none-eabi/5.2.0/../../../../arm-none-eabi/lib/armv7e-m/libc_nano.a(lib_a-strlen.o)
 .debug_line    0x0000000000000000       0xe4 /usr/lib/gcc/arm-none-eabi/5.2.0/../../../../arm-none-eabi/lib/armv7e-m/libc_nano.a(lib_a-strlen.o)
 .debug_str     0x0000000000000000      0x1c3 /usr/lib/gcc/arm-none-eabi/5.2.0/../../../../arm-none-eabi/lib/armv7e-m/libc_nano.a(lib_a-strlen.o)
 .comment       0x0000000000000000       0x22 /usr/lib/gcc/arm-none-eabi/5.2.0/../../../../arm-none-eabi/lib/armv7e-m/libc_nano.a(lib_a-strlen.o)
 .debug_frame   0x0000000000000000       0x20 /usr/lib/gcc/arm-none-eabi/5.2.0/../../../../arm-none-eabi/lib/armv7e-m/libc_nano.a(lib_a-strlen.o)
 .ARM.attributes
                0x0000000000000000       0x2e /usr/lib/gcc/arm-none-eabi/5.2.0/../../../../arm-none-eabi/lib/armv7e-m/libc_nano.a(lib_a-strlen.o)
 .text          0x0000000000000000        0x0 /usr/lib/gcc/arm-none-eabi/5.2.0/../../../../arm-none-eabi/lib/armv7e-m/libc_nano.a(lib_a-vsnprintf.o)
 .data          0x0000000000000000        0x0 /usr/lib/gcc/arm-none-eabi/5.2.0/../../../../arm-none-eabi/lib/armv7e-m/libc_nano.a(lib_a-vsnprintf.o)
 .bss           0x0000000000000000        0x0 /usr/lib/gcc/arm-none-eabi/5.2.0/../../../../arm-none-eabi/lib/armv7e-m/libc_nano.a(lib_a-vsnprintf.o)
 .text          0x0000000000000000        0x0 /usr/lib/gcc/arm-none-eabi/5.2.0/../../../../arm-none-eabi/lib/armv7e-m/libc_nano.a(lib_a-impure.o)
 .data          0x0000000000000000        0x0 /usr/lib/gcc/arm-none-eabi/5.2.0/../../../../arm-none-eabi/lib/armv7e-m/libc_nano.a(lib_a-impure.o)
 .bss           0x0000000000000000        0x0 /usr/lib/gcc/arm-none-eabi/5.2.0/../../../../arm-none-eabi/lib/armv7e-m/libc_nano.a(lib_a-impure.o)
 .rodata._global_impure_ptr
                0x0000000000000000        0x4 /usr/lib/gcc/arm-none-eabi/5.2.0/../../../../arm-none-eabi/lib/armv7e-m/libc_nano.a(lib_a-impure.o)
 .text          0x0000000000000000        0x0 /usr/lib/gcc/arm-none-eabi/5.2.0/../../../../arm-none-eabi/lib/armv7e-m/libc_nano.a(lib_a-nano-reallocr.o)
 .data          0x0000000000000000        0x0 /usr/lib/gcc/arm-none-eabi/5.2.0/../../../../arm-none-eabi/lib/armv7e-m/libc_nano.a(lib_a-nano-reallocr.o)
 .bss           0x0000000000000000        0x0 /usr/lib/gcc/arm-none-eabi/5.2.0/../../../../arm-none-eabi/lib/armv7e-m/libc_nano.a(lib_a-nano-reallocr.o)
 .text          0x0000000000000000        0x0 /usr/lib/gcc/arm-none-eabi/5.2.0/../../../../arm-none-eabi/lib/armv7e-m/libc_nano.a(lib_a-nano-svfprintf.o)
 .data          0x0000000000000000        0x0 /usr/lib/gcc/arm-none-eabi/5.2.0/../../../../arm-none-eabi/lib/armv7e-m/libc_nano.a(lib_a-nano-svfprintf.o)
 .bss           0x0000000000000000        0x0 /usr/lib/gcc/arm-none-eabi/5.2.0/../../../../arm-none-eabi/lib/armv7e-m/libc_nano.a(lib_a-nano-svfprintf.o)
 .text.__ssprint_r
                0x0000000000000000       0xfe /usr/lib/gcc/arm-none-eabi/5.2.0/../../../../arm-none-eabi/lib/armv7e-m/libc_nano.a(lib_a-nano-svfprintf.o)
 .text          0x0000000000000000        0x0 /usr/lib/gcc/arm-none-eabi/5.2.0/../../../../arm-none-eabi/lib/armv7e-m/libc_nano.a(lib_a-nano-vfprintf_i.o)
 .data          0x0000000000000000        0x0 /usr/lib/gcc/arm-none-eabi/5.2.0/../../../../arm-none-eabi/lib/armv7e-m/libc_nano.a(lib_a-nano-vfprintf_i.o)
 .bss           0x0000000000000000        0x0 /usr/lib/gcc/arm-none-eabi/5.2.0/../../../../arm-none-eabi/lib/armv7e-m/libc_nano.a(lib_a-nano-vfprintf_i.o)
 .text          0x0000000000000000        0x0 /usr/lib/gcc/arm-none-eabi/5.2.0/../../../../arm-none-eabi/lib/armv7e-m/libc_nano.a(lib_a-reent.o)
 .data          0x0000000000000000        0x0 /usr/lib/gcc/arm-none-eabi/5.2.0/../../../../arm-none-eabi/lib/armv7e-m/libc_nano.a(lib_a-reent.o)
 .bss           0x0000000000000000        0x0 /usr/lib/gcc/arm-none-eabi/5.2.0/../../../../arm-none-eabi/lib/armv7e-m/libc_nano.a(lib_a-reent.o)
 .text.cleanup_glue
                0x0000000000000000       0x1a /usr/lib/gcc/arm-none-eabi/5.2.0/../../../../arm-none-eabi/lib/armv7e-m/libc_nano.a(lib_a-reent.o)
 .text._reclaim_reent
                0x0000000000000000       0xb4 /usr/lib/gcc/arm-none-eabi/5.2.0/../../../../arm-none-eabi/lib/armv7e-m/libc_nano.a(lib_a-reent.o)
 .text          0x0000000000000000        0x0 /usr/lib/gcc/arm-none-eabi/5.2.0/../../../../arm-none-eabi/lib/armv7e-m/libc_nano.a(lib_a-memchr.o)
 .data          0x0000000000000000        0x0 /usr/lib/gcc/arm-none-eabi/5.2.0/../../../../arm-none-eabi/lib/armv7e-m/libc_nano.a(lib_a-memchr.o)
 .bss           0x0000000000000000        0x0 /usr/lib/gcc/arm-none-eabi/5.2.0/../../../../arm-none-eabi/lib/armv7e-m/libc_nano.a(lib_a-memchr.o)
 .text          0x0000000000000000        0x0 /usr/lib/gcc/arm-none-eabi/5.2.0/../../../../arm-none-eabi/lib/armv7e-m/libc_nano.a(lib_a-memcpy.o)
 .data          0x0000000000000000        0x0 /usr/lib/gcc/arm-none-eabi/5.2.0/../../../../arm-none-eabi/lib/armv7e-m/libc_nano.a(lib_a-memcpy.o)
 .bss           0x0000000000000000        0x0 /usr/lib/gcc/arm-none-eabi/5.2.0/../../../../arm-none-eabi/lib/armv7e-m/libc_nano.a(lib_a-memcpy.o)
 .text          0x0000000000000000        0x0 /usr/lib/gcc/arm-none-eabi/5.2.0/../../../../arm-none-eabi/lib/armv7e-m/libc_nano.a(lib_a-nano-msizer.o)
 .data          0x0000000000000000        0x0 /usr/lib/gcc/arm-none-eabi/5.2.0/../../../../arm-none-eabi/lib/armv7e-m/libc_nano.a(lib_a-nano-msizer.o)
 .bss           0x0000000000000000        0x0 /usr/lib/gcc/arm-none-eabi/5.2.0/../../../../arm-none-eabi/lib/armv7e-m/libc_nano.a(lib_a-nano-msizer.o)
 .text          0x0000000000000000       0x30 /usr/lib/gcc/arm-none-eabi/5.2.0/armv7e-m/libgcc.a(_aeabi_uldivmod.o)
 .data          0x0000000000000000        0x0 /usr/lib/gcc/arm-none-eabi/5.2.0/armv7e-m/libgcc.a(_aeabi_uldivmod.o)
 .bss           0x0000000000000000        0x0 /usr/lib/gcc/arm-none-eabi/5.2.0/armv7e-m/libgcc.a(_aeabi_uldivmod.o)
 .debug_line    0x0000000000000000       0x64 /usr/lib/gcc/arm-none-eabi/5.2.0/armv7e-m/libgcc.a(_aeabi_uldivmod.o)
 .debug_info    0x0000000000000000       0xb7 /usr/lib/gcc/arm-none-eabi/5.2.0/armv7e-m/libgcc.a(_aeabi_uldivmod.o)
 .debug_abbrev  0x0000000000000000       0x14 /usr/lib/gcc/arm-none-eabi/5.2.0/armv7e-m/libgcc.a(_aeabi_uldivmod.o)
 .debug_aranges
                0x0000000000000000       0x20 /usr/lib/gcc/arm-none-eabi/5.2.0/armv7e-m/libgcc.a(_aeabi_uldivmod.o)
 .debug_frame   0x0000000000000000       0x2c /usr/lib/gcc/arm-none-eabi/5.2.0/armv7e-m/libgcc.a(_aeabi_uldivmod.o)
 .ARM.attributes
                0x0000000000000000       0x1e /usr/lib/gcc/arm-none-eabi/5.2.0/armv7e-m/libgcc.a(_aeabi_uldivmod.o)
 .text          0x0000000000000000      0x2e4 /usr/lib/gcc/arm-none-eabi/5.2.0/armv7e-m/libgcc.a(_udivmoddi4.o)
 .data          0x0000000000000000        0x0 /usr/lib/gcc/arm-none-eabi/5.2.0/armv7e-m/libgcc.a(_udivmoddi4.o)
 .bss           0x0000000000000000        0x0 /usr/lib/gcc/arm-none-eabi/5.2.0/armv7e-m/libgcc.a(_udivmoddi4.o)
 .ARM.extab     0x0000000000000000        0x0 /usr/lib/gcc/arm-none-eabi/5.2.0/armv7e-m/libgcc.a(_udivmoddi4.o)
 .ARM.exidx     0x0000000000000000        0x8 /usr/lib/gcc/arm-none-eabi/5.2.0/armv7e-m/libgcc.a(_udivmoddi4.o)
 .debug_info    0x0000000000000000      0x441 /usr/lib/gcc/arm-none-eabi/5.2.0/armv7e-m/libgcc.a(_udivmoddi4.o)
 .debug_abbrev  0x0000000000000000      0x101 /usr/lib/gcc/arm-none-eabi/5.2.0/armv7e-m/libgcc.a(_udivmoddi4.o)
 .debug_loc     0x0000000000000000      0xe94 /usr/lib/gcc/arm-none-eabi/5.2.0/armv7e-m/libgcc.a(_udivmoddi4.o)
 .debug_aranges
                0x0000000000000000       0x20 /usr/lib/gcc/arm-none-eabi/5.2.0/armv7e-m/libgcc.a(_udivmoddi4.o)
 .debug_ranges  0x0000000000000000       0xd8 /usr/lib/gcc/arm-none-eabi/5.2.0/armv7e-m/libgcc.a(_udivmoddi4.o)
 .debug_line    0x0000000000000000      0x1ad /usr/lib/gcc/arm-none-eabi/5.2.0/armv7e-m/libgcc.a(_udivmoddi4.o)
 .debug_str     0x0000000000000000      0x243 /usr/lib/gcc/arm-none-eabi/5.2.0/armv7e-m/libgcc.a(_udivmoddi4.o)
 .comment       0x0000000000000000       0x22 /usr/lib/gcc/arm-none-eabi/5.2.0/armv7e-m/libgcc.a(_udivmoddi4.o)
 .debug_frame   0x0000000000000000       0x34 /usr/lib/gcc/arm-none-eabi/5.2.0/armv7e-m/libgcc.a(_udivmoddi4.o)
 .ARM.attributes
                0x0000000000000000       0x2e /usr/lib/gcc/arm-none-eabi/5.2.0/armv7e-m/libgcc.a(_udivmoddi4.o)
 .text          0x0000000000000000        0x4 /usr/lib/gcc/arm-none-eabi/5.2.0/armv7e-m/libgcc.a(_dvmd_tls.o)
 .data          0x0000000000000000        0x0 /usr/lib/gcc/arm-none-eabi/5.2.0/armv7e-m/libgcc.a(_dvmd_tls.o)
 .bss           0x0000000000000000        0x0 /usr/lib/gcc/arm-none-eabi/5.2.0/armv7e-m/libgcc.a(_dvmd_tls.o)
 .debug_line    0x0000000000000000       0x64 /usr/lib/gcc/arm-none-eabi/5.2.0/armv7e-m/libgcc.a(_dvmd_tls.o)
 .debug_info    0x0000000000000000       0xbb /usr/lib/gcc/arm-none-eabi/5.2.0/armv7e-m/libgcc.a(_dvmd_tls.o)
 .debug_abbrev  0x0000000000000000       0x14 /usr/lib/gcc/arm-none-eabi/5.2.0/armv7e-m/libgcc.a(_dvmd_tls.o)
 .debug_aranges
                0x0000000000000000       0x20 /usr/lib/gcc/arm-none-eabi/5.2.0/armv7e-m/libgcc.a(_dvmd_tls.o)
 .ARM.attributes
                0x0000000000000000       0x1e /usr/lib/gcc/arm-none-eabi/5.2.0/armv7e-m/libgcc.a(_dvmd_tls.o)

Memory Configuration

Name             Origin             Length             Attributes
SRAM             0x0000000020000000 0x0000000000040000 xrw
*default*        0x0000000000000000 0xffffffffffffffff

Linker script and memory map

                0x0000000000004000                BOOTLOADER_SIZE = 0x4000

.bootloader     0x0000000020000000     0x4000
                0x0000000020000000                _heap2 = .
                0x0000000020004000                . = (. + BOOTLOADER_SIZE)
 *fill*         0x0000000020000000     0x4000 
                0x0000000020004000                . = ALIGN (0x8)
                0x0000000020004000                _eheap2 = .

.text           0x0000000020004000     0x1c40
                0x0000000020004000                _text = .
 *(.intvecs)
 .intvecs       0x0000000020004000      0x400 obj/Debug/startup_gcc.o
                0x0000000020004000                g_pfnVectors
 *(.text*)
 .text.TimerIntHandler
                0x0000000020004400       0x4c obj/Debug/main.o
 .text.DisplayBanner
                0x000000002000444c       0x3c obj/Debug/main.o
                0x000000002000444c                DisplayBanner
 .text.BoardInit
                0x0000000020004488       0x24 obj/Debug/main.o
                0x0000000020004488                BoardInit
 .text.main     0x00000000200044ac       0x8c obj/Debug/main.o
                0x00000000200044ac                main
 .text.PinMuxConfig
                0x0000000020004538       0x30 obj/Debug/pinmux.o
                0x0000000020004538                PinMuxConfig
 .text.InitTerm
                0x0000000020004568       0x2c obj/Debug/uart_if.o
                0x0000000020004568                InitTerm
 .text.Message  0x0000000020004594       0x34 obj/Debug/uart_if.o
                0x0000000020004594                Message
 .text.Report   0x00000000200045c8       0x98 obj/Debug/uart_if.o
                0x00000000200045c8                Report
 .text.ResetISR
                0x0000000020004660       0x78 obj/Debug/startup_gcc.o
                0x0000000020004660                ResetISR
 .text.NmiSR    0x00000000200046d8        0x8 obj/Debug/startup_gcc.o
 .text.FaultISR
                0x00000000200046e0        0x8 obj/Debug/startup_gcc.o
 .text.BusFaultHandler
                0x00000000200046e8        0x8 obj/Debug/startup_gcc.o
 .text.IntDefaultHandler
                0x00000000200046f0        0x8 obj/Debug/startup_gcc.o
 .text._sbrk    0x00000000200046f8       0x70 obj/Debug/startup_gcc.o
                0x00000000200046f8                _sbrk
 .text.IntMasterEnable
                0x0000000020004768       0x10 ../../../driverlib/gcc/lib/Debug/libdriver.a(interrupt.o)
                0x0000000020004768                IntMasterEnable
 .text.IntVTableBaseSet
                0x0000000020004778       0x1c ../../../driverlib/gcc/lib/Debug/libdriver.a(interrupt.o)
                0x0000000020004778                IntVTableBaseSet
 .text.IntRegister
                0x0000000020004794       0x2c ../../../driverlib/gcc/lib/Debug/libdriver.a(interrupt.o)
                0x0000000020004794                IntRegister
 .text.IntEnable
                0x00000000200047c0       0xbc ../../../driverlib/gcc/lib/Debug/libdriver.a(interrupt.o)
                0x00000000200047c0                IntEnable
 .text.PinModeSet
                0x000000002000487c       0x48 ../../../driverlib/gcc/lib/Debug/libdriver.a(pin.o)
                0x000000002000487c                PinModeSet
 .text.PinConfigSet
                0x00000000200048c4       0x98 ../../../driverlib/gcc/lib/Debug/libdriver.a(pin.o)
                0x00000000200048c4                PinConfigSet
 .text.PinTypeUART
                0x000000002000495c       0x24 ../../../driverlib/gcc/lib/Debug/libdriver.a(pin.o)
                0x000000002000495c                PinTypeUART
 .text.PinTypeTimer
                0x0000000020004980       0x24 ../../../driverlib/gcc/lib/Debug/libdriver.a(pin.o)
                0x0000000020004980                PinTypeTimer
 .text.PRCMSysResetCauseGet
                0x00000000200049a4       0x3c ../../../driverlib/gcc/lib/Debug/libdriver.a(prcm.o)
                0x00000000200049a4                PRCMSysResetCauseGet
 .text.PRCMPeripheralClkEnable
                0x00000000200049e0       0x5c ../../../driverlib/gcc/lib/Debug/libdriver.a(prcm.o)
                0x00000000200049e0                PRCMPeripheralClkEnable
 .text.PRCMPeripheralClkDisable
                0x0000000020004a3c       0x44 ../../../driverlib/gcc/lib/Debug/libdriver.a(prcm.o)
                0x0000000020004a3c                PRCMPeripheralClkDisable
 .text.PRCMPeripheralClockGet
                0x0000000020004a80       0xa8 ../../../driverlib/gcc/lib/Debug/libdriver.a(prcm.o)
                0x0000000020004a80                PRCMPeripheralClockGet
 .text.PRCMPeripheralReset
                0x0000000020004b28       0x8c ../../../driverlib/gcc/lib/Debug/libdriver.a(prcm.o)
                0x0000000020004b28                PRCMPeripheralReset
 .text.PRCMCC3200MCUInit
                0x0000000020004bb4      0x1a0 ../../../driverlib/gcc/lib/Debug/libdriver.a(prcm.o)
                0x0000000020004bb4                PRCMCC3200MCUInit
 .text.PRCMHIBRegRead
                0x0000000020004d54       0x20 ../../../driverlib/gcc/lib/Debug/libdriver.a(prcm.o)
                0x0000000020004d54                PRCMHIBRegRead
 .text.PRCMHIBRegWrite
                0x0000000020004d74       0x20 ../../../driverlib/gcc/lib/Debug/libdriver.a(prcm.o)
                0x0000000020004d74                PRCMHIBRegWrite
 .text.TimerEnable
                0x0000000020004d94       0x2c ../../../driverlib/gcc/lib/Debug/libdriver.a(timer.o)
                0x0000000020004d94                TimerEnable
 .text.TimerConfigure
                0x0000000020004dc0       0x58 ../../../driverlib/gcc/lib/Debug/libdriver.a(timer.o)
                0x0000000020004dc0                TimerConfigure
 .text.TimerControlEvent
                0x0000000020004e18       0x40 ../../../driverlib/gcc/lib/Debug/libdriver.a(timer.o)
                0x0000000020004e18                TimerControlEvent
 .text.TimerLoadSet
                0x0000000020004e58       0x3c ../../../driverlib/gcc/lib/Debug/libdriver.a(timer.o)
                0x0000000020004e58                TimerLoadSet
 .text.TimerValueGet
                0x0000000020004e94       0x28 ../../../driverlib/gcc/lib/Debug/libdriver.a(timer.o)
                0x0000000020004e94                TimerValueGet
 .text.TimerIntRegister
                0x0000000020004ebc       0x80 ../../../driverlib/gcc/lib/Debug/libdriver.a(timer.o)
                0x0000000020004ebc                TimerIntRegister
 .text.TimerIntEnable
                0x0000000020004f3c       0x28 ../../../driverlib/gcc/lib/Debug/libdriver.a(timer.o)
                0x0000000020004f3c                TimerIntEnable
 .text.TimerIntClear
                0x0000000020004f64       0x20 ../../../driverlib/gcc/lib/Debug/libdriver.a(timer.o)
                0x0000000020004f64                TimerIntClear
 .text.UARTConfigSetExpClk
                0x0000000020004f84       0x98 ../../../driverlib/gcc/lib/Debug/libdriver.a(uart.o)
                0x0000000020004f84                UARTConfigSetExpClk
 .text.UARTEnable
                0x000000002000501c       0x3c ../../../driverlib/gcc/lib/Debug/libdriver.a(uart.o)
                0x000000002000501c                UARTEnable
 .text.UARTDisable
                0x0000000020005058       0x4c ../../../driverlib/gcc/lib/Debug/libdriver.a(uart.o)
                0x0000000020005058                UARTDisable
 .text.UARTCharPut
                0x00000000200050a4       0x2c ../../../driverlib/gcc/lib/Debug/libdriver.a(uart.o)
                0x00000000200050a4                UARTCharPut
 .text.UtilsDelay
                0x00000000200050d0        0xc ../../../driverlib/gcc/lib/Debug/libdriver.a(utils.o)
                0x00000000200050d0                UtilsDelay
 .text.CPUcpsie
                0x00000000200050dc       0x18 ../../../driverlib/gcc/lib/Debug/libdriver.a(cpu.o)
                0x00000000200050dc                CPUcpsie
 .text.malloc   0x00000000200050f4       0x10 /usr/lib/gcc/arm-none-eabi/5.2.0/../../../../arm-none-eabi/lib/armv7e-m/libc_nano.a(lib_a-malloc.o)
                0x00000000200050f4                malloc
 .text.free     0x0000000020005104       0x10 /usr/lib/gcc/arm-none-eabi/5.2.0/../../../../arm-none-eabi/lib/armv7e-m/libc_nano.a(lib_a-malloc.o)
                0x0000000020005104                free
 .text.memmove  0x0000000020005114       0x36 /usr/lib/gcc/arm-none-eabi/5.2.0/../../../../arm-none-eabi/lib/armv7e-m/libc_nano.a(lib_a-memmove.o)
                0x0000000020005114                memmove
 *fill*         0x000000002000514a        0x2 
 .text._free_r  0x000000002000514c       0x8c /usr/lib/gcc/arm-none-eabi/5.2.0/../../../../arm-none-eabi/lib/armv7e-m/libc_nano.a(lib_a-nano-freer.o)
                0x000000002000514c                _free_r
 .text._malloc_r
                0x00000000200051d8       0xa8 /usr/lib/gcc/arm-none-eabi/5.2.0/../../../../arm-none-eabi/lib/armv7e-m/libc_nano.a(lib_a-nano-mallocr.o)
                0x00000000200051d8                _malloc_r
 .text.realloc  0x0000000020005280       0x10 /usr/lib/gcc/arm-none-eabi/5.2.0/../../../../arm-none-eabi/lib/armv7e-m/libc_nano.a(lib_a-realloc.o)
                0x0000000020005280                realloc
 .text._sbrk_r  0x0000000020005290       0x20 /usr/lib/gcc/arm-none-eabi/5.2.0/../../../../arm-none-eabi/lib/armv7e-m/libc_nano.a(lib_a-sbrkr.o)
                0x0000000020005290                _sbrk_r
 .text._vsnprintf_r
                0x00000000200052b0       0x56 /usr/lib/gcc/arm-none-eabi/5.2.0/../../../../arm-none-eabi/lib/armv7e-m/libc_nano.a(lib_a-vsnprintf.o)
                0x00000000200052b0                _vsnprintf_r
                0x00000000200052b0                _vsniprintf_r
 *fill*         0x0000000020005306        0x2 
 .text.vsnprintf
                0x0000000020005308       0x1c /usr/lib/gcc/arm-none-eabi/5.2.0/../../../../arm-none-eabi/lib/armv7e-m/libc_nano.a(lib_a-vsnprintf.o)
                0x0000000020005308                vsnprintf
                0x0000000020005308                vsniprintf
 .text._realloc_r
                0x0000000020005324       0x4c /usr/lib/gcc/arm-none-eabi/5.2.0/../../../../arm-none-eabi/lib/armv7e-m/libc_nano.a(lib_a-nano-reallocr.o)
                0x0000000020005324                _realloc_r
 .text.__ssputs_r
                0x0000000020005370       0xb2 /usr/lib/gcc/arm-none-eabi/5.2.0/../../../../arm-none-eabi/lib/armv7e-m/libc_nano.a(lib_a-nano-svfprintf.o)
                0x0000000020005370                __ssputs_r
 *fill*         0x0000000020005422        0x2 
 .text._svfprintf_r
                0x0000000020005424      0x1e8 /usr/lib/gcc/arm-none-eabi/5.2.0/../../../../arm-none-eabi/lib/armv7e-m/libc_nano.a(lib_a-nano-svfprintf.o)
                0x0000000020005424                _svfprintf_r
                0x0000000020005424                _svfiprintf_r
 .text._printf_common
                0x000000002000560c       0xec /usr/lib/gcc/arm-none-eabi/5.2.0/../../../../arm-none-eabi/lib/armv7e-m/libc_nano.a(lib_a-nano-vfprintf_i.o)
                0x000000002000560c                _printf_common
 .text._printf_i
                0x00000000200056f8      0x24c /usr/lib/gcc/arm-none-eabi/5.2.0/../../../../arm-none-eabi/lib/armv7e-m/libc_nano.a(lib_a-nano-vfprintf_i.o)
                0x00000000200056f8                _printf_i
 .text.memchr   0x0000000020005944       0x1e /usr/lib/gcc/arm-none-eabi/5.2.0/../../../../arm-none-eabi/lib/armv7e-m/libc_nano.a(lib_a-memchr.o)
                0x0000000020005944                memchr
 .text.memcpy   0x0000000020005962       0x16 /usr/lib/gcc/arm-none-eabi/5.2.0/../../../../arm-none-eabi/lib/armv7e-m/libc_nano.a(lib_a-memcpy.o)
                0x0000000020005962                memcpy
 .text._malloc_usable_size_r
                0x0000000020005978       0x14 /usr/lib/gcc/arm-none-eabi/5.2.0/../../../../arm-none-eabi/lib/armv7e-m/libc_nano.a(lib_a-nano-msizer.o)
                0x0000000020005978                _malloc_usable_size_r
 *(.rodata*)
 .rodata        0x000000002000598c       0x90 obj/Debug/main.o
 .rodata        0x0000000020005a1c       0x2c obj/Debug/uart_if.o
 .rodata.g_pulEnRegs
                0x0000000020005a48       0x18 ../../../driverlib/gcc/lib/Debug/libdriver.a(interrupt.o)
 .rodata.g_ulPinToPadMap
                0x0000000020005a60      0x100 ../../../driverlib/gcc/lib/Debug/libdriver.a(pin.o)
 .rodata.PRCM_PeriphRegsList
                0x0000000020005b60       0xa8 ../../../driverlib/gcc/lib/Debug/libdriver.a(prcm.o)
 .rodata.str1.1
                0x0000000020005c08        0x2 /usr/lib/gcc/arm-none-eabi/5.2.0/../../../../arm-none-eabi/lib/armv7e-m/libc_nano.a(lib_a-impure.o)
 .rodata.str1.1
                0x0000000020005c0a       0x11 /usr/lib/gcc/arm-none-eabi/5.2.0/../../../../arm-none-eabi/lib/armv7e-m/libc_nano.a(lib_a-nano-svfprintf.o)
 .rodata.str1.1
                0x0000000020005c1b       0x22 /usr/lib/gcc/arm-none-eabi/5.2.0/../../../../arm-none-eabi/lib/armv7e-m/libc_nano.a(lib_a-nano-vfprintf_i.o)
 *(.ARM.extab* .gnu.linkonce.armextab.*)
                0x0000000020005c40                . = ALIGN (0x8)
 *fill*         0x0000000020005c3d        0x3 
                0x0000000020005c40                _etext = .

.glue_7         0x0000000020005c40        0x0
 .glue_7        0x0000000000000000        0x0 linker stubs

.glue_7t        0x0000000020005c40        0x0
 .glue_7t       0x0000000000000000        0x0 linker stubs

.vfp11_veneer   0x0000000020005c40        0x0
 .vfp11_veneer  0x0000000000000000        0x0 linker stubs

.v4_bx          0x0000000020005c40        0x0
 .v4_bx         0x0000000000000000        0x0 linker stubs

.iplt           0x0000000020005c40        0x0
 .iplt          0x0000000000000000        0x0 obj/Debug/main.o

.rel.dyn        0x0000000020005c40        0x0
 .rel.iplt      0x0000000000000000        0x0 obj/Debug/main.o

.ARM            0x0000000020005c40        0x0
                0x0000000020005c40                __exidx_start = .
 *(.ARM.exidx*)
                0x0000000020005c40                __exidx_end = .
                0x0000000020005c40                __init_data = .

.data           0x0000000020005c40       0x68
                0x0000000020005c40                _data = .
 *(.data*)
 .data.impure_data
                0x0000000020005c40       0x60 /usr/lib/gcc/arm-none-eabi/5.2.0/../../../../arm-none-eabi/lib/armv7e-m/libc_nano.a(lib_a-impure.o)
 .data._impure_ptr
                0x0000000020005ca0        0x4 /usr/lib/gcc/arm-none-eabi/5.2.0/../../../../arm-none-eabi/lib/armv7e-m/libc_nano.a(lib_a-impure.o)
                0x0000000020005ca0                _impure_ptr
                0x0000000020005ca8                . = ALIGN (0x8)
 *fill*         0x0000000020005ca4        0x4 
                0x0000000020005ca8                _edata = .

.igot.plt       0x0000000020005ca8        0x0
 .igot.plt      0x0000000000000000        0x0 obj/Debug/main.o

.bss            0x0000000020005ca8     0x1024
                0x0000000020005ca8                _bss = .
 *(.bss*)
 .bss.g_ulSamples
                0x0000000020005ca8        0x8 obj/Debug/main.o
 .bss.g_ulFreq  0x0000000020005cb0        0x4 obj/Debug/main.o
 .bss.__Errorlog
                0x0000000020005cb4        0x4 obj/Debug/uart_if.o
 .bss.heap_end  0x0000000020005cb8        0x4 obj/Debug/startup_gcc.o
 .bss.heap2_end
                0x0000000020005cbc        0x4 obj/Debug/startup_gcc.o
 .bss.pui32Stack
                0x0000000020005cc0     0x1000 obj/Debug/startup_gcc.o
 .bss.__malloc_sbrk_start
                0x0000000020006cc0        0x4 /usr/lib/gcc/arm-none-eabi/5.2.0/../../../../arm-none-eabi/lib/armv7e-m/libc_nano.a(lib_a-nano-mallocr.o)
                0x0000000020006cc0                __malloc_sbrk_start
 .bss.__malloc_free_list
                0x0000000020006cc4        0x4 /usr/lib/gcc/arm-none-eabi/5.2.0/../../../../arm-none-eabi/lib/armv7e-m/libc_nano.a(lib_a-nano-mallocr.o)
                0x0000000020006cc4                __malloc_free_list
 *(COMMON)
 COMMON         0x0000000020006cc8        0x4 /usr/lib/gcc/arm-none-eabi/5.2.0/../../../../arm-none-eabi/lib/armv7e-m/libc_nano.a(lib_a-reent.o)
                0x0000000020006cc8                errno
                0x0000000020006ccc                _ebss = .

.heap           0x0000000020006ccc    0x38f34
                0x0000000020006ccc                _heap = .
                0x000000002003fc00                . = (((((((. + 0x40000) - SIZEOF (.bss)) - SIZEOF (.data)) - SIZEOF (.ARM)) - SIZEOF (.text)) - SIZEOF (.bootloader)) - 0x400)
 *fill*         0x0000000020006ccc    0x38f34 
                0x000000002003fc00                . = ALIGN (0x400)
                0x000000002003fc00                _eheap = .
LOAD obj/Debug/main.o
LOAD obj/Debug/pinmux.o
LOAD obj/Debug/uart_if.o
LOAD obj/Debug/startup_gcc.o
LOAD ../../../driverlib/gcc/lib/Debug/libdriver.a
LOAD /usr/lib/gcc/arm-none-eabi/5.2.0/../../../../arm-none-eabi/lib/armv7e-m/libm.a
LOAD /usr/lib/gcc/arm-none-eabi/5.2.0/../../../../arm-none-eabi/lib/armv7e-m/libc_nano.a
LOAD /usr/lib/gcc/arm-none-eabi/5.2.0/armv7e-m/libgcc.a
LOAD /usr/lib/gcc/arm-none-eabi/5.2.0/../../../../arm-none-eabi/lib/armv7e-m/libnosys.a
OUTPUT(bin/Debug/timer_cc.elf elf32-littlearm)

.debug_info     0x0000000000000000     0x93fb
 .debug_info    0x0000000000000000       0xfe obj/Debug/main.o
 .debug_info    0x00000000000000fe       0x45 obj/Debug/pinmux.o
 .debug_info    0x0000000000000143      0x2ac obj/Debug/uart_if.o
 .debug_info    0x00000000000003ef      0x20f obj/Debug/startup_gcc.o
 .debug_info    0x00000000000005fe      0x383 ../../../driverlib/gcc/lib/Debug/libdriver.a(interrupt.o)
 .debug_info    0x0000000000000981      0x3eb ../../../driverlib/gcc/lib/Debug/libdriver.a(pin.o)
 .debug_info    0x0000000000000d6c      0xa3d ../../../driverlib/gcc/lib/Debug/libdriver.a(prcm.o)
 .debug_info    0x00000000000017a9      0x5c1 ../../../driverlib/gcc/lib/Debug/libdriver.a(timer.o)
 .debug_info    0x0000000000001d6a      0x82e ../../../driverlib/gcc/lib/Debug/libdriver.a(uart.o)
 .debug_info    0x0000000000002598       0x50 ../../../driverlib/gcc/lib/Debug/libdriver.a(utils.o)
 .debug_info    0x00000000000025e8       0xfe ../../../driverlib/gcc/lib/Debug/libdriver.a(cpu.o)
 .debug_info    0x00000000000026e6      0x7b2 /usr/lib/gcc/arm-none-eabi/5.2.0/../../../../arm-none-eabi/lib/armv7e-m/libc_nano.a(lib_a-malloc.o)
 .debug_info    0x0000000000002e98      0x109 /usr/lib/gcc/arm-none-eabi/5.2.0/../../../../arm-none-eabi/lib/armv7e-m/libc_nano.a(lib_a-memmove.o)
 .debug_info    0x0000000000002fa1      0x821 /usr/lib/gcc/arm-none-eabi/5.2.0/../../../../arm-none-eabi/lib/armv7e-m/libc_nano.a(lib_a-nano-freer.o)
 .debug_info    0x00000000000037c2      0x8ec /usr/lib/gcc/arm-none-eabi/5.2.0/../../../../arm-none-eabi/lib/armv7e-m/libc_nano.a(lib_a-nano-mallocr.o)
 .debug_info    0x00000000000040ae      0x786 /usr/lib/gcc/arm-none-eabi/5.2.0/../../../../arm-none-eabi/lib/armv7e-m/libc_nano.a(lib_a-realloc.o)
 .debug_info    0x0000000000004834      0x7a1 /usr/lib/gcc/arm-none-eabi/5.2.0/../../../../arm-none-eabi/lib/armv7e-m/libc_nano.a(lib_a-sbrkr.o)
 .debug_info    0x0000000000004fd5      0x892 /usr/lib/gcc/arm-none-eabi/5.2.0/../../../../arm-none-eabi/lib/armv7e-m/libc_nano.a(lib_a-vsnprintf.o)
 .debug_info    0x0000000000005867      0x7da /usr/lib/gcc/arm-none-eabi/5.2.0/../../../../arm-none-eabi/lib/armv7e-m/libc_nano.a(lib_a-impure.o)
 .debug_info    0x0000000000006041      0x878 /usr/lib/gcc/arm-none-eabi/5.2.0/../../../../arm-none-eabi/lib/armv7e-m/libc_nano.a(lib_a-nano-reallocr.o)
 .debug_info    0x00000000000068b9      0xd40 /usr/lib/gcc/arm-none-eabi/5.2.0/../../../../arm-none-eabi/lib/armv7e-m/libc_nano.a(lib_a-nano-svfprintf.o)
 .debug_info    0x00000000000075f9      0xb33 /usr/lib/gcc/arm-none-eabi/5.2.0/../../../../arm-none-eabi/lib/armv7e-m/libc_nano.a(lib_a-nano-vfprintf_i.o)
 .debug_info    0x000000000000812c      0x8fb /usr/lib/gcc/arm-none-eabi/5.2.0/../../../../arm-none-eabi/lib/armv7e-m/libc_nano.a(lib_a-reent.o)
 .debug_info    0x0000000000008a27       0xff /usr/lib/gcc/arm-none-eabi/5.2.0/../../../../arm-none-eabi/lib/armv7e-m/libc_nano.a(lib_a-memchr.o)
 .debug_info    0x0000000000008b26      0x115 /usr/lib/gcc/arm-none-eabi/5.2.0/../../../../arm-none-eabi/lib/armv7e-m/libc_nano.a(lib_a-memcpy.o)
 .debug_info    0x0000000000008c3b      0x7c0 /usr/lib/gcc/arm-none-eabi/5.2.0/../../../../arm-none-eabi/lib/armv7e-m/libc_nano.a(lib_a-nano-msizer.o)

.debug_abbrev   0x0000000000000000     0x2145
 .debug_abbrev  0x0000000000000000       0xe5 obj/Debug/main.o
 .debug_abbrev  0x00000000000000e5       0x37 obj/Debug/pinmux.o
 .debug_abbrev  0x000000000000011c      0x147 obj/Debug/uart_if.o
 .debug_abbrev  0x0000000000000263      0x10b obj/Debug/startup_gcc.o
 .debug_abbrev  0x000000000000036e      0x145 ../../../driverlib/gcc/lib/Debug/libdriver.a(interrupt.o)
 .debug_abbrev  0x00000000000004b3       0xf4 ../../../driverlib/gcc/lib/Debug/libdriver.a(pin.o)
 .debug_abbrev  0x00000000000005a7      0x1cc ../../../driverlib/gcc/lib/Debug/libdriver.a(prcm.o)
 .debug_abbrev  0x0000000000000773       0xde ../../../driverlib/gcc/lib/Debug/libdriver.a(timer.o)
 .debug_abbrev  0x0000000000000851      0x131 ../../../driverlib/gcc/lib/Debug/libdriver.a(uart.o)
 .debug_abbrev  0x0000000000000982       0x48 ../../../driverlib/gcc/lib/Debug/libdriver.a(utils.o)
 .debug_abbrev  0x00000000000009ca       0xb4 ../../../driverlib/gcc/lib/Debug/libdriver.a(cpu.o)
 .debug_abbrev  0x0000000000000a7e      0x18a /usr/lib/gcc/arm-none-eabi/5.2.0/../../../../arm-none-eabi/lib/armv7e-m/libc_nano.a(lib_a-malloc.o)
 .debug_abbrev  0x0000000000000c08       0x9c /usr/lib/gcc/arm-none-eabi/5.2.0/../../../../arm-none-eabi/lib/armv7e-m/libc_nano.a(lib_a-memmove.o)
 .debug_abbrev  0x0000000000000ca4      0x1b6 /usr/lib/gcc/arm-none-eabi/5.2.0/../../../../arm-none-eabi/lib/armv7e-m/libc_nano.a(lib_a-nano-freer.o)
 .debug_abbrev  0x0000000000000e5a      0x24e /usr/lib/gcc/arm-none-eabi/5.2.0/../../../../arm-none-eabi/lib/armv7e-m/libc_nano.a(lib_a-nano-mallocr.o)
 .debug_abbrev  0x00000000000010a8      0x17f /usr/lib/gcc/arm-none-eabi/5.2.0/../../../../arm-none-eabi/lib/armv7e-m/libc_nano.a(lib_a-realloc.o)
 .debug_abbrev  0x0000000000001227      0x1a0 /usr/lib/gcc/arm-none-eabi/5.2.0/../../../../arm-none-eabi/lib/armv7e-m/libc_nano.a(lib_a-sbrkr.o)
 .debug_abbrev  0x00000000000013c7      0x1bd /usr/lib/gcc/arm-none-eabi/5.2.0/../../../../arm-none-eabi/lib/armv7e-m/libc_nano.a(lib_a-vsnprintf.o)
 .debug_abbrev  0x0000000000001584      0x136 /usr/lib/gcc/arm-none-eabi/5.2.0/../../../../arm-none-eabi/lib/armv7e-m/libc_nano.a(lib_a-impure.o)
 .debug_abbrev  0x00000000000016ba      0x1af /usr/lib/gcc/arm-none-eabi/5.2.0/../../../../arm-none-eabi/lib/armv7e-m/libc_nano.a(lib_a-nano-reallocr.o)
 .debug_abbrev  0x0000000000001869      0x23f /usr/lib/gcc/arm-none-eabi/5.2.0/../../../../arm-none-eabi/lib/armv7e-m/libc_nano.a(lib_a-nano-svfprintf.o)
 .debug_abbrev  0x0000000000001aa8      0x1f4 /usr/lib/gcc/arm-none-eabi/5.2.0/../../../../arm-none-eabi/lib/armv7e-m/libc_nano.a(lib_a-nano-vfprintf_i.o)
 .debug_abbrev  0x0000000000001c9c      0x1f2 /usr/lib/gcc/arm-none-eabi/5.2.0/../../../../arm-none-eabi/lib/armv7e-m/libc_nano.a(lib_a-reent.o)
 .debug_abbrev  0x0000000000001e8e       0xab /usr/lib/gcc/arm-none-eabi/5.2.0/../../../../arm-none-eabi/lib/armv7e-m/libc_nano.a(lib_a-memchr.o)
 .debug_abbrev  0x0000000000001f39       0xab /usr/lib/gcc/arm-none-eabi/5.2.0/../../../../arm-none-eabi/lib/armv7e-m/libc_nano.a(lib_a-memcpy.o)
 .debug_abbrev  0x0000000000001fe4      0x161 /usr/lib/gcc/arm-none-eabi/5.2.0/../../../../arm-none-eabi/lib/armv7e-m/libc_nano.a(lib_a-nano-msizer.o)

.debug_aranges  0x0000000000000000      0x858
 .debug_aranges
                0x0000000000000000       0x38 obj/Debug/main.o
 .debug_aranges
                0x0000000000000038       0x20 obj/Debug/pinmux.o
 .debug_aranges
                0x0000000000000058       0x50 obj/Debug/uart_if.o
 .debug_aranges
                0x00000000000000a8       0x48 obj/Debug/startup_gcc.o
 .debug_aranges
                0x00000000000000f0       0x98 ../../../driverlib/gcc/lib/Debug/libdriver.a(interrupt.o)
 .debug_aranges
                0x0000000000000188       0x90 ../../../driverlib/gcc/lib/Debug/libdriver.a(pin.o)
 .debug_aranges
                0x0000000000000218      0x1b8 ../../../driverlib/gcc/lib/Debug/libdriver.a(prcm.o)
 .debug_aranges
                0x00000000000003d0       0xd8 ../../../driverlib/gcc/lib/Debug/libdriver.a(timer.o)
 .debug_aranges
                0x00000000000004a8      0x140 ../../../driverlib/gcc/lib/Debug/libdriver.a(uart.o)
 .debug_aranges
                0x00000000000005e8       0x20 ../../../driverlib/gcc/lib/Debug/libdriver.a(utils.o)
 .debug_aranges
                0x0000000000000608       0x48 ../../../driverlib/gcc/lib/Debug/libdriver.a(cpu.o)
 .debug_aranges
                0x0000000000000650       0x28 /usr/lib/gcc/arm-none-eabi/5.2.0/../../../../arm-none-eabi/lib/armv7e-m/libc_nano.a(lib_a-malloc.o)
 .debug_aranges
                0x0000000000000678       0x20 /usr/lib/gcc/arm-none-eabi/5.2.0/../../../../arm-none-eabi/lib/armv7e-m/libc_nano.a(lib_a-memmove.o)
 .debug_aranges
                0x0000000000000698       0x20 /usr/lib/gcc/arm-none-eabi/5.2.0/../../../../arm-none-eabi/lib/armv7e-m/libc_nano.a(lib_a-nano-freer.o)
 .debug_aranges
                0x00000000000006b8       0x20 /usr/lib/gcc/arm-none-eabi/5.2.0/../../../../arm-none-eabi/lib/armv7e-m/libc_nano.a(lib_a-nano-mallocr.o)
 .debug_aranges
                0x00000000000006d8       0x20 /usr/lib/gcc/arm-none-eabi/5.2.0/../../../../arm-none-eabi/lib/armv7e-m/libc_nano.a(lib_a-realloc.o)
 .debug_aranges
                0x00000000000006f8       0x20 /usr/lib/gcc/arm-none-eabi/5.2.0/../../../../arm-none-eabi/lib/armv7e-m/libc_nano.a(lib_a-sbrkr.o)
 .debug_aranges
                0x0000000000000718       0x28 /usr/lib/gcc/arm-none-eabi/5.2.0/../../../../arm-none-eabi/lib/armv7e-m/libc_nano.a(lib_a-vsnprintf.o)
 .debug_aranges
                0x0000000000000740       0x18 /usr/lib/gcc/arm-none-eabi/5.2.0/../../../../arm-none-eabi/lib/armv7e-m/libc_nano.a(lib_a-impure.o)
 .debug_aranges
                0x0000000000000758       0x20 /usr/lib/gcc/arm-none-eabi/5.2.0/../../../../arm-none-eabi/lib/armv7e-m/libc_nano.a(lib_a-nano-reallocr.o)
 .debug_aranges
                0x0000000000000778       0x30 /usr/lib/gcc/arm-none-eabi/5.2.0/../../../../arm-none-eabi/lib/armv7e-m/libc_nano.a(lib_a-nano-svfprintf.o)
 .debug_aranges
                0x00000000000007a8       0x28 /usr/lib/gcc/arm-none-eabi/5.2.0/../../../../arm-none-eabi/lib/armv7e-m/libc_nano.a(lib_a-nano-vfprintf_i.o)
 .debug_aranges
                0x00000000000007d0       0x28 /usr/lib/gcc/arm-none-eabi/5.2.0/../../../../arm-none-eabi/lib/armv7e-m/libc_nano.a(lib_a-reent.o)
 .debug_aranges
                0x00000000000007f8       0x20 /usr/lib/gcc/arm-none-eabi/5.2.0/../../../../arm-none-eabi/lib/armv7e-m/libc_nano.a(lib_a-memchr.o)
 .debug_aranges
                0x0000000000000818       0x20 /usr/lib/gcc/arm-none-eabi/5.2.0/../../../../arm-none-eabi/lib/armv7e-m/libc_nano.a(lib_a-memcpy.o)
 .debug_aranges
                0x0000000000000838       0x20 /usr/lib/gcc/arm-none-eabi/5.2.0/../../../../arm-none-eabi/lib/armv7e-m/libc_nano.a(lib_a-nano-msizer.o)

.debug_ranges   0x0000000000000000      0x760
 .debug_ranges  0x0000000000000000       0x28 obj/Debug/main.o
 .debug_ranges  0x0000000000000028       0x10 obj/Debug/pinmux.o
 .debug_ranges  0x0000000000000038       0x40 obj/Debug/uart_if.o
 .debug_ranges  0x0000000000000078       0x38 obj/Debug/startup_gcc.o
 .debug_ranges  0x00000000000000b0       0x88 ../../../driverlib/gcc/lib/Debug/libdriver.a(interrupt.o)
 .debug_ranges  0x0000000000000138       0x80 ../../../driverlib/gcc/lib/Debug/libdriver.a(pin.o)
 .debug_ranges  0x00000000000001b8      0x1a8 ../../../driverlib/gcc/lib/Debug/libdriver.a(prcm.o)
 .debug_ranges  0x0000000000000360       0xc8 ../../../driverlib/gcc/lib/Debug/libdriver.a(timer.o)
 .debug_ranges  0x0000000000000428      0x130 ../../../driverlib/gcc/lib/Debug/libdriver.a(uart.o)
 .debug_ranges  0x0000000000000558       0x10 ../../../driverlib/gcc/lib/Debug/libdriver.a(utils.o)
 .debug_ranges  0x0000000000000568       0x38 ../../../driverlib/gcc/lib/Debug/libdriver.a(cpu.o)
 .debug_ranges  0x00000000000005a0       0x18 /usr/lib/gcc/arm-none-eabi/5.2.0/../../../../arm-none-eabi/lib/armv7e-m/libc_nano.a(lib_a-malloc.o)
 .debug_ranges  0x00000000000005b8       0x10 /usr/lib/gcc/arm-none-eabi/5.2.0/../../../../arm-none-eabi/lib/armv7e-m/libc_nano.a(lib_a-memmove.o)
 .debug_ranges  0x00000000000005c8       0x28 /usr/lib/gcc/arm-none-eabi/5.2.0/../../../../arm-none-eabi/lib/armv7e-m/libc_nano.a(lib_a-nano-freer.o)
 .debug_ranges  0x00000000000005f0       0x28 /usr/lib/gcc/arm-none-eabi/5.2.0/../../../../arm-none-eabi/lib/armv7e-m/libc_nano.a(lib_a-nano-mallocr.o)
 .debug_ranges  0x0000000000000618       0x10 /usr/lib/gcc/arm-none-eabi/5.2.0/../../../../arm-none-eabi/lib/armv7e-m/libc_nano.a(lib_a-realloc.o)
 .debug_ranges  0x0000000000000628       0x10 /usr/lib/gcc/arm-none-eabi/5.2.0/../../../../arm-none-eabi/lib/armv7e-m/libc_nano.a(lib_a-sbrkr.o)
 .debug_ranges  0x0000000000000638       0x18 /usr/lib/gcc/arm-none-eabi/5.2.0/../../../../arm-none-eabi/lib/armv7e-m/libc_nano.a(lib_a-vsnprintf.o)
 .debug_ranges  0x0000000000000650       0x10 /usr/lib/gcc/arm-none-eabi/5.2.0/../../../../arm-none-eabi/lib/armv7e-m/libc_nano.a(lib_a-nano-reallocr.o)
 .debug_ranges  0x0000000000000660       0x50 /usr/lib/gcc/arm-none-eabi/5.2.0/../../../../arm-none-eabi/lib/armv7e-m/libc_nano.a(lib_a-nano-svfprintf.o)
 .debug_ranges  0x00000000000006b0       0x68 /usr/lib/gcc/arm-none-eabi/5.2.0/../../../../arm-none-eabi/lib/armv7e-m/libc_nano.a(lib_a-nano-vfprintf_i.o)
 .debug_ranges  0x0000000000000718       0x18 /usr/lib/gcc/arm-none-eabi/5.2.0/../../../../arm-none-eabi/lib/armv7e-m/libc_nano.a(lib_a-reent.o)
 .debug_ranges  0x0000000000000730       0x10 /usr/lib/gcc/arm-none-eabi/5.2.0/../../../../arm-none-eabi/lib/armv7e-m/libc_nano.a(lib_a-memchr.o)
 .debug_ranges  0x0000000000000740       0x10 /usr/lib/gcc/arm-none-eabi/5.2.0/../../../../arm-none-eabi/lib/armv7e-m/libc_nano.a(lib_a-memcpy.o)
 .debug_ranges  0x0000000000000750       0x10 /usr/lib/gcc/arm-none-eabi/5.2.0/../../../../arm-none-eabi/lib/armv7e-m/libc_nano.a(lib_a-nano-msizer.o)

.debug_line     0x0000000000000000     0x286c
 .debug_line    0x0000000000000000       0x96 obj/Debug/main.o
 .debug_line    0x0000000000000096       0x41 obj/Debug/pinmux.o
 .debug_line    0x00000000000000d7      0x17b obj/Debug/uart_if.o
 .debug_line    0x0000000000000252      0x131 obj/Debug/startup_gcc.o
 .debug_line    0x0000000000000383      0x210 ../../../driverlib/gcc/lib/Debug/libdriver.a(interrupt.o)
 .debug_line    0x0000000000000593      0x172 ../../../driverlib/gcc/lib/Debug/libdriver.a(pin.o)
 .debug_line    0x0000000000000705      0x4f6 ../../../driverlib/gcc/lib/Debug/libdriver.a(prcm.o)
 .debug_line    0x0000000000000bfb      0x33d ../../../driverlib/gcc/lib/Debug/libdriver.a(timer.o)
 .debug_line    0x0000000000000f38      0x37e ../../../driverlib/gcc/lib/Debug/libdriver.a(uart.o)
 .debug_line    0x00000000000012b6       0x3d ../../../driverlib/gcc/lib/Debug/libdriver.a(utils.o)
 .debug_line    0x00000000000012f3       0xa0 ../../../driverlib/gcc/lib/Debug/libdriver.a(cpu.o)
 .debug_line    0x0000000000001393      0x148 /usr/lib/gcc/arm-none-eabi/5.2.0/../../../../arm-none-eabi/lib/armv7e-m/libc_nano.a(lib_a-malloc.o)
 .debug_line    0x00000000000014db       0xe9 /usr/lib/gcc/arm-none-eabi/5.2.0/../../../../arm-none-eabi/lib/armv7e-m/libc_nano.a(lib_a-memmove.o)
 .debug_line    0x00000000000015c4      0x13b /usr/lib/gcc/arm-none-eabi/5.2.0/../../../../arm-none-eabi/lib/armv7e-m/libc_nano.a(lib_a-nano-freer.o)
 .debug_line    0x00000000000016ff      0x175 /usr/lib/gcc/arm-none-eabi/5.2.0/../../../../arm-none-eabi/lib/armv7e-m/libc_nano.a(lib_a-nano-mallocr.o)
 .debug_line    0x0000000000001874      0x137 /usr/lib/gcc/arm-none-eabi/5.2.0/../../../../arm-none-eabi/lib/armv7e-m/libc_nano.a(lib_a-realloc.o)
 .debug_line    0x00000000000019ab      0x140 /usr/lib/gcc/arm-none-eabi/5.2.0/../../../../arm-none-eabi/lib/armv7e-m/libc_nano.a(lib_a-sbrkr.o)
 .debug_line    0x0000000000001aeb      0x17d /usr/lib/gcc/arm-none-eabi/5.2.0/../../../../arm-none-eabi/lib/armv7e-m/libc_nano.a(lib_a-vsnprintf.o)
 .debug_line    0x0000000000001c68       0xe0 /usr/lib/gcc/arm-none-eabi/5.2.0/../../../../arm-none-eabi/lib/armv7e-m/libc_nano.a(lib_a-impure.o)
 .debug_line    0x0000000000001d48      0x15c /usr/lib/gcc/arm-none-eabi/5.2.0/../../../../arm-none-eabi/lib/armv7e-m/libc_nano.a(lib_a-nano-reallocr.o)
 .debug_line    0x0000000000001ea4      0x2ad /usr/lib/gcc/arm-none-eabi/5.2.0/../../../../arm-none-eabi/lib/armv7e-m/libc_nano.a(lib_a-nano-svfprintf.o)
 .debug_line    0x0000000000002151      0x2e9 /usr/lib/gcc/arm-none-eabi/5.2.0/../../../../arm-none-eabi/lib/armv7e-m/libc_nano.a(lib_a-nano-vfprintf_i.o)
 .debug_line    0x000000000000243a      0x17b /usr/lib/gcc/arm-none-eabi/5.2.0/../../../../arm-none-eabi/lib/armv7e-m/libc_nano.a(lib_a-reent.o)
 .debug_line    0x00000000000025b5       0xdf /usr/lib/gcc/arm-none-eabi/5.2.0/../../../../arm-none-eabi/lib/armv7e-m/libc_nano.a(lib_a-memchr.o)
 .debug_line    0x0000000000002694       0xdc /usr/lib/gcc/arm-none-eabi/5.2.0/../../../../arm-none-eabi/lib/armv7e-m/libc_nano.a(lib_a-memcpy.o)
 .debug_line    0x0000000000002770       0xfc /usr/lib/gcc/arm-none-eabi/5.2.0/../../../../arm-none-eabi/lib/armv7e-m/libc_nano.a(lib_a-nano-msizer.o)

.debug_str      0x0000000000000000     0x1c57
 .debug_str     0x0000000000000000      0x11a obj/Debug/main.o
                                        0x131 (size before relaxing)
 .debug_str     0x000000000000011a       0x19 obj/Debug/pinmux.o
                                         0xdb (size before relaxing)
 .debug_str     0x0000000000000133      0x12c obj/Debug/uart_if.o
                                        0x237 (size before relaxing)
 .debug_str     0x000000000000025f       0xdb obj/Debug/startup_gcc.o
                                        0x234 (size before relaxing)
 .debug_str     0x000000000000033a      0x1c9 ../../../driverlib/gcc/lib/Debug/libdriver.a(interrupt.o)
                                        0x296 (size before relaxing)
 .debug_str     0x0000000000000503      0x115 ../../../driverlib/gcc/lib/Debug/libdriver.a(pin.o)
                                        0x1fa (size before relaxing)
 .debug_str     0x0000000000000618      0x613 ../../../driverlib/gcc/lib/Debug/libdriver.a(prcm.o)
                                        0x71d (size before relaxing)
 .debug_str     0x0000000000000c2b      0x1c4 ../../../driverlib/gcc/lib/Debug/libdriver.a(timer.o)
                                        0x2af (size before relaxing)
 .debug_str     0x0000000000000def      0x2fd ../../../driverlib/gcc/lib/Debug/libdriver.a(uart.o)
                                        0x423 (size before relaxing)
 .debug_str     0x00000000000010ec       0x1e ../../../driverlib/gcc/lib/Debug/libdriver.a(utils.o)
                                         0xcb (size before relaxing)
 .debug_str     0x000000000000110a       0x5c ../../../driverlib/gcc/lib/Debug/libdriver.a(cpu.o)
                                        0x109 (size before relaxing)
 .debug_str     0x0000000000001166      0x43d /usr/lib/gcc/arm-none-eabi/5.2.0/../../../../arm-none-eabi/lib/armv7e-m/libc_nano.a(lib_a-malloc.o)
                                        0x52b (size before relaxing)
 .debug_str     0x00000000000015a3       0xaa /usr/lib/gcc/arm-none-eabi/5.2.0/../../../../arm-none-eabi/lib/armv7e-m/libc_nano.a(lib_a-memmove.o)
                                        0x1c9 (size before relaxing)
 .debug_str     0x000000000000164d       0x90 /usr/lib/gcc/arm-none-eabi/5.2.0/../../../../arm-none-eabi/lib/armv7e-m/libc_nano.a(lib_a-nano-freer.o)
                                        0x56f (size before relaxing)
 .debug_str     0x00000000000016dd       0x46 /usr/lib/gcc/arm-none-eabi/5.2.0/../../../../arm-none-eabi/lib/armv7e-m/libc_nano.a(lib_a-nano-mallocr.o)
                                        0x59a (size before relaxing)
 .debug_str     0x0000000000001723       0x3a /usr/lib/gcc/arm-none-eabi/5.2.0/../../../../arm-none-eabi/lib/armv7e-m/libc_nano.a(lib_a-realloc.o)
                                        0x51c (size before relaxing)
 .debug_str     0x000000000000175d       0x8f /usr/lib/gcc/arm-none-eabi/5.2.0/../../../../arm-none-eabi/lib/armv7e-m/libc_nano.a(lib_a-sbrkr.o)
                                        0x50e (size before relaxing)
 .debug_str     0x00000000000017ec       0xad /usr/lib/gcc/arm-none-eabi/5.2.0/../../../../arm-none-eabi/lib/armv7e-m/libc_nano.a(lib_a-vsnprintf.o)
                                        0x556 (size before relaxing)
 .debug_str     0x0000000000001899       0x8b /usr/lib/gcc/arm-none-eabi/5.2.0/../../../../arm-none-eabi/lib/armv7e-m/libc_nano.a(lib_a-impure.o)
                                        0x556 (size before relaxing)
 .debug_str     0x0000000000001924       0x2a /usr/lib/gcc/arm-none-eabi/5.2.0/../../../../arm-none-eabi/lib/armv7e-m/libc_nano.a(lib_a-nano-reallocr.o)
                                        0x577 (size before relaxing)
 .debug_str     0x000000000000194e      0x1a4 /usr/lib/gcc/arm-none-eabi/5.2.0/../../../../arm-none-eabi/lib/armv7e-m/libc_nano.a(lib_a-nano-svfprintf.o)
                                        0x677 (size before relaxing)
 .debug_str     0x0000000000001af2       0x8e /usr/lib/gcc/arm-none-eabi/5.2.0/../../../../arm-none-eabi/lib/armv7e-m/libc_nano.a(lib_a-nano-vfprintf_i.o)
                                        0x616 (size before relaxing)
 .debug_str     0x0000000000001b80       0x58 /usr/lib/gcc/arm-none-eabi/5.2.0/../../../../arm-none-eabi/lib/armv7e-m/libc_nano.a(lib_a-reent.o)
                                        0x536 (size before relaxing)
 .debug_str     0x0000000000001bd8       0x2e /usr/lib/gcc/arm-none-eabi/5.2.0/../../../../arm-none-eabi/lib/armv7e-m/libc_nano.a(lib_a-memchr.o)
                                        0x1be (size before relaxing)
 .debug_str     0x0000000000001c06       0x42 /usr/lib/gcc/arm-none-eabi/5.2.0/../../../../arm-none-eabi/lib/armv7e-m/libc_nano.a(lib_a-memcpy.o)
                                        0x1c2 (size before relaxing)
 .debug_str     0x0000000000001c48        0xf /usr/lib/gcc/arm-none-eabi/5.2.0/../../../../arm-none-eabi/lib/armv7e-m/libc_nano.a(lib_a-nano-msizer.o)
                                        0x555 (size before relaxing)

.comment        0x0000000000000000       0x42
 .comment       0x0000000000000000       0x21 obj/Debug/main.o
                                         0x22 (size before relaxing)
 .comment       0x0000000000000000       0x22 obj/Debug/pinmux.o
 .comment       0x0000000000000000       0x22 obj/Debug/uart_if.o
 .comment       0x0000000000000000       0x22 obj/Debug/startup_gcc.o
 .comment       0x0000000000000000       0x22 ../../../driverlib/gcc/lib/Debug/libdriver.a(interrupt.o)
 .comment       0x0000000000000000       0x22 ../../../driverlib/gcc/lib/Debug/libdriver.a(pin.o)
 .comment       0x0000000000000000       0x22 ../../../driverlib/gcc/lib/Debug/libdriver.a(prcm.o)
 .comment       0x0000000000000000       0x22 ../../../driverlib/gcc/lib/Debug/libdriver.a(timer.o)
 .comment       0x0000000000000000       0x22 ../../../driverlib/gcc/lib/Debug/libdriver.a(uart.o)
 .comment       0x0000000000000000       0x22 ../../../driverlib/gcc/lib/Debug/libdriver.a(utils.o)
 .comment       0x0000000000000000       0x22 ../../../driverlib/gcc/lib/Debug/libdriver.a(cpu.o)
 .comment       0x0000000000000021       0x21 /usr/lib/gcc/arm-none-eabi/5.2.0/../../../../arm-none-eabi/lib/armv7e-m/libc_nano.a(lib_a-malloc.o)
                                         0x22 (size before relaxing)
 .comment       0x0000000000000000       0x22 /usr/lib/gcc/arm-none-eabi/5.2.0/../../../../arm-none-eabi/lib/armv7e-m/libc_nano.a(lib_a-memmove.o)
 .comment       0x0000000000000000       0x22 /usr/lib/gcc/arm-none-eabi/5.2.0/../../../../arm-none-eabi/lib/armv7e-m/libc_nano.a(lib_a-nano-freer.o)
 .comment       0x0000000000000000       0x22 /usr/lib/gcc/arm-none-eabi/5.2.0/../../../../arm-none-eabi/lib/armv7e-m/libc_nano.a(lib_a-nano-mallocr.o)
 .comment       0x0000000000000000       0x22 /usr/lib/gcc/arm-none-eabi/5.2.0/../../../../arm-none-eabi/lib/armv7e-m/libc_nano.a(lib_a-realloc.o)
 .comment       0x0000000000000000       0x22 /usr/lib/gcc/arm-none-eabi/5.2.0/../../../../arm-none-eabi/lib/armv7e-m/libc_nano.a(lib_a-sbrkr.o)
 .comment       0x0000000000000000       0x22 /usr/lib/gcc/arm-none-eabi/5.2.0/../../../../arm-none-eabi/lib/armv7e-m/libc_nano.a(lib_a-vsnprintf.o)
 .comment       0x0000000000000000       0x22 /usr/lib/gcc/arm-none-eabi/5.2.0/../../../../arm-none-eabi/lib/armv7e-m/libc_nano.a(lib_a-impure.o)
 .comment       0x0000000000000000       0x22 /usr/lib/gcc/arm-none-eabi/5.2.0/../../../../arm-none-eabi/lib/armv7e-m/libc_nano.a(lib_a-nano-reallocr.o)
 .comment       0x0000000000000000       0x22 /usr/lib/gcc/arm-none-eabi/5.2.0/../../../../arm-none-eabi/lib/armv7e-m/libc_nano.a(lib_a-nano-svfprintf.o)
 .comment       0x0000000000000000       0x22 /usr/lib/gcc/arm-none-eabi/5.2.0/../../../../arm-none-eabi/lib/armv7e-m/libc_nano.a(lib_a-nano-vfprintf_i.o)
 .comment       0x0000000000000000       0x22 /usr/lib/gcc/arm-none-eabi/5.2.0/../../../../arm-none-eabi/lib/armv7e-m/libc_nano.a(lib_a-reent.o)
 .comment       0x0000000000000000       0x22 /usr/lib/gcc/arm-none-eabi/5.2.0/../../../../arm-none-eabi/lib/armv7e-m/libc_nano.a(lib_a-memchr.o)
 .comment       0x0000000000000000       0x22 /usr/lib/gcc/arm-none-eabi/5.2.0/../../../../arm-none-eabi/lib/armv7e-m/libc_nano.a(lib_a-memcpy.o)
 .comment       0x0000000000000000       0x22 /usr/lib/gcc/arm-none-eabi/5.2.0/../../../../arm-none-eabi/lib/armv7e-m/libc_nano.a(lib_a-nano-msizer.o)

.ARM.attributes
                0x0000000000000000       0x33
 .ARM.attributes
                0x0000000000000000       0x33 obj/Debug/main.o
 .ARM.attributes
                0x0000000000000033       0x33 obj/Debug/pinmux.o
 .ARM.attributes
                0x0000000000000066       0x33 obj/Debug/uart_if.o
 .ARM.attributes
                0x0000000000000099       0x33 obj/Debug/startup_gcc.o
 .ARM.attributes
                0x00000000000000cc       0x33 ../../../driverlib/gcc/lib/Debug/libdriver.a(interrupt.o)
 .ARM.attributes
                0x00000000000000ff       0x33 ../../../driverlib/gcc/lib/Debug/libdriver.a(pin.o)
 .ARM.attributes
                0x0000000000000132       0x33 ../../../driverlib/gcc/lib/Debug/libdriver.a(prcm.o)
 .ARM.attributes
                0x0000000000000165       0x33 ../../../driverlib/gcc/lib/Debug/libdriver.a(timer.o)
 .ARM.attributes
                0x0000000000000198       0x33 ../../../driverlib/gcc/lib/Debug/libdriver.a(uart.o)
 .ARM.attributes
                0x00000000000001cb       0x33 ../../../driverlib/gcc/lib/Debug/libdriver.a(utils.o)
 .ARM.attributes
                0x00000000000001fe       0x33 ../../../driverlib/gcc/lib/Debug/libdriver.a(cpu.o)
 .ARM.attributes
                0x0000000000000231       0x2e /usr/lib/gcc/arm-none-eabi/5.2.0/../../../../arm-none-eabi/lib/armv7e-m/libc_nano.a(lib_a-malloc.o)
 .ARM.attributes
                0x000000000000025f       0x2e /usr/lib/gcc/arm-none-eabi/5.2.0/../../../../arm-none-eabi/lib/armv7e-m/libc_nano.a(lib_a-memmove.o)
 .ARM.attributes
                0x000000000000028d       0x2e /usr/lib/gcc/arm-none-eabi/5.2.0/../../../../arm-none-eabi/lib/armv7e-m/libc_nano.a(lib_a-nano-freer.o)
 .ARM.attributes
                0x00000000000002bb       0x2e /usr/lib/gcc/arm-none-eabi/5.2.0/../../../../arm-none-eabi/lib/armv7e-m/libc_nano.a(lib_a-nano-mallocr.o)
 .ARM.attributes
                0x00000000000002e9       0x2e /usr/lib/gcc/arm-none-eabi/5.2.0/../../../../arm-none-eabi/lib/armv7e-m/libc_nano.a(lib_a-realloc.o)
 .ARM.attributes
                0x0000000000000317       0x2e /usr/lib/gcc/arm-none-eabi/5.2.0/../../../../arm-none-eabi/lib/armv7e-m/libc_nano.a(lib_a-sbrkr.o)
 .ARM.attributes
                0x0000000000000345       0x2e /usr/lib/gcc/arm-none-eabi/5.2.0/../../../../arm-none-eabi/lib/armv7e-m/libc_nano.a(lib_a-vsnprintf.o)
 .ARM.attributes
                0x0000000000000373       0x2e /usr/lib/gcc/arm-none-eabi/5.2.0/../../../../arm-none-eabi/lib/armv7e-m/libc_nano.a(lib_a-impure.o)
 .ARM.attributes
                0x00000000000003a1       0x2e /usr/lib/gcc/arm-none-eabi/5.2.0/../../../../arm-none-eabi/lib/armv7e-m/libc_nano.a(lib_a-nano-reallocr.o)
 .ARM.attributes
                0x00000000000003cf       0x2e /usr/lib/gcc/arm-none-eabi/5.2.0/../../../../arm-none-eabi/lib/armv7e-m/libc_nano.a(lib_a-nano-svfprintf.o)
 .ARM.attributes
                0x00000000000003fd       0x2e /usr/lib/gcc/arm-none-eabi/5.2.0/../../../../arm-none-eabi/lib/armv7e-m/libc_nano.a(lib_a-nano-vfprintf_i.o)
 .ARM.attributes
                0x000000000000042b       0x2e /usr/lib/gcc/arm-none-eabi/5.2.0/../../../../arm-none-eabi/lib/armv7e-m/libc_nano.a(lib_a-reent.o)
 .ARM.attributes
                0x0000000000000459       0x2e /usr/lib/gcc/arm-none-eabi/5.2.0/../../../../arm-none-eabi/lib/armv7e-m/libc_nano.a(lib_a-memchr.o)
 .ARM.attributes
                0x0000000000000487       0x2e /usr/lib/gcc/arm-none-eabi/5.2.0/../../../../arm-none-eabi/lib/armv7e-m/libc_nano.a(lib_a-memcpy.o)
 .ARM.attributes
                0x00000000000004b5       0x2e /usr/lib/gcc/arm-none-eabi/5.2.0/../../../../arm-none-eabi/lib/armv7e-m/libc_nano.a(lib_a-nano-msizer.o)

.debug_frame    0x0000000000000000     0x1c28
 .debug_frame   0x0000000000000000       0x88 obj/Debug/main.o
 .debug_frame   0x0000000000000088       0x2c obj/Debug/pinmux.o
 .debug_frame   0x00000000000000b4      0x12c obj/Debug/uart_if.o
 .debug_frame   0x00000000000001e0       0xbc obj/Debug/startup_gcc.o
 .debug_frame   0x000000000000029c      0x258 ../../../driverlib/gcc/lib/Debug/libdriver.a(interrupt.o)
 .debug_frame   0x00000000000004f4      0x244 ../../../driverlib/gcc/lib/Debug/libdriver.a(pin.o)
 .debug_frame   0x0000000000000738      0x790 ../../../driverlib/gcc/lib/Debug/libdriver.a(prcm.o)
 .debug_frame   0x0000000000000ec8      0x3c8 ../../../driverlib/gcc/lib/Debug/libdriver.a(timer.o)
 .debug_frame   0x0000000000001290      0x5cc ../../../driverlib/gcc/lib/Debug/libdriver.a(uart.o)
 .debug_frame   0x000000000000185c       0x20 ../../../driverlib/gcc/lib/Debug/libdriver.a(utils.o)
 .debug_frame   0x000000000000187c       0x70 ../../../driverlib/gcc/lib/Debug/libdriver.a(cpu.o)
 .debug_frame   0x00000000000018ec       0x30 /usr/lib/gcc/arm-none-eabi/5.2.0/../../../../arm-none-eabi/lib/armv7e-m/libc_nano.a(lib_a-malloc.o)
 .debug_frame   0x000000000000191c       0x28 /usr/lib/gcc/arm-none-eabi/5.2.0/../../../../arm-none-eabi/lib/armv7e-m/libc_nano.a(lib_a-memmove.o)
 .debug_frame   0x0000000000001944       0x2c /usr/lib/gcc/arm-none-eabi/5.2.0/../../../../arm-none-eabi/lib/armv7e-m/libc_nano.a(lib_a-nano-freer.o)
 .debug_frame   0x0000000000001970       0x2c /usr/lib/gcc/arm-none-eabi/5.2.0/../../../../arm-none-eabi/lib/armv7e-m/libc_nano.a(lib_a-nano-mallocr.o)
 .debug_frame   0x000000000000199c       0x20 /usr/lib/gcc/arm-none-eabi/5.2.0/../../../../arm-none-eabi/lib/armv7e-m/libc_nano.a(lib_a-realloc.o)
 .debug_frame   0x00000000000019bc       0x2c /usr/lib/gcc/arm-none-eabi/5.2.0/../../../../arm-none-eabi/lib/armv7e-m/libc_nano.a(lib_a-sbrkr.o)
 .debug_frame   0x00000000000019e8       0x48 /usr/lib/gcc/arm-none-eabi/5.2.0/../../../../arm-none-eabi/lib/armv7e-m/libc_nano.a(lib_a-vsnprintf.o)
 .debug_frame   0x0000000000001a30       0x3c /usr/lib/gcc/arm-none-eabi/5.2.0/../../../../arm-none-eabi/lib/armv7e-m/libc_nano.a(lib_a-nano-reallocr.o)
 .debug_frame   0x0000000000001a6c       0x90 /usr/lib/gcc/arm-none-eabi/5.2.0/../../../../arm-none-eabi/lib/armv7e-m/libc_nano.a(lib_a-nano-svfprintf.o)
 .debug_frame   0x0000000000001afc       0x60 /usr/lib/gcc/arm-none-eabi/5.2.0/../../../../arm-none-eabi/lib/armv7e-m/libc_nano.a(lib_a-nano-vfprintf_i.o)
 .debug_frame   0x0000000000001b5c       0x5c /usr/lib/gcc/arm-none-eabi/5.2.0/../../../../arm-none-eabi/lib/armv7e-m/libc_nano.a(lib_a-reent.o)
 .debug_frame   0x0000000000001bb8       0x28 /usr/lib/gcc/arm-none-eabi/5.2.0/../../../../arm-none-eabi/lib/armv7e-m/libc_nano.a(lib_a-memchr.o)
 .debug_frame   0x0000000000001be0       0x28 /usr/lib/gcc/arm-none-eabi/5.2.0/../../../../arm-none-eabi/lib/armv7e-m/libc_nano.a(lib_a-memcpy.o)
 .debug_frame   0x0000000000001c08       0x20 /usr/lib/gcc/arm-none-eabi/5.2.0/../../../../arm-none-eabi/lib/armv7e-m/libc_nano.a(lib_a-nano-msizer.o)

.debug_loc      0x0000000000000000     0x1636
 .debug_loc     0x0000000000000000       0x58 /usr/lib/gcc/arm-none-eabi/5.2.0/../../../../arm-none-eabi/lib/armv7e-m/libc_nano.a(lib_a-malloc.o)
 .debug_loc     0x0000000000000058       0xde /usr/lib/gcc/arm-none-eabi/5.2.0/../../../../arm-none-eabi/lib/armv7e-m/libc_nano.a(lib_a-memmove.o)
 .debug_loc     0x0000000000000136      0x172 /usr/lib/gcc/arm-none-eabi/5.2.0/../../../../arm-none-eabi/lib/armv7e-m/libc_nano.a(lib_a-nano-freer.o)
 .debug_loc     0x00000000000002a8      0x311 /usr/lib/gcc/arm-none-eabi/5.2.0/../../../../arm-none-eabi/lib/armv7e-m/libc_nano.a(lib_a-nano-mallocr.o)
 .debug_loc     0x00000000000005b9       0x58 /usr/lib/gcc/arm-none-eabi/5.2.0/../../../../arm-none-eabi/lib/armv7e-m/libc_nano.a(lib_a-realloc.o)
 .debug_loc     0x0000000000000611       0x4d /usr/lib/gcc/arm-none-eabi/5.2.0/../../../../arm-none-eabi/lib/armv7e-m/libc_nano.a(lib_a-sbrkr.o)
 .debug_loc     0x000000000000065e      0x163 /usr/lib/gcc/arm-none-eabi/5.2.0/../../../../arm-none-eabi/lib/armv7e-m/libc_nano.a(lib_a-vsnprintf.o)
 .debug_loc     0x00000000000007c1      0x11b /usr/lib/gcc/arm-none-eabi/5.2.0/../../../../arm-none-eabi/lib/armv7e-m/libc_nano.a(lib_a-nano-reallocr.o)
 .debug_loc     0x00000000000008dc      0x54e /usr/lib/gcc/arm-none-eabi/5.2.0/../../../../arm-none-eabi/lib/armv7e-m/libc_nano.a(lib_a-nano-svfprintf.o)
 .debug_loc     0x0000000000000e2a      0x52c /usr/lib/gcc/arm-none-eabi/5.2.0/../../../../arm-none-eabi/lib/armv7e-m/libc_nano.a(lib_a-nano-vfprintf_i.o)
 .debug_loc     0x0000000000001356       0xfa /usr/lib/gcc/arm-none-eabi/5.2.0/../../../../arm-none-eabi/lib/armv7e-m/libc_nano.a(lib_a-reent.o)
 .debug_loc     0x0000000000001450       0xaa /usr/lib/gcc/arm-none-eabi/5.2.0/../../../../arm-none-eabi/lib/armv7e-m/libc_nano.a(lib_a-memchr.o)
 .debug_loc     0x00000000000014fa       0x87 /usr/lib/gcc/arm-none-eabi/5.2.0/../../../../arm-none-eabi/lib/armv7e-m/libc_nano.a(lib_a-memcpy.o)
 .debug_loc     0x0000000000001581       0xb5 /usr/lib/gcc/arm-none-eabi/5.2.0/../../../../arm-none-eabi/lib/armv7e-m/libc_nano.a(lib_a-nano-msizer.o)
